Archive member included to satisfy reference by file (symbol)

/home/username/workspace/e2_studio/test_ci/micro_ros_renesas2estudio_component/libmicroros/libmicroros.a(libmicroxrcedds_client-time.c.obj)
                              ./src/usb_transport.o (uxr_millis)
/home/username/workspace/e2_studio/test_ci/micro_ros_renesas2estudio_component/libmicroros/libmicroros.a(librcl-publisher.c.obj)
                              ./src/hal_entry.o (rcl_publish)
/home/username/workspace/e2_studio/test_ci/micro_ros_renesas2estudio_component/libmicroros/libmicroros.a(librclc-executor.c.obj)
                              ./src/hal_entry.o (rclc_executor_get_zero_initialized_executor)
/home/username/workspace/e2_studio/test_ci/micro_ros_renesas2estudio_component/libmicroros/libmicroros.a(librclc-executor_handle.c.obj)
                              /home/username/workspace/e2_studio/test_ci/micro_ros_renesas2estudio_component/libmicroros/libmicroros.a(librclc-executor.c.obj) (rclc_executor_handle_counters_zero_init)
/home/username/workspace/e2_studio/test_ci/micro_ros_renesas2estudio_component/libmicroros/libmicroros.a(librclc-init.c.obj)
                              ./src/hal_entry.o (rclc_support_init)
/home/username/workspace/e2_studio/test_ci/micro_ros_renesas2estudio_component/libmicroros/libmicroros.a(librclc-node.c.obj)
                              ./src/hal_entry.o (rclc_node_init_default)
/home/username/workspace/e2_studio/test_ci/micro_ros_renesas2estudio_component/libmicroros/libmicroros.a(librclc-publisher.c.obj)
                              ./src/hal_entry.o (rclc_publisher_init_default)
/home/username/workspace/e2_studio/test_ci/micro_ros_renesas2estudio_component/libmicroros/libmicroros.a(librclc-sleep.c.obj)
                              /home/username/workspace/e2_studio/test_ci/micro_ros_renesas2estudio_component/libmicroros/libmicroros.a(librclc-executor.c.obj) (rclc_sleep_ms)
/home/username/workspace/e2_studio/test_ci/micro_ros_renesas2estudio_component/libmicroros/libmicroros.a(librclc-timer.c.obj)
                              ./src/hal_entry.o (rclc_timer_init_default)
/home/username/workspace/e2_studio/test_ci/micro_ros_renesas2estudio_component/libmicroros/libmicroros.a(librcutils-allocator.c.obj)
                              ./src/hal_entry.o (rcutils_get_zero_initialized_allocator)
/home/username/workspace/e2_studio/test_ci/micro_ros_renesas2estudio_component/libmicroros/libmicroros.a(librcutils-error_handling.c.obj)
                              /home/username/workspace/e2_studio/test_ci/micro_ros_renesas2estudio_component/libmicroros/libmicroros.a(librclc-executor.c.obj) (rcutils_reset_error)
/home/username/workspace/e2_studio/test_ci/micro_ros_renesas2estudio_component/libmicroros/libmicroros.a(librcutils-string_map.c.obj)
                              /home/username/workspace/e2_studio/test_ci/micro_ros_renesas2estudio_component/libmicroros/libmicroros.a(librcl-publisher.c.obj) (rcutils_get_zero_initialized_string_map)
/home/username/workspace/e2_studio/test_ci/micro_ros_renesas2estudio_component/libmicroros/libmicroros.a(librcutils-time_unix.c.obj)
                              /home/username/workspace/e2_studio/test_ci/micro_ros_renesas2estudio_component/libmicroros/libmicroros.a(librclc-executor.c.obj) (rcutils_system_time_now)
/home/username/workspace/e2_studio/test_ci/micro_ros_renesas2estudio_component/libmicroros/libmicroros.a(librmw-publisher_options.c.obj)
                              /home/username/workspace/e2_studio/test_ci/micro_ros_renesas2estudio_component/libmicroros/libmicroros.a(librcl-publisher.c.obj) (rmw_get_default_publisher_options)
/home/username/workspace/e2_studio/test_ci/micro_ros_renesas2estudio_component/libmicroros/libmicroros.a(librmw-validate_full_topic_name.c.obj)
                              /home/username/workspace/e2_studio/test_ci/micro_ros_renesas2estudio_component/libmicroros/libmicroros.a(librcl-publisher.c.obj) (rmw_validate_full_topic_name)
/home/username/workspace/e2_studio/test_ci/micro_ros_renesas2estudio_component/libmicroros/libmicroros.a(librmw_microxrcedds-custom_transport.c.obj)
                              ./src/hal_entry.o (rmw_uros_set_custom_transport)
/home/username/workspace/e2_studio/test_ci/micro_ros_renesas2estudio_component/libmicroros/libmicroros.a(librmw_microxrcedds-rmw_publish.c.obj)
                              /home/username/workspace/e2_studio/test_ci/micro_ros_renesas2estudio_component/libmicroros/libmicroros.a(librcl-publisher.c.obj) (rmw_publish)
/home/username/workspace/e2_studio/test_ci/micro_ros_renesas2estudio_component/libmicroros/libmicroros.a(librmw_microxrcedds-rmw_publisher.c.obj)
                              /home/username/workspace/e2_studio/test_ci/micro_ros_renesas2estudio_component/libmicroros/libmicroros.a(librcl-publisher.c.obj) (rmw_create_publisher)
/home/username/workspace/e2_studio/test_ci/micro_ros_renesas2estudio_component/libmicroros/libmicroros.a(librmw_microxrcedds-types.c.obj)
[...]
Memory Configuration

Name             Origin             Length             Attributes
FLASH            0x0000000000000000 0x0000000000200000 xr
RAM              0x0000000020000000 0x0000000000080000 xrw
DATA_FLASH       0x0000000008000000 0x0000000000002000 xr
QSPI_FLASH       0x0000000060000000 0x0000000004000000 xr
OSPI_DEVICE_0    0x0000000068000000 0x0000000008000000 xr
OSPI_DEVICE_1    0x0000000070000000 0x0000000010000000 xr
SDRAM            0x0000000090000000 0x0000000000000000 xrw
OPTION_SETTING   0x000000000100a100 0x0000000000000100 r
OPTION_SETTING_S 0x000000000100a200 0x0000000000000100 r
ID_CODE          0x0000000000000000 0x0000000000000000 xr
*default*        0x0000000000000000 0xffffffffffffffff

Linker script and memory map

LOAD /home/username/toolchain/gcc-arm-none-eabi-9-2020-q2-update/bin/../lib/gcc/arm-none-eabi/9.3.1/thumb/v8-m.main+fp/hard/crti.o
LOAD /home/username/toolchain/gcc-arm-none-eabi-9-2020-q2-update/bin/../lib/gcc/arm-none-eabi/9.3.1/thumb/v8-m.main+fp/hard/crtbegin.o
LOAD /home/username/toolchain/gcc-arm-none-eabi-9-2020-q2-update/bin/../lib/gcc/arm-none-eabi/9.3.1/../../../../arm-none-eabi/lib/thumb/v8-m.main+fp/hard/rdimon-crt0.o
START GROUP
LOAD ./src/hal_entry.o
LOAD ./src/microros_allocators.o
LOAD ./src/microros_time.o
LOAD ./src/usb_descriptor.o
LOAD ./src/usb_transport.o
LOAD ./ra_gen/common_data.o
LOAD ./ra_gen/hal_data.o
LOAD ./ra_gen/main.o
LOAD ./ra_gen/pin_data.o
LOAD ./ra_gen/vector_data.o
LOAD ./ra/fsp/src/r_usb_pcdc/src/r_usb_pcdc_driver.o
LOAD ./ra/fsp/src/r_usb_basic/src/hw/r_usb_creg_abs.o
LOAD ./ra/fsp/src/r_usb_basic/src/hw/r_usb_creg_access.o
LOAD ./ra/fsp/src/r_usb_basic/src/hw/r_usb_dma.o
LOAD ./ra/fsp/src/r_usb_basic/src/hw/r_usb_hostelectrical.o
LOAD ./ra/fsp/src/r_usb_basic/src/hw/r_usb_hreg_abs.o
LOAD ./ra/fsp/src/r_usb_basic/src/hw/r_usb_hreg_access.o
LOAD ./ra/fsp/src/r_usb_basic/src/hw/r_usb_mcu.o
LOAD ./ra/fsp/src/r_usb_basic/src/hw/r_usb_preg_abs.o
LOAD ./ra/fsp/src/r_usb_basic/src/hw/r_usb_preg_access.o
LOAD ./ra/fsp/src/r_usb_basic/src/driver/r_usb_cdataio.o
LOAD ./ra/fsp/src/r_usb_basic/src/driver/r_usb_clibusbip.o
LOAD ./ra/fsp/src/r_usb_basic/src/driver/r_usb_cstd_rtos.o
LOAD ./ra/fsp/src/r_usb_basic/src/driver/r_usb_hbc.o
LOAD ./ra/fsp/src/r_usb_basic/src/driver/r_usb_hcontrolrw.o
LOAD ./ra/fsp/src/r_usb_basic/src/driver/r_usb_hdriver.o
LOAD ./ra/fsp/src/r_usb_basic/src/driver/r_usb_hhubsys.o
LOAD ./ra/fsp/src/r_usb_basic/src/driver/r_usb_hintfifo.o
LOAD ./ra/fsp/src/r_usb_basic/src/driver/r_usb_hinthandler_usbip0.o
LOAD ./ra/fsp/src/r_usb_basic/src/driver/r_usb_hinthandler_usbip1.o
LOAD ./ra/fsp/src/r_usb_basic/src/driver/r_usb_hlibusbip.o
LOAD ./ra/fsp/src/r_usb_basic/src/driver/r_usb_hmanager.o
LOAD ./ra/fsp/src/r_usb_basic/src/driver/r_usb_hscheduler.o
LOAD ./ra/fsp/src/r_usb_basic/src/driver/r_usb_hsignal.o
LOAD ./ra/fsp/src/r_usb_basic/src/driver/r_usb_hstdfunction.o
LOAD ./ra/fsp/src/r_usb_basic/src/driver/r_usb_pbc.o
LOAD ./ra/fsp/src/r_usb_basic/src/driver/r_usb_pcontrolrw.o
LOAD ./ra/fsp/src/r_usb_basic/src/driver/r_usb_pdriver.o
LOAD ./ra/fsp/src/r_usb_basic/src/driver/r_usb_pintfifo.o
LOAD ./ra/fsp/src/r_usb_basic/src/driver/r_usb_pinthandler_usbip0.o
LOAD ./ra/fsp/src/r_usb_basic/src/driver/r_usb_plibusbip.o
LOAD ./ra/fsp/src/r_usb_basic/src/driver/r_usb_psignal.o
LOAD ./ra/fsp/src/r_usb_basic/src/driver/r_usb_pstdfunction.o
LOAD ./ra/fsp/src/r_usb_basic/src/driver/r_usb_pstdrequest.o
LOAD ./ra/fsp/src/r_usb_basic/r_usb_basic.o
LOAD ./ra/fsp/src/r_ioport/r_ioport.o
LOAD ./ra/fsp/src/r_agt/r_agt.o
LOAD ./ra/fsp/src/bsp/mcu/all/bsp_clocks.o
LOAD ./ra/fsp/src/bsp/mcu/all/bsp_common.o
LOAD ./ra/fsp/src/bsp/mcu/all/bsp_delay.o
LOAD ./ra/fsp/src/bsp/mcu/all/bsp_group_irq.o
LOAD ./ra/fsp/src/bsp/mcu/all/bsp_guard.o
LOAD ./ra/fsp/src/bsp/mcu/all/bsp_io.o
LOAD ./ra/fsp/src/bsp/mcu/all/bsp_irq.o
LOAD ./ra/fsp/src/bsp/mcu/all/bsp_register_protection.o
LOAD ./ra/fsp/src/bsp/mcu/all/bsp_rom_registers.o
LOAD ./ra/fsp/src/bsp/mcu/all/bsp_sbrk.o
LOAD ./ra/fsp/src/bsp/mcu/all/bsp_security.o
LOAD ./ra/fsp/src/bsp/cmsis/Device/RENESAS/Source/startup.o
LOAD ./ra/fsp/src/bsp/cmsis/Device/RENESAS/Source/system.o
LOAD ./ra/board/ra6m5_ek/board_init.o
LOAD ./ra/board/ra6m5_ek/board_leds.o
LOAD /home/username/workspace/e2_studio/test_ci/micro_ros_renesas2estudio_component/libmicroros/libmicroros.a
END GROUP
START GROUP
LOAD /home/username/toolchain/gcc-arm-none-eabi-9-2020-q2-update/bin/../lib/gcc/arm-none-eabi/9.3.1/thumb/v8-m.main+fp/hard/libgcc.a
LOAD /home/username/toolchain/gcc-arm-none-eabi-9-2020-q2-update/bin/../lib/gcc/arm-none-eabi/9.3.1/../../../../arm-none-eabi/lib/thumb/v8-m.main+fp/hard/libg_nano.a
LOAD /home/username/toolchain/gcc-arm-none-eabi-9-2020-q2-update/bin/../lib/gcc/arm-none-eabi/9.3.1/../../../../arm-none-eabi/lib/thumb/v8-m.main+fp/hard/libc_nano.a
END GROUP
START GROUP
LOAD /home/username/toolchain/gcc-arm-none-eabi-9-2020-q2-update/bin/../lib/gcc/arm-none-eabi/9.3.1/thumb/v8-m.main+fp/hard/libgcc.a
LOAD /home/username/toolchain/gcc-arm-none-eabi-9-2020-q2-update/bin/../lib/gcc/arm-none-eabi/9.3.1/../../../../arm-none-eabi/lib/thumb/v8-m.main+fp/hard/libc_nano.a
LOAD /home/username/toolchain/gcc-arm-none-eabi-9-2020-q2-update/bin/../lib/gcc/arm-none-eabi/9.3.1/../../../../arm-none-eabi/lib/thumb/v8-m.main+fp/hard/librdimon_nano.a
END GROUP
START GROUP
LOAD /home/username/toolchain/gcc-arm-none-eabi-9-2020-q2-update/bin/../lib/gcc/arm-none-eabi/9.3.1/thumb/v8-m.main+fp/hard/libgcc.a
LOAD /home/username/toolchain/gcc-arm-none-eabi-9-2020-q2-update/bin/../lib/gcc/arm-none-eabi/9.3.1/../../../../arm-none-eabi/lib/thumb/v8-m.main+fp/hard/libc_nano.a
LOAD /home/username/toolchain/gcc-arm-none-eabi-9-2020-q2-update/bin/../lib/gcc/arm-none-eabi/9.3.1/../../../../arm-none-eabi/lib/thumb/v8-m.main+fp/hard/librdimon_nano.a
END GROUP
LOAD /home/username/toolchain/gcc-arm-none-eabi-9-2020-q2-update/bin/../lib/gcc/arm-none-eabi/9.3.1/thumb/v8-m.main+fp/hard/crtend.o
LOAD /home/username/toolchain/gcc-arm-none-eabi-9-2020-q2-update/bin/../lib/gcc/arm-none-eabi/9.3.1/thumb/v8-m.main+fp/hard/crtn.o
                0x0000000020000000                RAM_START = 0x20000000
                0x0000000000080000                RAM_LENGTH = 0x80000
                0x0000000000000000                FLASH_START = 0x0
                0x0000000000200000                FLASH_LENGTH = 0x200000
                0x0000000008000000                DATA_FLASH_START = 0x8000000
                0x0000000000002000                DATA_FLASH_LENGTH = 0x2000
                0x000000000100a100                OPTION_SETTING_START = 0x100a100
                0x0000000000000100                OPTION_SETTING_LENGTH = 0x100
                0x000000000100a200                OPTION_SETTING_S_START = 0x100a200
                0x0000000000000100                OPTION_SETTING_S_LENGTH = 0x100
                0x0000000000000000                ID_CODE_START = 0x0
                0x0000000000000000                ID_CODE_LENGTH = 0x0
                0x0000000090000000                SDRAM_START = 0x90000000
                0x0000000000000000                SDRAM_LENGTH = 0x0
                0x0000000060000000                QSPI_FLASH_START = 0x60000000
                0x0000000004000000                QSPI_FLASH_LENGTH = 0x4000000
                0x0000000068000000                OSPI_DEVICE_0_START = 0x68000000
                0x0000000008000000                OSPI_DEVICE_0_LENGTH = 0x8000000
                0x0000000070000000                OSPI_DEVICE_1_START = 0x70000000
                0x0000000010000000                OSPI_DEVICE_1_LENGTH = 0x10000000
                0x0000000004000000                QSPI_FLASH_PRV_LENGTH = DEFINED (QSPI_FLASH_SIZE)?ABSOLUTE (QSPI_FLASH_SIZE):ABSOLUTE (QSPI_FLASH_LENGTH)
                0x0000000008000000                OSPI_DEVICE_0_PRV_LENGTH = DEFINED (OSPI_DEVICE_0_SIZE)?ABSOLUTE (OSPI_DEVICE_0_SIZE):ABSOLUTE (OSPI_DEVICE_0_LENGTH)
                0x0000000010000000                OSPI_DEVICE_1_PRV_LENGTH = DEFINED (OSPI_DEVICE_1_SIZE)?ABSOLUTE (OSPI_DEVICE_1_SIZE):ABSOLUTE (OSPI_DEVICE_1_LENGTH)
                0x0000000000000000                __RESERVE_NS_RAM = ((! (DEFINED (PROJECT_NONSECURE)) && DEFINED (RAM_NS_BUFFER_LENGTH)) && (OPTION_SETTING_S_LENGTH != 0x0))
                0x0000000000000000                RAM_NS_BUFFER_BLOCK_LENGTH = DEFINED (RAM_NS_BUFFER_LENGTH)?ALIGN (RAM_NS_BUFFER_LENGTH, 0x2000):0x0
                0x0000000000000000                RAM_NS_BUFFER_LENGTH = DEFINED (RAM_NS_BUFFER_LENGTH)?RAM_NS_BUFFER_LENGTH:0x0
                0x0000000020080000                RAM_NS_BUFFER_START = ((RAM_START + RAM_LENGTH) - RAM_NS_BUFFER_LENGTH)
                0x0000000020080000                RAM_NS_BUFFER_BLOCK_START = ((RAM_START + RAM_LENGTH) - RAM_NS_BUFFER_BLOCK_LENGTH)
                0x000000000100a180                OPTION_SETTING_START_NS = 0x100a180
                0x0000000000000001                __bl_FSP_BOOTABLE_IMAGE = 0x1
                0x0000000000000001                __bln_FSP_BOOTABLE_IMAGE = 0x1
                0x0000000000000001                PROJECT_SECURE_OR_FLAT = ((! (DEFINED (PROJECT_NONSECURE)) && OPTION_SETTING_LENGTH) && ! (DEFINED (FSP_BOOTABLE_IMAGE)))
                0x0000000000000000                USE_OPTION_SETTING_NS = (DEFINED (PROJECT_NONSECURE) && ! (DEFINED (FSP_BOOTABLE_IMAGE)))
                0x0000000000000000                __bl_FLASH_IMAGE_START = ! (DEFINED (FLASH_BOOTLOADER_LENGTH))?0x0:(FLASH_APPLICATION_IMAGE_NUMBER == 0x1)?(FLASH_BOOTLOADER_LENGTH + FLASH_BOOTLOADER_HEADER_LENGTH):(((FLASH_BOOTLOADER_LENGTH + FLASH_BOOTLOADER_SCRATCH_LENGTH) + FLASH_APPLICATION_S_LENGTH) + FLASH_BOOTLOADER_HEADER_LENGTH)
                0x0000000000000000                __bl_FLASH_IMAGE_LENGTH = ! (DEFINED (FLASH_BOOTLOADER_LENGTH))?0x0:(FLASH_APPLICATION_S_LENGTH - FLASH_BOOTLOADER_HEADER_LENGTH)
                0x0000000000000000                __bl_FLASH_IMAGE_END = (__bl_FLASH_IMAGE_START + __bl_FLASH_IMAGE_LENGTH)
                0x0000000000000000                __bl_FLASH_NS_START = ! (DEFINED (FLASH_BOOTLOADER_LENGTH))?0x0:(FLASH_APPLICATION_NS_LENGTH == 0x0)?__bl_FLASH_IMAGE_END:((__bl_FLASH_IMAGE_START - FLASH_BOOTLOADER_HEADER_LENGTH) + FLASH_APPLICATION_S_LENGTH)
                0x0000000000000000                __bl_FLASH_NSC_START = ! (DEFINED (FLASH_BOOTLOADER_LENGTH))?0x0:(FLASH_APPLICATION_NS_LENGTH == 0x0)?__bl_FLASH_IMAGE_END:(__bl_FLASH_NS_START - FLASH_APPLICATION_NSC_LENGTH)
                0x0000000000000000                __bl_RAM_NS_START = ! (DEFINED (FLASH_BOOTLOADER_LENGTH))?0x0:(FLASH_APPLICATION_NS_LENGTH == 0x0)?(RAM_START + RAM_LENGTH):((RAM_START + RAM_LENGTH) - RAM_APPLICATION_NS_LENGTH)
                0x0000000000000000                __bl_RAM_NSC_START = ! (DEFINED (FLASH_BOOTLOADER_LENGTH))?0x0:(FLASH_APPLICATION_NS_LENGTH == 0x0)?(RAM_START + RAM_LENGTH):(__bl_RAM_NS_START - RAM_APPLICATION_NSC_LENGTH)
                0x0000000000000000                __bl_FLASH_NS_IMAGE_START = ! (DEFINED (FLASH_BOOTLOADER_LENGTH))?0x0:(FLASH_APPLICATION_NS_LENGTH == 0x0)?__bl_FLASH_IMAGE_END:(__bl_FLASH_NS_START + FLASH_BOOTLOADER_HEADER_LENGTH_2)
                0x0000000000000000                __bln_FLASH_IMAGE_START = __bl_FLASH_NS_IMAGE_START
                0x0000000000000000                __bln_FLASH_IMAGE_LENGTH = ! (DEFINED (FLASH_BOOTLOADER_LENGTH))?0x0:(FLASH_APPLICATION_NS_LENGTH == 0x0)?__bl_FLASH_IMAGE_END:(FLASH_APPLICATION_NS_LENGTH - FLASH_BOOTLOADER_HEADER_LENGTH_2)
                0x0000000000000000                FLASH_ORIGIN = DEFINED (FLASH_IMAGE_START)?FLASH_IMAGE_START:FLASH_START
                0x0000000000200000                LIMITED_FLASH_LENGTH = DEFINED (FLASH_IMAGE_LENGTH)?FLASH_IMAGE_LENGTH:DEFINED (FLASH_BOOTLOADER_LENGTH)?FLASH_BOOTLOADER_LENGTH:FLASH_LENGTH
START GROUP
LOAD /home/username/toolchain/gcc-arm-none-eabi-9-2020-q2-update/bin/../lib/gcc/arm-none-eabi/9.3.1/thumb/v8-m.main+fp/hard/libgcc.a
LOAD /home/username/toolchain/gcc-arm-none-eabi-9-2020-q2-update/bin/../lib/gcc/arm-none-eabi/9.3.1/../../../../arm-none-eabi/lib/thumb/v8-m.main+fp/hard/libc.a
LOAD /home/username/toolchain/gcc-arm-none-eabi-9-2020-q2-update/bin/../lib/gcc/arm-none-eabi/9.3.1/../../../../arm-none-eabi/lib/thumb/v8-m.main+fp/hard/libm.a
LOAD /home/username/toolchain/gcc-arm-none-eabi-9-2020-q2-update/bin/../lib/gcc/arm-none-eabi/9.3.1/../../../../arm-none-eabi/lib/thumb/v8-m.main+fp/hard/libnosys.a
END GROUP

.text           0x0000000000000000    0x12ca8
                0x0000000000000000                __tz_FLASH_S = ABSOLUTE (FLASH_START)
                0x0000000000000000                __ROM_Start = .
 *(.fixed_vectors*)
 .fixed_vectors
                0x0000000000000000       0x40 ./ra/fsp/src/bsp/cmsis/Device/RENESAS/Source/startup.o
                0x0000000000000000                __Vectors
 *(.application_vectors*)
 .application_vectors
                0x0000000000000040      0x180 ./ra_gen/vector_data.o
                0x0000000000000040                g_vector_table
                0x00000000000001c0                __Vectors_End = .
                0x00000000000001c0                . = (OPTION_SETTING_LENGTH > 0x0)?.:(__ROM_Start + 0x400)
 *(.rom_registers*)
                0x00000000000001c0                . = (OPTION_SETTING_LENGTH > 0x0)?.:(__ROM_Start + 0x500)
 *(.text*)
 .text          0x00000000000001c0       0x40 /home/username/toolchain/gcc-arm-none-eabi-9-2020-q2-update/bin/../lib/gcc/arm-none-eabi/9.3.1/thumb/v8-m.main+fp/hard/crtbegin.o
 .text.timer_callback
                0x0000000000000200       0x24 ./src/hal_entry.o
                0x0000000000000200                timer_callback
 *fill*         0x0000000000000224        0x4 ff
 .text.hal_entry
                0x0000000000000228      0x12c ./src/hal_entry.o
                0x0000000000000228                hal_entry
 .text.R_BSP_WarmStart
                0x0000000000000354       0x18 ./src/hal_entry.o
                0x0000000000000354                R_BSP_WarmStart
 .text.microros_allocate
                0x000000000000036c        0x4 ./src/microros_allocators.o
                0x000000000000036c                microros_allocate
 .text.microros_deallocate
                0x0000000000000370        0x4 ./src/microros_allocators.o
                0x0000000000000370                microros_deallocate
 .text.microros_reallocate
                0x0000000000000374        0x4 ./src/microros_allocators.o
                0x0000000000000374                microros_reallocate
 .text.microros_zero_allocate
                0x0000000000000378        0xc ./src/microros_allocators.o
                0x0000000000000378                microros_zero_allocate
 .text.micro_ros_timer_cb
                0x0000000000000384       0x18 ./src/microros_time.o
                0x0000000000000384                micro_ros_timer_cb
 *fill*         0x000000000000039c        0x4 ff
 .text.clock_gettime
                0x00000000000003a0      0x130 ./src/microros_time.o
                0x00000000000003a0                clock_gettime
 .text.handle_usb
                0x00000000000004d0      0x128 ./src/usb_transport.o
                0x00000000000004d0                handle_usb
 .text.renesas_e2_transport_open
                0x00000000000005f8       0x18 ./src/usb_transport.o
                0x00000000000005f8                renesas_e2_transport_open
 .text.renesas_e2_transport_close
                0x0000000000000610       0x10 ./src/usb_transport.o
                0x0000000000000610                renesas_e2_transport_close
 .text.renesas_e2_transport_write
                0x0000000000000620        0xc ./src/usb_transport.o
                0x0000000000000620                renesas_e2_transport_write
 .text.renesas_e2_transport_read
                0x000000000000062c        0x8 ./src/usb_transport.o
                0x000000000000062c                renesas_e2_transport_read
 .text.startup.main
                0x0000000000000634        0xc ./ra_gen/main.o
                0x0000000000000634                main
 .text.usb_pcdc_read_complete
                0x0000000000000640       0x74 ./ra/fsp/src/r_usb_pcdc/src/r_usb_pcdc_driver.o
                0x0000000000000640                usb_pcdc_read_complete
 .text.usb_pcdc_write_complete
                0x00000000000006b4       0x5c ./ra/fsp/src/r_usb_pcdc/src/r_usb_pcdc_driver.o
                0x00000000000006b4                usb_pcdc_write_complete
 .text.usb_cstd_chg_curpipe.part.0
                0x0000000000000710       0x28 ./ra/fsp/src/r_usb_basic/src/hw/r_usb_creg_abs.o
 .text.usb_cstd_get_buf_size
                0x0000000000000738       0x4c ./ra/fsp/src/r_usb_basic/src/hw/r_usb_creg_abs.o
                0x0000000000000738                usb_cstd_get_buf_size
 .text.usb_cstd_pipe_init
                0x0000000000000784      0x174 ./ra/fsp/src/r_usb_basic/src/hw/r_usb_creg_abs.o
                0x0000000000000784                usb_cstd_pipe_init
 .text.usb_cstd_clr_pipe_cnfg
                0x00000000000008f8       0xc4 ./ra/fsp/src/r_usb_basic/src/hw/r_usb_creg_abs.o
                0x00000000000008f8                usb_cstd_clr_pipe_cnfg
 .text.usb_cstd_set_nak
                0x00000000000009bc       0x2c ./ra/fsp/src/r_usb_basic/src/hw/r_usb_creg_abs.o
                0x00000000000009bc                usb_cstd_set_nak
 .text.usb_cstd_is_set_frdy
                0x00000000000009e8       0x40 ./ra/fsp/src/r_usb_basic/src/hw/r_usb_creg_abs.o
                0x00000000000009e8                usb_cstd_is_set_frdy
 .text.usb_cstd_chg_curpipe
                0x0000000000000a28        0xc ./ra/fsp/src/r_usb_basic/src/hw/r_usb_creg_abs.o
                0x0000000000000a28                usb_cstd_chg_curpipe
 .text.usb_cstd_set_transaction_counter
                0x0000000000000a34       0x28 ./ra/fsp/src/r_usb_basic/src/hw/r_usb_creg_abs.o
                0x0000000000000a34                usb_cstd_set_transaction_counter
 .text.usb_cstd_clr_transaction_counter
                0x0000000000000a5c       0x18 ./ra/fsp/src/r_usb_basic/src/hw/r_usb_creg_abs.o
                0x0000000000000a5c                usb_cstd_clr_transaction_counter
 .text.hw_usb_read_syscfg
                0x0000000000000a74       0x34 ./ra/fsp/src/r_usb_basic/src/hw/r_usb_creg_access.o
                0x0000000000000a74                hw_usb_read_syscfg
 .text.hw_usb_set_cnen
                0x0000000000000aa8       0x18 ./ra/fsp/src/r_usb_basic/src/hw/r_usb_creg_access.o
                0x0000000000000aa8                hw_usb_set_cnen
 .text.hw_usb_clear_cnen
                0x0000000000000ac0       0x30 ./ra/fsp/src/r_usb_basic/src/hw/r_usb_creg_access.o
                0x0000000000000ac0                hw_usb_clear_cnen
 .text.hw_usb_set_hse
                0x0000000000000af0       0x2c ./ra/fsp/src/r_usb_basic/src/hw/r_usb_creg_access.o
                0x0000000000000af0                hw_usb_set_hse
 .text.hw_usb_set_bcctrl
                0x0000000000000b1c       0x30 ./ra/fsp/src/r_usb_basic/src/hw/r_usb_creg_access.o
                0x0000000000000b1c                hw_usb_set_bcctrl
 .text.hw_usb_clear_bcctrl
                0x0000000000000b4c       0x30 ./ra/fsp/src/r_usb_basic/src/hw/r_usb_creg_access.o
                0x0000000000000b4c                hw_usb_clear_bcctrl
 .text.hw_usb_read_syssts
                0x0000000000000b7c       0x34 ./ra/fsp/src/r_usb_basic/src/hw/r_usb_creg_access.o
                0x0000000000000b7c                hw_usb_read_syssts
 .text.hw_usb_read_dvstctr
                0x0000000000000bb0       0x34 ./ra/fsp/src/r_usb_basic/src/hw/r_usb_creg_access.o
                0x0000000000000bb0                hw_usb_read_dvstctr
 .text.hw_usb_set_utst
                0x0000000000000be4       0x24 ./ra/fsp/src/r_usb_basic/src/hw/r_usb_creg_access.o
                0x0000000000000be4                hw_usb_set_utst
 .text.hw_usb_read_fifo32
                0x0000000000000c08       0x2c ./ra/fsp/src/r_usb_basic/src/hw/r_usb_creg_access.o
                0x0000000000000c08                hw_usb_read_fifo32
 .text.hw_usb_write_fifo32
                0x0000000000000c34       0x28 ./ra/fsp/src/r_usb_basic/src/hw/r_usb_creg_access.o
                0x0000000000000c34                hw_usb_write_fifo32
 .text.hw_usb_read_fifo16
                0x0000000000000c5c       0x34 ./ra/fsp/src/r_usb_basic/src/hw/r_usb_creg_access.o
                0x0000000000000c5c                hw_usb_read_fifo16
 .text.hw_usb_write_fifo16
                0x0000000000000c90       0x5c ./ra/fsp/src/r_usb_basic/src/hw/r_usb_creg_access.o
                0x0000000000000c90                hw_usb_write_fifo16
 .text.hw_usb_write_fifo8
                0x0000000000000cec       0x5c ./ra/fsp/src/r_usb_basic/src/hw/r_usb_creg_access.o
                0x0000000000000cec                hw_usb_write_fifo8
 .text.hw_usb_read_fifosel
                0x0000000000000d48       0x74 ./ra/fsp/src/r_usb_basic/src/hw/r_usb_creg_access.o
                0x0000000000000d48                hw_usb_read_fifosel
 .text.hw_usb_rmw_fifosel
                0x0000000000000dbc       0x74 ./ra/fsp/src/r_usb_basic/src/hw/r_usb_creg_access.o
                0x0000000000000dbc                hw_usb_rmw_fifosel
 .text.hw_usb_set_mbw
                0x0000000000000e30       0x8c ./ra/fsp/src/r_usb_basic/src/hw/r_usb_creg_access.o
                0x0000000000000e30                hw_usb_set_mbw
 .text.hw_usb_read_fifoctr
                0x0000000000000ebc       0x74 ./ra/fsp/src/r_usb_basic/src/hw/r_usb_creg_access.o
                0x0000000000000ebc                hw_usb_read_fifoctr
 .text.hw_usb_set_bval
                0x0000000000000f30       0x74 ./ra/fsp/src/r_usb_basic/src/hw/r_usb_creg_access.o
                0x0000000000000f30                hw_usb_set_bval
 .text.hw_usb_set_bclr
                0x0000000000000fa4       0x78 ./ra/fsp/src/r_usb_basic/src/hw/r_usb_creg_access.o
                0x0000000000000fa4                hw_usb_set_bclr
 .text.hw_usb_set_brdyenb
                0x000000000000101c       0x38 ./ra/fsp/src/r_usb_basic/src/hw/r_usb_creg_access.o
                0x000000000000101c                hw_usb_set_brdyenb
 .text.hw_usb_clear_brdyenb
                0x0000000000001054       0x38 ./ra/fsp/src/r_usb_basic/src/hw/r_usb_creg_access.o
                0x0000000000001054                hw_usb_clear_brdyenb
 .text.hw_usb_set_nrdyenb
                0x000000000000108c       0x38 ./ra/fsp/src/r_usb_basic/src/hw/r_usb_creg_access.o
                0x000000000000108c                hw_usb_set_nrdyenb
 .text.hw_usb_clear_nrdyenb
                0x00000000000010c4       0x38 ./ra/fsp/src/r_usb_basic/src/hw/r_usb_creg_access.o
                0x00000000000010c4                hw_usb_clear_nrdyenb
 .text.hw_usb_set_bempenb
                0x00000000000010fc       0x60 ./ra/fsp/src/r_usb_basic/src/hw/r_usb_creg_access.o
                0x00000000000010fc                hw_usb_set_bempenb
 .text.hw_usb_clear_bempenb
                0x000000000000115c       0x38 ./ra/fsp/src/r_usb_basic/src/hw/r_usb_creg_access.o
                0x000000000000115c                hw_usb_clear_bempenb
 .text.hw_usb_read_intsts
                0x0000000000001194       0x20 ./ra/fsp/src/r_usb_basic/src/hw/r_usb_creg_access.o
                0x0000000000001194                hw_usb_read_intsts
 .text.hw_usb_clear_sts_brdy
                0x00000000000011b4       0x40 ./ra/fsp/src/r_usb_basic/src/hw/r_usb_creg_access.o
                0x00000000000011b4                hw_usb_clear_sts_brdy
 .text.hw_usb_clear_status_nrdy
                0x00000000000011f4       0x40 ./ra/fsp/src/r_usb_basic/src/hw/r_usb_creg_access.o
                0x00000000000011f4                hw_usb_clear_status_nrdy
 .text.hw_usb_clear_status_bemp
                0x0000000000001234       0x40 ./ra/fsp/src/r_usb_basic/src/hw/r_usb_creg_access.o
                0x0000000000001234                hw_usb_clear_status_bemp
 .text.hw_usb_read_frmnum
                0x0000000000001274       0x38 ./ra/fsp/src/r_usb_basic/src/hw/r_usb_creg_access.o
                0x0000000000001274                hw_usb_read_frmnum
 .text.hw_usb_read_usbreq
                0x00000000000012ac       0x20 ./ra/fsp/src/r_usb_basic/src/hw/r_usb_creg_access.o
                0x00000000000012ac                hw_usb_read_usbreq
 .text.hw_usb_read_usbval
                0x00000000000012cc       0x20 ./ra/fsp/src/r_usb_basic/src/hw/r_usb_creg_access.o
                0x00000000000012cc                hw_usb_read_usbval
 .text.hw_usb_read_usbindx
                0x00000000000012ec       0x20 ./ra/fsp/src/r_usb_basic/src/hw/r_usb_creg_access.o
                0x00000000000012ec                hw_usb_read_usbindx
 .text.hw_usb_read_usbleng
                0x000000000000130c       0x20 ./ra/fsp/src/r_usb_basic/src/hw/r_usb_creg_access.o
                0x000000000000130c                hw_usb_read_usbleng
 .text.hw_usb_read_dcpcfg
                0x000000000000132c       0x38 ./ra/fsp/src/r_usb_basic/src/hw/r_usb_creg_access.o
                0x000000000000132c                hw_usb_read_dcpcfg
 .text.hw_usb_write_dcpcfg
                0x0000000000001364       0x30 ./ra/fsp/src/r_usb_basic/src/hw/r_usb_creg_access.o
                0x0000000000001364                hw_usb_write_dcpcfg
 .text.hw_usb_read_dcpmaxp
                0x0000000000001394       0x38 ./ra/fsp/src/r_usb_basic/src/hw/r_usb_creg_access.o
                0x0000000000001394                hw_usb_read_dcpmaxp
 .text.hw_usb_write_dcpmxps
                0x00000000000013cc       0x30 ./ra/fsp/src/r_usb_basic/src/hw/r_usb_creg_access.o
                0x00000000000013cc                hw_usb_write_dcpmxps
 .text.hw_usb_read_dcpctr
                0x00000000000013fc       0x20 ./ra/fsp/src/r_usb_basic/src/hw/r_usb_creg_access.o
                0x00000000000013fc                hw_usb_read_dcpctr
 .text.hw_usb_write_pipesel
                0x000000000000141c       0x30 ./ra/fsp/src/r_usb_basic/src/hw/r_usb_creg_access.o
                0x000000000000141c                hw_usb_write_pipesel
 .text.hw_usb_read_pipecfg
                0x000000000000144c       0x38 ./ra/fsp/src/r_usb_basic/src/hw/r_usb_creg_access.o
                0x000000000000144c                hw_usb_read_pipecfg
 .text.hw_usb_write_pipecfg
                0x0000000000001484       0x30 ./ra/fsp/src/r_usb_basic/src/hw/r_usb_creg_access.o
                0x0000000000001484                hw_usb_write_pipecfg
 .text.hw_usb_write_pipebuf
                0x00000000000014b4       0x24 ./ra/fsp/src/r_usb_basic/src/hw/r_usb_creg_access.o
                0x00000000000014b4                hw_usb_write_pipebuf
 .text.hw_usb_read_pipebuf
                0x00000000000014d8       0x2c ./ra/fsp/src/r_usb_basic/src/hw/r_usb_creg_access.o
                0x00000000000014d8                hw_usb_read_pipebuf
 .text.hw_usb_read_pipemaxp
                0x0000000000001504       0x38 ./ra/fsp/src/r_usb_basic/src/hw/r_usb_creg_access.o
                0x0000000000001504                hw_usb_read_pipemaxp
 .text.hw_usb_write_pipemaxp
                0x000000000000153c       0x30 ./ra/fsp/src/r_usb_basic/src/hw/r_usb_creg_access.o
                0x000000000000153c                hw_usb_write_pipemaxp
 .text.hw_usb_write_pipeperi
                0x000000000000156c       0x30 ./ra/fsp/src/r_usb_basic/src/hw/r_usb_creg_access.o
                0x000000000000156c                hw_usb_write_pipeperi
 .text.hw_usb_read_pipectr
                0x000000000000159c       0x64 ./ra/fsp/src/r_usb_basic/src/hw/r_usb_creg_access.o
                0x000000000000159c                hw_usb_read_pipectr
 .text.hw_usb_set_csclr
                0x0000000000001600       0x3c ./ra/fsp/src/r_usb_basic/src/hw/r_usb_creg_access.o
                0x0000000000001600                hw_usb_set_csclr
 .text.hw_usb_set_aclrm
                0x000000000000163c       0x44 ./ra/fsp/src/r_usb_basic/src/hw/r_usb_creg_access.o
                0x000000000000163c                hw_usb_set_aclrm
 .text.hw_usb_clear_aclrm
                0x0000000000001680       0x3c ./ra/fsp/src/r_usb_basic/src/hw/r_usb_creg_access.o
                0x0000000000001680                hw_usb_clear_aclrm
 .text.hw_usb_set_sqclr
                0x00000000000016bc       0x74 ./ra/fsp/src/r_usb_basic/src/hw/r_usb_creg_access.o
                0x00000000000016bc                hw_usb_set_sqclr
 .text.hw_usb_set_pid
                0x0000000000001730       0x58 ./ra/fsp/src/r_usb_basic/src/hw/r_usb_creg_access.o
                0x0000000000001730                hw_usb_set_pid
 .text.hw_usb_clear_pid
                0x0000000000001788       0x50 ./ra/fsp/src/r_usb_basic/src/hw/r_usb_creg_access.o
                0x0000000000001788                hw_usb_clear_pid
 .text.hw_usb_set_trenb
                0x00000000000017d8       0x3c ./ra/fsp/src/r_usb_basic/src/hw/r_usb_creg_access.o
                0x00000000000017d8                hw_usb_set_trenb
 .text.hw_usb_clear_trenb
                0x0000000000001814       0x3c ./ra/fsp/src/r_usb_basic/src/hw/r_usb_creg_access.o
                0x0000000000001814                hw_usb_clear_trenb
 .text.hw_usb_set_trclr
                0x0000000000001850       0x3c ./ra/fsp/src/r_usb_basic/src/hw/r_usb_creg_access.o
                0x0000000000001850                hw_usb_set_trclr
 .text.hw_usb_write_pipetrn
                0x000000000000188c       0x34 ./ra/fsp/src/r_usb_basic/src/hw/r_usb_creg_access.o
                0x000000000000188c                hw_usb_write_pipetrn
 .text.hw_usb_read_bcctrl
                0x00000000000018c0       0x2c ./ra/fsp/src/r_usb_basic/src/hw/r_usb_creg_access.o
                0x00000000000018c0                hw_usb_read_bcctrl
 .text.hw_usb_set_suspendm
                0x00000000000018ec       0x1c ./ra/fsp/src/r_usb_basic/src/hw/r_usb_creg_access.o
                0x00000000000018ec                hw_usb_set_suspendm
 .text.hw_usb_clear_suspm
                0x0000000000001908       0x1c ./ra/fsp/src/r_usb_basic/src/hw/r_usb_creg_access.o
                0x0000000000001908                hw_usb_clear_suspm
 .text.usb_module_start
                0x0000000000001924       0x50 ./ra/fsp/src/r_usb_basic/src/hw/r_usb_mcu.o
                0x0000000000001924                usb_module_start
 .text.usb_module_stop
                0x0000000000001974      0x188 ./ra/fsp/src/r_usb_basic/src/hw/r_usb_mcu.o
                0x0000000000001974                usb_module_stop
 .text.usb_cpu_usbint_init
                0x0000000000001afc      0x108 ./ra/fsp/src/r_usb_basic/src/hw/r_usb_mcu.o
                0x0000000000001afc                usb_cpu_usbint_init
 .text.usb_cpu_delay_1us
                0x0000000000001c04        0x8 ./ra/fsp/src/r_usb_basic/src/hw/r_usb_mcu.o
                0x0000000000001c04                usb_cpu_delay_1us
 .text.usb_cpu_delay_xms
                0x0000000000001c0c        0x8 ./ra/fsp/src/r_usb_basic/src/hw/r_usb_mcu.o
                0x0000000000001c0c                usb_cpu_delay_xms
 .text.usbfs_interrupt_handler
                0x0000000000001c14       0x30 ./ra/fsp/src/r_usb_basic/src/hw/r_usb_mcu.o
                0x0000000000001c14                usbfs_interrupt_handler
 .text.usbfs_resume_handler
                0x0000000000001c44       0x34 ./ra/fsp/src/r_usb_basic/src/hw/r_usb_mcu.o
                0x0000000000001c44                usbfs_resume_handler
 .text.usbfs_d0fifo_handler
                0x0000000000001c78       0x20 ./ra/fsp/src/r_usb_basic/src/hw/r_usb_mcu.o
                0x0000000000001c78                usbfs_d0fifo_handler
 .text.usbfs_d1fifo_handler
                0x0000000000001c98        0x4 ./ra/fsp/src/r_usb_basic/src/hw/r_usb_mcu.o
                0x0000000000001c98                usbfs_d1fifo_handler
 .text.usbhs_interrupt_handler
                0x0000000000001c9c       0x30 ./ra/fsp/src/r_usb_basic/src/hw/r_usb_mcu.o
                0x0000000000001c9c                usbhs_interrupt_handler
 .text.usbhs_d0fifo_handler
                0x0000000000001ccc        0x4 ./ra/fsp/src/r_usb_basic/src/hw/r_usb_mcu.o
                0x0000000000001ccc                usbhs_d0fifo_handler
 .text.usbhs_d1fifo_handler
                0x0000000000001cd0        0x4 ./ra/fsp/src/r_usb_basic/src/hw/r_usb_mcu.o
                0x0000000000001cd0                usbhs_d1fifo_handler
 .text.usb_pstd_interrupt_handler
                0x0000000000001cd4      0x224 ./ra/fsp/src/r_usb_basic/src/hw/r_usb_preg_abs.o
                0x0000000000001cd4                usb_pstd_interrupt_handler
 .text.usb_pstd_save_request
                0x0000000000001ef8       0x48 ./ra/fsp/src/r_usb_basic/src/hw/r_usb_preg_abs.o
                0x0000000000001ef8                usb_pstd_save_request
 .text.usb_pstd_chk_configured
                0x0000000000001f40       0x1c ./ra/fsp/src/r_usb_basic/src/hw/r_usb_preg_abs.o
                0x0000000000001f40                usb_pstd_chk_configured
 .text.usb_pstd_test_mode
                0x0000000000001f5c       0x44 ./ra/fsp/src/r_usb_basic/src/hw/r_usb_preg_abs.o
                0x0000000000001f5c                usb_pstd_test_mode
 .text.usb_pstd_resume_process
                0x0000000000001fa0       0x18 ./ra/fsp/src/r_usb_basic/src/hw/r_usb_preg_abs.o
                0x0000000000001fa0                usb_pstd_resume_process
 .text.usb_pstd_set_stall
                0x0000000000001fb8        0xc ./ra/fsp/src/r_usb_basic/src/hw/r_usb_preg_abs.o
                0x0000000000001fb8                usb_pstd_set_stall
 .text.usb_pstd_set_stall_pipe0
                0x0000000000001fc4        0x8 ./ra/fsp/src/r_usb_basic/src/hw/r_usb_preg_abs.o
                0x0000000000001fc4                usb_pstd_set_stall_pipe0
 .text.usb_pstd_write_fifo
                0x0000000000001fcc       0xd0 ./ra/fsp/src/r_usb_basic/src/hw/r_usb_preg_abs.o
                0x0000000000001fcc                usb_pstd_write_fifo
 .text.usb_pstd_read_fifo
                0x000000000000209c       0xa8 ./ra/fsp/src/r_usb_basic/src/hw/r_usb_preg_abs.o
                0x000000000000209c                usb_pstd_read_fifo
 .text.usb_pstd_forced_termination
                0x0000000000002144       0xa0 ./ra/fsp/src/r_usb_basic/src/hw/r_usb_preg_abs.o
                0x0000000000002144                usb_pstd_forced_termination
 .text.usb_pstd_interrupt_clock
                0x00000000000021e4       0x20 ./ra/fsp/src/r_usb_basic/src/hw/r_usb_preg_abs.o
                0x00000000000021e4                usb_pstd_interrupt_clock
 .text.usb_pstd_stop_clock
                0x0000000000002204       0x10 ./ra/fsp/src/r_usb_basic/src/hw/r_usb_preg_abs.o
                0x0000000000002204                usb_pstd_stop_clock
 .text.hw_usb_pset_dprpu
                0x0000000000002214       0x28 ./ra/fsp/src/r_usb_basic/src/hw/r_usb_preg_access.o
                0x0000000000002214                hw_usb_pset_dprpu
 .text.hw_usb_pclear_dprpu
                0x000000000000223c       0x20 ./ra/fsp/src/r_usb_basic/src/hw/r_usb_preg_access.o
                0x000000000000223c                hw_usb_pclear_dprpu
 .text.hw_usb_pset_enb_rsme
                0x000000000000225c       0x28 ./ra/fsp/src/r_usb_basic/src/hw/r_usb_preg_access.o
                0x000000000000225c                hw_usb_pset_enb_rsme
 .text.hw_usb_pclear_enb_rsme
                0x0000000000002284       0x20 ./ra/fsp/src/r_usb_basic/src/hw/r_usb_preg_access.o
                0x0000000000002284                hw_usb_pclear_enb_rsme
 .text.hw_usb_pclear_sts_resm
                0x00000000000022a4       0x20 ./ra/fsp/src/r_usb_basic/src/hw/r_usb_preg_access.o
                0x00000000000022a4                hw_usb_pclear_sts_resm
 .text.hw_usb_pclear_sts_valid
                0x00000000000022c4       0x20 ./ra/fsp/src/r_usb_basic/src/hw/r_usb_preg_access.o
                0x00000000000022c4                hw_usb_pclear_sts_valid
 .text.hw_usb_pset_ccpl
                0x00000000000022e4       0x30 ./ra/fsp/src/r_usb_basic/src/hw/r_usb_preg_access.o
                0x00000000000022e4                hw_usb_pset_ccpl
 .text.hw_usb_pmodule_init
                0x0000000000002314       0xc4 ./ra/fsp/src/r_usb_basic/src/hw/r_usb_preg_access.o
                0x0000000000002314                hw_usb_pmodule_init
 .text.hw_usb_pcontrol_dcpctr_pid
                0x00000000000023d8       0x3c ./ra/fsp/src/r_usb_basic/src/hw/r_usb_preg_access.o
                0x00000000000023d8                hw_usb_pcontrol_dcpctr_pid
 .text.usb_ctrl_read
                0x0000000000002414       0x48 ./ra/fsp/src/r_usb_basic/src/driver/r_usb_cdataio.o
                0x0000000000002414                usb_ctrl_read
 .text.usb_ctrl_write
                0x000000000000245c       0x90 ./ra/fsp/src/r_usb_basic/src/driver/r_usb_cdataio.o
                0x000000000000245c                usb_ctrl_write
 .text.usb_data_read
                0x00000000000024ec       0x48 ./ra/fsp/src/r_usb_basic/src/driver/r_usb_cdataio.o
                0x00000000000024ec                usb_data_read
 .text.usb_data_write
                0x0000000000002534       0x88 ./ra/fsp/src/r_usb_basic/src/driver/r_usb_cdataio.o
                0x0000000000002534                usb_data_write
 .text.usb_cstd_nrdy_enable
                0x00000000000025bc        0xc ./ra/fsp/src/r_usb_basic/src/driver/r_usb_clibusbip.o
                0x00000000000025bc                usb_cstd_nrdy_enable
 .text.usb_cstd_get_pid
                0x00000000000025c8       0x14 ./ra/fsp/src/r_usb_basic/src/driver/r_usb_clibusbip.o
                0x00000000000025c8                usb_cstd_get_pid
 .text.usb_cstd_get_maxpacket_size
                0x00000000000025dc       0x28 ./ra/fsp/src/r_usb_basic/src/driver/r_usb_clibusbip.o
                0x00000000000025dc                usb_cstd_get_maxpacket_size
 .text.usb_cstd_get_pipe_dir
                0x0000000000002604       0x1c ./ra/fsp/src/r_usb_basic/src/driver/r_usb_clibusbip.o
                0x0000000000002604                usb_cstd_get_pipe_dir
 .text.usb_cstd_get_pipe_type
                0x0000000000002620       0x1c ./ra/fsp/src/r_usb_basic/src/driver/r_usb_clibusbip.o
                0x0000000000002620                usb_cstd_get_pipe_type
 .text.usb_cstd_do_aclrm
                0x000000000000263c       0x1c ./ra/fsp/src/r_usb_basic/src/driver/r_usb_clibusbip.o
                0x000000000000263c                usb_cstd_do_aclrm
 .text.usb_cstd_set_buf
                0x0000000000002658        0xc ./ra/fsp/src/r_usb_basic/src/driver/r_usb_clibusbip.o
                0x0000000000002658                usb_cstd_set_buf
 .text.usb_cstd_clr_stall
                0x0000000000002664       0x20 ./ra/fsp/src/r_usb_basic/src/driver/r_usb_clibusbip.o
                0x0000000000002664                usb_cstd_clr_stall
 .text.usb_cstd_port_speed
                0x0000000000002684       0x20 ./ra/fsp/src/r_usb_basic/src/driver/r_usb_clibusbip.o
                0x0000000000002684                usb_cstd_port_speed
 .text.usb_set_event
                0x00000000000026a4       0x38 ./ra/fsp/src/r_usb_basic/src/driver/r_usb_clibusbip.o
                0x00000000000026a4                usb_set_event
 .text.usb_cstd_usb_task
                0x00000000000026dc        0x4 ./ra/fsp/src/r_usb_basic/src/driver/r_usb_clibusbip.o
                0x00000000000026dc                usb_cstd_usb_task
 .text.usb_pstd_bc_data_contact_detect
                0x00000000000026e0       0x64 ./ra/fsp/src/r_usb_basic/src/driver/r_usb_pbc.o
                0x00000000000026e0                usb_pstd_bc_data_contact_detect
 .text.usb_pstd_bc_primary_detection
                0x0000000000002744       0x2c ./ra/fsp/src/r_usb_basic/src/driver/r_usb_pbc.o
                0x0000000000002744                usb_pstd_bc_primary_detection
 .text.usb_pstd_bc_secondary_detection
                0x0000000000002770       0x28 ./ra/fsp/src/r_usb_basic/src/driver/r_usb_pbc.o
                0x0000000000002770                usb_pstd_bc_secondary_detection
 .text.usb_pstd_bc_detect_process
                0x0000000000002798       0x44 ./ra/fsp/src/r_usb_basic/src/driver/r_usb_pbc.o
                0x0000000000002798                usb_pstd_bc_detect_process
 .text.usb_pstd_ctrl_read
                0x00000000000027dc       0x88 ./ra/fsp/src/r_usb_basic/src/driver/r_usb_pcontrolrw.o
                0x00000000000027dc                usb_pstd_ctrl_read
 .text.usb_pstd_ctrl_write
                0x0000000000002864       0x50 ./ra/fsp/src/r_usb_basic/src/driver/r_usb_pcontrolrw.o
                0x0000000000002864                usb_pstd_ctrl_write
 .text.usb_pstd_ctrl_end
                0x00000000000028b4       0x74 ./ra/fsp/src/r_usb_basic/src/driver/r_usb_pcontrolrw.o
                0x00000000000028b4                usb_pstd_ctrl_end
 .text.usb_pstd_dummy_function
                0x0000000000002928        0x4 ./ra/fsp/src/r_usb_basic/src/driver/r_usb_pdriver.o
                0x0000000000002928                usb_pstd_dummy_function
 .text.usb_pstd_dummy_trn
                0x000000000000292c        0x4 ./ra/fsp/src/r_usb_basic/src/driver/r_usb_pdriver.o
                0x000000000000292c                usb_pstd_dummy_trn
 .text.usb_peri_configured
                0x0000000000002930       0x24 ./ra/fsp/src/r_usb_basic/src/driver/r_usb_pdriver.o
                0x0000000000002930                usb_peri_configured
 .text.usb_peri_suspended
                0x0000000000002954       0x1c ./ra/fsp/src/r_usb_basic/src/driver/r_usb_pdriver.o
                0x0000000000002954                usb_peri_suspended
 .text.usb_peri_resume
                0x0000000000002970       0x1c ./ra/fsp/src/r_usb_basic/src/driver/r_usb_pdriver.o
                0x0000000000002970                usb_peri_resume
 .text.usb_peri_interface
                0x000000000000298c        0x4 ./ra/fsp/src/r_usb_basic/src/driver/r_usb_pdriver.o
                0x000000000000298c                usb_peri_interface
 .text.usb_peri_detach
                0x0000000000002990       0x2c ./ra/fsp/src/r_usb_basic/src/driver/r_usb_pdriver.o
                0x0000000000002990                usb_peri_detach
 .text.usb_pstd_pcd_task
                0x00000000000029bc      0x208 ./ra/fsp/src/r_usb_basic/src/driver/r_usb_pdriver.o
                0x00000000000029bc                usb_pstd_pcd_task
 .text.usb_pstd_set_submitutr
                0x0000000000002bc4       0x44 ./ra/fsp/src/r_usb_basic/src/driver/r_usb_pdriver.o
                0x0000000000002bc4                usb_pstd_set_submitutr
 .text.usb_pstd_clr_mem
                0x0000000000002c08       0x30 ./ra/fsp/src/r_usb_basic/src/driver/r_usb_pdriver.o
                0x0000000000002c08                usb_pstd_clr_mem
 .text.usb_pstd_set_config_num
                0x0000000000002c38       0x20 ./ra/fsp/src/r_usb_basic/src/driver/r_usb_pdriver.o
                0x0000000000002c38                usb_pstd_set_config_num
 .text.usb_pstd_clr_eptbl_index
                0x0000000000002c58       0x18 ./ra/fsp/src/r_usb_basic/src/driver/r_usb_pdriver.o
                0x0000000000002c58                usb_pstd_clr_eptbl_index
 .text.usb_pstd_get_interface_num
                0x0000000000002c70        0xc ./ra/fsp/src/r_usb_basic/src/driver/r_usb_pdriver.o
                0x0000000000002c70                usb_pstd_get_interface_num
 .text.usb_pstd_get_alternate_num
                0x0000000000002c7c       0x48 ./ra/fsp/src/r_usb_basic/src/driver/r_usb_pdriver.o
                0x0000000000002c7c                usb_pstd_get_alternate_num
 .text.usb_pstd_set_eptbl_index
                0x0000000000002cc4       0x98 ./ra/fsp/src/r_usb_basic/src/driver/r_usb_pdriver.o
                0x0000000000002cc4                usb_pstd_set_eptbl_index
 .text.usb_pstd_chk_remote
                0x0000000000002d5c       0x1c ./ra/fsp/src/r_usb_basic/src/driver/r_usb_pdriver.o
                0x0000000000002d5c                usb_pstd_chk_remote
 .text.usb_pstd_get_current_power
                0x0000000000002d78       0x10 ./ra/fsp/src/r_usb_basic/src/driver/r_usb_pdriver.o
                0x0000000000002d78                usb_pstd_get_current_power
 .text.usb_pstd_fifo_to_buf
                0x0000000000002d88       0x58 ./ra/fsp/src/r_usb_basic/src/driver/r_usb_pdriver.o
                0x0000000000002d88                usb_pstd_fifo_to_buf
 .text.usb_pstd_buf_to_fifo
                0x0000000000002de0       0x60 ./ra/fsp/src/r_usb_basic/src/driver/r_usb_pdriver.o
                0x0000000000002de0                usb_pstd_buf_to_fifo
 .text.usb_pstd_transfer_start
                0x0000000000002e40       0x40 ./ra/fsp/src/r_usb_basic/src/driver/r_usb_pdriver.o
                0x0000000000002e40                usb_pstd_transfer_start
 .text.usb_pstd_driver_registration
                0x0000000000002e80       0x44 ./ra/fsp/src/r_usb_basic/src/driver/r_usb_pdriver.o
                0x0000000000002e80                usb_pstd_driver_registration
 .text.usb_pstd_driver_release
                0x0000000000002ec4       0x30 ./ra/fsp/src/r_usb_basic/src/driver/r_usb_pdriver.o
                0x0000000000002ec4                usb_pstd_driver_release
 .text.usb_peri_registration
                0x0000000000002ef4       0x6c ./ra/fsp/src/r_usb_basic/src/driver/r_usb_pdriver.o
                0x0000000000002ef4                usb_peri_registration
 .text.usb_peri_pipe_info
                0x0000000000002f60       0x64 ./ra/fsp/src/r_usb_basic/src/driver/r_usb_pdriver.o
                0x0000000000002f60                usb_peri_pipe_info
 .text.usb_peri_devdefault
                0x0000000000002fc4       0xa8 ./ra/fsp/src/r_usb_basic/src/driver/r_usb_pdriver.o
                0x0000000000002fc4                usb_peri_devdefault
 .text.usb_pstd_brdy_pipe
                0x000000000000306c       0x60 ./ra/fsp/src/r_usb_basic/src/driver/r_usb_pintfifo.o
                0x000000000000306c                usb_pstd_brdy_pipe
 .text.usb_pstd_nrdy_pipe
                0x00000000000030cc        0xc ./ra/fsp/src/r_usb_basic/src/driver/r_usb_pintfifo.o
                0x00000000000030cc                usb_pstd_nrdy_pipe
 .text.usb_pstd_bemp_pipe
                0x00000000000030d8       0x48 ./ra/fsp/src/r_usb_basic/src/driver/r_usb_pintfifo.o
                0x00000000000030d8                usb_pstd_bemp_pipe
 .text.usb_pstd_usb_handler
                0x0000000000003120       0x5c ./ra/fsp/src/r_usb_basic/src/driver/r_usb_pinthandler_usbip0.o
                0x0000000000003120                usb_pstd_usb_handler
 .text.usb_pstd_data_end.part.0
                0x000000000000317c       0x74 ./ra/fsp/src/r_usb_basic/src/driver/r_usb_plibusbip.o
 .text.usb_pstd_epadr2pipe
                0x00000000000031f0       0x50 ./ra/fsp/src/r_usb_basic/src/driver/r_usb_plibusbip.o
                0x00000000000031f0                usb_pstd_epadr2pipe
 .text.usb_pstd_pipe2fport
                0x0000000000003240        0x4 ./ra/fsp/src/r_usb_basic/src/driver/r_usb_plibusbip.o
                0x0000000000003240                usb_pstd_pipe2fport
 .text.usb_pstd_hi_speed_enable
                0x0000000000003244        0xc ./ra/fsp/src/r_usb_basic/src/driver/r_usb_plibusbip.o
                0x0000000000003244                usb_pstd_hi_speed_enable
 .text.usb_pstd_send_start
                0x0000000000003250       0x5c ./ra/fsp/src/r_usb_basic/src/driver/r_usb_plibusbip.o
                0x0000000000003250                usb_pstd_send_start
 .text.usb_pstd_write_data
                0x00000000000032ac      0x118 ./ra/fsp/src/r_usb_basic/src/driver/r_usb_plibusbip.o
                0x00000000000032ac                usb_pstd_write_data
 .text.usb_pstd_receive_start
                0x00000000000033c4       0x80 ./ra/fsp/src/r_usb_basic/src/driver/r_usb_plibusbip.o
                0x00000000000033c4                usb_pstd_receive_start
 .text.usb_pstd_read_data
                0x0000000000003444       0xf4 ./ra/fsp/src/r_usb_basic/src/driver/r_usb_plibusbip.o
                0x0000000000003444                usb_pstd_read_data
 .text.usb_pstd_data_end
                0x0000000000003538        0xc ./ra/fsp/src/r_usb_basic/src/driver/r_usb_plibusbip.o
                0x0000000000003538                usb_pstd_data_end
 .text.usb_pstd_brdy_pipe_process
                0x0000000000003544       0x60 ./ra/fsp/src/r_usb_basic/src/driver/r_usb_plibusbip.o
                0x0000000000003544                usb_pstd_brdy_pipe_process
 .text.usb_pstd_nrdy_pipe_process
                0x00000000000035a4       0x58 ./ra/fsp/src/r_usb_basic/src/driver/r_usb_plibusbip.o
                0x00000000000035a4                usb_pstd_nrdy_pipe_process
 .text.usb_pstd_bemp_pipe_process
                0x00000000000035fc       0xe0 ./ra/fsp/src/r_usb_basic/src/driver/r_usb_plibusbip.o
                0x00000000000035fc                usb_pstd_bemp_pipe_process
 .text.usb_pstd_set_pipe_table
                0x00000000000036dc      0x100 ./ra/fsp/src/r_usb_basic/src/driver/r_usb_plibusbip.o
                0x00000000000036dc                usb_pstd_set_pipe_table
 .text.usb_pstd_clr_pipe_table
                0x00000000000037dc       0x48 ./ra/fsp/src/r_usb_basic/src/driver/r_usb_plibusbip.o
                0x00000000000037dc                usb_pstd_clr_pipe_table
 .text.usb_pstd_set_pipe_reg
                0x0000000000003824       0xa0 ./ra/fsp/src/r_usb_basic/src/driver/r_usb_plibusbip.o
                0x0000000000003824                usb_pstd_set_pipe_reg
 .text.usb_pstd_clr_pipe_reg
                0x00000000000038c4       0x3c ./ra/fsp/src/r_usb_basic/src/driver/r_usb_plibusbip.o
                0x00000000000038c4                usb_pstd_clr_pipe_reg
 .text.usb_pstd_bus_reset
                0x0000000000003900       0x40 ./ra/fsp/src/r_usb_basic/src/driver/r_usb_psignal.o
                0x0000000000003900                usb_pstd_bus_reset
 .text.usb_pstd_attach_process
                0x0000000000003940       0x1c ./ra/fsp/src/r_usb_basic/src/driver/r_usb_psignal.o
                0x0000000000003940                usb_pstd_attach_process
 .text.usb_pstd_detach_process
                0x000000000000395c       0x88 ./ra/fsp/src/r_usb_basic/src/driver/r_usb_psignal.o
                0x000000000000395c                usb_pstd_detach_process
 .text.usb_pstd_suspend_process
                0x00000000000039e4       0x68 ./ra/fsp/src/r_usb_basic/src/driver/r_usb_psignal.o
                0x00000000000039e4                usb_pstd_suspend_process
 .text.usb_pstd_set_feature_function
                0x0000000000003a4c        0x4 ./ra/fsp/src/r_usb_basic/src/driver/r_usb_pstdfunction.o
                0x0000000000003a4c                usb_pstd_set_feature_function
 .text.usb_pstd_chk_vbsts
                0x0000000000003a50       0x40 ./ra/fsp/src/r_usb_basic/src/driver/r_usb_pstdfunction.o
                0x0000000000003a50                usb_pstd_chk_vbsts
 .text.usb_pstd_busreset_function
                0x0000000000003a90        0x4 ./ra/fsp/src/r_usb_basic/src/driver/r_usb_pstdfunction.o
                0x0000000000003a90                usb_pstd_busreset_function
 .text.usb_pstd_suspend_function
                0x0000000000003a94        0x4 ./ra/fsp/src/r_usb_basic/src/driver/r_usb_pstdfunction.o
                0x0000000000003a94                usb_pstd_suspend_function
 .text.usb_pdriver_init
                0x0000000000003a98       0xfc ./ra/fsp/src/r_usb_basic/src/driver/r_usb_pstdfunction.o
                0x0000000000003a98                usb_pdriver_init
 .text.usb_pstd_stand_req0
                0x0000000000003b94       0x80 ./ra/fsp/src/r_usb_basic/src/driver/r_usb_pstdrequest.o
                0x0000000000003b94                usb_pstd_stand_req0
 .text.usb_pstd_stand_req1
                0x0000000000003c14      0x290 ./ra/fsp/src/r_usb_basic/src/driver/r_usb_pstdrequest.o
                0x0000000000003c14                usb_pstd_stand_req1
 .text.usb_pstd_stand_req2
                0x0000000000003ea4        0x4 ./ra/fsp/src/r_usb_basic/src/driver/r_usb_pstdrequest.o
                0x0000000000003ea4                usb_pstd_stand_req2
 .text.usb_pstd_stand_req3
                0x0000000000003ea8      0x328 ./ra/fsp/src/r_usb_basic/src/driver/r_usb_pstdrequest.o
                0x0000000000003ea8                usb_pstd_stand_req3
 .text.usb_pstd_stand_req4
                0x00000000000041d0       0xb4 ./ra/fsp/src/r_usb_basic/src/driver/r_usb_pstdrequest.o
                0x00000000000041d0                usb_pstd_stand_req4
 .text.usb_pstd_stand_req5
                0x0000000000004284       0x98 ./ra/fsp/src/r_usb_basic/src/driver/r_usb_pstdrequest.o
                0x0000000000004284                usb_pstd_stand_req5
 .text.usb_peri_class_request_rwds
                0x000000000000431c       0x34 ./ra/fsp/src/r_usb_basic/src/driver/r_usb_pstdrequest.o
                0x000000000000431c                usb_peri_class_request_rwds
 .text.usb_peri_other_request
                0x0000000000004350       0x34 ./ra/fsp/src/r_usb_basic/src/driver/r_usb_pstdrequest.o
                0x0000000000004350                usb_peri_other_request
 .text.usb_peri_class_request_wnss
                0x0000000000004384       0x3c ./ra/fsp/src/r_usb_basic/src/driver/r_usb_pstdrequest.o
                0x0000000000004384                usb_peri_class_request_wnss
 .text.usb_peri_class_request_rss
                0x00000000000043c0       0x4c ./ra/fsp/src/r_usb_basic/src/driver/r_usb_pstdrequest.o
                0x00000000000043c0                usb_peri_class_request_rss
 .text.usb_peri_class_request_wss
                0x000000000000440c       0x58 ./ra/fsp/src/r_usb_basic/src/driver/r_usb_pstdrequest.o
                0x000000000000440c                usb_peri_class_request_wss
 .text.usb_peri_class_request
                0x0000000000004464       0x68 ./ra/fsp/src/r_usb_basic/src/driver/r_usb_pstdrequest.o
                0x0000000000004464                usb_peri_class_request
 .text.R_USB_SetupGet
                0x00000000000044cc       0x10 ./ra/fsp/src/r_usb_basic/r_usb_basic.o
                0x00000000000044cc                R_USB_SetupGet
 .text.R_USB_EventGet
                0x00000000000044dc       0x4c ./ra/fsp/src/r_usb_basic/r_usb_basic.o
                0x00000000000044dc                R_USB_EventGet
 .text.R_USB_Open
                0x0000000000004528      0x110 ./ra/fsp/src/r_usb_basic/r_usb_basic.o
                0x0000000000004528                R_USB_Open
 .text.R_USB_Close
                0x0000000000004638       0x54 ./ra/fsp/src/r_usb_basic/r_usb_basic.o
                0x0000000000004638                R_USB_Close
 .text.R_USB_InfoGet
                0x000000000000468c       0xcc ./ra/fsp/src/r_usb_basic/r_usb_basic.o
                0x000000000000468c                R_USB_InfoGet
 .text.R_USB_Read
                0x0000000000004758       0x54 ./ra/fsp/src/r_usb_basic/r_usb_basic.o
                0x0000000000004758                R_USB_Read
 .text.R_USB_Write
                0x00000000000047ac       0x54 ./ra/fsp/src/r_usb_basic/r_usb_basic.o
                0x00000000000047ac                R_USB_Write
 .text.R_USB_PeriControlDataGet
                0x0000000000004800       0x48 ./ra/fsp/src/r_usb_basic/r_usb_basic.o
                0x0000000000004800                R_USB_PeriControlDataGet
 .text.R_USB_PeriControlDataSet
                0x0000000000004848       0x48 ./ra/fsp/src/r_usb_basic/r_usb_basic.o
                0x0000000000004848                R_USB_PeriControlDataSet
 .text.R_USB_PeriControlStatusSet
                0x0000000000004890       0x38 ./ra/fsp/src/r_usb_basic/r_usb_basic.o
                0x0000000000004890                R_USB_PeriControlStatusSet
 .text.bsp_vbatt_init.isra.0
                0x00000000000048c8       0xac ./ra/fsp/src/r_ioport/r_ioport.o
 .text.r_ioport_pins_config
                0x0000000000004974       0xd4 ./ra/fsp/src/r_ioport/r_ioport.o
 .text.R_IOPORT_Open
                0x0000000000004a48       0x18 ./ra/fsp/src/r_ioport/r_ioport.o
                0x0000000000004a48                R_IOPORT_Open
 .text.R_AGT_Open
                0x0000000000004a60      0x130 ./ra/fsp/src/r_agt/r_agt.o
                0x0000000000004a60                R_AGT_Open
 .text.R_AGT_Start
                0x0000000000004b90       0x1c ./ra/fsp/src/r_agt/r_agt.o
                0x0000000000004b90                R_AGT_Start
 .text.R_AGT_StatusGet
                0x0000000000004bac       0x24 ./ra/fsp/src/r_agt/r_agt.o
                0x0000000000004bac                R_AGT_StatusGet
 .text.agt_int_isr
                0x0000000000004bd0       0x9c ./ra/fsp/src/r_agt/r_agt.o
                0x0000000000004bd0                agt_int_isr
 .text.SystemCoreClockUpdate
                0x0000000000004c6c       0x28 ./ra/fsp/src/bsp/mcu/all/bsp_clocks.o
                0x0000000000004c6c                SystemCoreClockUpdate
 .text.bsp_clock_init
                0x0000000000004c94      0x148 ./ra/fsp/src/bsp/mcu/all/bsp_clocks.o
                0x0000000000004c94                bsp_clock_init
 .text.__assert_func
                0x0000000000004ddc        0x4 ./ra/fsp/src/bsp/mcu/all/bsp_common.o
                0x0000000000004ddc                __assert_func
 .text.bsp_prv_software_delay_loop
                0x0000000000004de0        0xc ./ra/fsp/src/bsp/mcu/all/bsp_delay.o
                0x0000000000004de0                bsp_prv_software_delay_loop
 .text.R_BSP_SoftwareDelay
                0x0000000000004dec       0x5c ./ra/fsp/src/bsp/mcu/all/bsp_delay.o
                0x0000000000004dec                R_BSP_SoftwareDelay
 .text.NMI_Handler
                0x0000000000004e48       0x38 ./ra/fsp/src/bsp/mcu/all/bsp_group_irq.o
                0x0000000000004e48                NMI_Handler
 .text.bsp_irq_cfg
                0x0000000000004e80       0xa8 ./ra/fsp/src/bsp/mcu/all/bsp_irq.o
                0x0000000000004e80                bsp_irq_cfg
 .text.R_BSP_RegisterProtectEnable
                0x0000000000004f28       0x60 ./ra/fsp/src/bsp/mcu/all/bsp_register_protection.o
                0x0000000000004f28                R_BSP_RegisterProtectEnable
 .text.R_BSP_RegisterProtectDisable
                0x0000000000004f88       0x50 ./ra/fsp/src/bsp/mcu/all/bsp_register_protection.o
                0x0000000000004f88                R_BSP_RegisterProtectDisable
 .text._sbrk    0x0000000000004fd8       0x44 ./ra/fsp/src/bsp/mcu/all/bsp_sbrk.o
                0x0000000000004fd8                _sbrk
 .text.Default_Handler
                0x000000000000501c        0x4 ./ra/fsp/src/bsp/cmsis/Device/RENESAS/Source/startup.o
                0x000000000000501c                DebugMon_Handler
                0x000000000000501c                HardFault_Handler
                0x000000000000501c                SysTick_Handler
                0x000000000000501c                PendSV_Handler
                0x000000000000501c                UsageFault_Handler
                0x000000000000501c                SecureFault_Handler
                0x000000000000501c                Default_Handler
                0x000000000000501c                MemManage_Handler
                0x000000000000501c                SVC_Handler
                0x000000000000501c                BusFault_Handler
 .text.Reset_Handler
                0x0000000000005020        0xc ./ra/fsp/src/bsp/cmsis/Device/RENESAS/Source/startup.o
                0x0000000000005020                Reset_Handler
 .text.SystemInit
                0x000000000000502c       0xc0 ./ra/fsp/src/bsp/cmsis/Device/RENESAS/Source/system.o
                0x000000000000502c                SystemInit
 .text.bsp_init
                0x00000000000050ec        0x4 ./ra/board/ra6m5_ek/board_init.o
                0x00000000000050ec                bsp_init
 .text.uxr_millis
                0x00000000000050f0       0x38 /home/username/workspace/e2_studio/test_ci/micro_ros_renesas2estudio_component/libmicroros/libmicroros.a(libmicroxrcedds_client-time.c.obj)
                0x00000000000050f0                uxr_millis
 .text.uxr_nanos
                0x0000000000005128       0x30 /home/username/workspace/e2_studio/test_ci/micro_ros_renesas2estudio_component/libmicroros/libmicroros.a(libmicroxrcedds_client-time.c.obj)
                0x0000000000005128                uxr_nanos
 .text.rcl_get_zero_initialized_publisher
                0x0000000000005158        0xc /home/username/workspace/e2_studio/test_ci/micro_ros_renesas2estudio_component/libmicroros/libmicroros.a(librcl-publisher.c.obj)
                0x0000000000005158                rcl_get_zero_initialized_publisher
 .text.rcl_publisher_init
                0x0000000000005164      0x1f0 /home/username/workspace/e2_studio/test_ci/micro_ros_renesas2estudio_component/libmicroros/libmicroros.a(librcl-publisher.c.obj)
                0x0000000000005164                rcl_publisher_init
 .text.rcl_publisher_get_default_options
                0x0000000000005354       0x44 /home/username/workspace/e2_studio/test_ci/micro_ros_renesas2estudio_component/libmicroros/libmicroros.a(librcl-publisher.c.obj)
                0x0000000000005354                rcl_publisher_get_default_options
 .text.rcl_publish
                0x0000000000005398       0x48 /home/username/workspace/e2_studio/test_ci/micro_ros_renesas2estudio_component/libmicroros/libmicroros.a(librcl-publisher.c.obj)
                0x0000000000005398                rcl_publish
 .text._rclc_check_for_new_data
                0x00000000000053e0       0xa0 /home/username/workspace/e2_studio/test_ci/micro_ros_renesas2estudio_component/libmicroros/libmicroros.a(librclc-executor.c.obj)
 .text._rclc_take_new_data
                0x0000000000005480       0xa0 /home/username/workspace/e2_studio/test_ci/micro_ros_renesas2estudio_component/libmicroros/libmicroros.a(librclc-executor.c.obj)
 .text._rclc_execute
                0x0000000000005520       0xf8 /home/username/workspace/e2_studio/test_ci/micro_ros_renesas2estudio_component/libmicroros/libmicroros.a(librclc-executor.c.obj)
 .text.rclc_executor_trigger_any
                0x0000000000005618       0x28 /home/username/workspace/e2_studio/test_ci/micro_ros_renesas2estudio_component/libmicroros/libmicroros.a(librclc-executor.c.obj)
                0x0000000000005618                rclc_executor_trigger_any
 .text.rclc_executor_get_zero_initialized_executor
                0x0000000000005640       0x14 /home/username/workspace/e2_studio/test_ci/micro_ros_renesas2estudio_component/libmicroros/libmicroros.a(librclc-executor.c.obj)
                0x0000000000005640                rclc_executor_get_zero_initialized_executor
 *fill*         0x0000000000005654        0x4 ff
 .text.rclc_executor_init
                0x0000000000005658       0xe8 /home/username/workspace/e2_studio/test_ci/micro_ros_renesas2estudio_component/libmicroros/libmicroros.a(librclc-executor.c.obj)
                0x0000000000005658                rclc_executor_init
 .text.rclc_executor_add_timer
                0x0000000000005740       0x50 /home/username/workspace/e2_studio/test_ci/micro_ros_renesas2estudio_component/libmicroros/libmicroros.a(librclc-executor.c.obj)
                0x0000000000005740                rclc_executor_add_timer
 .text.rclc_executor_spin_some
                0x0000000000005790      0x2ac /home/username/workspace/e2_studio/test_ci/micro_ros_renesas2estudio_component/libmicroros/libmicroros.a(librclc-executor.c.obj)
                0x0000000000005790                rclc_executor_spin_some
 .text.rclc_executor_handle_counters_zero_init
                0x0000000000005a3c       0x18 /home/username/workspace/e2_studio/test_ci/micro_ros_renesas2estudio_component/libmicroros/libmicroros.a(librclc-executor_handle.c.obj)
                0x0000000000005a3c                rclc_executor_handle_counters_zero_init
 .text.rclc_executor_handle_init
                0x0000000000005a54       0x2c /home/username/workspace/e2_studio/test_ci/micro_ros_renesas2estudio_component/libmicroros/libmicroros.a(librclc-executor_handle.c.obj)
                0x0000000000005a54                rclc_executor_handle_init
 .text.rclc_support_init
                0x0000000000005a80       0x84 /home/username/workspace/e2_studio/test_ci/micro_ros_renesas2estudio_component/libmicroros/libmicroros.a(librclc-init.c.obj)
                0x0000000000005a80                rclc_support_init
 .text.rclc_node_init_default
                0x0000000000005b04       0x78 /home/username/workspace/e2_studio/test_ci/micro_ros_renesas2estudio_component/libmicroros/libmicroros.a(librclc-node.c.obj)
                0x0000000000005b04                rclc_node_init_default
 .text.rclc_publisher_init_default
                0x0000000000005b7c       0x58 /home/username/workspace/e2_studio/test_ci/micro_ros_renesas2estudio_component/libmicroros/libmicroros.a(librclc-publisher.c.obj)
                0x0000000000005b7c                rclc_publisher_init_default
 .text.rclc_timer_init_default
                0x0000000000005bd4       0x60 /home/username/workspace/e2_studio/test_ci/micro_ros_renesas2estudio_component/libmicroros/libmicroros.a(librclc-timer.c.obj)
                0x0000000000005bd4                rclc_timer_init_default
 .text.__default_zero_allocate
                0x0000000000005c34        0x4 /home/username/workspace/e2_studio/test_ci/micro_ros_renesas2estudio_component/libmicroros/libmicroros.a(librcutils-allocator.c.obj)
 .text.__default_reallocate
                0x0000000000005c38        0x4 /home/username/workspace/e2_studio/test_ci/micro_ros_renesas2estudio_component/libmicroros/libmicroros.a(librcutils-allocator.c.obj)
 .text.__default_deallocate
                0x0000000000005c3c        0x4 /home/username/workspace/e2_studio/test_ci/micro_ros_renesas2estudio_component/libmicroros/libmicroros.a(librcutils-allocator.c.obj)
 .text.__default_allocate
                0x0000000000005c40        0x4 /home/username/workspace/e2_studio/test_ci/micro_ros_renesas2estudio_component/libmicroros/libmicroros.a(librcutils-allocator.c.obj)
 .text.rcutils_get_zero_initialized_allocator
                0x0000000000005c44       0x1c /home/username/workspace/e2_studio/test_ci/micro_ros_renesas2estudio_component/libmicroros/libmicroros.a(librcutils-allocator.c.obj)
                0x0000000000005c44                rcutils_get_zero_initialized_allocator
 .text.rcutils_set_default_allocator
                0x0000000000005c60       0x40 /home/username/workspace/e2_studio/test_ci/micro_ros_renesas2estudio_component/libmicroros/libmicroros.a(librcutils-allocator.c.obj)
                0x0000000000005c60                rcutils_set_default_allocator
 .text.rcutils_get_default_allocator
                0x0000000000005ca0       0x1c /home/username/workspace/e2_studio/test_ci/micro_ros_renesas2estudio_component/libmicroros/libmicroros.a(librcutils-allocator.c.obj)
                0x0000000000005ca0                rcutils_get_default_allocator
 .text.rcutils_allocator_is_valid
                0x0000000000005cbc       0x1c /home/username/workspace/e2_studio/test_ci/micro_ros_renesas2estudio_component/libmicroros/libmicroros.a(librcutils-allocator.c.obj)
                0x0000000000005cbc                rcutils_allocator_is_valid
 .text.__rcutils_format_error_string
                0x0000000000005cd8      0x178 /home/username/workspace/e2_studio/test_ci/micro_ros_renesas2estudio_component/libmicroros/libmicroros.a(librcutils-error_handling.c.obj)
 .text.rcutils_get_error_string
                0x0000000000005e50       0x50 /home/username/workspace/e2_studio/test_ci/micro_ros_renesas2estudio_component/libmicroros/libmicroros.a(librcutils-error_handling.c.obj)
                0x0000000000005e50                rcutils_get_error_string
 .text.rcutils_reset_error
                0x0000000000005ea0       0x3c /home/username/workspace/e2_studio/test_ci/micro_ros_renesas2estudio_component/libmicroros/libmicroros.a(librcutils-error_handling.c.obj)
                0x0000000000005ea0                rcutils_reset_error
 .text.rcutils_get_zero_initialized_string_map
                0x0000000000005edc        0xc /home/username/workspace/e2_studio/test_ci/micro_ros_renesas2estudio_component/libmicroros/libmicroros.a(librcutils-string_map.c.obj)
                0x0000000000005edc                rcutils_get_zero_initialized_string_map
 .text.rcutils_string_map_reserve
                0x0000000000005ee8       0xe8 /home/username/workspace/e2_studio/test_ci/micro_ros_renesas2estudio_component/libmicroros/libmicroros.a(librcutils-string_map.c.obj)
                0x0000000000005ee8                rcutils_string_map_reserve
 .text.rcutils_string_map_init
                0x0000000000005fd0       0x7c /home/username/workspace/e2_studio/test_ci/micro_ros_renesas2estudio_component/libmicroros/libmicroros.a(librcutils-string_map.c.obj)
                0x0000000000005fd0                rcutils_string_map_init
 .text.rcutils_string_map_fini
                0x000000000000604c       0x84 /home/username/workspace/e2_studio/test_ci/micro_ros_renesas2estudio_component/libmicroros/libmicroros.a(librcutils-string_map.c.obj)
                0x000000000000604c                rcutils_string_map_fini
 .text.rcutils_string_map_getn
                0x00000000000060d0       0x64 /home/username/workspace/e2_studio/test_ci/micro_ros_renesas2estudio_component/libmicroros/libmicroros.a(librcutils-string_map.c.obj)
                0x00000000000060d0                rcutils_string_map_getn
 .text.rcutils_system_time_now
                0x0000000000006134       0x50 /home/username/workspace/e2_studio/test_ci/micro_ros_renesas2estudio_component/libmicroros/libmicroros.a(librcutils-time_unix.c.obj)
                0x0000000000006134                rcutils_system_time_now
 .text.rcutils_steady_time_now
                0x0000000000006184       0x50 /home/username/workspace/e2_studio/test_ci/micro_ros_renesas2estudio_component/libmicroros/libmicroros.a(librcutils-time_unix.c.obj)
                0x0000000000006184                rcutils_steady_time_now
 .text.rmw_get_default_publisher_options
                0x00000000000061d4        0x4 /home/username/workspace/e2_studio/test_ci/micro_ros_renesas2estudio_component/libmicroros/libmicroros.a(librmw-publisher_options.c.obj)
                0x00000000000061d4                rmw_get_default_publisher_options
 .text.rmw_validate_full_topic_name
                0x00000000000061d8      0x118 /home/username/workspace/e2_studio/test_ci/micro_ros_renesas2estudio_component/libmicroros/libmicroros.a(librmw-validate_full_topic_name.c.obj)
                0x00000000000061d8                rmw_validate_full_topic_name
 .text.rmw_uros_set_custom_transport
                0x00000000000062f0       0x30 /home/username/workspace/e2_studio/test_ci/micro_ros_renesas2estudio_component/libmicroros/libmicroros.a(librmw_microxrcedds-custom_transport.c.obj)
                0x00000000000062f0                rmw_uros_set_custom_transport
 .text.flush_session
                0x0000000000006320        0x8 /home/username/workspace/e2_studio/test_ci/micro_ros_renesas2estudio_component/libmicroros/libmicroros.a(librmw_microxrcedds-rmw_publish.c.obj)
                0x0000000000006320                flush_session
 .text.rmw_publish
                0x0000000000006328       0xc4 /home/username/workspace/e2_studio/test_ci/micro_ros_renesas2estudio_component/libmicroros/libmicroros.a(librmw_microxrcedds-rmw_publish.c.obj)
                0x0000000000006328                rmw_publish
 .text.rmw_create_publisher
                0x00000000000063ec      0x1b8 /home/username/workspace/e2_studio/test_ci/micro_ros_renesas2estudio_component/libmicroros/libmicroros.a(librmw_microxrcedds-rmw_publisher.c.obj)
                0x00000000000063ec                rmw_create_publisher
 .text.rmw_publisher_get_actual_qos
                0x00000000000065a4        0x4 /home/username/workspace/e2_studio/test_ci/micro_ros_renesas2estudio_component/libmicroros/libmicroros.a(librmw_microxrcedds-rmw_publisher.c.obj)
                0x00000000000065a4                rmw_publisher_get_actual_qos
 .text.rmw_destroy_publisher
                0x00000000000065a8       0x8c /home/username/workspace/e2_studio/test_ci/micro_ros_renesas2estudio_component/libmicroros/libmicroros.a(librmw_microxrcedds-rmw_publisher.c.obj)
                0x00000000000065a8                rmw_destroy_publisher
 .text.rmw_uxrce_init_service_memory
                0x0000000000006634       0x34 /home/username/workspace/e2_studio/test_ci/micro_ros_renesas2estudio_component/libmicroros/libmicroros.a(librmw_microxrcedds-types.c.obj)
                0x0000000000006634                rmw_uxrce_init_service_memory
 .text.rmw_uxrce_init_client_memory
                0x0000000000006668       0x38 /home/username/workspace/e2_studio/test_ci/micro_ros_renesas2estudio_component/libmicroros/libmicroros.a(librmw_microxrcedds-types.c.obj)
                0x0000000000006668                rmw_uxrce_init_client_memory
 .text.rmw_uxrce_init_publisher_memory
                0x00000000000066a0       0x38 /home/username/workspace/e2_studio/test_ci/micro_ros_renesas2estudio_component/libmicroros/libmicroros.a(librmw_microxrcedds-types.c.obj)
                0x00000000000066a0                rmw_uxrce_init_publisher_memory
 .text.rmw_uxrce_init_subscription_memory
                0x00000000000066d8       0x34 /home/username/workspace/e2_studio/test_ci/micro_ros_renesas2estudio_component/libmicroros/libmicroros.a(librmw_microxrcedds-types.c.obj)
                0x00000000000066d8                rmw_uxrce_init_subscription_memory
 .text.rmw_uxrce_init_node_memory
                0x000000000000670c       0x38 /home/username/workspace/e2_studio/test_ci/micro_ros_renesas2estudio_component/libmicroros/libmicroros.a(librmw_microxrcedds-types.c.obj)
                0x000000000000670c                rmw_uxrce_init_node_memory
 .text.rmw_uxrce_init_session_memory
                0x0000000000006744       0x40 /home/username/workspace/e2_studio/test_ci/micro_ros_renesas2estudio_component/libmicroros/libmicroros.a(librmw_microxrcedds-types.c.obj)
                0x0000000000006744                rmw_uxrce_init_session_memory
 .text.rmw_uxrce_init_topic_memory
                0x0000000000006784       0x38 /home/username/workspace/e2_studio/test_ci/micro_ros_renesas2estudio_component/libmicroros/libmicroros.a(librmw_microxrcedds-types.c.obj)
                0x0000000000006784                rmw_uxrce_init_topic_memory
 .text.rmw_uxrce_init_static_input_buffer_memory
                0x00000000000067bc       0x38 /home/username/workspace/e2_studio/test_ci/micro_ros_renesas2estudio_component/libmicroros/libmicroros.a(librmw_microxrcedds-types.c.obj)
                0x00000000000067bc                rmw_uxrce_init_static_input_buffer_memory
 .text.rmw_uxrce_fini_session_memory
                0x00000000000067f4        0xc /home/username/workspace/e2_studio/test_ci/micro_ros_renesas2estudio_component/libmicroros/libmicroros.a(librmw_microxrcedds-types.c.obj)
                0x00000000000067f4                rmw_uxrce_fini_session_memory
 .text.rmw_uxrce_fini_node_memory
                0x0000000000006800       0x48 /home/username/workspace/e2_studio/test_ci/micro_ros_renesas2estudio_component/libmicroros/libmicroros.a(librmw_microxrcedds-types.c.obj)
                0x0000000000006800                rmw_uxrce_fini_node_memory
 .text.rmw_uxrce_fini_publisher_memory
                0x0000000000006848       0x3c /home/username/workspace/e2_studio/test_ci/micro_ros_renesas2estudio_component/libmicroros/libmicroros.a(librmw_microxrcedds-types.c.obj)
                0x0000000000006848                rmw_uxrce_fini_publisher_memory
 .text.rmw_uxrce_fini_subscription_memory
                0x0000000000006884       0x3c /home/username/workspace/e2_studio/test_ci/micro_ros_renesas2estudio_component/libmicroros/libmicroros.a(librmw_microxrcedds-types.c.obj)
                0x0000000000006884                rmw_uxrce_fini_subscription_memory
 .text.rmw_uxrce_fini_service_memory
                0x00000000000068c0       0x3c /home/username/workspace/e2_studio/test_ci/micro_ros_renesas2estudio_component/libmicroros/libmicroros.a(librmw_microxrcedds-types.c.obj)
                0x00000000000068c0                rmw_uxrce_fini_service_memory
 .text.rmw_uxrce_fini_client_memory
                0x00000000000068fc       0x3c /home/username/workspace/e2_studio/test_ci/micro_ros_renesas2estudio_component/libmicroros/libmicroros.a(librmw_microxrcedds-types.c.obj)
                0x00000000000068fc                rmw_uxrce_fini_client_memory
 .text.rmw_uxrce_fini_topic_memory
                0x0000000000006938        0xc /home/username/workspace/e2_studio/test_ci/micro_ros_renesas2estudio_component/libmicroros/libmicroros.a(librmw_microxrcedds-types.c.obj)
                0x0000000000006938                rmw_uxrce_fini_topic_memory
 .text.rmw_uxrce_find_static_input_buffer_by_owner
                0x0000000000006944       0x20 /home/username/workspace/e2_studio/test_ci/micro_ros_renesas2estudio_component/libmicroros/libmicroros.a(librmw_microxrcedds-types.c.obj)
                0x0000000000006944                rmw_uxrce_find_static_input_buffer_by_owner
 .text.run_xrce_session
                0x0000000000006964       0x3c /home/username/workspace/e2_studio/test_ci/micro_ros_renesas2estudio_component/libmicroros/libmicroros.a(librmw_microxrcedds-utils.c.obj)
                0x0000000000006964                run_xrce_session
 .text.generate_type_name
                0x00000000000069a0       0x70 /home/username/workspace/e2_studio/test_ci/micro_ros_renesas2estudio_component/libmicroros/libmicroros.a(librmw_microxrcedds-utils.c.obj)
                0x00000000000069a0                generate_type_name
 .text.generate_topic_name
                0x0000000000006a10       0x2c /home/username/workspace/e2_studio/test_ci/micro_ros_renesas2estudio_component/libmicroros/libmicroros.a(librmw_microxrcedds-utils.c.obj)
                0x0000000000006a10                generate_topic_name
 .text.is_uxrce_rmw_identifier_valid
                0x0000000000006a3c       0x1c /home/username/workspace/e2_studio/test_ci/micro_ros_renesas2estudio_component/libmicroros/libmicroros.a(librmw_microxrcedds-utils.c.obj)
                0x0000000000006a3c                is_uxrce_rmw_identifier_valid
 .text.get_message_typesupport_handle
                0x0000000000006a58        0x4 /home/username/workspace/e2_studio/test_ci/micro_ros_renesas2estudio_component/libmicroros/libmicroros.a(librosidl_runtime_c-message_type_support.c.obj)
                0x0000000000006a58                get_message_typesupport_handle
 .text.get_message_typesupport_handle_function
                0x0000000000006a5c       0x14 /home/username/workspace/e2_studio/test_ci/micro_ros_renesas2estudio_component/libmicroros/libmicroros.a(librosidl_runtime_c-message_type_support.c.obj)
                0x0000000000006a5c                get_message_typesupport_handle_function
 .text.rosidl_typesupport_c__get_message_type_support_handle__std_msgs__msg__Int32
                0x0000000000006a70        0x4 /home/username/workspace/e2_studio/test_ci/micro_ros_renesas2estudio_component/libmicroros/libmicroros.a(libstd_msgs__rosidl_typesupport_c-int32__type_support.cpp.obj)
                0x0000000000006a70                rosidl_typesupport_c__get_message_type_support_handle__std_msgs__msg__Int32
 .text._Int32__max_serialized_size
                0x0000000000006a74       0x10 /home/username/workspace/e2_studio/test_ci/micro_ros_renesas2estudio_component/libmicroros/libmicroros.a(libstd_msgs__rosidl_typesupport_microxrcedds_c-int32__type_support_c.c.obj)
 .text.get_serialized_size_std_msgs__msg__Int32
                0x0000000000006a84       0x30 /home/username/workspace/e2_studio/test_ci/micro_ros_renesas2estudio_component/libmicroros/libmicroros.a(libstd_msgs__rosidl_typesupport_microxrcedds_c-int32__type_support_c.c.obj)
                0x0000000000006a84                get_serialized_size_std_msgs__msg__Int32
 .text._Int32__cdr_serialize
                0x0000000000006ab4       0x30 /home/username/workspace/e2_studio/test_ci/micro_ros_renesas2estudio_component/libmicroros/libmicroros.a(libstd_msgs__rosidl_typesupport_microxrcedds_c-int32__type_support_c.c.obj)
 .text._Int32__cdr_deserialize
                0x0000000000006ae4       0x28 /home/username/workspace/e2_studio/test_ci/micro_ros_renesas2estudio_component/libmicroros/libmicroros.a(libstd_msgs__rosidl_typesupport_microxrcedds_c-int32__type_support_c.c.obj)
 .text._Int32__get_serialized_size
                0x0000000000006b0c       0x30 /home/username/workspace/e2_studio/test_ci/micro_ros_renesas2estudio_component/libmicroros/libmicroros.a(libstd_msgs__rosidl_typesupport_microxrcedds_c-int32__type_support_c.c.obj)
 .text.rosidl_typesupport_microxrcedds_c__get_message_type_support_handle__std_msgs__msg__Int32
                0x0000000000006b3c        0x8 /home/username/workspace/e2_studio/test_ci/micro_ros_renesas2estudio_component/libmicroros/libmicroros.a(libstd_msgs__rosidl_typesupport_microxrcedds_c-int32__type_support_c.c.obj)
                0x0000000000006b3c                rosidl_typesupport_microxrcedds_c__get_message_type_support_handle__std_msgs__msg__Int32
 .text.ucdr_serialize_bool
                0x0000000000006b44       0x2c /home/username/workspace/e2_studio/test_ci/micro_ros_renesas2estudio_component/libmicroros/libmicroros.a(libmicrocdr-basic.c.obj)
                0x0000000000006b44                ucdr_serialize_bool
 .text.ucdr_deserialize_bool
                0x0000000000006b70       0x30 /home/username/workspace/e2_studio/test_ci/micro_ros_renesas2estudio_component/libmicroros/libmicroros.a(libmicrocdr-basic.c.obj)
                0x0000000000006b70                ucdr_deserialize_bool
 .text.ucdr_serialize_uint8_t
                0x0000000000006ba0       0x2c /home/username/workspace/e2_studio/test_ci/micro_ros_renesas2estudio_component/libmicroros/libmicroros.a(libmicrocdr-basic.c.obj)
                0x0000000000006ba0                ucdr_serialize_uint8_t
 .text.ucdr_deserialize_uint8_t
                0x0000000000006bcc       0x2c /home/username/workspace/e2_studio/test_ci/micro_ros_renesas2estudio_component/libmicroros/libmicroros.a(libmicrocdr-basic.c.obj)
                0x0000000000006bcc                ucdr_deserialize_uint8_t
 .text.ucdr_serialize_uint16_t
                0x0000000000006bf8       0x50 /home/username/workspace/e2_studio/test_ci/micro_ros_renesas2estudio_component/libmicroros/libmicroros.a(libmicrocdr-basic.c.obj)
                0x0000000000006bf8                ucdr_serialize_uint16_t
 .text.ucdr_serialize_endian_uint16_t
                0x0000000000006c48       0x50 /home/username/workspace/e2_studio/test_ci/micro_ros_renesas2estudio_component/libmicroros/libmicroros.a(libmicrocdr-basic.c.obj)
                0x0000000000006c48                ucdr_serialize_endian_uint16_t
 .text.ucdr_deserialize_uint16_t
                0x0000000000006c98       0x54 /home/username/workspace/e2_studio/test_ci/micro_ros_renesas2estudio_component/libmicroros/libmicroros.a(libmicrocdr-basic.c.obj)
                0x0000000000006c98                ucdr_deserialize_uint16_t
 .text.ucdr_deserialize_endian_uint16_t
                0x0000000000006cec       0x54 /home/username/workspace/e2_studio/test_ci/micro_ros_renesas2estudio_component/libmicroros/libmicroros.a(libmicrocdr-basic.c.obj)
                0x0000000000006cec                ucdr_deserialize_endian_uint16_t
 .text.ucdr_serialize_uint32_t
                0x0000000000006d40       0x60 /home/username/workspace/e2_studio/test_ci/micro_ros_renesas2estudio_component/libmicroros/libmicroros.a(libmicrocdr-basic.c.obj)
                0x0000000000006d40                ucdr_serialize_uint32_t
 .text.ucdr_serialize_endian_uint32_t
                0x0000000000006da0       0x60 /home/username/workspace/e2_studio/test_ci/micro_ros_renesas2estudio_component/libmicroros/libmicroros.a(libmicrocdr-basic.c.obj)
                0x0000000000006da0                ucdr_serialize_endian_uint32_t
 .text.ucdr_deserialize_uint32_t
                0x0000000000006e00       0x60 /home/username/workspace/e2_studio/test_ci/micro_ros_renesas2estudio_component/libmicroros/libmicroros.a(libmicrocdr-basic.c.obj)
                0x0000000000006e00                ucdr_deserialize_uint32_t
 .text.ucdr_serialize_uint64_t
                0x0000000000006e60       0x94 /home/username/workspace/e2_studio/test_ci/micro_ros_renesas2estudio_component/libmicroros/libmicroros.a(libmicrocdr-basic.c.obj)
                0x0000000000006e60                ucdr_serialize_uint64_t
 .text.ucdr_serialize_int16_t
                0x0000000000006ef4       0x50 /home/username/workspace/e2_studio/test_ci/micro_ros_renesas2estudio_component/libmicroros/libmicroros.a(libmicrocdr-basic.c.obj)
                0x0000000000006ef4                ucdr_serialize_int16_t
 .text.ucdr_serialize_int32_t
                0x0000000000006f44       0x60 /home/username/workspace/e2_studio/test_ci/micro_ros_renesas2estudio_component/libmicroros/libmicroros.a(libmicrocdr-basic.c.obj)
                0x0000000000006f44                ucdr_serialize_int32_t
 .text.ucdr_deserialize_int32_t
                0x0000000000006fa4       0x60 /home/username/workspace/e2_studio/test_ci/micro_ros_renesas2estudio_component/libmicroros/libmicroros.a(libmicrocdr-basic.c.obj)
                0x0000000000006fa4                ucdr_deserialize_int32_t
 .text.ucdr_check_buffer_available_for
                0x0000000000007004       0x18 /home/username/workspace/e2_studio/test_ci/micro_ros_renesas2estudio_component/libmicroros/libmicroros.a(libmicrocdr-common.c.obj)
                0x0000000000007004                ucdr_check_buffer_available_for
 .text.ucdr_check_final_buffer_behavior
                0x000000000000701c       0x38 /home/username/workspace/e2_studio/test_ci/micro_ros_renesas2estudio_component/libmicroros/libmicroros.a(libmicrocdr-common.c.obj)
                0x000000000000701c                ucdr_check_final_buffer_behavior
 .text.ucdr_set_on_full_buffer_callback
                0x0000000000007054        0x8 /home/username/workspace/e2_studio/test_ci/micro_ros_renesas2estudio_component/libmicroros/libmicroros.a(libmicrocdr-common.c.obj)
                0x0000000000007054                ucdr_set_on_full_buffer_callback
 .text.ucdr_init_buffer_origin_offset_endian
                0x000000000000705c       0x28 /home/username/workspace/e2_studio/test_ci/micro_ros_renesas2estudio_component/libmicroros/libmicroros.a(libmicrocdr-common.c.obj)
                0x000000000000705c                ucdr_init_buffer_origin_offset_endian
 .text.ucdr_init_buffer_origin_offset
                0x0000000000007084       0x14 /home/username/workspace/e2_studio/test_ci/micro_ros_renesas2estudio_component/libmicroros/libmicroros.a(libmicrocdr-common.c.obj)
                0x0000000000007084                ucdr_init_buffer_origin_offset
 .text.ucdr_init_buffer_origin
                0x0000000000007098       0x10 /home/username/workspace/e2_studio/test_ci/micro_ros_renesas2estudio_component/libmicroros/libmicroros.a(libmicrocdr-common.c.obj)
                0x0000000000007098                ucdr_init_buffer_origin
 .text.ucdr_init_buffer
                0x00000000000070a8        0x8 /home/username/workspace/e2_studio/test_ci/micro_ros_renesas2estudio_component/libmicroros/libmicroros.a(libmicrocdr-common.c.obj)
                0x00000000000070a8                ucdr_init_buffer
 .text.ucdr_alignment
                0x00000000000070b0       0x10 /home/username/workspace/e2_studio/test_ci/micro_ros_renesas2estudio_component/libmicroros/libmicroros.a(libmicrocdr-common.c.obj)
                0x00000000000070b0                ucdr_alignment
 .text.ucdr_buffer_alignment
                0x00000000000070c0       0x24 /home/username/workspace/e2_studio/test_ci/micro_ros_renesas2estudio_component/libmicroros/libmicroros.a(libmicrocdr-common.c.obj)
                0x00000000000070c0                ucdr_buffer_alignment
 .text.ucdr_align_to
                0x00000000000070e4       0x24 /home/username/workspace/e2_studio/test_ci/micro_ros_renesas2estudio_component/libmicroros/libmicroros.a(libmicrocdr-common.c.obj)
                0x00000000000070e4                ucdr_align_to
 .text.ucdr_buffer_length
                0x0000000000007108        0x8 /home/username/workspace/e2_studio/test_ci/micro_ros_renesas2estudio_component/libmicroros/libmicroros.a(libmicrocdr-common.c.obj)
                0x0000000000007108                ucdr_buffer_length
 .text.ucdr_buffer_remaining
                0x0000000000007110        0x8 /home/username/workspace/e2_studio/test_ci/micro_ros_renesas2estudio_component/libmicroros/libmicroros.a(libmicrocdr-common.c.obj)
                0x0000000000007110                ucdr_buffer_remaining
 .text.ucdr_check_final_buffer_behavior_array
                0x0000000000007118       0x3c /home/username/workspace/e2_studio/test_ci/micro_ros_renesas2estudio_component/libmicroros/libmicroros.a(libmicrocdr-common.c.obj)
                0x0000000000007118                ucdr_check_final_buffer_behavior_array
 .text.ucdr_advance_buffer
                0x0000000000007154       0x40 /home/username/workspace/e2_studio/test_ci/micro_ros_renesas2estudio_component/libmicroros/libmicroros.a(libmicrocdr-common.c.obj)
                0x0000000000007154                ucdr_advance_buffer
 .text.uxr_buffer_delete_entity
                0x0000000000007194       0x40 /home/username/workspace/e2_studio/test_ci/micro_ros_renesas2estudio_component/libmicroros/libmicroros.a(libmicroxrcedds_client-common_create_entities.c.obj)
                0x0000000000007194                uxr_buffer_delete_entity
 .text.uxr_common_create_entity
                0x00000000000071d4       0x5c /home/username/workspace/e2_studio/test_ci/micro_ros_renesas2estudio_component/libmicroros/libmicroros.a(libmicroxrcedds_client-common_create_entities.c.obj)
                0x00000000000071d4                uxr_common_create_entity
 .text.uxr_buffer_create_participant_bin
                0x0000000000007230       0x70 /home/username/workspace/e2_studio/test_ci/micro_ros_renesas2estudio_component/libmicroros/libmicroros.a(libmicroxrcedds_client-create_entities_bin.c.obj)
                0x0000000000007230                uxr_buffer_create_participant_bin
 .text.uxr_buffer_create_topic_bin
                0x00000000000072a0       0x6c /home/username/workspace/e2_studio/test_ci/micro_ros_renesas2estudio_component/libmicroros/libmicroros.a(libmicroxrcedds_client-create_entities_bin.c.obj)
                0x00000000000072a0                uxr_buffer_create_topic_bin
 .text.uxr_buffer_create_publisher_bin
                0x000000000000730c       0x60 /home/username/workspace/e2_studio/test_ci/micro_ros_renesas2estudio_component/libmicroros/libmicroros.a(libmicroxrcedds_client-create_entities_bin.c.obj)
                0x000000000000730c                uxr_buffer_create_publisher_bin
 .text.uxr_buffer_create_datawriter_bin
                0x000000000000736c       0xf0 /home/username/workspace/e2_studio/test_ci/micro_ros_renesas2estudio_component/libmicroros/libmicroros.a(libmicroxrcedds_client-create_entities_bin.c.obj)
                0x000000000000736c                uxr_buffer_create_datawriter_bin
 .text.uxr_object_id
                0x000000000000745c       0x1c /home/username/workspace/e2_studio/test_ci/micro_ros_renesas2estudio_component/libmicroros/libmicroros.a(libmicroxrcedds_client-object_id.c.obj)
                0x000000000000745c                uxr_object_id
 .text.uxr_object_id_from_raw
                0x0000000000007478       0x28 /home/username/workspace/e2_studio/test_ci/micro_ros_renesas2estudio_component/libmicroros/libmicroros.a(libmicroxrcedds_client-object_id.c.obj)
                0x0000000000007478                uxr_object_id_from_raw
 .text.uxr_object_id_to_raw
                0x00000000000074a0       0x18 /home/username/workspace/e2_studio/test_ci/micro_ros_renesas2estudio_component/libmicroros/libmicroros.a(libmicroxrcedds_client-object_id.c.obj)
                0x00000000000074a0                uxr_object_id_to_raw
 .text.on_get_fragmentation_info
                0x00000000000074b8       0x44 /home/username/workspace/e2_studio/test_ci/micro_ros_renesas2estudio_component/libmicroros/libmicroros.a(libmicroxrcedds_client-session.c.obj)
 .text.write_submessage_acknack.isra.0
                0x00000000000074fc       0x6c /home/username/workspace/e2_studio/test_ci/micro_ros_renesas2estudio_component/libmicroros/libmicroros.a(libmicroxrcedds_client-session.c.obj)
 .text.read_submessage_list
                0x0000000000007568      0x304 /home/username/workspace/e2_studio/test_ci/micro_ros_renesas2estudio_component/libmicroros/libmicroros.a(libmicroxrcedds_client-session.c.obj)
 .text.read_message
                0x000000000000786c      0x108 /home/username/workspace/e2_studio/test_ci/micro_ros_renesas2estudio_component/libmicroros/libmicroros.a(libmicroxrcedds_client-session.c.obj)
 .text.listen_message_reliably
                0x0000000000007974      0x168 /home/username/workspace/e2_studio/test_ci/micro_ros_renesas2estudio_component/libmicroros/libmicroros.a(libmicroxrcedds_client-session.c.obj)
 .text.uxr_init_session
                0x0000000000007adc       0x3c /home/username/workspace/e2_studio/test_ci/micro_ros_renesas2estudio_component/libmicroros/libmicroros.a(libmicroxrcedds_client-session.c.obj)
                0x0000000000007adc                uxr_init_session
 .text.uxr_set_status_callback
                0x0000000000007b18        0x8 /home/username/workspace/e2_studio/test_ci/micro_ros_renesas2estudio_component/libmicroros/libmicroros.a(libmicroxrcedds_client-session.c.obj)
                0x0000000000007b18                uxr_set_status_callback
 .text.uxr_set_topic_callback
                0x0000000000007b20        0x8 /home/username/workspace/e2_studio/test_ci/micro_ros_renesas2estudio_component/libmicroros/libmicroros.a(libmicroxrcedds_client-session.c.obj)
                0x0000000000007b20                uxr_set_topic_callback
 .text.uxr_set_request_callback
                0x0000000000007b28        0x8 /home/username/workspace/e2_studio/test_ci/micro_ros_renesas2estudio_component/libmicroros/libmicroros.a(libmicroxrcedds_client-session.c.obj)
                0x0000000000007b28                uxr_set_request_callback
 .text.uxr_set_reply_callback