Archive member included to satisfy reference by file (symbol)

../micro_ros_renesas2estudio_component/libmicroros/libmicroros.a(libmicroxrcedds_client-time.c.obj)
                              ./src/microros_transports.o (uxr_millis)
../micro_ros_renesas2estudio_component/libmicroros/libmicroros.a(librcutils-allocator.c.obj)
                              ./src/hal_entry.o (rcutils_get_zero_initialized_allocator)
../micro_ros_renesas2estudio_component/libmicroros/libmicroros.a(librmw_microxrcedds-custom_transport.c.obj)
                              ./src/hal_entry.o (rmw_uros_set_custom_transport)
/home/username/Downloads/gcc-arm-none-eabi-10.3-2021.10-x86_64-linux/gcc-arm-none-eabi-10.3-2021.10/bin/../lib/gcc/arm-none-eabi/10.3.1/thumb/v8-m.main+fp/hard/libgcc.a(_arm_muldf3.o)
                              ./src/microros_time.o (__aeabi_dmul)
/home/username/Downloads/gcc-arm-none-eabi-10.3-2021.10-x86_64-linux/gcc-arm-none-eabi-10.3-2021.10/bin/../lib/gcc/arm-none-eabi/10.3.1/thumb/v8-m.main+fp/hard/libgcc.a(_arm_addsubdf3.o)
                              ./src/microros_time.o (__aeabi_i2d)
/home/username/Downloads/gcc-arm-none-eabi-10.3-2021.10-x86_64-linux/gcc-arm-none-eabi-10.3-2021.10/bin/../lib/gcc/arm-none-eabi/10.3.1/thumb/v8-m.main+fp/hard/libgcc.a(_arm_muldivdf3.o)
                              ./src/microros_time.o (__aeabi_ddiv)
/home/username/Downloads/gcc-arm-none-eabi-10.3-2021.10-x86_64-linux/gcc-arm-none-eabi-10.3-2021.10/bin/../lib/gcc/arm-none-eabi/10.3.1/thumb/v8-m.main+fp/hard/libgcc.a(_aeabi_ldivmod.o)
                              ../micro_ros_renesas2estudio_component/libmicroros/libmicroros.a(libmicroxrcedds_client-time.c.obj) (__aeabi_ldivmod)
/home/username/Downloads/gcc-arm-none-eabi-10.3-2021.10-x86_64-linux/gcc-arm-none-eabi-10.3-2021.10/bin/../lib/gcc/arm-none-eabi/10.3.1/thumb/v8-m.main+fp/hard/libgcc.a(_aeabi_uldivmod.o)
                              ./src/microros_time.o (__aeabi_uldivmod)
/home/username/Downloads/gcc-arm-none-eabi-10.3-2021.10-x86_64-linux/gcc-arm-none-eabi-10.3-2021.10/bin/../lib/gcc/arm-none-eabi/10.3.1/thumb/v8-m.main+fp/hard/libgcc.a(_fixunsdfdi.o)
                              ./src/microros_time.o (__aeabi_d2ulz)
/home/username/Downloads/gcc-arm-none-eabi-10.3-2021.10-x86_64-linux/gcc-arm-none-eabi-10.3-2021.10/bin/../lib/gcc/arm-none-eabi/10.3.1/thumb/v8-m.main+fp/hard/libgcc.a(_udivmoddi4.o)
                              /home/username/Downloads/gcc-arm-none-eabi-10.3-2021.10-x86_64-linux/gcc-arm-none-eabi-10.3-2021.10/bin/../lib/gcc/arm-none-eabi/10.3.1/thumb/v8-m.main+fp/hard/libgcc.a(_aeabi_ldivmod.o) (__udivmoddi4)
/home/username/Downloads/gcc-arm-none-eabi-10.3-2021.10-x86_64-linux/gcc-arm-none-eabi-10.3-2021.10/bin/../lib/gcc/arm-none-eabi/10.3.1/thumb/v8-m.main+fp/hard/libgcc.a(_dvmd_tls.o)
                              /home/username/Downloads/gcc-arm-none-eabi-10.3-2021.10-x86_64-linux/gcc-arm-none-eabi-10.3-2021.10/bin/../lib/gcc/arm-none-eabi/10.3.1/thumb/v8-m.main+fp/hard/libgcc.a(_aeabi_ldivmod.o) (__aeabi_ldiv0)
/home/username/Downloads/gcc-arm-none-eabi-10.3-2021.10-x86_64-linux/gcc-arm-none-eabi-10.3-2021.10/bin/../lib/gcc/arm-none-eabi/10.3.1/thumb/v8-m.main+fp/hard/libgcc.a(_arm_fixunsdfsi.o)
                              /home/username/Downloads/gcc-arm-none-eabi-10.3-2021.10-x86_64-linux/gcc-arm-none-eabi-10.3-2021.10/bin/../lib/gcc/arm-none-eabi/10.3.1/thumb/v8-m.main+fp/hard/libgcc.a(_fixunsdfdi.o) (__aeabi_d2uiz)
/home/username/Downloads/gcc-arm-none-eabi-10.3-2021.10-x86_64-linux/gcc-arm-none-eabi-10.3-2021.10/bin/../lib/gcc/arm-none-eabi/10.3.1/../../../../arm-none-eabi/lib/thumb/v8-m.main+fp/hard/libg_nano.a(lib_a-calloc.o)
                              ./src/microros_allocators.o (calloc)
/home/username/Downloads/gcc-arm-none-eabi-10.3-2021.10-x86_64-linux/gcc-arm-none-eabi-10.3-2021.10/bin/../lib/gcc/arm-none-eabi/10.3.1/../../../../arm-none-eabi/lib/thumb/v8-m.main+fp/hard/libg_nano.a(lib_a-errno.o)
                              ./ra/fsp/src/bsp/mcu/all/bsp_sbrk.o (__errno)
/home/username/Downloads/gcc-arm-none-eabi-10.3-2021.10-x86_64-linux/gcc-arm-none-eabi-10.3-2021.10/bin/../lib/gcc/arm-none-eabi/10.3.1/../../../../arm-none-eabi/lib/thumb/v8-m.main+fp/hard/libg_nano.a(lib_a-exit.o)
                              /home/username/Downloads/gcc-arm-none-eabi-10.3-2021.10-x86_64-linux/gcc-arm-none-eabi-10.3-2021.10/bin/../lib/gcc/arm-none-eabi/10.3.1/../../../../arm-none-eabi/lib/thumb/v8-m.main+fp/hard/rdimon-crt0.o (exit)
/home/username/Downloads/gcc-arm-none-eabi-10.3-2021.10-x86_64-linux/gcc-arm-none-eabi-10.3-2021.10/bin/../lib/gcc/arm-none-eabi/10.3.1/../../../../arm-none-eabi/lib/thumb/v8-m.main+fp/hard/libg_nano.a(lib_a-impure.o)
                              /home/username/Downloads/gcc-arm-none-eabi-10.3-2021.10-x86_64-linux/gcc-arm-none-eabi-10.3-2021.10/bin/../lib/gcc/arm-none-eabi/10.3.1/../../../../arm-none-eabi/lib/thumb/v8-m.main+fp/hard/libg_nano.a(lib_a-exit.o) (_global_impure_ptr)
[...]
Memory Configuration

Name             Origin             Length             Attributes
FLASH            0x0000000000000000 0x0000000000080000 xr
RAM              0x0000000020000000 0x0000000000010000 xrw
DATA_FLASH       0x0000000008000000 0x0000000000004000 xr
QSPI_FLASH       0x0000000060000000 0x0000000000000000 xr
OSPI_DEVICE_0    0x0000000068000000 0x0000000000000000 xr
OSPI_DEVICE_1    0x0000000070000000 0x0000000000000000 xr
OSPI_DEVICE_0_RAM 0x0000000068000000 0x0000000000000000 xrw
OSPI_DEVICE_1_RAM 0x0000000070000000 0x0000000000000000 xrw
SDRAM            0x0000000090000000 0x0000000000000000 xrw
OPTION_SETTING   0x000000000100a100 0x0000000000000100 r
OPTION_SETTING_S 0x000000000100a200 0x0000000000000100 r
ID_CODE          0x0000000000000000 0x0000000000000000 xr
*default*        0x0000000000000000 0xffffffffffffffff

Linker script and memory map

LOAD /home/username/Downloads/gcc-arm-none-eabi-10.3-2021.10-x86_64-linux/gcc-arm-none-eabi-10.3-2021.10/bin/../lib/gcc/arm-none-eabi/10.3.1/thumb/v8-m.main+fp/hard/crti.o
LOAD /home/username/Downloads/gcc-arm-none-eabi-10.3-2021.10-x86_64-linux/gcc-arm-none-eabi-10.3-2021.10/bin/../lib/gcc/arm-none-eabi/10.3.1/thumb/v8-m.main+fp/hard/crtbegin.o
LOAD /home/username/Downloads/gcc-arm-none-eabi-10.3-2021.10-x86_64-linux/gcc-arm-none-eabi-10.3-2021.10/bin/../lib/gcc/arm-none-eabi/10.3.1/../../../../arm-none-eabi/lib/thumb/v8-m.main+fp/hard/rdimon-crt0.o
START GROUP
LOAD ./src/hal_entry.o
LOAD ./src/microros_allocators.o
LOAD ./src/microros_app.o
LOAD ./src/microros_time.o
LOAD ./src/microros_transports.o
LOAD ./ra_gen/common_data.o
LOAD ./ra_gen/hal_data.o
LOAD ./ra_gen/main.o
LOAD ./ra_gen/pin_data.o
LOAD ./ra_gen/vector_data.o
LOAD ./ra/fsp/src/r_ioport/r_ioport.o
LOAD ./ra/fsp/src/r_canfd/r_canfd.o
LOAD ./ra/fsp/src/r_agt/r_agt.o
LOAD ./ra/fsp/src/bsp/mcu/all/bsp_clocks.o
LOAD ./ra/fsp/src/bsp/mcu/all/bsp_common.o
LOAD ./ra/fsp/src/bsp/mcu/all/bsp_delay.o
LOAD ./ra/fsp/src/bsp/mcu/all/bsp_group_irq.o
LOAD ./ra/fsp/src/bsp/mcu/all/bsp_guard.o
LOAD ./ra/fsp/src/bsp/mcu/all/bsp_io.o
LOAD ./ra/fsp/src/bsp/mcu/all/bsp_irq.o
LOAD ./ra/fsp/src/bsp/mcu/all/bsp_register_protection.o
LOAD ./ra/fsp/src/bsp/mcu/all/bsp_rom_registers.o
LOAD ./ra/fsp/src/bsp/mcu/all/bsp_sbrk.o
LOAD ./ra/fsp/src/bsp/mcu/all/bsp_security.o
LOAD ./ra/fsp/src/bsp/cmsis/Device/RENESAS/Source/startup.o
LOAD ./ra/fsp/src/bsp/cmsis/Device/RENESAS/Source/system.o
LOAD ./ra/board/ra6t2_mck/board_init.o
LOAD ./ra/board/ra6t2_mck/board_leds.o
LOAD ../micro_ros_renesas2estudio_component/libmicroros/libmicroros.a
END GROUP
START GROUP
LOAD /home/username/Downloads/gcc-arm-none-eabi-10.3-2021.10-x86_64-linux/gcc-arm-none-eabi-10.3-2021.10/bin/../lib/gcc/arm-none-eabi/10.3.1/thumb/v8-m.main+fp/hard/libgcc.a
LOAD /home/username/Downloads/gcc-arm-none-eabi-10.3-2021.10-x86_64-linux/gcc-arm-none-eabi-10.3-2021.10/bin/../lib/gcc/arm-none-eabi/10.3.1/../../../../arm-none-eabi/lib/thumb/v8-m.main+fp/hard/libg_nano.a
LOAD /home/username/Downloads/gcc-arm-none-eabi-10.3-2021.10-x86_64-linux/gcc-arm-none-eabi-10.3-2021.10/bin/../lib/gcc/arm-none-eabi/10.3.1/../../../../arm-none-eabi/lib/thumb/v8-m.main+fp/hard/libc_nano.a
END GROUP
START GROUP
LOAD /home/username/Downloads/gcc-arm-none-eabi-10.3-2021.10-x86_64-linux/gcc-arm-none-eabi-10.3-2021.10/bin/../lib/gcc/arm-none-eabi/10.3.1/thumb/v8-m.main+fp/hard/libgcc.a
LOAD /home/username/Downloads/gcc-arm-none-eabi-10.3-2021.10-x86_64-linux/gcc-arm-none-eabi-10.3-2021.10/bin/../lib/gcc/arm-none-eabi/10.3.1/../../../../arm-none-eabi/lib/thumb/v8-m.main+fp/hard/libc_nano.a
LOAD /home/username/Downloads/gcc-arm-none-eabi-10.3-2021.10-x86_64-linux/gcc-arm-none-eabi-10.3-2021.10/bin/../lib/gcc/arm-none-eabi/10.3.1/../../../../arm-none-eabi/lib/thumb/v8-m.main+fp/hard/librdimon_nano.a
END GROUP
START GROUP
LOAD /home/username/Downloads/gcc-arm-none-eabi-10.3-2021.10-x86_64-linux/gcc-arm-none-eabi-10.3-2021.10/bin/../lib/gcc/arm-none-eabi/10.3.1/thumb/v8-m.main+fp/hard/libgcc.a
LOAD /home/username/Downloads/gcc-arm-none-eabi-10.3-2021.10-x86_64-linux/gcc-arm-none-eabi-10.3-2021.10/bin/../lib/gcc/arm-none-eabi/10.3.1/../../../../arm-none-eabi/lib/thumb/v8-m.main+fp/hard/libc_nano.a
LOAD /home/username/Downloads/gcc-arm-none-eabi-10.3-2021.10-x86_64-linux/gcc-arm-none-eabi-10.3-2021.10/bin/../lib/gcc/arm-none-eabi/10.3.1/../../../../arm-none-eabi/lib/thumb/v8-m.main+fp/hard/librdimon_nano.a
END GROUP
LOAD /home/username/Downloads/gcc-arm-none-eabi-10.3-2021.10-x86_64-linux/gcc-arm-none-eabi-10.3-2021.10/bin/../lib/gcc/arm-none-eabi/10.3.1/thumb/v8-m.main+fp/hard/crtend.o
LOAD /home/username/Downloads/gcc-arm-none-eabi-10.3-2021.10-x86_64-linux/gcc-arm-none-eabi-10.3-2021.10/bin/../lib/gcc/arm-none-eabi/10.3.1/thumb/v8-m.main+fp/hard/crtn.o
                0x0000000020000000                RAM_START = 0x20000000
                0x0000000000010000                RAM_LENGTH = 0x10000
                0x0000000000000000                FLASH_START = 0x0
                0x0000000000080000                FLASH_LENGTH = 0x80000
                0x0000000008000000                DATA_FLASH_START = 0x8000000
                0x0000000000004000                DATA_FLASH_LENGTH = 0x4000
                0x000000000100a100                OPTION_SETTING_START = 0x100a100
                0x0000000000000100                OPTION_SETTING_LENGTH = 0x100
                0x000000000100a200                OPTION_SETTING_S_START = 0x100a200
                0x0000000000000100                OPTION_SETTING_S_LENGTH = 0x100
                0x0000000000000000                ID_CODE_START = 0x0
                0x0000000000000000                ID_CODE_LENGTH = 0x0
                0x0000000090000000                SDRAM_START = 0x90000000
                0x0000000000000000                SDRAM_LENGTH = 0x0
                0x0000000060000000                QSPI_FLASH_START = 0x60000000
                0x0000000000000000                QSPI_FLASH_LENGTH = 0x0
                0x0000000068000000                OSPI_DEVICE_0_START = 0x68000000
                0x0000000000000000                OSPI_DEVICE_0_LENGTH = 0x0
                0x0000000070000000                OSPI_DEVICE_1_START = 0x70000000
                0x0000000000000000                OSPI_DEVICE_1_LENGTH = 0x0
                0x0000000000000000                QSPI_FLASH_PRV_LENGTH = DEFINED (QSPI_FLASH_SIZE)?ABSOLUTE (QSPI_FLASH_SIZE):ABSOLUTE (QSPI_FLASH_LENGTH)
                0x0000000000000000                OSPI_DEVICE_0_PRV_LENGTH = DEFINED (OSPI_DEVICE_0_SIZE)?ABSOLUTE (OSPI_DEVICE_0_SIZE):ABSOLUTE (OSPI_DEVICE_0_LENGTH)
                0x0000000000000000                OSPI_DEVICE_1_PRV_LENGTH = DEFINED (OSPI_DEVICE_1_SIZE)?ABSOLUTE (OSPI_DEVICE_1_SIZE):ABSOLUTE (OSPI_DEVICE_1_LENGTH)
                0x0000000000000000                __RESERVE_NS_RAM = ((! (DEFINED (PROJECT_NONSECURE)) && DEFINED (RAM_NS_BUFFER_LENGTH)) && (OPTION_SETTING_S_LENGTH != 0x0))
                0x0000000000000000                RAM_NS_BUFFER_BLOCK_LENGTH = DEFINED (RAM_NS_BUFFER_LENGTH)?ALIGN (RAM_NS_BUFFER_LENGTH, 0x2000):0x0
                0x0000000000000000                RAM_NS_BUFFER_LENGTH = DEFINED (RAM_NS_BUFFER_LENGTH)?RAM_NS_BUFFER_LENGTH:0x0
                0x0000000020010000                RAM_NS_BUFFER_START = ((RAM_START + RAM_LENGTH) - RAM_NS_BUFFER_LENGTH)
                0x0000000020010000                RAM_NS_BUFFER_BLOCK_START = ((RAM_START + RAM_LENGTH) - RAM_NS_BUFFER_BLOCK_LENGTH)
                0x000000000100a180                OPTION_SETTING_START_NS = 0x100a180
                0x0000000000000001                __bl_FSP_BOOTABLE_IMAGE = 0x1
                0x0000000000000001                __bln_FSP_BOOTABLE_IMAGE = 0x1
                0x0000000000000001                PROJECT_SECURE_OR_FLAT = ((! (DEFINED (PROJECT_NONSECURE)) && OPTION_SETTING_LENGTH) && ! (DEFINED (FSP_BOOTABLE_IMAGE)))
                0x0000000000000000                USE_OPTION_SETTING_NS = (DEFINED (PROJECT_NONSECURE) && ! (DEFINED (FSP_BOOTABLE_IMAGE)))
                0x0000000000000000                __bl_FLASH_IMAGE_START = ! (DEFINED (FLASH_BOOTLOADER_LENGTH))?0x0:(FLASH_APPLICATION_IMAGE_NUMBER == 0x1)?(FLASH_BOOTLOADER_LENGTH + FLASH_BOOTLOADER_HEADER_LENGTH):(((FLASH_BOOTLOADER_LENGTH + FLASH_BOOTLOADER_SCRATCH_LENGTH) + FLASH_APPLICATION_S_LENGTH) + FLASH_BOOTLOADER_HEADER_LENGTH)
                0x0000000000000000                __bl_FLASH_IMAGE_LENGTH = ! (DEFINED (FLASH_BOOTLOADER_LENGTH))?0x0:(FLASH_APPLICATION_S_LENGTH - FLASH_BOOTLOADER_HEADER_LENGTH)
                0x0000000000000000                __bl_FLASH_IMAGE_END = (__bl_FLASH_IMAGE_START + __bl_FLASH_IMAGE_LENGTH)
                0x0000000000000000                __bl_FLASH_NS_START = ! (DEFINED (FLASH_BOOTLOADER_LENGTH))?0x0:(FLASH_APPLICATION_NS_LENGTH == 0x0)?__bl_FLASH_IMAGE_END:((__bl_FLASH_IMAGE_START - FLASH_BOOTLOADER_HEADER_LENGTH) + FLASH_APPLICATION_S_LENGTH)
                0x0000000000000000                __bl_FLASH_NSC_START = ! (DEFINED (FLASH_BOOTLOADER_LENGTH))?0x0:(FLASH_APPLICATION_NS_LENGTH == 0x0)?__bl_FLASH_IMAGE_END:(__bl_FLASH_NS_START - FLASH_APPLICATION_NSC_LENGTH)
                0x0000000000000000                __bl_RAM_NS_START = ! (DEFINED (FLASH_BOOTLOADER_LENGTH))?0x0:(FLASH_APPLICATION_NS_LENGTH == 0x0)?(RAM_START + RAM_LENGTH):((RAM_START + RAM_LENGTH) - RAM_APPLICATION_NS_LENGTH)
                0x0000000000000000                __bl_RAM_NSC_START = ! (DEFINED (FLASH_BOOTLOADER_LENGTH))?0x0:(FLASH_APPLICATION_NS_LENGTH == 0x0)?(RAM_START + RAM_LENGTH):(__bl_RAM_NS_START - RAM_APPLICATION_NSC_LENGTH)
                0x0000000000000000                __bl_FLASH_NS_IMAGE_START = ! (DEFINED (FLASH_BOOTLOADER_LENGTH))?0x0:(FLASH_APPLICATION_NS_LENGTH == 0x0)?__bl_FLASH_IMAGE_END:(__bl_FLASH_NS_START + FLASH_BOOTLOADER_HEADER_LENGTH_2)
                0x0000000000000000                __bln_FLASH_IMAGE_START = __bl_FLASH_NS_IMAGE_START
                0x0000000000000000                __bln_FLASH_IMAGE_LENGTH = ! (DEFINED (FLASH_BOOTLOADER_LENGTH))?0x0:(FLASH_APPLICATION_NS_LENGTH == 0x0)?__bl_FLASH_IMAGE_END:(FLASH_APPLICATION_NS_LENGTH - FLASH_BOOTLOADER_HEADER_LENGTH_2)
                0x0000000000000000                FLASH_ORIGIN = DEFINED (FLASH_IMAGE_START)?FLASH_IMAGE_START:FLASH_START
                0x0000000000080000                LIMITED_FLASH_LENGTH = DEFINED (FLASH_IMAGE_LENGTH)?FLASH_IMAGE_LENGTH:DEFINED (FLASH_BOOTLOADER_LENGTH)?FLASH_BOOTLOADER_LENGTH:FLASH_LENGTH
START GROUP
LOAD /home/username/Downloads/gcc-arm-none-eabi-10.3-2021.10-x86_64-linux/gcc-arm-none-eabi-10.3-2021.10/bin/../lib/gcc/arm-none-eabi/10.3.1/thumb/v8-m.main+fp/hard/libgcc.a
LOAD /home/username/Downloads/gcc-arm-none-eabi-10.3-2021.10-x86_64-linux/gcc-arm-none-eabi-10.3-2021.10/bin/../lib/gcc/arm-none-eabi/10.3.1/../../../../arm-none-eabi/lib/thumb/v8-m.main+fp/hard/libc.a
LOAD /home/username/Downloads/gcc-arm-none-eabi-10.3-2021.10-x86_64-linux/gcc-arm-none-eabi-10.3-2021.10/bin/../lib/gcc/arm-none-eabi/10.3.1/../../../../arm-none-eabi/lib/thumb/v8-m.main+fp/hard/libm.a
LOAD /home/username/Downloads/gcc-arm-none-eabi-10.3-2021.10-x86_64-linux/gcc-arm-none-eabi-10.3-2021.10/bin/../lib/gcc/arm-none-eabi/10.3.1/../../../../arm-none-eabi/lib/thumb/v8-m.main+fp/hard/libnosys.a
END GROUP

.text           0x0000000000000000     0x3e40
                0x0000000000000000                __tz_FLASH_S = ABSOLUTE (FLASH_START)
                0x0000000000000000                __ROM_Start = .
 *(.fixed_vectors*)
 .fixed_vectors
                0x0000000000000000       0x40 ./ra/fsp/src/bsp/cmsis/Device/RENESAS/Source/startup.o
                0x0000000000000000                __Vectors
 *(.application_vectors*)
 .application_vectors
                0x0000000000000040      0x180 ./ra_gen/vector_data.o
                0x0000000000000040                g_vector_table
                0x00000000000001c0                __Vectors_End = .
                0x00000000000001c0                . = (OPTION_SETTING_LENGTH > 0x0)?.:(__ROM_Start + 0x400)
 *(.rom_registers*)
                0x00000000000001c0                . = (OPTION_SETTING_LENGTH > 0x0)?.:(__ROM_Start + 0x500)
                0x0000000000000200                . = ALIGN (0x80)
 *fill*         0x00000000000001c0       0x40 ff
 *(.mcuboot_sce9_key*)
 *(.text*)
 .text          0x0000000000000200       0x40 /home/username/Downloads/gcc-arm-none-eabi-10.3-2021.10-x86_64-linux/gcc-arm-none-eabi-10.3-2021.10/bin/../lib/gcc/arm-none-eabi/10.3.1/thumb/v8-m.main+fp/hard/crtbegin.o
 .text.hal_entry
                0x0000000000000240       0xc4 ./src/hal_entry.o
                0x0000000000000240                hal_entry
 .text.R_BSP_WarmStart
                0x0000000000000304       0x18 ./src/hal_entry.o
                0x0000000000000304                R_BSP_WarmStart
 .text.microros_allocate
                0x000000000000031c        0x4 ./src/microros_allocators.o
                0x000000000000031c                microros_allocate
 .text.microros_deallocate
                0x0000000000000320        0x4 ./src/microros_allocators.o
                0x0000000000000320                microros_deallocate
 .text.microros_reallocate
                0x0000000000000324        0x4 ./src/microros_allocators.o
                0x0000000000000324                microros_reallocate
 .text.microros_zero_allocate
                0x0000000000000328        0xc ./src/microros_allocators.o
                0x0000000000000328                microros_zero_allocate
 .text.microros_app
                0x0000000000000334        0x4 ./src/microros_app.o
                0x0000000000000334                microros_app
 .text.micro_ros_timer_cb
                0x0000000000000338       0x18 ./src/microros_time.o
                0x0000000000000338                micro_ros_timer_cb
 .text.clock_gettime
                0x0000000000000350      0x108 ./src/microros_time.o
                0x0000000000000350                clock_gettime
 .text.canfd0_callback
                0x0000000000000458      0x104 ./src/microros_transports.o
                0x0000000000000458                canfd0_callback
 .text.renesas_e2_transport_open
                0x000000000000055c       0x1c ./src/microros_transports.o
                0x000000000000055c                renesas_e2_transport_open
 .text.renesas_e2_transport_close
                0x0000000000000578       0x14 ./src/microros_transports.o
                0x0000000000000578                renesas_e2_transport_close
 .text.renesas_e2_transport_write
                0x000000000000058c       0xe8 ./src/microros_transports.o
                0x000000000000058c                renesas_e2_transport_write
 .text.renesas_e2_transport_read
                0x0000000000000674       0x98 ./src/microros_transports.o
                0x0000000000000674                renesas_e2_transport_read
 .text.startup.main
                0x000000000000070c        0xc ./ra_gen/main.o
                0x000000000000070c                main
 .text.R_IOPORT_Close
                0x0000000000000718        0xc ./ra/fsp/src/r_ioport/r_ioport.o
                0x0000000000000718                R_IOPORT_Close
 .text.R_IOPORT_PinRead
                0x0000000000000724       0x24 ./ra/fsp/src/r_ioport/r_ioport.o
                0x0000000000000724                R_IOPORT_PinRead
 .text.R_IOPORT_PortRead
                0x0000000000000748       0x14 ./ra/fsp/src/r_ioport/r_ioport.o
                0x0000000000000748                R_IOPORT_PortRead
 .text.R_IOPORT_PortWrite
                0x000000000000075c       0x1c ./ra/fsp/src/r_ioport/r_ioport.o
                0x000000000000075c                R_IOPORT_PortWrite
 .text.R_IOPORT_PinWrite
                0x0000000000000778       0x20 ./ra/fsp/src/r_ioport/r_ioport.o
                0x0000000000000778                R_IOPORT_PinWrite
 .text.R_IOPORT_PortDirectionSet
                0x0000000000000798       0x2c ./ra/fsp/src/r_ioport/r_ioport.o
                0x0000000000000798                R_IOPORT_PortDirectionSet
 .text.R_IOPORT_PortEventInputRead
                0x00000000000007c4       0x18 ./ra/fsp/src/r_ioport/r_ioport.o
                0x00000000000007c4                R_IOPORT_PortEventInputRead
 .text.R_IOPORT_PinEventInputRead
                0x00000000000007dc       0x38 ./ra/fsp/src/r_ioport/r_ioport.o
                0x00000000000007dc                R_IOPORT_PinEventInputRead
 .text.R_IOPORT_PortEventOutputWrite
                0x0000000000000814       0x1c ./ra/fsp/src/r_ioport/r_ioport.o
                0x0000000000000814                R_IOPORT_PortEventOutputWrite
 .text.R_IOPORT_EthernetModeCfg
                0x0000000000000830        0x4 ./ra/fsp/src/r_ioport/r_ioport.o
                0x0000000000000830                R_IOPORT_EthernetModeCfg
 .text.R_IOPORT_PinEventOutputWrite
                0x0000000000000834       0x4c ./ra/fsp/src/r_ioport/r_ioport.o
                0x0000000000000834                R_IOPORT_PinEventOutputWrite
 .text.r_ioport_pins_config
                0x0000000000000880       0xbc ./ra/fsp/src/r_ioport/r_ioport.o
 .text.R_IOPORT_Open
                0x000000000000093c       0x14 ./ra/fsp/src/r_ioport/r_ioport.o
                0x000000000000093c                R_IOPORT_Open
 .text.R_IOPORT_PinsCfg
                0x0000000000000950        0xc ./ra/fsp/src/r_ioport/r_ioport.o
                0x0000000000000950                R_IOPORT_PinsCfg
 .text.R_IOPORT_PinCfg
                0x000000000000095c       0x90 ./ra/fsp/src/r_ioport/r_ioport.o
                0x000000000000095c                R_IOPORT_PinCfg
 .text.R_CANFD_Write
                0x00000000000009ec       0xbc ./ra/fsp/src/r_canfd/r_canfd.o
                0x00000000000009ec                R_CANFD_Write
 .text.r_canfd_mb_read
                0x0000000000000aa8       0xa4 ./ra/fsp/src/r_canfd/r_canfd.o
 .text.r_canfd_call_callback
                0x0000000000000b4c       0x3c ./ra/fsp/src/r_canfd/r_canfd.o
 .text.r_canfd_mode_transition
                0x0000000000000b88       0xb8 ./ra/fsp/src/r_canfd/r_canfd.o
 .text.R_CANFD_Close
                0x0000000000000c40       0xf8 ./ra/fsp/src/r_canfd/r_canfd.o
                0x0000000000000c40                R_CANFD_Close
 .text.R_CANFD_Open
                0x0000000000000d38      0x2f8 ./ra/fsp/src/r_canfd/r_canfd.o
                0x0000000000000d38                R_CANFD_Open
 .text.canfd_error_isr
                0x0000000000001030       0xc0 ./ra/fsp/src/r_canfd/r_canfd.o
                0x0000000000001030                canfd_error_isr
 .text.canfd_rx_fifo_isr
                0x00000000000010f0       0xa4 ./ra/fsp/src/r_canfd/r_canfd.o
                0x00000000000010f0                canfd_rx_fifo_isr
 .text.canfd_channel_tx_isr
                0x0000000000001194       0xd8 ./ra/fsp/src/r_canfd/r_canfd.o
                0x0000000000001194                canfd_channel_tx_isr
 .text.R_AGT_Start
                0x000000000000126c       0x1c ./ra/fsp/src/r_agt/r_agt.o
                0x000000000000126c                R_AGT_Start
 .text.R_AGT_StatusGet
                0x0000000000001288       0x24 ./ra/fsp/src/r_agt/r_agt.o
                0x0000000000001288                R_AGT_StatusGet
 .text.R_AGT_Open
                0x00000000000012ac      0x114 ./ra/fsp/src/r_agt/r_agt.o
                0x00000000000012ac                R_AGT_Open
 .text.agt_int_isr
                0x00000000000013c0       0x98 ./ra/fsp/src/r_agt/r_agt.o
                0x00000000000013c0                agt_int_isr
 .text.SystemCoreClockUpdate
                0x0000000000001458       0x28 ./ra/fsp/src/bsp/mcu/all/bsp_clocks.o
                0x0000000000001458                SystemCoreClockUpdate
 .text.bsp_clock_init
                0x0000000000001480      0x110 ./ra/fsp/src/bsp/mcu/all/bsp_clocks.o
                0x0000000000001480                bsp_clock_init
 .text.bsp_prv_software_delay_loop
                0x0000000000001590        0xc ./ra/fsp/src/bsp/mcu/all/bsp_delay.o
                0x0000000000001590                bsp_prv_software_delay_loop
 .text.R_BSP_SoftwareDelay
                0x000000000000159c       0x68 ./ra/fsp/src/bsp/mcu/all/bsp_delay.o
                0x000000000000159c                R_BSP_SoftwareDelay
 .text.NMI_Handler
                0x0000000000001604       0x38 ./ra/fsp/src/bsp/mcu/all/bsp_group_irq.o
                0x0000000000001604                NMI_Handler
 .text.bsp_irq_cfg
                0x000000000000163c       0xa0 ./ra/fsp/src/bsp/mcu/all/bsp_irq.o
                0x000000000000163c                bsp_irq_cfg
 .text.R_BSP_RegisterProtectEnable
                0x00000000000016dc       0x60 ./ra/fsp/src/bsp/mcu/all/bsp_register_protection.o
                0x00000000000016dc                R_BSP_RegisterProtectEnable
 .text.R_BSP_RegisterProtectDisable
                0x000000000000173c       0x54 ./ra/fsp/src/bsp/mcu/all/bsp_register_protection.o
                0x000000000000173c                R_BSP_RegisterProtectDisable
 .text._sbrk    0x0000000000001790       0x44 ./ra/fsp/src/bsp/mcu/all/bsp_sbrk.o
                0x0000000000001790                _sbrk
 .text.Default_Handler
                0x00000000000017d4        0x4 ./ra/fsp/src/bsp/cmsis/Device/RENESAS/Source/startup.o
                0x00000000000017d4                DebugMon_Handler
                0x00000000000017d4                HardFault_Handler
                0x00000000000017d4                SysTick_Handler
                0x00000000000017d4                PendSV_Handler
                0x00000000000017d4                UsageFault_Handler
                0x00000000000017d4                SecureFault_Handler
                0x00000000000017d4                Default_Handler
                0x00000000000017d4                MemManage_Handler
                0x00000000000017d4                SVC_Handler
                0x00000000000017d4                BusFault_Handler
 .text.Reset_Handler
                0x00000000000017d8        0xc ./ra/fsp/src/bsp/cmsis/Device/RENESAS/Source/startup.o
                0x00000000000017d8                Reset_Handler
 .text.SystemInit
                0x00000000000017e4       0xdc ./ra/fsp/src/bsp/cmsis/Device/RENESAS/Source/system.o
                0x00000000000017e4                SystemInit
 .text.bsp_init
                0x00000000000018c0        0x4 ./ra/board/ra6t2_mck/board_init.o
                0x00000000000018c0                bsp_init
 .text.uxr_millis
                0x00000000000018c4       0x38 ../micro_ros_renesas2estudio_component/libmicroros/libmicroros.a(libmicroxrcedds_client-time.c.obj)
                0x00000000000018c4                uxr_millis
 .text.__default_zero_allocate
                0x00000000000018fc        0x4 ../micro_ros_renesas2estudio_component/libmicroros/libmicroros.a(librcutils-allocator.c.obj)
 .text.__default_reallocate
                0x0000000000001900        0x4 ../micro_ros_renesas2estudio_component/libmicroros/libmicroros.a(librcutils-allocator.c.obj)
 .text.__default_deallocate
                0x0000000000001904        0x4 ../micro_ros_renesas2estudio_component/libmicroros/libmicroros.a(librcutils-allocator.c.obj)
 .text.__default_allocate
                0x0000000000001908        0x4 ../micro_ros_renesas2estudio_component/libmicroros/libmicroros.a(librcutils-allocator.c.obj)
 .text.rcutils_get_zero_initialized_allocator
                0x000000000000190c       0x20 ../micro_ros_renesas2estudio_component/libmicroros/libmicroros.a(librcutils-allocator.c.obj)
                0x000000000000190c                rcutils_get_zero_initialized_allocator
 .text.rcutils_set_default_allocator
                0x000000000000192c       0x3c ../micro_ros_renesas2estudio_component/libmicroros/libmicroros.a(librcutils-allocator.c.obj)
                0x000000000000192c                rcutils_set_default_allocator
 .text.rmw_uros_set_custom_transport
                0x0000000000001968       0x2c ../micro_ros_renesas2estudio_component/libmicroros/libmicroros.a(librmw_microxrcedds-custom_transport.c.obj)
                0x0000000000001968                rmw_uros_set_custom_transport
 .text          0x0000000000001994      0x378 /home/username/Downloads/gcc-arm-none-eabi-10.3-2021.10-x86_64-linux/gcc-arm-none-eabi-10.3-2021.10/bin/../lib/gcc/arm-none-eabi/10.3.1/thumb/v8-m.main+fp/hard/libgcc.a(_arm_addsubdf3.o)
                0x0000000000001994                __aeabi_drsub
                0x000000000000199c                __aeabi_dsub
                0x000000000000199c                __subdf3
                0x00000000000019a0                __adddf3
                0x00000000000019a0                __aeabi_dadd
                0x0000000000001c18                __aeabi_ui2d
                0x0000000000001c18                __floatunsidf
                0x0000000000001c38                __floatsidf
                0x0000000000001c38                __aeabi_i2d
                0x0000000000001c5c                __extendsfdf2
                0x0000000000001c5c                __aeabi_f2d
                0x0000000000001ca0                __aeabi_ul2d
                0x0000000000001ca0                __floatundidf
                0x0000000000001cb0                __floatdidf
                0x0000000000001cb0                __aeabi_l2d
 .text          0x0000000000001d0c      0x424 /home/username/Downloads/gcc-arm-none-eabi-10.3-2021.10-x86_64-linux/gcc-arm-none-eabi-10.3-2021.10/bin/../lib/gcc/arm-none-eabi/10.3.1/thumb/v8-m.main+fp/hard/libgcc.a(_arm_muldivdf3.o)
                0x0000000000001d0c                __aeabi_dmul
                0x0000000000001d0c                __muldf3
                0x0000000000001f60                __aeabi_ddiv
                0x0000000000001f60                __divdf3
 .text          0x0000000000002130       0xa0 /home/username/Downloads/gcc-arm-none-eabi-10.3-2021.10-x86_64-linux/gcc-arm-none-eabi-10.3-2021.10/bin/../lib/gcc/arm-none-eabi/10.3.1/thumb/v8-m.main+fp/hard/libgcc.a(_aeabi_ldivmod.o)
                0x0000000000002130                __aeabi_ldivmod
 .text          0x00000000000021d0       0x30 /home/username/Downloads/gcc-arm-none-eabi-10.3-2021.10-x86_64-linux/gcc-arm-none-eabi-10.3-2021.10/bin/../lib/gcc/arm-none-eabi/10.3.1/thumb/v8-m.main+fp/hard/libgcc.a(_aeabi_uldivmod.o)
                0x00000000000021d0                __aeabi_uldivmod
 .text          0x0000000000002200       0x3c /home/username/Downloads/gcc-arm-none-eabi-10.3-2021.10-x86_64-linux/gcc-arm-none-eabi-10.3-2021.10/bin/../lib/gcc/arm-none-eabi/10.3.1/thumb/v8-m.main+fp/hard/libgcc.a(_fixunsdfdi.o)
                0x0000000000002200                __aeabi_d2ulz
                0x0000000000002200                __fixunsdfdi
 .text          0x000000000000223c      0x2ec /home/username/Downloads/gcc-arm-none-eabi-10.3-2021.10-x86_64-linux/gcc-arm-none-eabi-10.3-2021.10/bin/../lib/gcc/arm-none-eabi/10.3.1/thumb/v8-m.main+fp/hard/libgcc.a(_udivmoddi4.o)
                0x000000000000223c                __udivmoddi4
 .text          0x0000000000002528        0x4 /home/username/Downloads/gcc-arm-none-eabi-10.3-2021.10-x86_64-linux/gcc-arm-none-eabi-10.3-2021.10/bin/../lib/gcc/arm-none-eabi/10.3.1/thumb/v8-m.main+fp/hard/libgcc.a(_dvmd_tls.o)
                0x0000000000002528                __aeabi_ldiv0
                0x0000000000002528                __aeabi_idiv0
 .text          0x000000000000252c       0x40 /home/username/Downloads/gcc-arm-none-eabi-10.3-2021.10-x86_64-linux/gcc-arm-none-eabi-10.3-2021.10/bin/../lib/gcc/arm-none-eabi/10.3.1/thumb/v8-m.main+fp/hard/libgcc.a(_arm_fixunsdfsi.o)
                0x000000000000252c                __fixunsdfsi
                0x000000000000252c                __aeabi_d2uiz
 .text.calloc   0x000000000000256c       0x10 /home/username/Downloads/gcc-arm-none-eabi-10.3-2021.10-x86_64-linux/gcc-arm-none-eabi-10.3-2021.10/bin/../lib/gcc/arm-none-eabi/10.3.1/../../../../arm-none-eabi/lib/thumb/v8-m.main+fp/hard/libg_nano.a(lib_a-calloc.o)
                0x000000000000256c                calloc
 .text.__errno  0x000000000000257c        0xc /home/username/Downloads/gcc-arm-none-eabi-10.3-2021.10-x86_64-linux/gcc-arm-none-eabi-10.3-2021.10/bin/../lib/gcc/arm-none-eabi/10.3.1/../../../../arm-none-eabi/lib/thumb/v8-m.main+fp/hard/libg_nano.a(lib_a-errno.o)
                0x000000000000257c                __errno
 .text.malloc   0x0000000000002588       0x10 /home/username/Downloads/gcc-arm-none-eabi-10.3-2021.10-x86_64-linux/gcc-arm-none-eabi-10.3-2021.10/bin/../lib/gcc/arm-none-eabi/10.3.1/../../../../arm-none-eabi/lib/thumb/v8-m.main+fp/hard/libg_nano.a(lib_a-malloc.o)
                0x0000000000002588                malloc
 .text.free     0x0000000000002598       0x10 /home/username/Downloads/gcc-arm-none-eabi-10.3-2021.10-x86_64-linux/gcc-arm-none-eabi-10.3-2021.10/bin/../lib/gcc/arm-none-eabi/10.3.1/../../../../arm-none-eabi/lib/thumb/v8-m.main+fp/hard/libg_nano.a(lib_a-malloc.o)
                0x0000000000002598                free
 .text.memcpy   0x00000000000025a8       0x1a /home/username/Downloads/gcc-arm-none-eabi-10.3-2021.10-x86_64-linux/gcc-arm-none-eabi-10.3-2021.10/bin/../lib/gcc/arm-none-eabi/10.3.1/../../../../arm-none-eabi/lib/thumb/v8-m.main+fp/hard/libg_nano.a(lib_a-memcpy-stub.o)
                0x00000000000025a8                memcpy
 .text.memset   0x00000000000025c2       0x10 /home/username/Downloads/gcc-arm-none-eabi-10.3-2021.10-x86_64-linux/gcc-arm-none-eabi-10.3-2021.10/bin/../lib/gcc/arm-none-eabi/10.3.1/../../../../arm-none-eabi/lib/thumb/v8-m.main+fp/hard/libg_nano.a(lib_a-memset.o)
                0x00000000000025c2                memset
 .text._calloc_r
                0x00000000000025d2       0x2c /home/username/Downloads/gcc-arm-none-eabi-10.3-2021.10-x86_64-linux/gcc-arm-none-eabi-10.3-2021.10/bin/../lib/gcc/arm-none-eabi/10.3.1/../../../../arm-none-eabi/lib/thumb/v8-m.main+fp/hard/libg_nano.a(lib_a-nano-callocr.o)
                0x00000000000025d2                _calloc_r
 *fill*         0x00000000000025fe        0x2 ff
 .text._free_r  0x0000000000002600       0x98 /home/username/Downloads/gcc-arm-none-eabi-10.3-2021.10-x86_64-linux/gcc-arm-none-eabi-10.3-2021.10/bin/../lib/gcc/arm-none-eabi/10.3.1/../../../../arm-none-eabi/lib/thumb/v8-m.main+fp/hard/libg_nano.a(lib_a-nano-freer.o)
                0x0000000000002600                _free_r
 .text.sbrk_aligned
                0x0000000000002698       0x40 /home/username/Downloads/gcc-arm-none-eabi-10.3-2021.10-x86_64-linux/gcc-arm-none-eabi-10.3-2021.10/bin/../lib/gcc/arm-none-eabi/10.3.1/../../../../arm-none-eabi/lib/thumb/v8-m.main+fp/hard/libg_nano.a(lib_a-nano-mallocr.o)
 .text._malloc_r
                0x00000000000026d8       0xe8 /home/username/Downloads/gcc-arm-none-eabi-10.3-2021.10-x86_64-linux/gcc-arm-none-eabi-10.3-2021.10/bin/../lib/gcc/arm-none-eabi/10.3.1/../../../../arm-none-eabi/lib/thumb/v8-m.main+fp/hard/libg_nano.a(lib_a-nano-mallocr.o)
                0x00000000000026d8                _malloc_r
 .text.printf   0x00000000000027c0       0x30 /home/username/Downloads/gcc-arm-none-eabi-10.3-2021.10-x86_64-linux/gcc-arm-none-eabi-10.3-2021.10/bin/../lib/gcc/arm-none-eabi/10.3.1/../../../../arm-none-eabi/lib/thumb/v8-m.main+fp/hard/libg_nano.a(lib_a-printf.o)
                0x00000000000027c0                printf
                0x00000000000027c0                iprintf
 .text.realloc  0x00000000000027f0       0x10 /home/username/Downloads/gcc-arm-none-eabi-10.3-2021.10-x86_64-linux/gcc-arm-none-eabi-10.3-2021.10/bin/../lib/gcc/arm-none-eabi/10.3.1/../../../../arm-none-eabi/lib/thumb/v8-m.main+fp/hard/libg_nano.a(lib_a-realloc.o)
                0x00000000000027f0                realloc
 .text._sbrk_r  0x0000000000002800       0x20 /home/username/Downloads/gcc-arm-none-eabi-10.3-2021.10-x86_64-linux/gcc-arm-none-eabi-10.3-2021.10/bin/../lib/gcc/arm-none-eabi/10.3.1/../../../../arm-none-eabi/lib/thumb/v8-m.main+fp/hard/libg_nano.a(lib_a-sbrkr.o)
                0x0000000000002800                _sbrk_r
 .text.std      0x0000000000002820       0x48 /home/username/Downloads/gcc-arm-none-eabi-10.3-2021.10-x86_64-linux/gcc-arm-none-eabi-10.3-2021.10/bin/../lib/gcc/arm-none-eabi/10.3.1/../../../../arm-none-eabi/lib/thumb/v8-m.main+fp/hard/libg_nano.a(lib_a-findfp.o)
 .text._cleanup_r
                0x0000000000002868        0xc /home/username/Downloads/gcc-arm-none-eabi-10.3-2021.10-x86_64-linux/gcc-arm-none-eabi-10.3-2021.10/bin/../lib/gcc/arm-none-eabi/10.3.1/../../../../arm-none-eabi/lib/thumb/v8-m.main+fp/hard/libg_nano.a(lib_a-findfp.o)
                0x0000000000002868                _cleanup_r
 .text.__sfmoreglue
                0x0000000000002874       0x2c /home/username/Downloads/gcc-arm-none-eabi-10.3-2021.10-x86_64-linux/gcc-arm-none-eabi-10.3-2021.10/bin/../lib/gcc/arm-none-eabi/10.3.1/../../../../arm-none-eabi/lib/thumb/v8-m.main+fp/hard/libg_nano.a(lib_a-findfp.o)
                0x0000000000002874                __sfmoreglue
 .text.__sfp_lock_acquire
                0x00000000000028a0        0xc /home/username/Downloads/gcc-arm-none-eabi-10.3-2021.10-x86_64-linux/gcc-arm-none-eabi-10.3-2021.10/bin/../lib/gcc/arm-none-eabi/10.3.1/../../../../arm-none-eabi/lib/thumb/v8-m.main+fp/hard/libg_nano.a(lib_a-findfp.o)
                0x00000000000028a0                __sfp_lock_acquire
 .text.__sfp_lock_release
                0x00000000000028ac        0xc /home/username/Downloads/gcc-arm-none-eabi-10.3-2021.10-x86_64-linux/gcc-arm-none-eabi-10.3-2021.10/bin/../lib/gcc/arm-none-eabi/10.3.1/../../../../arm-none-eabi/lib/thumb/v8-m.main+fp/hard/libg_nano.a(lib_a-findfp.o)
                0x00000000000028ac                __sfp_lock_release
 .text.__sinit_lock_acquire
                0x00000000000028b8        0xc /home/username/Downloads/gcc-arm-none-eabi-10.3-2021.10-x86_64-linux/gcc-arm-none-eabi-10.3-2021.10/bin/../lib/gcc/arm-none-eabi/10.3.1/../../../../arm-none-eabi/lib/thumb/v8-m.main+fp/hard/libg_nano.a(lib_a-findfp.o)
                0x00000000000028b8                __sinit_lock_acquire
 .text.__sinit_lock_release
                0x00000000000028c4        0xc /home/username/Downloads/gcc-arm-none-eabi-10.3-2021.10-x86_64-linux/gcc-arm-none-eabi-10.3-2021.10/bin/../lib/gcc/arm-none-eabi/10.3.1/../../../../arm-none-eabi/lib/thumb/v8-m.main+fp/hard/libg_nano.a(lib_a-findfp.o)
                0x00000000000028c4                __sinit_lock_release
 .text.__sinit  0x00000000000028d0       0x70 /home/username/Downloads/gcc-arm-none-eabi-10.3-2021.10-x86_64-linux/gcc-arm-none-eabi-10.3-2021.10/bin/../lib/gcc/arm-none-eabi/10.3.1/../../../../arm-none-eabi/lib/thumb/v8-m.main+fp/hard/libg_nano.a(lib_a-findfp.o)
                0x00000000000028d0                __sinit
 .text.__sfp    0x0000000000002940       0x8c /home/username/Downloads/gcc-arm-none-eabi-10.3-2021.10-x86_64-linux/gcc-arm-none-eabi-10.3-2021.10/bin/../lib/gcc/arm-none-eabi/10.3.1/../../../../arm-none-eabi/lib/thumb/v8-m.main+fp/hard/libg_nano.a(lib_a-findfp.o)
                0x0000000000002940                __sfp
 .text._fwalk_reent
                0x00000000000029cc       0x3e /home/username/Downloads/gcc-arm-none-eabi-10.3-2021.10-x86_64-linux/gcc-arm-none-eabi-10.3-2021.10/bin/../lib/gcc/arm-none-eabi/10.3.1/../../../../arm-none-eabi/lib/thumb/v8-m.main+fp/hard/libg_nano.a(lib_a-fwalk.o)
                0x00000000000029cc                _fwalk_reent
 .text.__retarget_lock_init_recursive
                0x0000000000002a0a        0x2 /home/username/Downloads/gcc-arm-none-eabi-10.3-2021.10-x86_64-linux/gcc-arm-none-eabi-10.3-2021.10/bin/../lib/gcc/arm-none-eabi/10.3.1/../../../../arm-none-eabi/lib/thumb/v8-m.main+fp/hard/libg_nano.a(lib_a-lock.o)
                0x0000000000002a0a                __retarget_lock_init_recursive
 .text.__retarget_lock_acquire_recursive
                0x0000000000002a0c        0x2 /home/username/Downloads/gcc-arm-none-eabi-10.3-2021.10-x86_64-linux/gcc-arm-none-eabi-10.3-2021.10/bin/../lib/gcc/arm-none-eabi/10.3.1/../../../../arm-none-eabi/lib/thumb/v8-m.main+fp/hard/libg_nano.a(lib_a-lock.o)
                0x0000000000002a0c                __retarget_lock_acquire_recursive
 .text.__retarget_lock_release_recursive
                0x0000000000002a0e        0x2 /home/username/Downloads/gcc-arm-none-eabi-10.3-2021.10-x86_64-linux/gcc-arm-none-eabi-10.3-2021.10/bin/../lib/gcc/arm-none-eabi/10.3.1/../../../../arm-none-eabi/lib/thumb/v8-m.main+fp/hard/libg_nano.a(lib_a-lock.o)
                0x0000000000002a0e                __retarget_lock_release_recursive
 .text.__malloc_lock
                0x0000000000002a10        0xc /home/username/Downloads/gcc-arm-none-eabi-10.3-2021.10-x86_64-linux/gcc-arm-none-eabi-10.3-2021.10/bin/../lib/gcc/arm-none-eabi/10.3.1/../../../../arm-none-eabi/lib/thumb/v8-m.main+fp/hard/libg_nano.a(lib_a-mlock.o)
                0x0000000000002a10                __malloc_lock
 .text.__malloc_unlock
                0x0000000000002a1c        0xc /home/username/Downloads/gcc-arm-none-eabi-10.3-2021.10-x86_64-linux/gcc-arm-none-eabi-10.3-2021.10/bin/../lib/gcc/arm-none-eabi/10.3.1/../../../../arm-none-eabi/lib/thumb/v8-m.main+fp/hard/libg_nano.a(lib_a-mlock.o)
                0x0000000000002a1c                __malloc_unlock
 .text._realloc_r
                0x0000000000002a28       0x5e /home/username/Downloads/gcc-arm-none-eabi-10.3-2021.10-x86_64-linux/gcc-arm-none-eabi-10.3-2021.10/bin/../lib/gcc/arm-none-eabi/10.3.1/../../../../arm-none-eabi/lib/thumb/v8-m.main+fp/hard/libg_nano.a(lib_a-nano-reallocr.o)
                0x0000000000002a28                _realloc_r
 .text.__sfputc_r
                0x0000000000002a86       0x2e /home/username/Downloads/gcc-arm-none-eabi-10.3-2021.10-x86_64-linux/gcc-arm-none-eabi-10.3-2021.10/bin/../lib/gcc/arm-none-eabi/10.3.1/../../../../arm-none-eabi/lib/thumb/v8-m.main+fp/hard/libg_nano.a(lib_a-nano-vfprintf.o)
 .text.__sfputs_r
                0x0000000000002ab4       0x24 /home/username/Downloads/gcc-arm-none-eabi-10.3-2021.10-x86_64-linux/gcc-arm-none-eabi-10.3-2021.10/bin/../lib/gcc/arm-none-eabi/10.3.1/../../../../arm-none-eabi/lib/thumb/v8-m.main+fp/hard/libg_nano.a(lib_a-nano-vfprintf.o)
                0x0000000000002ab4                __sfputs_r
 .text._vfprintf_r
                0x0000000000002ad8      0x260 /home/username/Downloads/gcc-arm-none-eabi-10.3-2021.10-x86_64-linux/gcc-arm-none-eabi-10.3-2021.10/bin/../lib/gcc/arm-none-eabi/10.3.1/../../../../arm-none-eabi/lib/thumb/v8-m.main+fp/hard/libg_nano.a(lib_a-nano-vfprintf.o)
                0x0000000000002ad8                _vfiprintf_r
                0x0000000000002ad8                _vfprintf_r
 .text._printf_common
                0x0000000000002d38       0xe0 /home/username/Downloads/gcc-arm-none-eabi-10.3-2021.10-x86_64-linux/gcc-arm-none-eabi-10.3-2021.10/bin/../lib/gcc/arm-none-eabi/10.3.1/../../../../arm-none-eabi/lib/thumb/v8-m.main+fp/hard/libg_nano.a(lib_a-nano-vfprintf_i.o)
                0x0000000000002d38                _printf_common
 .text._printf_i
                0x0000000000002e18      0x24c /home/username/Downloads/gcc-arm-none-eabi-10.3-2021.10-x86_64-linux/gcc-arm-none-eabi-10.3-2021.10/bin/../lib/gcc/arm-none-eabi/10.3.1/../../../../arm-none-eabi/lib/thumb/v8-m.main+fp/hard/libg_nano.a(lib_a-nano-vfprintf_i.o)
                0x0000000000002e18                _printf_i
 .text.__sread  0x0000000000003064       0x22 /home/username/Downloads/gcc-arm-none-eabi-10.3-2021.10-x86_64-linux/gcc-arm-none-eabi-10.3-2021.10/bin/../lib/gcc/arm-none-eabi/10.3.1/../../../../arm-none-eabi/lib/thumb/v8-m.main+fp/hard/libg_nano.a(lib_a-stdio.o)
                0x0000000000003064                __sread
 .text.__swrite
                0x0000000000003086       0x38 /home/username/Downloads/gcc-arm-none-eabi-10.3-2021.10-x86_64-linux/gcc-arm-none-eabi-10.3-2021.10/bin/../lib/gcc/arm-none-eabi/10.3.1/../../../../arm-none-eabi/lib/thumb/v8-m.main+fp/hard/libg_nano.a(lib_a-stdio.o)
                0x0000000000003086                __swrite
 .text.__sseek  0x00000000000030be       0x24 /home/username/Downloads/gcc-arm-none-eabi-10.3-2021.10-x86_64-linux/gcc-arm-none-eabi-10.3-2021.10/bin/../lib/gcc/arm-none-eabi/10.3.1/../../../../arm-none-eabi/lib/thumb/v8-m.main+fp/hard/libg_nano.a(lib_a-stdio.o)
                0x00000000000030be                __sseek
 .text.__sclose
                0x00000000000030e2        0x8 /home/username/Downloads/gcc-arm-none-eabi-10.3-2021.10-x86_64-linux/gcc-arm-none-eabi-10.3-2021.10/bin/../lib/gcc/arm-none-eabi/10.3.1/../../../../arm-none-eabi/lib/thumb/v8-m.main+fp/hard/libg_nano.a(lib_a-stdio.o)
                0x00000000000030e2                __sclose
 *fill*         0x00000000000030ea        0x2 ff
 .text.__swbuf_r
                0x00000000000030ec       0xa4 /home/username/Downloads/gcc-arm-none-eabi-10.3-2021.10-x86_64-linux/gcc-arm-none-eabi-10.3-2021.10/bin/../lib/gcc/arm-none-eabi/10.3.1/../../../../arm-none-eabi/lib/thumb/v8-m.main+fp/hard/libg_nano.a(lib_a-wbuf.o)
                0x00000000000030ec                __swbuf_r
 .text._write_r
                0x0000000000003190       0x24 /home/username/Downloads/gcc-arm-none-eabi-10.3-2021.10-x86_64-linux/gcc-arm-none-eabi-10.3-2021.10/bin/../lib/gcc/arm-none-eabi/10.3.1/../../../../arm-none-eabi/lib/thumb/v8-m.main+fp/hard/libg_nano.a(lib_a-writer.o)
                0x0000000000003190                _write_r
 .text.__swsetup_r
                0x00000000000031b4       0xdc /home/username/Downloads/gcc-arm-none-eabi-10.3-2021.10-x86_64-linux/gcc-arm-none-eabi-10.3-2021.10/bin/../lib/gcc/arm-none-eabi/10.3.1/../../../../arm-none-eabi/lib/thumb/v8-m.main+fp/hard/libg_nano.a(lib_a-wsetup.o)
                0x00000000000031b4                __swsetup_r
 .text._close_r
                0x0000000000003290       0x20 /home/username/Downloads/gcc-arm-none-eabi-10.3-2021.10-x86_64-linux/gcc-arm-none-eabi-10.3-2021.10/bin/../lib/gcc/arm-none-eabi/10.3.1/../../../../arm-none-eabi/lib/thumb/v8-m.main+fp/hard/libg_nano.a(lib_a-closer.o)
                0x0000000000003290                _close_r
 .text.__sflush_r
                0x00000000000032b0      0x108 /home/username/Downloads/gcc-arm-none-eabi-10.3-2021.10-x86_64-linux/gcc-arm-none-eabi-10.3-2021.10/bin/../lib/gcc/arm-none-eabi/10.3.1/../../../../arm-none-eabi/lib/thumb/v8-m.main+fp/hard/libg_nano.a(lib_a-fflush.o)
                0x00000000000032b0                __sflush_r
 .text._fflush_r
                0x00000000000033b8       0x78 /home/username/Downloads/gcc-arm-none-eabi-10.3-2021.10-x86_64-linux/gcc-arm-none-eabi-10.3-2021.10/bin/../lib/gcc/arm-none-eabi/10.3.1/../../../../arm-none-eabi/lib/thumb/v8-m.main+fp/hard/libg_nano.a(lib_a-fflush.o)
                0x00000000000033b8                _fflush_r
 .text._lseek_r
                0x0000000000003430       0x24 /home/username/Downloads/gcc-arm-none-eabi-10.3-2021.10-x86_64-linux/gcc-arm-none-eabi-10.3-2021.10/bin/../lib/gcc/arm-none-eabi/10.3.1/../../../../arm-none-eabi/lib/thumb/v8-m.main+fp/hard/libg_nano.a(lib_a-lseekr.o)
                0x0000000000003430                _lseek_r
 .text.__swhatbuf_r
                0x0000000000003454       0x4a /home/username/Downloads/gcc-arm-none-eabi-10.3-2021.10-x86_64-linux/gcc-arm-none-eabi-10.3-2021.10/bin/../lib/gcc/arm-none-eabi/10.3.1/../../../../arm-none-eabi/lib/thumb/v8-m.main+fp/hard/libg_nano.a(lib_a-makebuf.o)
                0x0000000000003454                __swhatbuf_r
 *fill*         0x000000000000349e        0x2 ff
 .text.__smakebuf_r
                0x00000000000034a0       0x80 /home/username/Downloads/gcc-arm-none-eabi-10.3-2021.10-x86_64-linux/gcc-arm-none-eabi-10.3-2021.10/bin/../lib/gcc/arm-none-eabi/10.3.1/../../../../arm-none-eabi/lib/thumb/v8-m.main+fp/hard/libg_nano.a(lib_a-makebuf.o)
                0x00000000000034a0                __smakebuf_r
 .text.memchr   0x0000000000003520       0x1c /home/username/Downloads/gcc-arm-none-eabi-10.3-2021.10-x86_64-linux/gcc-arm-none-eabi-10.3-2021.10/bin/../lib/gcc/arm-none-eabi/10.3.1/../../../../arm-none-eabi/lib/thumb/v8-m.main+fp/hard/libg_nano.a(lib_a-memchr-stub.o)
                0x0000000000003520                memchr
 .text._malloc_usable_size_r
                0x000000000000353c       0x10 /home/username/Downloads/gcc-arm-none-eabi-10.3-2021.10-x86_64-linux/gcc-arm-none-eabi-10.3-2021.10/bin/../lib/gcc/arm-none-eabi/10.3.1/../../../../arm-none-eabi/lib/thumb/v8-m.main+fp/hard/libg_nano.a(lib_a-nano-msizer.o)
                0x000000000000353c                _malloc_usable_size_r
 .text._read_r  0x000000000000354c       0x24 /home/username/Downloads/gcc-arm-none-eabi-10.3-2021.10-x86_64-linux/gcc-arm-none-eabi-10.3-2021.10/bin/../lib/gcc/arm-none-eabi/10.3.1/../../../../arm-none-eabi/lib/thumb/v8-m.main+fp/hard/libg_nano.a(lib_a-readr.o)
                0x000000000000354c                _read_r
 .text._fstat_r
                0x0000000000003570       0x24 /home/username/Downloads/gcc-arm-none-eabi-10.3-2021.10-x86_64-linux/gcc-arm-none-eabi-10.3-2021.10/bin/../lib/gcc/arm-none-eabi/10.3.1/../../../../arm-none-eabi/lib/thumb/v8-m.main+fp/hard/libg_nano.a(lib_a-fstatr.o)
                0x0000000000003570                _fstat_r
 .text._isatty_r
                0x0000000000003594       0x20 /home/username/Downloads/gcc-arm-none-eabi-10.3-2021.10-x86_64-linux/gcc-arm-none-eabi-10.3-2021.10/bin/../lib/gcc/arm-none-eabi/10.3.1/../../../../arm-none-eabi/lib/thumb/v8-m.main+fp/hard/libg_nano.a(lib_a-isattyr.o)
                0x0000000000003594                _isatty_r
 .text.findslot
                0x00000000000035b4       0x34 /home/username/Downloads/gcc-arm-none-eabi-10.3-2021.10-x86_64-linux/gcc-arm-none-eabi-10.3-2021.10/bin/../lib/gcc/arm-none-eabi/10.3.1/../../../../arm-none-eabi/lib/thumb/v8-m.main+fp/hard/librdimon_nano.a(rdimon-syscalls.o)
 .text.error    0x00000000000035e8       0x1c /home/username/Downloads/gcc-arm-none-eabi-10.3-2021.10-x86_64-linux/gcc-arm-none-eabi-10.3-2021.10/bin/../lib/gcc/arm-none-eabi/10.3.1/../../../../arm-none-eabi/lib/thumb/v8-m.main+fp/hard/librdimon_nano.a(rdimon-syscalls.o)
 .text.checkerror
                0x0000000000003604        0xa /home/username/Downloads/gcc-arm-none-eabi-10.3-2021.10-x86_64-linux/gcc-arm-none-eabi-10.3-2021.10/bin/../lib/gcc/arm-none-eabi/10.3.1/../../../../arm-none-eabi/lib/thumb/v8-m.main+fp/hard/librdimon_nano.a(rdimon-syscalls.o)
 .text._swiread
                0x000000000000360e       0x20 /home/username/Downloads/gcc-arm-none-eabi-10.3-2021.10-x86_64-linux/gcc-arm-none-eabi-10.3-2021.10/bin/../lib/gcc/arm-none-eabi/10.3.1/../../../../arm-none-eabi/lib/thumb/v8-m.main+fp/hard/librdimon_nano.a(rdimon-syscalls.o)
                0x000000000000360e                _swiread
 .text._read    0x000000000000362e       0x38 /home/username/Downloads/gcc-arm-none-eabi-10.3-2021.10-x86_64-linux/gcc-arm-none-eabi-10.3-2021.10/bin/../lib/gcc/arm-none-eabi/10.3.1/../../../../arm-none-eabi/lib/thumb/v8-m.main+fp/hard/librdimon_nano.a(rdimon-syscalls.o)
                0x000000000000362e                _read
 .text._swilseek
                0x0000000000003666       0x78 /home/username/Downloads/gcc-arm-none-eabi-10.3-2021.10-x86_64-linux/gcc-arm-none-eabi-10.3-2021.10/bin/../lib/gcc/arm-none-eabi/10.3.1/../../../../arm-none-eabi/lib/thumb/v8-m.main+fp/hard/librdimon_nano.a(rdimon-syscalls.o)
                0x0000000000003666                _swilseek
 .text._lseek   0x00000000000036de        0x4 /home/username/Downloads/gcc-arm-none-eabi-10.3-2021.10-x86_64-linux/gcc-arm-none-eabi-10.3-2021.10/bin/../lib/gcc/arm-none-eabi/10.3.1/../../../../arm-none-eabi/lib/thumb/v8-m.main+fp/hard/librdimon_nano.a(rdimon-syscalls.o)
                0x00000000000036de                _lseek
 .text._swiwrite
                0x00000000000036e2       0x20 /home/username/Downloads/gcc-arm-none-eabi-10.3-2021.10-x86_64-linux/gcc-arm-none-eabi-10.3-2021.10/bin/../lib/gcc/arm-none-eabi/10.3.1/../../../../arm-none-eabi/lib/thumb/v8-m.main+fp/hard/librdimon_nano.a(rdimon-syscalls.o)
                0x00000000000036e2                _swiwrite
 .text._write   0x0000000000003702       0x48 /home/username/Downloads/gcc-arm-none-eabi-10.3-2021.10-x86_64-linux/gcc-arm-none-eabi-10.3-2021.10/bin/../lib/gcc/arm-none-eabi/10.3.1/../../../../arm-none-eabi/lib/thumb/v8-m.main+fp/hard/librdimon_nano.a(rdimon-syscalls.o)
                0x0000000000003702                _write
 .text._swiclose
                0x000000000000374a       0x1a /home/username/Downloads/gcc-arm-none-eabi-10.3-2021.10-x86_64-linux/gcc-arm-none-eabi-10.3-2021.10/bin/../lib/gcc/arm-none-eabi/10.3.1/../../../../arm-none-eabi/lib/thumb/v8-m.main+fp/hard/librdimon_nano.a(rdimon-syscalls.o)
                0x000000000000374a                _swiclose
 .text._close   0x0000000000003764       0x4c /home/username/Downloads/gcc-arm-none-eabi-10.3-2021.10-x86_64-linux/gcc-arm-none-eabi-10.3-2021.10/bin/../lib/gcc/arm-none-eabi/10.3.1/../../../../arm-none-eabi/lib/thumb/v8-m.main+fp/hard/librdimon_nano.a(rdimon-syscalls.o)
                0x0000000000003764                _close
 .text._swistat
                0x00000000000037b0       0x42 /home/username/Downloads/gcc-arm-none-eabi-10.3-2021.10-x86_64-linux/gcc-arm-none-eabi-10.3-2021.10/bin/../lib/gcc/arm-none-eabi/10.3.1/../../../../arm-none-eabi/lib/thumb/v8-m.main+fp/hard/librdimon_nano.a(rdimon-syscalls.o)
                0x00000000000037b0                _swistat
 .text._fstat   0x00000000000037f2       0x1c /home/username/Downloads/gcc-arm-none-eabi-10.3-2021.10-x86_64-linux/gcc-arm-none-eabi-10.3-2021.10/bin/../lib/gcc/arm-none-eabi/10.3.1/../../../../arm-none-eabi/lib/thumb/v8-m.main+fp/hard/librdimon_nano.a(rdimon-syscalls.o)
                0x00000000000037f2                _fstat
 .text._isatty  0x000000000000380e       0x38 /home/username/Downloads/gcc-arm-none-eabi-10.3-2021.10-x86_64-linux/gcc-arm-none-eabi-10.3-2021.10/bin/../lib/gcc/arm-none-eabi/10.3.1/../../../../arm-none-eabi/lib/thumb/v8-m.main+fp/hard/librdimon_nano.a(rdimon-syscalls.o)
                0x000000000000380e                _isatty
 *(.version)
 *fill*         0x0000000000003846        0x2 ff
 .version       0x0000000000003848       0x50 ./ra/fsp/src/bsp/mcu/all/bsp_common.o
 *(.init)
 .init          0x0000000000003898        0x4 /home/username/Downloads/gcc-arm-none-eabi-10.3-2021.10-x86_64-linux/gcc-arm-none-eabi-10.3-2021.10/bin/../lib/gcc/arm-none-eabi/10.3.1/thumb/v8-m.main+fp/hard/crti.o
                0x0000000000003898                _init
 .init          0x000000000000389c        0x8 /home/username/Downloads/gcc-arm-none-eabi-10.3-2021.10-x86_64-linux/gcc-arm-none-eabi-10.3-2021.10/bin/../lib/gcc/arm-none-eabi/10.3.1/thumb/v8-m.main+fp/hard/crtn.o
 *(.fini)
 .fini          0x00000000000038a4        0x4 /home/username/Downloads/gcc-arm-none-eabi-10.3-2021.10-x86_64-linux/gcc-arm-none-eabi-10.3-2021.10/bin/../lib/gcc/arm-none-eabi/10.3.1/thumb/v8-m.main+fp/hard/crti.o
                0x00000000000038a4                _fini
 .fini          0x00000000000038a8        0x8 /home/username/Downloads/gcc-arm-none-eabi-10.3-2021.10-x86_64-linux/gcc-arm-none-eabi-10.3-2021.10/bin/../lib/gcc/arm-none-eabi/10.3.1/thumb/v8-m.main+fp/hard/crtn.o
 *crtbegin.o(.ctors)
 *crtbegin?.o(.ctors)
 *(EXCLUDE_FILE(*crtend.o *crtend?.o) .ctors)
 *(SORT_BY_NAME(.ctors.*))
 *(.ctors)
 *crtbegin.o(.dtors)
 *crtbegin?.o(.dtors)
 *(EXCLUDE_FILE(*crtend.o *crtend?.o) .dtors)
 *(SORT_BY_NAME(.dtors.*))
 *(.dtors)
 *(.rodata*)
 .rodata.hal_entry.str1.4
                0x00000000000038b0       0x27 ./src/hal_entry.o
 *fill*         0x00000000000038d7        0x1 ff
 .rodata.p_canfd0_afl
                0x00000000000038d8      0x200 ./src/microros_transports.o
                0x00000000000038d8                p_canfd0_afl
 .rodata.g_ioport
                0x0000000000003ad8        0xc ./ra_gen/common_data.o
                0x0000000000003ad8                g_ioport
 .rodata.g_canfd0_cfg
                0x0000000000003ae4       0x18 ./ra_gen/hal_data.o
                0x0000000000003ae4                g_canfd0_cfg
 .rodata.g_timer0_cfg
                0x0000000000003afc       0x20 ./ra_gen/hal_data.o
                0x0000000000003afc                g_timer0_cfg
 .rodata.g_timer0_extend
                0x0000000000003b1c        0x7 ./ra_gen/hal_data.o
                0x0000000000003b1c                g_timer0_extend
 *fill*         0x0000000000003b23        0x1 ff
 .rodata.g_bsp_pin_cfg
                0x0000000000003b24        0x8 ./ra_gen/pin_data.o
                0x0000000000003b24                g_bsp_pin_cfg
 .rodata.g_bsp_pin_cfg_data
                0x0000000000003b2c      0x140 ./ra_gen/pin_data.o
                0x0000000000003b2c                g_bsp_pin_cfg_data
 .rodata.g_interrupt_event_link_select
                0x0000000000003c6c       0xc0 ./ra_gen/vector_data.o
                0x0000000000003c6c                g_interrupt_event_link_select
 .rodata.g_ioport_on_ioport
                0x0000000000003d2c       0x38 ./ra/fsp/src/r_ioport/r_ioport.o
                0x0000000000003d2c                g_ioport_on_ioport
 .rodata.dlc_to_bytes
                0x0000000000003d64       0x10 ./ra/fsp/src/r_canfd/r_canfd.o
 .rodata.g_prcr_masks
                0x0000000000003d74        0x8 ./ra/fsp/src/bsp/mcu/all/bsp_register_protection.o
 .rodata.g_bsp_leds
                0x0000000000003d7c        0x8 ./ra/board/ra6t2_mck/board_leds.o
                0x0000000000003d7c                g_bsp_leds
 .rodata.g_bsp_prv_leds
                0x0000000000003d84        0xc ./ra/board/ra6t2_mck/board_leds.o
 .rodata.zero_allocator.0
                0x0000000000003d90       0x14 ../micro_ros_renesas2estudio_component/libmicroros/libmicroros.a(librcutils-allocator.c.obj)
 .rodata._global_impure_ptr
                0x0000000000003da4        0x4 /home/username/Downloads/gcc-arm-none-eabi-10.3-2021.10-x86_64-linux/gcc-arm-none-eabi-10.3-2021.10/bin/../lib/gcc/arm-none-eabi/10.3.1/../../../../arm-none-eabi/lib/thumb/v8-m.main+fp/hard/libg_nano.a(lib_a-impure.o)
                0x0000000000003da4                _global_impure_ptr
 .rodata.__sf_fake_stderr
                0x0000000000003da8       0x20 /home/username/Downloads/gcc-arm-none-eabi-10.3-2021.10-x86_64-linux/gcc-arm-none-eabi-10.3-2021.10/bin/../lib/gcc/arm-none-eabi/10.3.1/../../../../arm-none-eabi/lib/thumb/v8-m.main+fp/hard/libg_nano.a(lib_a-findfp.o)
                0x0000000000003da8                __sf_fake_stderr
 .rodata.__sf_fake_stdin
                0x0000000000003dc8       0x20 /home/username/Downloads/gcc-arm-none-eabi-10.3-2021.10-x86_64-linux/gcc-arm-none-eabi-10.3-2021.10/bin/../lib/gcc/arm-none-eabi/10.3.1/../../../../arm-none-eabi/lib/thumb/v8-m.main+fp/hard/libg_nano.a(lib_a-findfp.o)
                0x0000000000003dc8                __sf_fake_stdin
 .rodata.__sf_fake_stdout
                0x0000000000003de8       0x20 /home/username/Downloads/gcc-arm-none-eabi-10.3-2021.10-x86_64-linux/gcc-arm-none-eabi-10.3-2021.10/bin/../lib/gcc/arm-none-eabi/10.3.1/../../../../arm-none-eabi/lib/thumb/v8-m.main+fp/hard/libg_nano.a(lib_a-findfp.o)
                0x0000000000003de8                __sf_fake_stdout
 .rodata._vfprintf_r.str1.1
                0x0000000000003e08       0x11 /home/username/Downloads/gcc-arm-none-eabi-10.3-2021.10-x86_64-linux/gcc-arm-none-eabi-10.3-2021.10/bin/../lib/gcc/arm-none-eabi/10.3.1/../../../../arm-none-eabi/lib/thumb/v8-m.main+fp/hard/libg_nano.a(lib_a-nano-vfprintf.o)
 .rodata._printf_i.str1.1
                0x0000000000003e19       0x22 /home/username/Downloads/gcc-arm-none-eabi-10.3-2021.10-x86_64-linux/gcc-arm-none-eabi-10.3-2021.10/bin/../lib/gcc/arm-none-eabi/10.3.1/../../../../arm-none-eabi/lib/thumb/v8-m.main+fp/hard/libg_nano.a(lib_a-nano-vfprintf_i.o)
                0x0000000000003e3b                __usb_dev_descriptor_start_fs = .
 *(.usb_device_desc_fs*)
                0x0000000000003e3b                __usb_cfg_descriptor_start_fs = .
 *(.usb_config_desc_fs*)
                0x0000000000003e3b                __usb_interface_descriptor_start_fs = .
 *(.usb_interface_desc_fs*)
                0x0000000000003e3b                __usb_descriptor_end_fs = .
                0x0000000000003e3b                __usb_dev_descriptor_start_hs = .
 *(.usb_device_desc_hs*)
                0x0000000000003e3b                __usb_cfg_descriptor_start_hs = .
 *(.usb_config_desc_hs*)
                0x0000000000003e3b                __usb_interface_descriptor_start_hs = .
 *(.usb_interface_desc_hs*)
                0x0000000000003e3b                __usb_descriptor_end_hs = .
 *(.eh_frame*)
 *fill*         0x0000000000003e3b        0x1 ff
 .eh_frame      0x0000000000003e3c        0x0 /home/username/Downloads/gcc-arm-none-eabi-10.3-2021.10-x86_64-linux/gcc-arm-none-eabi-10.3-2021.10/bin/../lib/gcc/arm-none-eabi/10.3.1/thumb/v8-m.main+fp/hard/crtbegin.o
 .eh_frame      0x0000000000003e3c        0x4 /home/username/Downloads/gcc-arm-none-eabi-10.3-2021.10-x86_64-linux/gcc-arm-none-eabi-10.3-2021.10/bin/../lib/gcc/arm-none-eabi/10.3.1/thumb/v8-m.main+fp/hard/crtend.o
                0x0000000000003e40                __ROM_End = .
                0x00000000000001c0                __Vectors_Size = (__Vectors_End - __Vectors)

.glue_7         0x0000000000003e40        0x0
 .glue_7        0x0000000000003e40        0x0 linker stubs

.glue_7t        0x0000000000003e40        0x0
 .glue_7t       0x0000000000003e40        0x0 linker stubs

.vfp11_veneer   0x0000000000003e40        0x0
 .vfp11_veneer  0x0000000000003e40        0x0 linker stubs

.v4_bx          0x0000000000003e40        0x0
 .v4_bx         0x0000000000003e40        0x0 linker stubs

.iplt           0x0000000000003e40        0x0
 .iplt          0x0000000000003e40        0x0 /home/username/Downloads/gcc-arm-none-eabi-10.3-2021.10-x86_64-linux/gcc-arm-none-eabi-10.3-2021.10/bin/../lib/gcc/arm-none-eabi/10.3.1/thumb/v8-m.main+fp/hard/crtbegin.o

.ARM.extab
 *(.ARM.extab* .gnu.linkonce.armextab.*)
                0x0000000000003e40                __exidx_start = .

.ARM.exidx      0x0000000000003e40        0x8
 *(.ARM.exidx* .gnu.linkonce.armexidx.*)
 .ARM.exidx     0x0000000000003e40        0x8 /home/username/Downloads/gcc-arm-none-eabi-10.3-2021.10-x86_64-linux/gcc-arm-none-eabi-10.3-2021.10/bin/../lib/gcc/arm-none-eabi/10.3.1/thumb/v8-m.main+fp/hard/libgcc.a(_udivmoddi4.o)
                0x0000000000003e48                __exidx_end = .
                0x0000000000003e48                __etext = .
                0x0000000020000000                __tz_RAM_S = ORIGIN (RAM)

.fsp_dtc_vector_table
                0x0000000020000000        0x0
                0x0000000020000000                . = ORIGIN (RAM)
 *(.fsp_dtc_vector_table)

.data           0x0000000020000000       0xd8 load address 0x0000000000003e48
                0x0000000020000000                __data_start__ = .
                0x0000000020000000                . = ALIGN (0x4)
                0x0000000020000000                __Code_In_RAM_Start = .
 *(.code_in_ram*)
                0x0000000020000000                __Code_In_RAM_End = .
 *(vtable)
 *(.data.*)
 .data.g_canfd0_bit_timing_cfg
                0x0000000020000000       0x10 ./ra_gen/hal_data.o
                0x0000000020000000                g_canfd0_bit_timing_cfg
 .data.g_canfd0_data_timing_cfg
                0x0000000020000010       0x10 ./ra_gen/hal_data.o
                0x0000000020000010                g_canfd0_data_timing_cfg
 .data.g_canfd0_extended_cfg
                0x0000000020000020       0x20 ./ra_gen/hal_data.o
                0x0000000020000020                g_canfd0_extended_cfg
 .data.g_canfd_global_cfg
                0x0000000020000040       0x18 ./ra_gen/hal_data.o
                0x0000000020000040                g_canfd_global_cfg
 .data.default_allocator
                0x0000000020000058       0x14 ../micro_ros_renesas2estudio_component/libmicroros/libmicroros.a(librcutils-allocator.c.obj)
 .data._impure_ptr
                0x000000002000006c        0x4 /home/username/Downloads/gcc-arm-none-eabi-10.3-2021.10-x86_64-linux/gcc-arm-none-eabi-10.3-2021.10/bin/../lib/gcc/arm-none-eabi/10.3.1/../../../../arm-none-eabi/lib/thumb/v8-m.main+fp/hard/libg_nano.a(lib_a-impure.o)
                0x000000002000006c                _impure_ptr
 .data.impure_data
                0x0000000020000070       0x60 /home/username/Downloads/gcc-arm-none-eabi-10.3-2021.10-x86_64-linux/gcc-arm-none-eabi-10.3-2021.10/bin/../lib/gcc/arm-none-eabi/10.3.1/../../../../arm-none-eabi/lib/thumb/v8-m.main+fp/hard/libg_nano.a(lib_a-impure.o)
 *(.data)
                0x00000000200000d0                . = ALIGN (0x4)
                0x00000000200000d0                PROVIDE (__preinit_array_start = .)
 *(.preinit_array)
                0x00000000200000d0                PROVIDE (__preinit_array_end = .)
                0x00000000200000d0                . = ALIGN (0x4)
                0x00000000200000d0                PROVIDE (__init_array_start = .)
 *(SORT_BY_NAME(.init_array.*))
 *(.init_array)
 .init_array    0x00000000200000d0        0x4 /home/username/Downloads/gcc-arm-none-eabi-10.3-2021.10-x86_64-linux/gcc-arm-none-eabi-10.3-2021.10/bin/../lib/gcc/arm-none-eabi/10.3.1/thumb/v8-m.main+fp/hard/crtbegin.o
                0x00000000200000d4                PROVIDE (__init_array_end = .)
                0x00000000200000d4                . = ALIGN (0x4)
                [!provide]                        PROVIDE (__fini_array_start = .)
 *(SORT_BY_NAME(.fini_array.*))
 *(.fini_array)
 .fini_array    0x00000000200000d4        0x4 /home/username/Downloads/gcc-arm-none-eabi-10.3-2021.10-x86_64-linux/gcc-arm-none-eabi-10.3-2021.10/bin/../lib/gcc/arm-none-eabi/10.3.1/thumb/v8-m.main+fp/hard/crtbegin.o
                [!provide]                        PROVIDE (__fini_array_end = .)
 *(.jcr*)
                0x00000000200000d8                . = ALIGN (0x4)
                0x00000000200000d8                __data_end__ = .

.igot.plt       0x00000000200000d8        0x0 load address 0x0000000000003f20
 .igot.plt      0x00000000200000d8        0x0 /home/username/Downloads/gcc-arm-none-eabi-10.3-2021.10-x86_64-linux/gcc-arm-none-eabi-10.3-2021.10/bin/../lib/gcc/arm-none-eabi/10.3.1/thumb/v8-m.main+fp/hard/crtbegin.o

.gnu.sgstubs    0x0000000000004000        0x0
                0x0000000000004000                . = (DEFINED (PROJECT_SECURE) && DEFINED (FLASH_NSC_START))?ABSOLUTE (FLASH_NSC_START):ALIGN (0x400)
                0x0000000000004000                __tz_FLASH_C = DEFINED (FLASH_NSC_START)?ABSOLUTE (FLASH_NSC_START):__RESERVE_NS_RAM?ABSOLUTE ((FLASH_START + FLASH_LENGTH)):ALIGN (0x400)
                0x0000000000004000                _start_sg = .
 *(.gnu.sgstubs*)
                0x0000000000004000                . = ALIGN (0x20)
                0x0000000000004000                _end_sg = .
                0x0000000000008000                __tz_FLASH_N = DEFINED (FLASH_NS_START)?ABSOLUTE (FLASH_NS_START):__RESERVE_NS_RAM?ABSOLUTE ((FLASH_START + FLASH_LENGTH)):(FLASH_LENGTH < 0x8000)?FLASH_LENGTH:ALIGN (0x8000)
                0x0000000000008000                FLASH_NS_IMAGE_START = DEFINED (FLASH_NS_IMAGE_START)?FLASH_NS_IMAGE_START:__tz_FLASH_N
                0x0000000060000000                __tz_QSPI_FLASH_S = ORIGIN (QSPI_FLASH)

.qspi_flash     0x0000000060000000        0x0
                0x0000000060000000                __qspi_flash_start__ = .
 *(.qspi_flash*)
 *(.code_in_qspi*)
                0x0000000060000000                __qspi_flash_end__ = .
                0x0000000000000000                __qspi_flash_code_size__ = (__qspi_flash_end__ - __qspi_flash_start__)
                0x0000000000003f20                __qspi_flash_code_addr__ = (__etext + (__data_end__ - __data_start__))

.qspi_non_retentive
                0x0000000060000000        0x0 load address 0x0000000000003f20
                0x0000000060000000                __qspi_non_retentive_start__ = .
 *(.qspi_non_retentive*)
                0x0000000060000000                __qspi_non_retentive_end__ = .
                0x0000000000000000                __qspi_non_retentive_size__ = (__qspi_non_retentive_end__ - __qspi_non_retentive_start__)
                0x0000000004000000                __qspi_region_max_size__ = 0x4000000
                0x0000000060000000                __qspi_region_start_address__ = __qspi_flash_start__
                0x0000000064000000                __qspi_region_end_address__ = (__qspi_flash_start__ + __qspi_region_max_size__)
                0x0000000060000000                __tz_QSPI_FLASH_N = __qspi_non_retentive_end__

.OSPI_DEVICE_0_NO_LOAD
                0x0000000068000000        0x0
                0x0000000068000000                . = ALIGN (0x4)
                0x0000000068000000                __ospi_device_0_start__ = .
 *(.ospi_device_0_no_load*)
                0x0000000068000000                . = ALIGN (0x4)
                0x0000000068000000                __ospi_device_0_end__ = .

.OSPI_DEVICE_1_NO_LOAD
                0x0000000070000000        0x0
                0x0000000070000000                . = ALIGN (0x4)
                0x0000000070000000                __ospi_device_1_start__ = .
 *(.ospi_device_1_no_load*)
                0x0000000070000000                . = ALIGN (0x4)
                0x0000000070000000                __ospi_device_1_end__ = .
                0x0000000068000000                __tz_OSPI_DEVICE_0_S = ORIGIN (OSPI_DEVICE_0)

.OSPI_DEVICE_0  0x0000000068000000        0x0
                0x0000000068000000                __ospi_device_0_start__ = .
 *(.ospi_device_0*)
 *(.code_in_ospi_device_0*)
                0x0000000068000000                __ospi_device_0_end__ = .
                0x0000000000000000                __ospi_device_0_code_size__ = (__ospi_device_0_end__ - __ospi_device_0_start__)
                0x0000000000003f20                __ospi_device_0_code_addr__ = (__etext + (__data_end__ - __data_start__))

.ospi_device_0_non_retentive
                0x0000000068000000        0x0 load address 0x0000000000003f20
                0x0000000068000000                __ospi_device_0_non_retentive_start__ = .
 *(.ospi_device_0_non_retentive*)
                0x0000000068000000                __ospi_device_0_non_retentive_end__ = .
                0x0000000000000000                __ospi_device_0_non_retentive_size__ = (__ospi_device_0_non_retentive_end__ - __ospi_device_0_non_retentive_start__)
                0x0000000008000000                __ospi_device_0_region_max_size__ = 0x8000000
                0x0000000068000000                __ospi_device_0_region_start_address__ = __ospi_device_0_start__
                0x0000000070000000                __ospi_device_0_region_end_address__ = (__ospi_device_0_start__ + __ospi_device_0_region_max_size__)
                0x0000000068000000                __tz_OSPI_DEVICE_0_N = __ospi_device_0_non_retentive_end__
                0x0000000070000000                __tz_OSPI_DEVICE_1_S = ORIGIN (OSPI_DEVICE_1)

.OSPI_DEVICE_1  0x0000000070000000        0x0
                0x0000000070000000                __ospi_device_1_start__ = .
 *(.ospi_device_1*)
 *(.code_in_ospi_device_1*)
                0x0000000070000000                __ospi_device_1_end__ = .
                0x0000000000000000                __ospi_device_1_code_size__ = (__ospi_device_1_end__ - __ospi_device_1_start__)
                0x0000000000003f20                __ospi_device_1_code_addr__ = (__etext + (__data_end__ - __data_start__))

.ospi_device_1_non_retentive
                0x0000000070000000        0x0 load address 0x0000000000003f20
                0x0000000070000000                __ospi_device_1_non_retentive_start__ = .
 *(.ospi_device_1_non_retentive*)
                0x0000000070000000                __ospi_device_1_non_retentive_end__ = .
                0x0000000000000000                __ospi_device_1_non_retentive_size__ = (__ospi_device_1_non_retentive_end__ - __ospi_device_1_non_retentive_start__)
                0x0000000010000000                __ospi_device_1_region_max_size__ = 0x10000000
                0x0000000070000000                __ospi_device_1_region_start_address__ = __ospi_device_1_start__
                0x0000000080000000                __ospi_device_1_region_end_address__ = (__ospi_device_1_start__ + __ospi_device_1_region_max_size__)
                0x0000000070000000                __tz_OSPI_DEVICE_1_N = __ospi_device_1_non_retentive_end__

.noinit         0x00000000200000d8       0x20
                0x00000000200000d8                . = ALIGN (0x4)
                0x00000000200000d8                __noinit_start = .
 *(.noinit*)
 .noinit        0x00000000200000d8       0x1c ./ra/fsp/src/bsp/mcu/all/bsp_clocks.o
                0x00000000200000f8                . = ALIGN (0x8)
 *fill*         0x00000000200000f4        0x4 
 *(.heap.*)
                0x00000000200000f8                __noinit_end = .

.bss            0x00000000200000f8      0x590
                0x00000000200000f8                . = ALIGN (0x4)
                0x00000000200000f8                __bss_start__ = .
 *(.bss*)
 .bss           0x00000000200000f8       0x1c /home/username/Downloads/gcc-arm-none-eabi-10.3-2021.10-x86_64-linux/gcc-arm-none-eabi-10.3-2021.10/bin/../lib/gcc/arm-none-eabi/10.3.1/thumb/v8-m.main+fp/hard/crtbegin.o
 *fill*         0x0000000020000114        0x4 
 .bss.ns_per_period.0
                0x0000000020000118        0x8 ./src/microros_time.o
 .bss.ns_per_tick.1
                0x0000000020000120        0x8 ./src/microros_time.o
 .bss.rollover_count
                0x0000000020000128        0x8 ./src/microros_time.o
 .bss.timer_init
                0x0000000020000130        0x1 ./src/microros_time.o
 .bss.enable_BRS
                0x0000000020000131        0x1 ./src/microros_transports.o
                0x0000000020000131                enable_BRS
 *fill*         0x0000000020000132        0x2 
 .bss.g_canfd_rx_frame
                0x0000000020000134      0x260 ./src/microros_transports.o
                0x0000000020000134                g_canfd_rx_frame
 .bss.g_error   0x0000000020000394        0x1 ./src/microros_transports.o
                0x0000000020000394                g_error
 .bss.g_write_complete
                0x0000000020000395        0x1 ./src/microros_transports.o
                0x0000000020000395                g_write_complete
 *fill*         0x0000000020000396        0x2 
 .bss.it_head   0x0000000020000398        0x4 ./src/microros_transports.o
 .bss.it_tail   0x000000002000039c        0x4 ./src/microros_transports.o
 .bss.g_ioport_ctrl
                0x00000000200003a0        0x8 ./ra_gen/common_data.o
                0x00000000200003a0                g_ioport_ctrl
 .bss.g_canfd0_ctrl
                0x00000000200003a8       0x18 ./ra_gen/hal_data.o
                0x00000000200003a8                g_canfd0_ctrl
 .bss.g_timer0_ctrl
                0x00000000200003c0       0x1c ./ra_gen/hal_data.o
                0x00000000200003c0                g_timer0_ctrl
 .bss.gp_ctrl   0x00000000200003dc        0x4 ./ra/fsp/src/r_canfd/r_canfd.o
 .bss.gp_prv_agt_periods
                0x00000000200003e0        0x8 ./ra/fsp/src/r_agt/r_agt.o
 .bss.g_bsp_group_irq_sources
                0x00000000200003e8       0x40 ./ra/fsp/src/bsp/mcu/all/bsp_group_irq.o
                0x00000000200003e8                g_bsp_group_irq_sources
 .bss.g_protect_pfswe_counter
                0x0000000020000428        0x4 ./ra/fsp/src/bsp/mcu/all/bsp_io.o
                0x0000000020000428                g_protect_pfswe_counter
 .bss.gp_renesas_isr_context
                0x000000002000042c      0x180 ./ra/fsp/src/bsp/mcu/all/bsp_irq.o
                0x000000002000042c                gp_renesas_isr_context
 .bss.g_protect_counters
                0x00000000200005ac        0x8 ./ra/fsp/src/bsp/mcu/all/bsp_register_protection.o
                0x00000000200005ac                g_protect_counters
 .bss.current_heap_end.0
                0x00000000200005b4        0x4 ./ra/fsp/src/bsp/mcu/all/bsp_sbrk.o
 .bss.SystemCoreClock
                0x00000000200005b8        0x4 ./ra/fsp/src/bsp/cmsis/Device/RENESAS/Source/system.o
                0x00000000200005b8                SystemCoreClock
 .bss.rmw_uxrce_transport_default_params
                0x00000000200005bc       0x1c ../micro_ros_renesas2estudio_component/libmicroros/libmicroros.a(librmw_microxrcedds-custom_transport.c.obj)
                0x00000000200005bc                rmw_uxrce_transport_default_params
 .bss.__malloc_free_list
                0x00000000200005d8        0x4 /home/username/Downloads/gcc-arm-none-eabi-10.3-2021.10-x86_64-linux/gcc-arm-none-eabi-10.3-2021.10/bin/../lib/gcc/arm-none-eabi/10.3.1/../../../../arm-none-eabi/lib/thumb/v8-m.main+fp/hard/libg_nano.a(lib_a-nano-mallocr.o)
                0x00000000200005d8                __malloc_free_list
 .bss.__malloc_sbrk_start
                0x00000000200005dc        0x4 /home/username/Downloads/gcc-arm-none-eabi-10.3-2021.10-x86_64-linux/gcc-arm-none-eabi-10.3-2021.10/bin/../lib/gcc/arm-none-eabi/10.3.1/../../../../arm-none-eabi/lib/thumb/v8-m.main+fp/hard/libg_nano.a(lib_a-nano-mallocr.o)
                0x00000000200005dc                __malloc_sbrk_start
 .bss.__lock___malloc_recursive_mutex
                0x00000000200005e0        0x1 /home/username/Downloads/gcc-arm-none-eabi-10.3-2021.10-x86_64-linux/gcc-arm-none-eabi-10.3-2021.10/bin/../lib/gcc/arm-none-eabi/10.3.1/../../../../arm-none-eabi/lib/thumb/v8-m.main+fp/hard/libg_nano.a(lib_a-lock.o)
                0x00000000200005e0                __lock___malloc_recursive_mutex
 .bss.__lock___sfp_recursive_mutex
                0x00000000200005e1        0x1 /home/username/Downloads/gcc-arm-none-eabi-10.3-2021.10-x86_64-linux/gcc-arm-none-eabi-10.3-2021.10/bin/../lib/gcc/arm-none-eabi/10.3.1/../../../../arm-none-eabi/lib/thumb/v8-m.main+fp/hard/libg_nano.a(lib_a-lock.o)
                0x00000000200005e1                __lock___sfp_recursive_mutex
 .bss.__lock___sinit_recursive_mutex
                0x00000000200005e2        0x1 /home/username/Downloads/gcc-arm-none-eabi-10.3-2021.10-x86_64-linux/gcc-arm-none-eabi-10.3-2021.10/bin/../lib/gcc/arm-none-eabi/10.3.1/../../../../arm-none-eabi/lib/thumb/v8-m.main+fp/hard/libg_nano.a(lib_a-lock.o)
                0x00000000200005e2                __lock___sinit_recursive_mutex
 *fill*         0x00000000200005e3        0x1 
 .bss.errno     0x00000000200005e4        0x4 /home/username/Downloads/gcc-arm-none-eabi-10.3-2021.10-x86_64-linux/gcc-arm-none-eabi-10.3-2021.10/bin/../lib/gcc/arm-none-eabi/10.3.1/../../../../arm-none-eabi/lib/thumb/v8-m.main+fp/hard/libg_nano.a(lib_a-reent.o)
                0x00000000200005e4                errno
 .bss.openfiles
                0x00000000200005e8       0xa0 /home/username/Downloads/gcc-arm-none-eabi-10.3-2021.10-x86_64-linux/gcc-arm-none-eabi-10.3-2021.10/bin/../lib/gcc/arm-none-eabi/10.3.1/../../../../arm-none-eabi/lib/thumb/v8-m.main+fp/hard/librdimon_nano.a(rdimon-syscalls.o)
 *(COMMON)
                0x0000000020000688                . = ALIGN (0x4)
                0x0000000020000688                __bss_end__ = .

.heap           0x0000000020000688     0x1388
                0x0000000020000688                . = ALIGN (0x8)
                0x0000000020000688                __HeapBase = .
 *(.heap)
 .heap          0x0000000020000688     0x1388 ./ra/fsp/src/bsp/cmsis/Device/RENESAS/Source/startup.o
                0x0000000020001a10                __HeapLimit = .

.stack_dummy    0x0000000020001a10     0x1388
                0x0000000020001a10                . = ALIGN (0x8)
                0x0000000020001a10                __StackLimit = .
 *(.stack)
 .stack         0x0000000020001a10     0x1388 ./ra/fsp/src/bsp/cmsis/Device/RENESAS/Source/startup.o
                0x0000000020002d98                __StackTop = .
 *(.stack*)
                0x0000000020002d98                __StackTopAll = .
                0x0000000020002d98                PROVIDE (__stack = __StackTopAll)
                0x0000000020002d98                __RAM_segment_used_end__ = ALIGN (__StackTopAll, 0x4)
                0x0000000020003000                __tz_RAM_C = DEFINED (RAM_NSC_START)?ABSOLUTE (RAM_NSC_START):__RESERVE_NS_RAM?ABSOLUTE (RAM_NS_BUFFER_BLOCK_START):ALIGN (__RAM_segment_used_end__, 0x400)
                0x0000000020004000                __tz_RAM_N = DEFINED (RAM_NS_START)?ABSOLUTE (RAM_NS_START):__RESERVE_NS_RAM?ABSOLUTE (RAM_NS_BUFFER_BLOCK_START):ALIGN (__tz_RAM_C, 0x2000)

.ns_buffer      0x0000000020002d98        0x0
                0x0000000020002d98                . = __RESERVE_NS_RAM?ABSOLUTE ((RAM_NS_BUFFER_START & 0xffffffe0)):.
 *(.ns_buffer*)

.data_flash     0x0000000008000000        0x0
                0x0000000008000000                . = ORIGIN (DATA_FLASH)
                0x0000000008000000                __tz_DATA_FLASH_S = .
                0x0000000008000000                __Data_Flash_Start = .
 *(.data_flash*)
                0x0000000008000000                __Data_Flash_End = .
                0x0000000008000000                __tz_DATA_FLASH_N = DEFINED (DATA_FLASH_NS_START)?ABSOLUTE (DATA_FLASH_NS_START):__RESERVE_NS_RAM?ABSOLUTE ((DATA_FLASH_START + DATA_FLASH_LENGTH)):ALIGN (0x400)
                0x0000000090000000                __tz_SDRAM_S = ORIGIN (SDRAM)

.sdram          0x0000000090000000        0x0
                0x0000000090000000                __SDRAM_Start = .
 *(.sdram*)
 *(.frame*)
                0x0000000090000000                __SDRAM_End = .
                0x0000000090000000                __tz_SDRAM_N = __SDRAM_End
                0x0000000000000000                __tz_ID_CODE_S = ORIGIN (ID_CODE)

.id_code        0x0000000000000000        0x0
                0x0000000000000000                __ID_Code_Start = .
 *(.id_code*)
                0x0000000000000000                __ID_Code_End = .
                0x0000000000000000                __tz_ID_CODE_N = __ID_Code_End
                0x000000000100a100                __tz_OPTION_SETTING_S = ORIGIN (OPTION_SETTING)

.option_setting
                0x000000000100a100       0x38
                0x000000000100a100                __OPTION_SETTING_Start = .
 *(.option_setting_ofs0)
 .option_setting_ofs0
                0x000000000100a100        0x4 ./ra/fsp/src/bsp/mcu/all/bsp_rom_registers.o
                0x000000000100a110                . = PROJECT_SECURE_OR_FLAT?(__OPTION_SETTING_Start + 0x10):__OPTION_SETTING_Start
 *fill*         0x000000000100a104        0xc ff
 *(.option_setting_dualsel)
                0x000000000100a134                . = PROJECT_SECURE_OR_FLAT?(__OPTION_SETTING_Start + 0x34):__OPTION_SETTING_Start
 *fill*         0x000000000100a110       0x24 ff
 *(.option_setting_sas)
 .option_setting_sas
                0x000000000100a134        0x4 ./ra/fsp/src/bsp/mcu/all/bsp_rom_registers.o
                0x000000000100a138                __OPTION_SETTING_End = .
                0x000000000100a180                __tz_OPTION_SETTING_N = OPTION_SETTING_START_NS

.option_setting_ns
                0x000000000100a138        0x0
                0x000000000100a138                __OPTION_SETTING_NS_Start = .
 *(.option_setting_ofs1)
                0x000000000100a138                . = USE_OPTION_SETTING_NS?(__OPTION_SETTING_NS_Start + 0x10):__OPTION_SETTING_NS_Start
 *(.option_setting_banksel)
                0x000000000100a138                . = USE_OPTION_SETTING_NS?(__OPTION_SETTING_NS_Start + 0x40):__OPTION_SETTING_NS_Start
 *(.option_setting_bps0)
                0x000000000100a138                . = USE_OPTION_SETTING_NS?(__OPTION_SETTING_NS_Start + 0x44):__OPTION_SETTING_NS_Start
 *(.option_setting_bps1)
                0x000000000100a138                . = USE_OPTION_SETTING_NS?(__OPTION_SETTING_NS_Start + 0x48):__OPTION_SETTING_NS_Start
 *(.option_setting_bps2)
                0x000000000100a138                . = USE_OPTION_SETTING_NS?(__OPTION_SETTING_NS_Start + 0x60):__OPTION_SETTING_NS_Start
 *(.option_setting_pbps0)
                0x000000000100a138                . = USE_OPTION_SETTING_NS?(__OPTION_SETTING_NS_Start + 0x64):__OPTION_SETTING_NS_Start
 *(.option_setting_pbps1)
                0x000000000100a138                . = USE_OPTION_SETTING_NS?(__OPTION_SETTING_NS_Start + 0x68):__OPTION_SETTING_NS_Start
 *(.option_setting_pbps2)
                0x000000000100a138                __OPTION_SETTING_NS_End = .
                0x000000000100a200                __tz_OPTION_SETTING_S_S = ORIGIN (OPTION_SETTING_S)

.option_setting_s
                0x000000000100a200       0xcc
                0x000000000100a200                __OPTION_SETTING_S_Start = .
 *(.option_setting_ofs1_sec)
 .option_setting_ofs1_sec
                0x000000000100a200        0x4 ./ra/fsp/src/bsp/mcu/all/bsp_rom_registers.o
                0x000000000100a210                . = PROJECT_SECURE_OR_FLAT?(__OPTION_SETTING_S_Start + 0x10):__OPTION_SETTING_S_Start
 *fill*         0x000000000100a204        0xc ff
 *(.option_setting_banksel_sec)
 .option_setting_banksel_sec
                0x000000000100a210        0x4 ./ra/fsp/src/bsp/mcu/all/bsp_rom_registers.o
                0x000000000100a240                . = PROJECT_SECURE_OR_FLAT?(__OPTION_SETTING_S_Start + 0x40):__OPTION_SETTING_S_Start
 *fill*         0x000000000100a214       0x2c ff
 *(.option_setting_bps_sec0)
 .option_setting_bps_sec0
                0x000000000100a240        0x4 ./ra/fsp/src/bsp/mcu/all/bsp_rom_registers.o
                0x000000000100a244                . = PROJECT_SECURE_OR_FLAT?(__OPTION_SETTING_S_Start + 0x44):__OPTION_SETTING_S_Start
 *(.option_setting_bps_sec1)
 .option_setting_bps_sec1
                0x000000000100a244        0x4 ./ra/fsp/src/bsp/mcu/all/bsp_rom_registers.o
                0x000000000100a248                . = PROJECT_SECURE_OR_FLAT?(__OPTION_SETTING_S_Start + 0x48):__OPTION_SETTING_S_Start
 *(.option_setting_bps_sec2)
 .option_setting_bps_sec2
                0x000000000100a248        0x4 ./ra/fsp/src/bsp/mcu/all/bsp_rom_registers.o
                0x000000000100a260                . = PROJECT_SECURE_OR_FLAT?(__OPTION_SETTING_S_Start + 0x60):__OPTION_SETTING_S_Start
 *fill*         0x000000000100a24c       0x14 ff
 *(.option_setting_pbps_sec0)
 .option_setting_pbps_sec0
                0x000000000100a260        0x4 ./ra/fsp/src/bsp/mcu/all/bsp_rom_registers.o
                0x000000000100a264                . = PROJECT_SECURE_OR_FLAT?(__OPTION_SETTING_S_Start + 0x64):__OPTION_SETTING_S_Start
 *(.option_setting_pbps_sec1)
 .option_setting_pbps_sec1
                0x000000000100a264        0x4 ./ra/fsp/src/bsp/mcu/all/bsp_rom_registers.o
                0x000000000100a268                . = PROJECT_SECURE_OR_FLAT?(__OPTION_SETTING_S_Start + 0x68):__OPTION_SETTING_S_Start
 *(.option_setting_pbps_sec2)
 .option_setting_pbps_sec2
                0x000000000100a268        0x4 ./ra/fsp/src/bsp/mcu/all/bsp_rom_registers.o
                0x000000000100a280                . = PROJECT_SECURE_OR_FLAT?(__OPTION_SETTING_S_Start + 0x80):__OPTION_SETTING_S_Start
 *fill*         0x000000000100a26c       0x14 ff
 *(.option_setting_ofs1_sel)
 .option_setting_ofs1_sel
                0x000000000100a280        0x4 ./ra/fsp/src/bsp/mcu/all/bsp_rom_registers.o
                0x000000000100a290                . = PROJECT_SECURE_OR_FLAT?(__OPTION_SETTING_S_Start + 0x90):__OPTION_SETTING_S_Start
 *fill*         0x000000000100a284        0xc ff
 *(.option_setting_banksel_sel)
 .option_setting_banksel_sel
                0x000000000100a290        0x4 ./ra/fsp/src/bsp/mcu/all/bsp_rom_registers.o
                0x000000000100a2c0                . = PROJECT_SECURE_OR_FLAT?(__OPTION_SETTING_S_Start + 0xc0):__OPTION_SETTING_S_Start
 *fill*         0x000000000100a294       0x2c ff
 *(.option_setting_bps_sel0)
 .option_setting_bps_sel0
                0x000000000100a2c0        0x4 ./ra/fsp/src/bsp/mcu/all/bsp_rom_registers.o
                0x000000000100a2c4                . = PROJECT_SECURE_OR_FLAT?(__OPTION_SETTING_S_Start + 0xc4):__OPTION_SETTING_S_Start
 *(.option_setting_bps_sel1)
 .option_setting_bps_sel1
                0x000000000100a2c4        0x4 ./ra/fsp/src/bsp/mcu/all/bsp_rom_registers.o
                0x000000000100a2c8                . = PROJECT_SECURE_OR_FLAT?(__OPTION_SETTING_S_Start + 0xc8):__OPTION_SETTING_S_Start
 *(.option_setting_bps_sel2)
 .option_setting_bps_sel2
                0x000000000100a2c8        0x4 ./ra/fsp/src/bsp/mcu/all/bsp_rom_registers.o
                0x000000000100a2cc                __OPTION_SETTING_S_End = .
                0x000000000100a2cc                __tz_OPTION_SETTING_S_N = __OPTION_SETTING_S_End
OUTPUT(microros_testbench.elf elf32-littlearm)
LOAD linker stubs

.rel.dyn        0x000000000100a2cc        0x0
 .rel.iplt      0x000000000100a2cc        0x0 /home/username/Downloads/gcc-arm-none-eabi-10.3-2021.10-x86_64-linux/gcc-arm-none-eabi-10.3-2021.10/bin/../lib/gcc/arm-none-eabi/10.3.1/thumb/v8-m.main+fp/hard/crtbegin.o

.ARM.attributes
                0x0000000000000000       0x36
 .ARM.attributes
                0x0000000000000000       0x22 /home/username/Downloads/gcc-arm-none-eabi-10.3-2021.10-x86_64-linux/gcc-arm-none-eabi-10.3-2021.10/bin/../lib/gcc/arm-none-eabi/10.3.1/thumb/v8-m.main+fp/hard/crti.o
 .ARM.attributes
                0x0000000000000022       0x38 /home/username/Downloads/gcc-arm-none-eabi-10.3-2021.10-x86_64-linux/gcc-arm-none-eabi-10.3-2021.10/bin/../lib/gcc/arm-none-eabi/10.3.1/thumb/v8-m.main+fp/hard/crtbegin.o
 .ARM.attributes
                0x000000000000005a       0x3a ./src/hal_entry.o
 .ARM.attributes
                0x0000000000000094       0x3a ./src/microros_allocators.o
 .ARM.attributes
                0x00000000000000ce       0x3a ./src/microros_app.o
 .ARM.attributes
                0x0000000000000108       0x3a ./src/microros_time.o
 .ARM.attributes
                0x0000000000000142       0x3a ./src/microros_transports.o
 .ARM.attributes
                0x000000000000017c       0x3a ./ra_gen/common_data.o
 .ARM.attributes
                0x00000000000001b6       0x3a ./ra_gen/hal_data.o
 .ARM.attributes
                0x00000000000001f0       0x3a ./ra_gen/main.o
 .ARM.attributes
                0x000000000000022a       0x3a ./ra_gen/pin_data.o
 .ARM.attributes
                0x0000000000000264       0x3a ./ra_gen/vector_data.o
 .ARM.attributes
                0x000000000000029e       0x3a ./ra/fsp/src/r_ioport/r_ioport.o
 .ARM.attributes
                0x00000000000002d8       0x3a ./ra/fsp/src/r_canfd/r_canfd.o
 .ARM.attributes
                0x0000000000000312       0x3a ./ra/fsp/src/r_agt/r_agt.o
 .ARM.attributes
                0x000000000000034c       0x3a ./ra/fsp/src/bsp/mcu/all/bsp_clocks.o
 .ARM.attributes
                0x0000000000000386       0x3a ./ra/fsp/src/bsp/mcu/all/bsp_common.o
 .ARM.attributes
                0x00000000000003c0       0x3a ./ra/fsp/src/bsp/mcu/all/bsp_delay.o
 .ARM.attributes
                0x00000000000003fa       0x3a ./ra/fsp/src/bsp/mcu/all/bsp_group_irq.o
 .ARM.attributes
                0x0000000000000434       0x3a ./ra/fsp/src/bsp/mcu/all/bsp_io.o
 .ARM.attributes
                0x000000000000046e       0x3a ./ra/fsp/src/bsp/mcu/all/bsp_irq.o
 .ARM.attributes
                0x00000000000004a8       0x3a ./ra/fsp/src/bsp/mcu/all/bsp_register_protection.o
 .ARM.attributes
                0x00000000000004e2       0x3a ./ra/fsp/src/bsp/mcu/all/bsp_rom_registers.o
 .ARM.attributes
                0x000000000000051c       0x3a ./ra/fsp/src/bsp/mcu/all/bsp_sbrk.o
 .ARM.attributes
                0x0000000000000556       0x3a ./ra/fsp/src/bsp/cmsis/Device/RENESAS/Source/startup.o
 .ARM.attributes
                0x0000000000000590       0x3a ./ra/fsp/src/bsp/cmsis/Device/RENESAS/Source/system.o
 .ARM.attributes
                0x00000000000005ca       0x3a ./ra/board/ra6t2_mck/board_init.o
 .ARM.attributes
                0x0000000000000604       0x3a ./ra/board/ra6t2_mck/board_leds.o
 .ARM.attributes
                0x000000000000063e       0x3a ../micro_ros_renesas2estudio_component/libmicroros/libmicroros.a(libmicroxrcedds_client-time.c.obj)
 .ARM.attributes
                0x0000000000000678       0x3a ../micro_ros_renesas2estudio_component/libmicroros/libmicroros.a(librcutils-allocator.c.obj)
 .ARM.attributes
                0x00000000000006b2       0x3a ../micro_ros_renesas2estudio_component/libmicroros/libmicroros.a(librmw_microxrcedds-custom_transport.c.obj)
 .ARM.attributes
                0x00000000000006ec       0x22 /home/username/Downloads/gcc-arm-none-eabi-10.3-2021.10-x86_64-linux/gcc-arm-none-eabi-10.3-2021.10/bin/../lib/gcc/arm-none-eabi/10.3.1/thumb/v8-m.main+fp/hard/libgcc.a(_arm_addsubdf3.o)
 .ARM.attributes
                0x000000000000070e       0x22 /home/username/Downloads/gcc-arm-none-eabi-10.3-2021.10-x86_64-linux/gcc-arm-none-eabi-10.3-2021.10/bin/../lib/gcc/arm-none-eabi/10.3.1/thumb/v8-m.main+fp/hard/libgcc.a(_arm_muldivdf3.o)
 .ARM.attributes
                0x0000000000000730       0x22 /home/username/Downloads/gcc-arm-none-eabi-10.3-2021.10-x86_64-linux/gcc-arm-none-eabi-10.3-2021.10/bin/../lib/gcc/arm-none-eabi/10.3.1/thumb/v8-m.main+fp/hard/libgcc.a(_aeabi_ldivmod.o)
 .ARM.attributes
                0x0000000000000752       0x22 /home/username/Downloads/gcc-arm-none-eabi-10.3-2021.10-x86_64-linux/gcc-arm-none-eabi-10.3-2021.10/bin/../lib/gcc/arm-none-eabi/10.3.1/thumb/v8-m.main+fp/hard/libgcc.a(_aeabi_uldivmod.o)
 .ARM.attributes
                0x0000000000000774       0x38 /home/username/Downloads/gcc-arm-none-eabi-10.3-2021.10-x86_64-linux/gcc-arm-none-eabi-10.3-2021.10/bin/../lib/gcc/arm-none-eabi/10.3.1/thumb/v8-m.main+fp/hard/libgcc.a(_fixunsdfdi.o)
 .ARM.attributes
                0x00000000000007ac       0x38 /home/username/Downloads/gcc-arm-none-eabi-10.3-2021.10-x86_64-linux/gcc-arm-none-eabi-10.3-2021.10/bin/../lib/gcc/arm-none-eabi/10.3.1/thumb/v8-m.main+fp/hard/libgcc.a(_udivmoddi4.o)
 .ARM.attributes
                0x00000000000007e4       0x22 /home/username/Downloads/gcc-arm-none-eabi-10.3-2021.10-x86_64-linux/gcc-arm-none-eabi-10.3-2021.10/bin/../lib/gcc/arm-none-eabi/10.3.1/thumb/v8-m.main+fp/hard/libgcc.a(_dvmd_tls.o)
 .ARM.attributes
                0x0000000000000806       0x22 /home/username/Downloads/gcc-arm-none-eabi-10.3-2021.10-x86_64-linux/gcc-arm-none-eabi-10.3-2021.10/bin/../lib/gcc/arm-none-eabi/10.3.1/thumb/v8-m.main+fp/hard/libgcc.a(_arm_fixunsdfsi.o)
 .ARM.attributes
                0x0000000000000828       0x38 /home/username/Downloads/gcc-arm-none-eabi-10.3-2021.10-x86_64-linux/gcc-arm-none-eabi-10.3-2021.10/bin/../lib/gcc/arm-none-eabi/10.3.1/../../../../arm-none-eabi/lib/thumb/v8-m.main+fp/hard/libg_nano.a(lib_a-calloc.o)
 .ARM.attributes
                0x0000000000000860       0x38 /home/username/Downloads/gcc-arm-none-eabi-10.3-2021.10-x86_64-linux/gcc-arm-none-eabi-10.3-2021.10/bin/../lib/gcc/arm-none-eabi/10.3.1/../../../../arm-none-eabi/lib/thumb/v8-m.main+fp/hard/libg_nano.a(lib_a-errno.o)
 .ARM.attributes
                0x0000000000000898       0x38 /home/username/Downloads/gcc-arm-none-eabi-10.3-2021.10-x86_64-linux/gcc-arm-none-eabi-10.3-2021.10/bin/../lib/gcc/arm-none-eabi/10.3.1/../../../../arm-none-eabi/lib/thumb/v8-m.main+fp/hard/libg_nano.a(lib_a-impure.o)
 .ARM.attributes
                0x00000000000008d0       0x38 /home/username/Downloads/gcc-arm-none-eabi-10.3-2021.10-x86_64-linux/gcc-arm-none-eabi-10.3-2021.10/bin/../lib/gcc/arm-none-eabi/10.3.1/../../../../arm-none-eabi/lib/thumb/v8-m.main+fp/hard/libg_nano.a(lib_a-malloc.o)
 .ARM.attributes
                0x0000000000000908       0x38 /home/username/Downloads/gcc-arm-none-eabi-10.3-2021.10-x86_64-linux/gcc-arm-none-eabi-10.3-2021.10/bin/../lib/gcc/arm-none-eabi/10.3.1/../../../../arm-none-eabi/lib/thumb/v8-m.main+fp/hard/libg_nano.a(lib_a-memcpy-stub.o)
 .ARM.attributes
                0x0000000000000940       0x38 /home/username/Downloads/gcc-arm-none-eabi-10.3-2021.10-x86_64-linux/gcc-arm-none-eabi-10.3-2021.10/bin/../lib/gcc/arm-none-eabi/10.3.1/../../../../arm-none-eabi/lib/thumb/v8-m.main+fp/hard/libg_nano.a(lib_a-memset.o)
 .ARM.attributes
                0x0000000000000978       0x38 /home/username/Downloads/gcc-arm-none-eabi-10.3-2021.10-x86_64-linux/gcc-arm-none-eabi-10.3-2021.10/bin/../lib/gcc/arm-none-eabi/10.3.1/../../../../arm-none-eabi/lib/thumb/v8-m.main+fp/hard/libg_nano.a(lib_a-nano-callocr.o)
 .ARM.attributes
                0x00000000000009b0       0x38 /home/username/Downloads/gcc-arm-none-eabi-10.3-2021.10-x86_64-linux/gcc-arm-none-eabi-10.3-2021.10/bin/../lib/gcc/arm-none-eabi/10.3.1/../../../../arm-none-eabi/lib/thumb/v8-m.main+fp/hard/libg_nano.a(lib_a-nano-freer.o)
 .ARM.attributes
                0x00000000000009e8       0x38 /home/username/Downloads/gcc-arm-none-eabi-10.3-2021.10-x86_64-linux/gcc-arm-none-eabi-10.3-2021.10/bin/../lib/gcc/arm-none-eabi/10.3.1/../../../../arm-none-eabi/lib/thumb/v8-m.main+fp/hard/libg_nano.a(lib_a-nano-mallocr.o)
 .ARM.attributes
                0x0000000000000a20       0x38 /home/username/Downloads/gcc-arm-none-eabi-10.3-2021.10-x86_64-linux/gcc-arm-none-eabi-10.3-2021.10/bin/../lib/gcc/arm-none-eabi/10.3.1/../../../../arm-none-eabi/lib/thumb/v8-m.main+fp/hard/libg_nano.a(lib_a-printf.o)
 .ARM.attributes
                0x0000000000000a58       0x38 /home/username/Downloads/gcc-arm-none-eabi-10.3-2021.10-x86_64-linux/gcc-arm-none-eabi-10.3-2021.10/bin/../lib/gcc/arm-none-eabi/10.3.1/../../../../arm-none-eabi/lib/thumb/v8-m.main+fp/hard/libg_nano.a(lib_a-realloc.o)
 .ARM.attributes
                0x0000000000000a90       0x38 /home/username/Downloads/gcc-arm-none-eabi-10.3-2021.10-x86_64-linux/gcc-arm-none-eabi-10.3-2021.10/bin/../lib/gcc/arm-none-eabi/10.3.1/../../../../arm-none-eabi/lib/thumb/v8-m.main+fp/hard/libg_nano.a(lib_a-sbrkr.o)
 .ARM.attributes
                0x0000000000000ac8       0x38 /home/username/Downloads/gcc-arm-none-eabi-10.3-2021.10-x86_64-linux/gcc-arm-none-eabi-10.3-2021.10/bin/../lib/gcc/arm-none-eabi/10.3.1/../../../../arm-none-eabi/lib/thumb/v8-m.main+fp/hard/libg_nano.a(lib_a-findfp.o)
 .ARM.attributes
                0x0000000000000b00       0x38 /home/username/Downloads/gcc-arm-none-eabi-10.3-2021.10-x86_64-linux/gcc-arm-none-eabi-10.3-2021.10/bin/../lib/gcc/arm-none-eabi/10.3.1/../../../../arm-none-eabi/lib/thumb/v8-m.main+fp/hard/libg_nano.a(lib_a-fwalk.o)
 .ARM.attributes