Archive member included to satisfy reference by file (symbol)

/home/pgarrido/dev/micro-ROS/micro_ros_renesas_testbench/boards/MCK_RA6T2/e2studio_project_CAN/micro_ros_renesas2estudio_component/libmicroros/libmicroros.a(libmicroxrcedds_client-time.c.obj)
                              ./src/microros_transports.o (uxr_millis)
/home/pgarrido/dev/micro-ROS/micro_ros_renesas_testbench/boards/MCK_RA6T2/e2studio_project_CAN/micro_ros_renesas2estudio_component/libmicroros/libmicroros.a(librcutils-allocator.c.obj)
                              ./src/hal_entry.o (rcutils_get_zero_initialized_allocator)
/home/pgarrido/dev/micro-ROS/micro_ros_renesas_testbench/boards/MCK_RA6T2/e2studio_project_CAN/micro_ros_renesas2estudio_component/libmicroros/libmicroros.a(librmw_microxrcedds-custom_transport.c.obj)
                              ./src/hal_entry.o (rmw_uros_set_custom_transport)
/home/pgarrido/renesas/ra/e2studio_v2024-10_fsp_v5.6.0/toolchains/gcc_arm/arm-gnu-toolchain-13.2.Rel1-x86_64-arm-none-eabi/bin/../lib/gcc/arm-none-eabi/13.2.1/thumb/v8-m.main+fp/hard/libgcc.a(_arm_muldf3.o)
                              ./src/microros_time.o (__aeabi_dmul)
/home/pgarrido/renesas/ra/e2studio_v2024-10_fsp_v5.6.0/toolchains/gcc_arm/arm-gnu-toolchain-13.2.Rel1-x86_64-arm-none-eabi/bin/../lib/gcc/arm-none-eabi/13.2.1/thumb/v8-m.main+fp/hard/libgcc.a(_arm_addsubdf3.o)
                              ./src/microros_time.o (__aeabi_i2d)
/home/pgarrido/renesas/ra/e2studio_v2024-10_fsp_v5.6.0/toolchains/gcc_arm/arm-gnu-toolchain-13.2.Rel1-x86_64-arm-none-eabi/bin/../lib/gcc/arm-none-eabi/13.2.1/thumb/v8-m.main+fp/hard/libgcc.a(_arm_muldivdf3.o)
                              ./src/microros_time.o (__aeabi_ddiv)
/home/pgarrido/renesas/ra/e2studio_v2024-10_fsp_v5.6.0/toolchains/gcc_arm/arm-gnu-toolchain-13.2.Rel1-x86_64-arm-none-eabi/bin/../lib/gcc/arm-none-eabi/13.2.1/thumb/v8-m.main+fp/hard/libgcc.a(_aeabi_ldivmod.o)
                              /home/pgarrido/dev/micro-ROS/micro_ros_renesas_testbench/boards/MCK_RA6T2/e2studio_project_CAN/micro_ros_renesas2estudio_component/libmicroros/libmicroros.a(libmicroxrcedds_client-time.c.obj) (__aeabi_ldivmod)
/home/pgarrido/renesas/ra/e2studio_v2024-10_fsp_v5.6.0/toolchains/gcc_arm/arm-gnu-toolchain-13.2.Rel1-x86_64-arm-none-eabi/bin/../lib/gcc/arm-none-eabi/13.2.1/thumb/v8-m.main+fp/hard/libgcc.a(_aeabi_uldivmod.o)
                              ./src/microros_time.o (__aeabi_uldivmod)
/home/pgarrido/renesas/ra/e2studio_v2024-10_fsp_v5.6.0/toolchains/gcc_arm/arm-gnu-toolchain-13.2.Rel1-x86_64-arm-none-eabi/bin/../lib/gcc/arm-none-eabi/13.2.1/thumb/v8-m.main+fp/hard/libgcc.a(_fixunsdfdi.o)
                              ./src/microros_time.o (__aeabi_d2ulz)
/home/pgarrido/renesas/ra/e2studio_v2024-10_fsp_v5.6.0/toolchains/gcc_arm/arm-gnu-toolchain-13.2.Rel1-x86_64-arm-none-eabi/bin/../lib/gcc/arm-none-eabi/13.2.1/thumb/v8-m.main+fp/hard/libgcc.a(_udivmoddi4.o)
                              /home/pgarrido/renesas/ra/e2studio_v2024-10_fsp_v5.6.0/toolchains/gcc_arm/arm-gnu-toolchain-13.2.Rel1-x86_64-arm-none-eabi/bin/../lib/gcc/arm-none-eabi/13.2.1/thumb/v8-m.main+fp/hard/libgcc.a(_aeabi_ldivmod.o) (__udivmoddi4)
/home/pgarrido/renesas/ra/e2studio_v2024-10_fsp_v5.6.0/toolchains/gcc_arm/arm-gnu-toolchain-13.2.Rel1-x86_64-arm-none-eabi/bin/../lib/gcc/arm-none-eabi/13.2.1/thumb/v8-m.main+fp/hard/libgcc.a(_dvmd_tls.o)
                              /home/pgarrido/renesas/ra/e2studio_v2024-10_fsp_v5.6.0/toolchains/gcc_arm/arm-gnu-toolchain-13.2.Rel1-x86_64-arm-none-eabi/bin/../lib/gcc/arm-none-eabi/13.2.1/thumb/v8-m.main+fp/hard/libgcc.a(_aeabi_ldivmod.o) (__aeabi_ldiv0)
/home/pgarrido/renesas/ra/e2studio_v2024-10_fsp_v5.6.0/toolchains/gcc_arm/arm-gnu-toolchain-13.2.Rel1-x86_64-arm-none-eabi/bin/../lib/gcc/arm-none-eabi/13.2.1/thumb/v8-m.main+fp/hard/libgcc.a(_arm_fixunsdfsi.o)
                              /home/pgarrido/renesas/ra/e2studio_v2024-10_fsp_v5.6.0/toolchains/gcc_arm/arm-gnu-toolchain-13.2.Rel1-x86_64-arm-none-eabi/bin/../lib/gcc/arm-none-eabi/13.2.1/thumb/v8-m.main+fp/hard/libgcc.a(_fixunsdfdi.o) (__aeabi_d2uiz)
/home/pgarrido/renesas/ra/e2studio_v2024-10_fsp_v5.6.0/toolchains/gcc_arm/arm-gnu-toolchain-13.2.Rel1-x86_64-arm-none-eabi/bin/../lib/gcc/arm-none-eabi/13.2.1/../../../../arm-none-eabi/lib/thumb/v8-m.main+fp/hard/libg_nano.a(libc_a-exit.o)
                              /home/pgarrido/renesas/ra/e2studio_v2024-10_fsp_v5.6.0/toolchains/gcc_arm/arm-gnu-toolchain-13.2.Rel1-x86_64-arm-none-eabi/bin/../lib/gcc/arm-none-eabi/13.2.1/../../../../arm-none-eabi/lib/thumb/v8-m.main+fp/hard/rdimon-crt0.o (exit)
/home/pgarrido/renesas/ra/e2studio_v2024-10_fsp_v5.6.0/toolchains/gcc_arm/arm-gnu-toolchain-13.2.Rel1-x86_64-arm-none-eabi/bin/../lib/gcc/arm-none-eabi/13.2.1/../../../../arm-none-eabi/lib/thumb/v8-m.main+fp/hard/libg_nano.a(libc_a-init.o)
[...]
Memory Configuration

Name             Origin             Length             Attributes
ITCM             0x00000000         0x00000000         xr
DTCM             0x00000000         0x00000000         xrw
FLASH            0x00000000         0x00080000         xr
RAM              0x20000000         0x00010000         xrw
DATA_FLASH       0x08000000         0x00004000         xr
QSPI_FLASH       0x60000000         0x00000000         xr
OSPI_DEVICE_0    0x80020000         0x00000000         xr
OSPI_DEVICE_1    0x80030000         0x00000000         xr
OSPI_DEVICE_0_RAM 0x80020000         0x00000000         xrw
OSPI_DEVICE_1_RAM 0x80030000         0x00000000         xrw
SDRAM            0x80010000         0x00000000         xrw
OPTION_SETTING   0x0100a100         0x00000100         r
OPTION_SETTING_OFS 0x0100a100         0x00000018         r
OPTION_SETTING_SAS 0x0100a134         0x000000cc         r
OPTION_SETTING_S 0x0100a200         0x00000100         r
ID_CODE          0x00000000         0x00000000         xr
*default*        0x00000000         0xffffffff

Linker script and memory map

LOAD /home/pgarrido/renesas/ra/e2studio_v2024-10_fsp_v5.6.0/toolchains/gcc_arm/arm-gnu-toolchain-13.2.Rel1-x86_64-arm-none-eabi/bin/../lib/gcc/arm-none-eabi/13.2.1/thumb/v8-m.main+fp/hard/crti.o
LOAD /home/pgarrido/renesas/ra/e2studio_v2024-10_fsp_v5.6.0/toolchains/gcc_arm/arm-gnu-toolchain-13.2.Rel1-x86_64-arm-none-eabi/bin/../lib/gcc/arm-none-eabi/13.2.1/thumb/v8-m.main+fp/hard/crtbegin.o
LOAD /home/pgarrido/renesas/ra/e2studio_v2024-10_fsp_v5.6.0/toolchains/gcc_arm/arm-gnu-toolchain-13.2.Rel1-x86_64-arm-none-eabi/bin/../lib/gcc/arm-none-eabi/13.2.1/../../../../arm-none-eabi/lib/thumb/v8-m.main+fp/hard/rdimon-crt0.o
START GROUP
LOAD ./src/hal_entry.o
LOAD ./src/microros_allocators.o
LOAD ./src/microros_app.o
LOAD ./src/microros_time.o
LOAD ./src/microros_transports.o
LOAD ./ra_gen/common_data.o
LOAD ./ra_gen/hal_data.o
LOAD ./ra_gen/main.o
LOAD ./ra_gen/pin_data.o
LOAD ./ra_gen/vector_data.o
LOAD ./ra/fsp/src/r_ioport/r_ioport.o
LOAD ./ra/fsp/src/r_canfd/r_canfd.o
LOAD ./ra/fsp/src/r_agt/r_agt.o
LOAD ./ra/fsp/src/bsp/mcu/all/bsp_clocks.o
LOAD ./ra/fsp/src/bsp/mcu/all/bsp_common.o
LOAD ./ra/fsp/src/bsp/mcu/all/bsp_delay.o
LOAD ./ra/fsp/src/bsp/mcu/all/bsp_group_irq.o
LOAD ./ra/fsp/src/bsp/mcu/all/bsp_guard.o
LOAD ./ra/fsp/src/bsp/mcu/all/bsp_io.o
LOAD ./ra/fsp/src/bsp/mcu/all/bsp_irq.o
LOAD ./ra/fsp/src/bsp/mcu/all/bsp_macl.o
LOAD ./ra/fsp/src/bsp/mcu/all/bsp_register_protection.o
LOAD ./ra/fsp/src/bsp/mcu/all/bsp_rom_registers.o
LOAD ./ra/fsp/src/bsp/mcu/all/bsp_sbrk.o
LOAD ./ra/fsp/src/bsp/mcu/all/bsp_sdram.o
LOAD ./ra/fsp/src/bsp/mcu/all/bsp_security.o
LOAD ./ra/fsp/src/bsp/cmsis/Device/RENESAS/Source/startup.o
LOAD ./ra/fsp/src/bsp/cmsis/Device/RENESAS/Source/system.o
LOAD ./ra/board/ra6t2_mck/board_init.o
LOAD ./ra/board/ra6t2_mck/board_leds.o
LOAD /home/pgarrido/dev/micro-ROS/micro_ros_renesas_testbench/boards/MCK_RA6T2/e2studio_project_CAN/micro_ros_renesas2estudio_component/libmicroros/libmicroros.a
END GROUP
START GROUP
LOAD /home/pgarrido/renesas/ra/e2studio_v2024-10_fsp_v5.6.0/toolchains/gcc_arm/arm-gnu-toolchain-13.2.Rel1-x86_64-arm-none-eabi/bin/../lib/gcc/arm-none-eabi/13.2.1/thumb/v8-m.main+fp/hard/libgcc.a
LOAD /home/pgarrido/renesas/ra/e2studio_v2024-10_fsp_v5.6.0/toolchains/gcc_arm/arm-gnu-toolchain-13.2.Rel1-x86_64-arm-none-eabi/bin/../lib/gcc/arm-none-eabi/13.2.1/../../../../arm-none-eabi/lib/thumb/v8-m.main+fp/hard/libg_nano.a
LOAD /home/pgarrido/renesas/ra/e2studio_v2024-10_fsp_v5.6.0/toolchains/gcc_arm/arm-gnu-toolchain-13.2.Rel1-x86_64-arm-none-eabi/bin/../lib/gcc/arm-none-eabi/13.2.1/../../../../arm-none-eabi/lib/thumb/v8-m.main+fp/hard/libc_nano.a
END GROUP
START GROUP
LOAD /home/pgarrido/renesas/ra/e2studio_v2024-10_fsp_v5.6.0/toolchains/gcc_arm/arm-gnu-toolchain-13.2.Rel1-x86_64-arm-none-eabi/bin/../lib/gcc/arm-none-eabi/13.2.1/thumb/v8-m.main+fp/hard/libgcc.a
LOAD /home/pgarrido/renesas/ra/e2studio_v2024-10_fsp_v5.6.0/toolchains/gcc_arm/arm-gnu-toolchain-13.2.Rel1-x86_64-arm-none-eabi/bin/../lib/gcc/arm-none-eabi/13.2.1/../../../../arm-none-eabi/lib/thumb/v8-m.main+fp/hard/libc_nano.a
LOAD /home/pgarrido/renesas/ra/e2studio_v2024-10_fsp_v5.6.0/toolchains/gcc_arm/arm-gnu-toolchain-13.2.Rel1-x86_64-arm-none-eabi/bin/../lib/gcc/arm-none-eabi/13.2.1/../../../../arm-none-eabi/lib/thumb/v8-m.main+fp/hard/librdimon_nano.a
END GROUP
START GROUP
LOAD /home/pgarrido/renesas/ra/e2studio_v2024-10_fsp_v5.6.0/toolchains/gcc_arm/arm-gnu-toolchain-13.2.Rel1-x86_64-arm-none-eabi/bin/../lib/gcc/arm-none-eabi/13.2.1/thumb/v8-m.main+fp/hard/libgcc.a
LOAD /home/pgarrido/renesas/ra/e2studio_v2024-10_fsp_v5.6.0/toolchains/gcc_arm/arm-gnu-toolchain-13.2.Rel1-x86_64-arm-none-eabi/bin/../lib/gcc/arm-none-eabi/13.2.1/../../../../arm-none-eabi/lib/thumb/v8-m.main+fp/hard/libc_nano.a
LOAD /home/pgarrido/renesas/ra/e2studio_v2024-10_fsp_v5.6.0/toolchains/gcc_arm/arm-gnu-toolchain-13.2.Rel1-x86_64-arm-none-eabi/bin/../lib/gcc/arm-none-eabi/13.2.1/../../../../arm-none-eabi/lib/thumb/v8-m.main+fp/hard/librdimon_nano.a
END GROUP
LOAD /home/pgarrido/renesas/ra/e2studio_v2024-10_fsp_v5.6.0/toolchains/gcc_arm/arm-gnu-toolchain-13.2.Rel1-x86_64-arm-none-eabi/bin/../lib/gcc/arm-none-eabi/13.2.1/thumb/v8-m.main+fp/hard/crtend.o
LOAD /home/pgarrido/renesas/ra/e2studio_v2024-10_fsp_v5.6.0/toolchains/gcc_arm/arm-gnu-toolchain-13.2.Rel1-x86_64-arm-none-eabi/bin/../lib/gcc/arm-none-eabi/13.2.1/thumb/v8-m.main+fp/hard/crtn.o
                0x20000000                        RAM_START = 0x20000000
                0x00010000                        RAM_LENGTH = 0x10000
                0x00000000                        FLASH_START = 0x0
                0x00080000                        FLASH_LENGTH = 0x80000
                0x08000000                        DATA_FLASH_START = 0x8000000
                0x00004000                        DATA_FLASH_LENGTH = 0x4000
                0x0100a100                        OPTION_SETTING_START = 0x100a100
                0x00000100                        OPTION_SETTING_LENGTH = 0x100
                0x0100a200                        OPTION_SETTING_S_START = 0x100a200
                0x00000100                        OPTION_SETTING_S_LENGTH = 0x100
                0x00000000                        ID_CODE_START = 0x0
                0x00000000                        ID_CODE_LENGTH = 0x0
                0x80010000                        SDRAM_START = 0x80010000
                0x00000000                        SDRAM_LENGTH = 0x0
                0x60000000                        QSPI_FLASH_START = 0x60000000
                0x00000000                        QSPI_FLASH_LENGTH = 0x0
                0x80020000                        OSPI_DEVICE_0_START = 0x80020000
                0x00000000                        OSPI_DEVICE_0_LENGTH = 0x0
                0x80030000                        OSPI_DEVICE_1_START = 0x80030000
                0x00000000                        OSPI_DEVICE_1_LENGTH = 0x0
                0x00000000                        QSPI_FLASH_PRV_LENGTH = DEFINED (QSPI_FLASH_SIZE)?ABSOLUTE (QSPI_FLASH_SIZE):ABSOLUTE (QSPI_FLASH_LENGTH)
                0x00000000                        OSPI_DEVICE_0_PRV_LENGTH = DEFINED (OSPI_DEVICE_0_SIZE)?ABSOLUTE (OSPI_DEVICE_0_SIZE):ABSOLUTE (OSPI_DEVICE_0_LENGTH)
                0x00000000                        OSPI_DEVICE_1_PRV_LENGTH = DEFINED (OSPI_DEVICE_1_SIZE)?ABSOLUTE (OSPI_DEVICE_1_SIZE):ABSOLUTE (OSPI_DEVICE_1_LENGTH)
                0x00000000                        __RESERVE_NS_RAM = ((! (DEFINED (PROJECT_NONSECURE)) && DEFINED (RAM_NS_BUFFER_LENGTH)) && (OPTION_SETTING_S_LENGTH != 0x0))
                0x00000000                        ITCM_START = DEFINED (ITCM_START)?ITCM_START:0x0
                0x00000000                        ITCM_LENGTH = DEFINED (ITCM_LENGTH)?ITCM_LENGTH:0x0
                0x00000000                        DTCM_START = DEFINED (DTCM_START)?DTCM_START:0x0
                0x00000000                        DTCM_LENGTH = DEFINED (DTCM_LENGTH)?DTCM_LENGTH:0x0
                0x00000000                        RAM_NS_BUFFER_BLOCK_LENGTH = DEFINED (RAM_NS_BUFFER_LENGTH)?ALIGN (RAM_NS_BUFFER_LENGTH, 0x2000):0x0
                0x00000000                        RAM_NS_BUFFER_LENGTH = DEFINED (RAM_NS_BUFFER_LENGTH)?RAM_NS_BUFFER_LENGTH:0x0
                0x20010000                        RAM_NS_BUFFER_START = ((RAM_START + RAM_LENGTH) - RAM_NS_BUFFER_LENGTH)
                0x20010000                        RAM_NS_BUFFER_BLOCK_START = ((RAM_START + RAM_LENGTH) - RAM_NS_BUFFER_BLOCK_LENGTH)
                0x0100a180                        OPTION_SETTING_START_NS = DEFINED (PROJECT_NONSECURE)?OPTION_SETTING_START:(OPTION_SETTING_START + 0x80)
                0x00000001                        __bl_FSP_BOOTABLE_IMAGE = 0x1
                0x00000001                        __bln_FSP_BOOTABLE_IMAGE = 0x1
                0x00000001                        PROJECT_SECURE_OR_FLAT = (((! (DEFINED (PROJECT_NONSECURE)) || DEFINED (PROJECT_SECURE)) && OPTION_SETTING_LENGTH) && ! (DEFINED (FSP_BOOTABLE_IMAGE)))
                0x00000000                        USE_OPTION_SETTING_NS = (DEFINED (PROJECT_NONSECURE) && ! (DEFINED (FSP_BOOTABLE_IMAGE)))
                0x00000000                        __bl_FLASH_IMAGE_START = ! (DEFINED (FLASH_BOOTLOADER_LENGTH))?0x0:(FLASH_APPLICATION_IMAGE_NUMBER == 0x1)?((FLASH_START + FLASH_BOOTLOADER_LENGTH) + FLASH_BOOTLOADER_HEADER_LENGTH):(DEFINED (BOOTLOADER_SECONDARY_USE_QSPI) || DEFINED (BOOTLOADER_SECONDARY_USE_OSPI_B))?(((FLASH_START + FLASH_BOOTLOADER_LENGTH) + FLASH_BOOTLOADER_SCRATCH_LENGTH) + FLASH_BOOTLOADER_HEADER_LENGTH):((((FLASH_START + FLASH_BOOTLOADER_LENGTH) + FLASH_BOOTLOADER_SCRATCH_LENGTH) + FLASH_APPLICATION_S_LENGTH) + FLASH_BOOTLOADER_HEADER_LENGTH)
                0x00000000                        __bl_FLASH_IMAGE_LENGTH = ! (DEFINED (FLASH_BOOTLOADER_LENGTH))?0x0:(FLASH_APPLICATION_S_LENGTH - FLASH_BOOTLOADER_HEADER_LENGTH)
                0x00000000                        __bl_FLASH_IMAGE_END = (__bl_FLASH_IMAGE_START + __bl_FLASH_IMAGE_LENGTH)
                0x00000000                        __bl_XIP_SECONDARY_FLASH_IMAGE_START = ! (DEFINED (FLASH_BOOTLOADER_LENGTH))?0x0:(((FLASH_START + FLASH_BOOTLOADER_LENGTH) + FLASH_APPLICATION_S_LENGTH) + FLASH_BOOTLOADER_HEADER_LENGTH)
                0x00000000                        __bl_XIP_SECONDARY_FLASH_IMAGE_END = (__bl_XIP_SECONDARY_FLASH_IMAGE_START + __bl_FLASH_IMAGE_LENGTH)
                0x00000000                        __bl_FLASH_NS_START = ! (DEFINED (FLASH_BOOTLOADER_LENGTH))?0x0:(FLASH_APPLICATION_NS_LENGTH == 0x0)?__bl_FLASH_IMAGE_END:((__bl_FLASH_IMAGE_START - FLASH_BOOTLOADER_HEADER_LENGTH) + FLASH_APPLICATION_S_LENGTH)
                0x00000000                        __bl_FLASH_NSC_START = ! (DEFINED (FLASH_BOOTLOADER_LENGTH))?0x0:(FLASH_APPLICATION_NS_LENGTH == 0x0)?__bl_FLASH_IMAGE_END:(__bl_FLASH_IMAGE_END - FLASH_APPLICATION_NSC_LENGTH)
                0x00000000                        __bl_RAM_NS_START = ! (DEFINED (FLASH_BOOTLOADER_LENGTH))?0x0:(FLASH_APPLICATION_NS_LENGTH == 0x0)?(RAM_START + RAM_LENGTH):((RAM_START + RAM_LENGTH) - RAM_APPLICATION_NS_LENGTH)
                0x00000000                        __bl_RAM_NSC_START = ! (DEFINED (FLASH_BOOTLOADER_LENGTH))?0x0:(FLASH_APPLICATION_NS_LENGTH == 0x0)?(RAM_START + RAM_LENGTH):(__bl_RAM_NS_START - RAM_APPLICATION_NSC_LENGTH)
                0x00000000                        __bl_FLASH_NS_IMAGE_START = ! (DEFINED (FLASH_BOOTLOADER_LENGTH))?0x0:(FLASH_APPLICATION_NS_LENGTH == 0x0)?__bl_FLASH_IMAGE_END:(__bl_FLASH_NS_START + FLASH_BOOTLOADER_HEADER_LENGTH_2)
                0x00000000                        __bln_FLASH_IMAGE_START = (__bl_FLASH_NS_IMAGE_START | ! (DEFINED (NS_OFFSET_START))?0x0:NS_OFFSET_START)
                0x00000000                        __bln_FLASH_IMAGE_LENGTH = ! (DEFINED (FLASH_BOOTLOADER_LENGTH))?0x0:(FLASH_APPLICATION_NS_LENGTH == 0x0)?__bl_FLASH_IMAGE_END:(FLASH_APPLICATION_NS_LENGTH - FLASH_BOOTLOADER_HEADER_LENGTH_2)
                0x00000000                        XIP_SECONDARY_SLOT_IMAGE = DEFINED (XIP_SECONDARY_SLOT_IMAGE)?XIP_SECONDARY_SLOT_IMAGE:0x0
                0x00000000                        FLASH_ORIGIN = ! (DEFINED (FLASH_IMAGE_START))?FLASH_START:(XIP_SECONDARY_SLOT_IMAGE == 0x1)?XIP_SECONDARY_FLASH_IMAGE_START:FLASH_IMAGE_START
                0x00080000                        LIMITED_FLASH_LENGTH = DEFINED (FLASH_IMAGE_LENGTH)?FLASH_IMAGE_LENGTH:DEFINED (FLASH_BOOTLOADER_LENGTH)?FLASH_BOOTLOADER_LENGTH:FLASH_LENGTH
                0x00000034                        OPTION_SETTING_SAS_SIZE = 0x34
                0x000000cc                        OPTION_SETTING_SAS_LENGTH = ! (DEFINED (OPTION_SETTING_LENGTH))?0x0:(OPTION_SETTING_LENGTH == 0x0)?0x0:(OPTION_SETTING_LENGTH - OPTION_SETTING_SAS_SIZE)
START GROUP
LOAD /home/pgarrido/renesas/ra/e2studio_v2024-10_fsp_v5.6.0/toolchains/gcc_arm/arm-gnu-toolchain-13.2.Rel1-x86_64-arm-none-eabi/bin/../lib/gcc/arm-none-eabi/13.2.1/thumb/v8-m.main+fp/hard/libgcc.a
LOAD /home/pgarrido/renesas/ra/e2studio_v2024-10_fsp_v5.6.0/toolchains/gcc_arm/arm-gnu-toolchain-13.2.Rel1-x86_64-arm-none-eabi/bin/../lib/gcc/arm-none-eabi/13.2.1/../../../../arm-none-eabi/lib/thumb/v8-m.main+fp/hard/libc.a
LOAD /home/pgarrido/renesas/ra/e2studio_v2024-10_fsp_v5.6.0/toolchains/gcc_arm/arm-gnu-toolchain-13.2.Rel1-x86_64-arm-none-eabi/bin/../lib/gcc/arm-none-eabi/13.2.1/../../../../arm-none-eabi/lib/thumb/v8-m.main+fp/hard/libm.a
END GROUP

.text           0x00000000     0x3e5c
                0x00000000                        __tz_FLASH_S = ABSOLUTE (FLASH_START)
                0x00000000                        __ROM_Start = .
 *(.fixed_vectors*)
 .fixed_vectors
                0x00000000       0x40 ./ra/fsp/src/bsp/cmsis/Device/RENESAS/Source/startup.o
                0x00000000                __Vectors
 *(.application_vectors*)
 .application_vectors
                0x00000040      0x180 ./ra_gen/vector_data.o
                0x00000040                g_vector_table
                0x000001c0                        __Vectors_End = .
 *(.flash_gap*)
                0x000001c0                        . = (OPTION_SETTING_LENGTH > 0x0)?.:(__ROM_Start + 0x400)
 *(.rom_registers*)
 *(.mcuboot_sce9_key*)
 *(.text*)
 .text.deregister_tm_clones
                0x000001c0       0x1c /home/pgarrido/renesas/ra/e2studio_v2024-10_fsp_v5.6.0/toolchains/gcc_arm/arm-gnu-toolchain-13.2.Rel1-x86_64-arm-none-eabi/bin/../lib/gcc/arm-none-eabi/13.2.1/thumb/v8-m.main+fp/hard/crtbegin.o
 .text.register_tm_clones
                0x000001dc       0x28 /home/pgarrido/renesas/ra/e2studio_v2024-10_fsp_v5.6.0/toolchains/gcc_arm/arm-gnu-toolchain-13.2.Rel1-x86_64-arm-none-eabi/bin/../lib/gcc/arm-none-eabi/13.2.1/thumb/v8-m.main+fp/hard/crtbegin.o
 .text.__do_global_dtors_aux
                0x00000204       0x28 /home/pgarrido/renesas/ra/e2studio_v2024-10_fsp_v5.6.0/toolchains/gcc_arm/arm-gnu-toolchain-13.2.Rel1-x86_64-arm-none-eabi/bin/../lib/gcc/arm-none-eabi/13.2.1/thumb/v8-m.main+fp/hard/crtbegin.o
 .text.frame_dummy
                0x0000022c       0x24 /home/pgarrido/renesas/ra/e2studio_v2024-10_fsp_v5.6.0/toolchains/gcc_arm/arm-gnu-toolchain-13.2.Rel1-x86_64-arm-none-eabi/bin/../lib/gcc/arm-none-eabi/13.2.1/thumb/v8-m.main+fp/hard/crtbegin.o
 .text.hal_entry
                0x00000250       0xc4 ./src/hal_entry.o
                0x00000250                hal_entry
 .text.R_BSP_WarmStart
                0x00000314       0x18 ./src/hal_entry.o
                0x00000314                R_BSP_WarmStart
 .text.microros_allocate
                0x0000032c        0x4 ./src/microros_allocators.o
                0x0000032c                microros_allocate
 .text.microros_deallocate
                0x00000330        0x4 ./src/microros_allocators.o
                0x00000330                microros_deallocate
 .text.microros_reallocate
                0x00000334        0x4 ./src/microros_allocators.o
                0x00000334                microros_reallocate
 .text.microros_zero_allocate
                0x00000338        0xc ./src/microros_allocators.o
                0x00000338                microros_zero_allocate
 .text.microros_app
                0x00000344        0x4 ./src/microros_app.o
                0x00000344                microros_app
 .text.micro_ros_timer_cb
                0x00000348       0x18 ./src/microros_time.o
                0x00000348                micro_ros_timer_cb
 .text.clock_gettime
                0x00000360       0xe8 ./src/microros_time.o
                0x00000360                clock_gettime
 .text.canfd0_callback
                0x00000448       0x58 ./src/microros_transports.o
                0x00000448                canfd0_callback
 .text.renesas_e2_transport_open
                0x000004a0       0x1c ./src/microros_transports.o
                0x000004a0                renesas_e2_transport_open
 .text.renesas_e2_transport_close
                0x000004bc       0x14 ./src/microros_transports.o
                0x000004bc                renesas_e2_transport_close
 .text.renesas_e2_transport_write
                0x000004d0      0x11c ./src/microros_transports.o
                0x000004d0                renesas_e2_transport_write
 .text.renesas_e2_transport_read
                0x000005ec       0x94 ./src/microros_transports.o
                0x000005ec                renesas_e2_transport_read
 .text.startup.main
                0x00000680        0xc ./ra_gen/main.o
                0x00000680                main
 .text.R_IOPORT_Close
                0x0000068c        0xc ./ra/fsp/src/r_ioport/r_ioport.o
                0x0000068c                R_IOPORT_Close
 .text.R_IOPORT_PinRead
                0x00000698       0x24 ./ra/fsp/src/r_ioport/r_ioport.o
                0x00000698                R_IOPORT_PinRead
 .text.R_IOPORT_PortRead
                0x000006bc       0x14 ./ra/fsp/src/r_ioport/r_ioport.o
                0x000006bc                R_IOPORT_PortRead
 .text.R_IOPORT_PortWrite
                0x000006d0       0x1c ./ra/fsp/src/r_ioport/r_ioport.o
                0x000006d0                R_IOPORT_PortWrite
 .text.R_IOPORT_PinWrite
                0x000006ec       0x20 ./ra/fsp/src/r_ioport/r_ioport.o
                0x000006ec                R_IOPORT_PinWrite
 .text.R_IOPORT_PortDirectionSet
                0x0000070c       0x2c ./ra/fsp/src/r_ioport/r_ioport.o
                0x0000070c                R_IOPORT_PortDirectionSet
 .text.R_IOPORT_PortEventInputRead
                0x00000738       0x18 ./ra/fsp/src/r_ioport/r_ioport.o
                0x00000738                R_IOPORT_PortEventInputRead
 .text.R_IOPORT_PinEventInputRead
                0x00000750       0x34 ./ra/fsp/src/r_ioport/r_ioport.o
                0x00000750                R_IOPORT_PinEventInputRead
 .text.R_IOPORT_PortEventOutputWrite
                0x00000784       0x1c ./ra/fsp/src/r_ioport/r_ioport.o
                0x00000784                R_IOPORT_PortEventOutputWrite
 .text.R_IOPORT_PinEventOutputWrite
                0x000007a0       0x34 ./ra/fsp/src/r_ioport/r_ioport.o
                0x000007a0                R_IOPORT_PinEventOutputWrite
 .text.r_ioport_pins_config
                0x000007d4       0xa8 ./ra/fsp/src/r_ioport/r_ioport.o
 .text.R_IOPORT_Open
                0x0000087c       0x14 ./ra/fsp/src/r_ioport/r_ioport.o
                0x0000087c                R_IOPORT_Open
 .text.R_IOPORT_PinsCfg
                0x00000890        0xc ./ra/fsp/src/r_ioport/r_ioport.o
                0x00000890                R_IOPORT_PinsCfg
 .text.R_IOPORT_PinCfg
                0x0000089c       0x90 ./ra/fsp/src/r_ioport/r_ioport.o
                0x0000089c                R_IOPORT_PinCfg
 .text.r_canfd_mb_read
                0x0000092c       0xac ./ra/fsp/src/r_canfd/r_canfd.o
 .text.r_canfd_call_callback
                0x000009d8       0x3c ./ra/fsp/src/r_canfd/r_canfd.o
 .text.r_canfd_mode_transition
                0x00000a14      0x118 ./ra/fsp/src/r_canfd/r_canfd.o
 .text.R_CANFD_Close
                0x00000b2c       0xd8 ./ra/fsp/src/r_canfd/r_canfd.o
                0x00000b2c                R_CANFD_Close
 .text.R_CANFD_Write
                0x00000c04      0x110 ./ra/fsp/src/r_canfd/r_canfd.o
                0x00000c04                R_CANFD_Write
 .text.R_CANFD_Open
                0x00000d14      0x31c ./ra/fsp/src/r_canfd/r_canfd.o
                0x00000d14                R_CANFD_Open
 .text.canfd_error_isr
                0x00001030       0xc8 ./ra/fsp/src/r_canfd/r_canfd.o
                0x00001030                canfd_error_isr
 .text.canfd_rx_fifo_isr
                0x000010f8       0xac ./ra/fsp/src/r_canfd/r_canfd.o
                0x000010f8                canfd_rx_fifo_isr
 .text.canfd_channel_tx_isr
                0x000011a4       0xf0 ./ra/fsp/src/r_canfd/r_canfd.o
                0x000011a4                canfd_channel_tx_isr
 .text.canfd_common_fifo_rx_isr
                0x00001294       0x84 ./ra/fsp/src/r_canfd/r_canfd.o
                0x00001294                canfd_common_fifo_rx_isr
 .text.R_AGT_StatusGet
                0x00001318       0x44 ./ra/fsp/src/r_agt/r_agt.o
                0x00001318                R_AGT_StatusGet
 .text.R_AGT_Start
                0x0000135c       0x6c ./ra/fsp/src/r_agt/r_agt.o
                0x0000135c                R_AGT_Start
 .text.R_AGT_Open
                0x000013c8      0x164 ./ra/fsp/src/r_agt/r_agt.o
                0x000013c8                R_AGT_Open
 .text.agt_int_isr
                0x0000152c       0x9c ./ra/fsp/src/r_agt/r_agt.o
                0x0000152c                agt_int_isr
 .text.SystemCoreClockUpdate
                0x000015c8       0x28 ./ra/fsp/src/bsp/mcu/all/bsp_clocks.o
                0x000015c8                SystemCoreClockUpdate
 .text.bsp_clock_init
                0x000015f0      0x110 ./ra/fsp/src/bsp/mcu/all/bsp_clocks.o
                0x000015f0                bsp_clock_init
 .text.bsp_prv_software_delay_loop
                0x00001700        0xc ./ra/fsp/src/bsp/mcu/all/bsp_delay.o
                0x00001700                bsp_prv_software_delay_loop
 .text.R_BSP_SoftwareDelay
                0x0000170c       0x58 ./ra/fsp/src/bsp/mcu/all/bsp_delay.o
                0x0000170c                R_BSP_SoftwareDelay
 .text.NMI_Handler
                0x00001764       0x3c ./ra/fsp/src/bsp/mcu/all/bsp_group_irq.o
                0x00001764                NMI_Handler
 .text.bsp_irq_cfg
                0x000017a0       0xa4 ./ra/fsp/src/bsp/mcu/all/bsp_irq.o
                0x000017a0                bsp_irq_cfg
 .text.R_BSP_RegisterProtectEnable
                0x00001844       0x60 ./ra/fsp/src/bsp/mcu/all/bsp_register_protection.o
                0x00001844                R_BSP_RegisterProtectEnable
 .text.R_BSP_RegisterProtectDisable
                0x000018a4       0x54 ./ra/fsp/src/bsp/mcu/all/bsp_register_protection.o
                0x000018a4                R_BSP_RegisterProtectDisable
 .text._sbrk    0x000018f8       0x40 ./ra/fsp/src/bsp/mcu/all/bsp_sbrk.o
                0x000018f8                _sbrk
 .text.Default_Handler
                0x00001938        0x4 ./ra/fsp/src/bsp/cmsis/Device/RENESAS/Source/startup.o
                0x00001938                DebugMon_Handler
                0x00001938                HardFault_Handler
                0x00001938                SysTick_Handler
                0x00001938                PendSV_Handler
                0x00001938                UsageFault_Handler
                0x00001938                SecureFault_Handler
                0x00001938                Default_Handler
                0x00001938                MemManage_Handler
                0x00001938                SVC_Handler
                0x00001938                BusFault_Handler
 .text.Reset_Handler
                0x0000193c        0xc ./ra/fsp/src/bsp/cmsis/Device/RENESAS/Source/startup.o
                0x0000193c                Reset_Handler
 .text.SystemInit
                0x00001948       0xfc ./ra/fsp/src/bsp/cmsis/Device/RENESAS/Source/system.o
                0x00001948                SystemInit
 .text.bsp_init
                0x00001a44        0x4 ./ra/board/ra6t2_mck/board_init.o
                0x00001a44                bsp_init
 .text.uxr_millis
                0x00001a48       0x38 /home/pgarrido/dev/micro-ROS/micro_ros_renesas_testbench/boards/MCK_RA6T2/e2studio_project_CAN/micro_ros_renesas2estudio_component/libmicroros/libmicroros.a(libmicroxrcedds_client-time.c.obj)
                0x00001a48                uxr_millis
 .text.__default_zero_allocate
                0x00001a80        0x4 /home/pgarrido/dev/micro-ROS/micro_ros_renesas_testbench/boards/MCK_RA6T2/e2studio_project_CAN/micro_ros_renesas2estudio_component/libmicroros/libmicroros.a(librcutils-allocator.c.obj)
 .text.__default_reallocate
                0x00001a84        0x4 /home/pgarrido/dev/micro-ROS/micro_ros_renesas_testbench/boards/MCK_RA6T2/e2studio_project_CAN/micro_ros_renesas2estudio_component/libmicroros/libmicroros.a(librcutils-allocator.c.obj)
 .text.__default_deallocate
                0x00001a88        0x4 /home/pgarrido/dev/micro-ROS/micro_ros_renesas_testbench/boards/MCK_RA6T2/e2studio_project_CAN/micro_ros_renesas2estudio_component/libmicroros/libmicroros.a(librcutils-allocator.c.obj)
 .text.__default_allocate
                0x00001a8c        0x4 /home/pgarrido/dev/micro-ROS/micro_ros_renesas_testbench/boards/MCK_RA6T2/e2studio_project_CAN/micro_ros_renesas2estudio_component/libmicroros/libmicroros.a(librcutils-allocator.c.obj)
 .text.rcutils_get_zero_initialized_allocator
                0x00001a90       0x20 /home/pgarrido/dev/micro-ROS/micro_ros_renesas_testbench/boards/MCK_RA6T2/e2studio_project_CAN/micro_ros_renesas2estudio_component/libmicroros/libmicroros.a(librcutils-allocator.c.obj)
                0x00001a90                rcutils_get_zero_initialized_allocator
 .text.rcutils_set_default_allocator
                0x00001ab0       0x3c /home/pgarrido/dev/micro-ROS/micro_ros_renesas_testbench/boards/MCK_RA6T2/e2studio_project_CAN/micro_ros_renesas2estudio_component/libmicroros/libmicroros.a(librcutils-allocator.c.obj)
                0x00001ab0                rcutils_set_default_allocator
 .text.rmw_uros_set_custom_transport
                0x00001aec       0x2c /home/pgarrido/dev/micro-ROS/micro_ros_renesas_testbench/boards/MCK_RA6T2/e2studio_project_CAN/micro_ros_renesas2estudio_component/libmicroros/libmicroros.a(librmw_microxrcedds-custom_transport.c.obj)
                0x00001aec                rmw_uros_set_custom_transport
 .text          0x00001b18      0x378 /home/pgarrido/renesas/ra/e2studio_v2024-10_fsp_v5.6.0/toolchains/gcc_arm/arm-gnu-toolchain-13.2.Rel1-x86_64-arm-none-eabi/bin/../lib/gcc/arm-none-eabi/13.2.1/thumb/v8-m.main+fp/hard/libgcc.a(_arm_addsubdf3.o)
                0x00001b18                __aeabi_drsub
                0x00001b20                __aeabi_dsub
                0x00001b20                __subdf3
                0x00001b24                __adddf3
                0x00001b24                __aeabi_dadd
                0x00001d9c                __aeabi_ui2d
                0x00001d9c                __floatunsidf
                0x00001dbc                __floatsidf
                0x00001dbc                __aeabi_i2d
                0x00001de0                __extendsfdf2
                0x00001de0                __aeabi_f2d
                0x00001e24                __aeabi_ul2d
                0x00001e24                __floatundidf
                0x00001e34                __floatdidf
                0x00001e34                __aeabi_l2d
 .text          0x00001e90      0x424 /home/pgarrido/renesas/ra/e2studio_v2024-10_fsp_v5.6.0/toolchains/gcc_arm/arm-gnu-toolchain-13.2.Rel1-x86_64-arm-none-eabi/bin/../lib/gcc/arm-none-eabi/13.2.1/thumb/v8-m.main+fp/hard/libgcc.a(_arm_muldivdf3.o)
                0x00001e90                __aeabi_dmul
                0x00001e90                __muldf3
                0x000020e4                __aeabi_ddiv
                0x000020e4                __divdf3
 .text          0x000022b4       0xa0 /home/pgarrido/renesas/ra/e2studio_v2024-10_fsp_v5.6.0/toolchains/gcc_arm/arm-gnu-toolchain-13.2.Rel1-x86_64-arm-none-eabi/bin/../lib/gcc/arm-none-eabi/13.2.1/thumb/v8-m.main+fp/hard/libgcc.a(_aeabi_ldivmod.o)
                0x000022b4                __aeabi_ldivmod
 .text          0x00002354       0x30 /home/pgarrido/renesas/ra/e2studio_v2024-10_fsp_v5.6.0/toolchains/gcc_arm/arm-gnu-toolchain-13.2.Rel1-x86_64-arm-none-eabi/bin/../lib/gcc/arm-none-eabi/13.2.1/thumb/v8-m.main+fp/hard/libgcc.a(_aeabi_uldivmod.o)
                0x00002354                __aeabi_uldivmod
 .text.__fixunsdfdi
                0x00002384       0x3c /home/pgarrido/renesas/ra/e2studio_v2024-10_fsp_v5.6.0/toolchains/gcc_arm/arm-gnu-toolchain-13.2.Rel1-x86_64-arm-none-eabi/bin/../lib/gcc/arm-none-eabi/13.2.1/thumb/v8-m.main+fp/hard/libgcc.a(_fixunsdfdi.o)
                0x00002384                __aeabi_d2ulz
                0x00002384                __fixunsdfdi
 .text.__udivmoddi4
                0x000023c0      0x300 /home/pgarrido/renesas/ra/e2studio_v2024-10_fsp_v5.6.0/toolchains/gcc_arm/arm-gnu-toolchain-13.2.Rel1-x86_64-arm-none-eabi/bin/../lib/gcc/arm-none-eabi/13.2.1/thumb/v8-m.main+fp/hard/libgcc.a(_udivmoddi4.o)
                0x000023c0                __udivmoddi4
 .text          0x000026c0        0x4 /home/pgarrido/renesas/ra/e2studio_v2024-10_fsp_v5.6.0/toolchains/gcc_arm/arm-gnu-toolchain-13.2.Rel1-x86_64-arm-none-eabi/bin/../lib/gcc/arm-none-eabi/13.2.1/thumb/v8-m.main+fp/hard/libgcc.a(_dvmd_tls.o)
                0x000026c0                __aeabi_ldiv0
                0x000026c0                __aeabi_idiv0
 .text          0x000026c4       0x40 /home/pgarrido/renesas/ra/e2studio_v2024-10_fsp_v5.6.0/toolchains/gcc_arm/arm-gnu-toolchain-13.2.Rel1-x86_64-arm-none-eabi/bin/../lib/gcc/arm-none-eabi/13.2.1/thumb/v8-m.main+fp/hard/libgcc.a(_arm_fixunsdfsi.o)
                0x000026c4                __fixunsdfsi
                0x000026c4                __aeabi_d2uiz
 .text.printf   0x00002704       0x24 /home/pgarrido/renesas/ra/e2studio_v2024-10_fsp_v5.6.0/toolchains/gcc_arm/arm-gnu-toolchain-13.2.Rel1-x86_64-arm-none-eabi/bin/../lib/gcc/arm-none-eabi/13.2.1/../../../../arm-none-eabi/lib/thumb/v8-m.main+fp/hard/libg_nano.a(libc_a-printf.o)
                0x00002704                printf
                0x00002704                iprintf
 .text.__sfputc_r
                0x00002728       0x2e /home/pgarrido/renesas/ra/e2studio_v2024-10_fsp_v5.6.0/toolchains/gcc_arm/arm-gnu-toolchain-13.2.Rel1-x86_64-arm-none-eabi/bin/../lib/gcc/arm-none-eabi/13.2.1/../../../../arm-none-eabi/lib/thumb/v8-m.main+fp/hard/libg_nano.a(libc_a-nano-vfprintf.o)
 .text.__sfputs_r
                0x00002756       0x24 /home/pgarrido/renesas/ra/e2studio_v2024-10_fsp_v5.6.0/toolchains/gcc_arm/arm-gnu-toolchain-13.2.Rel1-x86_64-arm-none-eabi/bin/../lib/gcc/arm-none-eabi/13.2.1/../../../../arm-none-eabi/lib/thumb/v8-m.main+fp/hard/libg_nano.a(libc_a-nano-vfprintf.o)
                0x00002756                __sfputs_r
 *fill*         0x0000277a        0x2 ff
 .text._vfprintf_r
                0x0000277c      0x230 /home/pgarrido/renesas/ra/e2studio_v2024-10_fsp_v5.6.0/toolchains/gcc_arm/arm-gnu-toolchain-13.2.Rel1-x86_64-arm-none-eabi/bin/../lib/gcc/arm-none-eabi/13.2.1/../../../../arm-none-eabi/lib/thumb/v8-m.main+fp/hard/libg_nano.a(libc_a-nano-vfprintf.o)
                0x0000277c                _vfiprintf_r
                0x0000277c                _vfprintf_r
 .text.__swbuf_r
                0x000029ac       0x7c /home/pgarrido/renesas/ra/e2studio_v2024-10_fsp_v5.6.0/toolchains/gcc_arm/arm-gnu-toolchain-13.2.Rel1-x86_64-arm-none-eabi/bin/../lib/gcc/arm-none-eabi/13.2.1/../../../../arm-none-eabi/lib/thumb/v8-m.main+fp/hard/libg_nano.a(libc_a-wbuf.o)
                0x000029ac                __swbuf_r
 .text.__swsetup_r
                0x00002a28       0xac /home/pgarrido/renesas/ra/e2studio_v2024-10_fsp_v5.6.0/toolchains/gcc_arm/arm-gnu-toolchain-13.2.Rel1-x86_64-arm-none-eabi/bin/../lib/gcc/arm-none-eabi/13.2.1/../../../../arm-none-eabi/lib/thumb/v8-m.main+fp/hard/libg_nano.a(libc_a-wsetup.o)
                0x00002a28                __swsetup_r
 .text._printf_common
                0x00002ad4       0xe4 /home/pgarrido/renesas/ra/e2studio_v2024-10_fsp_v5.6.0/toolchains/gcc_arm/arm-gnu-toolchain-13.2.Rel1-x86_64-arm-none-eabi/bin/../lib/gcc/arm-none-eabi/13.2.1/../../../../arm-none-eabi/lib/thumb/v8-m.main+fp/hard/libg_nano.a(libc_a-nano-vfprintf_i.o)
                0x00002ad4                _printf_common
 .text._printf_i
                0x00002bb8      0x23c /home/pgarrido/renesas/ra/e2studio_v2024-10_fsp_v5.6.0/toolchains/gcc_arm/arm-gnu-toolchain-13.2.Rel1-x86_64-arm-none-eabi/bin/../lib/gcc/arm-none-eabi/13.2.1/../../../../arm-none-eabi/lib/thumb/v8-m.main+fp/hard/libg_nano.a(libc_a-nano-vfprintf_i.o)
                0x00002bb8                _printf_i
 .text.__sflush_r
                0x00002df4      0x108 /home/pgarrido/renesas/ra/e2studio_v2024-10_fsp_v5.6.0/toolchains/gcc_arm/arm-gnu-toolchain-13.2.Rel1-x86_64-arm-none-eabi/bin/../lib/gcc/arm-none-eabi/13.2.1/../../../../arm-none-eabi/lib/thumb/v8-m.main+fp/hard/libg_nano.a(libc_a-fflush.o)
                0x00002df4                __sflush_r
 .text._fflush_r
                0x00002efc       0x50 /home/pgarrido/renesas/ra/e2studio_v2024-10_fsp_v5.6.0/toolchains/gcc_arm/arm-gnu-toolchain-13.2.Rel1-x86_64-arm-none-eabi/bin/../lib/gcc/arm-none-eabi/13.2.1/../../../../arm-none-eabi/lib/thumb/v8-m.main+fp/hard/libg_nano.a(libc_a-fflush.o)
                0x00002efc                _fflush_r
 .text.memchr   0x00002f4c       0x1c /home/pgarrido/renesas/ra/e2studio_v2024-10_fsp_v5.6.0/toolchains/gcc_arm/arm-gnu-toolchain-13.2.Rel1-x86_64-arm-none-eabi/bin/../lib/gcc/arm-none-eabi/13.2.1/../../../../arm-none-eabi/lib/thumb/v8-m.main+fp/hard/libg_nano.a(libc_a-memchr-stub.o)
                0x00002f4c                memchr
 .text.memcpy   0x00002f68       0x1a /home/pgarrido/renesas/ra/e2studio_v2024-10_fsp_v5.6.0/toolchains/gcc_arm/arm-gnu-toolchain-13.2.Rel1-x86_64-arm-none-eabi/bin/../lib/gcc/arm-none-eabi/13.2.1/../../../../arm-none-eabi/lib/thumb/v8-m.main+fp/hard/libg_nano.a(libc_a-memcpy-stub.o)
                0x00002f68                memcpy
 *fill*         0x00002f82        0x2 ff
 .text.malloc   0x00002f84       0x10 /home/pgarrido/renesas/ra/e2studio_v2024-10_fsp_v5.6.0/toolchains/gcc_arm/arm-gnu-toolchain-13.2.Rel1-x86_64-arm-none-eabi/bin/../lib/gcc/arm-none-eabi/13.2.1/../../../../arm-none-eabi/lib/thumb/v8-m.main+fp/hard/libg_nano.a(libc_a-malloc.o)
                0x00002f84                malloc
 .text.free     0x00002f94       0x10 /home/pgarrido/renesas/ra/e2studio_v2024-10_fsp_v5.6.0/toolchains/gcc_arm/arm-gnu-toolchain-13.2.Rel1-x86_64-arm-none-eabi/bin/../lib/gcc/arm-none-eabi/13.2.1/../../../../arm-none-eabi/lib/thumb/v8-m.main+fp/hard/libg_nano.a(libc_a-malloc.o)
                0x00002f94                free
 .text.sbrk_aligned
                0x00002fa4       0x44 /home/pgarrido/renesas/ra/e2studio_v2024-10_fsp_v5.6.0/toolchains/gcc_arm/arm-gnu-toolchain-13.2.Rel1-x86_64-arm-none-eabi/bin/../lib/gcc/arm-none-eabi/13.2.1/../../../../arm-none-eabi/lib/thumb/v8-m.main+fp/hard/libg_nano.a(libc_a-mallocr.o)
 .text._malloc_r
                0x00002fe8      0x100 /home/pgarrido/renesas/ra/e2studio_v2024-10_fsp_v5.6.0/toolchains/gcc_arm/arm-gnu-toolchain-13.2.Rel1-x86_64-arm-none-eabi/bin/../lib/gcc/arm-none-eabi/13.2.1/../../../../arm-none-eabi/lib/thumb/v8-m.main+fp/hard/libg_nano.a(libc_a-mallocr.o)
                0x00002fe8                _malloc_r
 .text.std      0x000030e8       0x6c /home/pgarrido/renesas/ra/e2studio_v2024-10_fsp_v5.6.0/toolchains/gcc_arm/arm-gnu-toolchain-13.2.Rel1-x86_64-arm-none-eabi/bin/../lib/gcc/arm-none-eabi/13.2.1/../../../../arm-none-eabi/lib/thumb/v8-m.main+fp/hard/libg_nano.a(libc_a-findfp.o)
 .text.stdio_exit_handler
                0x00003154       0x18 /home/pgarrido/renesas/ra/e2studio_v2024-10_fsp_v5.6.0/toolchains/gcc_arm/arm-gnu-toolchain-13.2.Rel1-x86_64-arm-none-eabi/bin/../lib/gcc/arm-none-eabi/13.2.1/../../../../arm-none-eabi/lib/thumb/v8-m.main+fp/hard/libg_nano.a(libc_a-findfp.o)
 .text.cleanup_stdio
                0x0000316c       0x40 /home/pgarrido/renesas/ra/e2studio_v2024-10_fsp_v5.6.0/toolchains/gcc_arm/arm-gnu-toolchain-13.2.Rel1-x86_64-arm-none-eabi/bin/../lib/gcc/arm-none-eabi/13.2.1/../../../../arm-none-eabi/lib/thumb/v8-m.main+fp/hard/libg_nano.a(libc_a-findfp.o)
 .text.global_stdio_init.part.0
                0x000031ac       0x3c /home/pgarrido/renesas/ra/e2studio_v2024-10_fsp_v5.6.0/toolchains/gcc_arm/arm-gnu-toolchain-13.2.Rel1-x86_64-arm-none-eabi/bin/../lib/gcc/arm-none-eabi/13.2.1/../../../../arm-none-eabi/lib/thumb/v8-m.main+fp/hard/libg_nano.a(libc_a-findfp.o)
 .text.__sfp_lock_acquire
                0x000031e8        0xc /home/pgarrido/renesas/ra/e2studio_v2024-10_fsp_v5.6.0/toolchains/gcc_arm/arm-gnu-toolchain-13.2.Rel1-x86_64-arm-none-eabi/bin/../lib/gcc/arm-none-eabi/13.2.1/../../../../arm-none-eabi/lib/thumb/v8-m.main+fp/hard/libg_nano.a(libc_a-findfp.o)
                0x000031e8                __sfp_lock_acquire
 .text.__sfp_lock_release
                0x000031f4        0xc /home/pgarrido/renesas/ra/e2studio_v2024-10_fsp_v5.6.0/toolchains/gcc_arm/arm-gnu-toolchain-13.2.Rel1-x86_64-arm-none-eabi/bin/../lib/gcc/arm-none-eabi/13.2.1/../../../../arm-none-eabi/lib/thumb/v8-m.main+fp/hard/libg_nano.a(libc_a-findfp.o)
                0x000031f4                __sfp_lock_release
 .text.__sinit  0x00003200       0x30 /home/pgarrido/renesas/ra/e2studio_v2024-10_fsp_v5.6.0/toolchains/gcc_arm/arm-gnu-toolchain-13.2.Rel1-x86_64-arm-none-eabi/bin/../lib/gcc/arm-none-eabi/13.2.1/../../../../arm-none-eabi/lib/thumb/v8-m.main+fp/hard/libg_nano.a(libc_a-findfp.o)
                0x00003200                __sinit
 .text.__sread  0x00003230       0x22 /home/pgarrido/renesas/ra/e2studio_v2024-10_fsp_v5.6.0/toolchains/gcc_arm/arm-gnu-toolchain-13.2.Rel1-x86_64-arm-none-eabi/bin/../lib/gcc/arm-none-eabi/13.2.1/../../../../arm-none-eabi/lib/thumb/v8-m.main+fp/hard/libg_nano.a(libc_a-stdio.o)
                0x00003230                __sread
 .text.__swrite
                0x00003252       0x38 /home/pgarrido/renesas/ra/e2studio_v2024-10_fsp_v5.6.0/toolchains/gcc_arm/arm-gnu-toolchain-13.2.Rel1-x86_64-arm-none-eabi/bin/../lib/gcc/arm-none-eabi/13.2.1/../../../../arm-none-eabi/lib/thumb/v8-m.main+fp/hard/libg_nano.a(libc_a-stdio.o)
                0x00003252                __swrite
 .text.__sseek  0x0000328a       0x24 /home/pgarrido/renesas/ra/e2studio_v2024-10_fsp_v5.6.0/toolchains/gcc_arm/arm-gnu-toolchain-13.2.Rel1-x86_64-arm-none-eabi/bin/../lib/gcc/arm-none-eabi/13.2.1/../../../../arm-none-eabi/lib/thumb/v8-m.main+fp/hard/libg_nano.a(libc_a-stdio.o)
                0x0000328a                __sseek
 .text.__sclose
                0x000032ae        0x8 /home/pgarrido/renesas/ra/e2studio_v2024-10_fsp_v5.6.0/toolchains/gcc_arm/arm-gnu-toolchain-13.2.Rel1-x86_64-arm-none-eabi/bin/../lib/gcc/arm-none-eabi/13.2.1/../../../../arm-none-eabi/lib/thumb/v8-m.main+fp/hard/libg_nano.a(libc_a-stdio.o)
                0x000032ae                __sclose
 *fill*         0x000032b6        0x2 ff
 .text.__malloc_lock
                0x000032b8        0xc /home/pgarrido/renesas/ra/e2studio_v2024-10_fsp_v5.6.0/toolchains/gcc_arm/arm-gnu-toolchain-13.2.Rel1-x86_64-arm-none-eabi/bin/../lib/gcc/arm-none-eabi/13.2.1/../../../../arm-none-eabi/lib/thumb/v8-m.main+fp/hard/libg_nano.a(libc_a-mlock.o)
                0x000032b8                __malloc_lock
 .text.__malloc_unlock
                0x000032c4        0xc /home/pgarrido/renesas/ra/e2studio_v2024-10_fsp_v5.6.0/toolchains/gcc_arm/arm-gnu-toolchain-13.2.Rel1-x86_64-arm-none-eabi/bin/../lib/gcc/arm-none-eabi/13.2.1/../../../../arm-none-eabi/lib/thumb/v8-m.main+fp/hard/libg_nano.a(libc_a-mlock.o)
                0x000032c4                __malloc_unlock
 .text.calloc   0x000032d0       0x10 /home/pgarrido/renesas/ra/e2studio_v2024-10_fsp_v5.6.0/toolchains/gcc_arm/arm-gnu-toolchain-13.2.Rel1-x86_64-arm-none-eabi/bin/../lib/gcc/arm-none-eabi/13.2.1/../../../../arm-none-eabi/lib/thumb/v8-m.main+fp/hard/libg_nano.a(libc_a-calloc.o)
                0x000032d0                calloc
 .text._calloc_r
                0x000032e0       0x28 /home/pgarrido/renesas/ra/e2studio_v2024-10_fsp_v5.6.0/toolchains/gcc_arm/arm-gnu-toolchain-13.2.Rel1-x86_64-arm-none-eabi/bin/../lib/gcc/arm-none-eabi/13.2.1/../../../../arm-none-eabi/lib/thumb/v8-m.main+fp/hard/libg_nano.a(libc_a-callocr.o)
                0x000032e0                _calloc_r
 .text.realloc  0x00003308       0x10 /home/pgarrido/renesas/ra/e2studio_v2024-10_fsp_v5.6.0/toolchains/gcc_arm/arm-gnu-toolchain-13.2.Rel1-x86_64-arm-none-eabi/bin/../lib/gcc/arm-none-eabi/13.2.1/../../../../arm-none-eabi/lib/thumb/v8-m.main+fp/hard/libg_nano.a(libc_a-realloc.o)
                0x00003308                realloc
 .text._read_r  0x00003318       0x24 /home/pgarrido/renesas/ra/e2studio_v2024-10_fsp_v5.6.0/toolchains/gcc_arm/arm-gnu-toolchain-13.2.Rel1-x86_64-arm-none-eabi/bin/../lib/gcc/arm-none-eabi/13.2.1/../../../../arm-none-eabi/lib/thumb/v8-m.main+fp/hard/libg_nano.a(libc_a-readr.o)
                0x00003318                _read_r
 .text._sbrk_r  0x0000333c       0x20 /home/pgarrido/renesas/ra/e2studio_v2024-10_fsp_v5.6.0/toolchains/gcc_arm/arm-gnu-toolchain-13.2.Rel1-x86_64-arm-none-eabi/bin/../lib/gcc/arm-none-eabi/13.2.1/../../../../arm-none-eabi/lib/thumb/v8-m.main+fp/hard/libg_nano.a(libc_a-sbrkr.o)
                0x0000333c                _sbrk_r
 .text._write_r
                0x0000335c       0x24 /home/pgarrido/renesas/ra/e2studio_v2024-10_fsp_v5.6.0/toolchains/gcc_arm/arm-gnu-toolchain-13.2.Rel1-x86_64-arm-none-eabi/bin/../lib/gcc/arm-none-eabi/13.2.1/../../../../arm-none-eabi/lib/thumb/v8-m.main+fp/hard/libg_nano.a(libc_a-writer.o)
                0x0000335c                _write_r
 .text.__errno  0x00003380        0xc /home/pgarrido/renesas/ra/e2studio_v2024-10_fsp_v5.6.0/toolchains/gcc_arm/arm-gnu-toolchain-13.2.Rel1-x86_64-arm-none-eabi/bin/../lib/gcc/arm-none-eabi/13.2.1/../../../../arm-none-eabi/lib/thumb/v8-m.main+fp/hard/libg_nano.a(libc_a-errno.o)
                0x00003380                __errno
 .text._fwalk_sglue
                0x0000338c       0x3c /home/pgarrido/renesas/ra/e2studio_v2024-10_fsp_v5.6.0/toolchains/gcc_arm/arm-gnu-toolchain-13.2.Rel1-x86_64-arm-none-eabi/bin/../lib/gcc/arm-none-eabi/13.2.1/../../../../arm-none-eabi/lib/thumb/v8-m.main+fp/hard/libg_nano.a(libc_a-fwalk.o)
                0x0000338c                _fwalk_sglue
 .text.memset   0x000033c8       0x10 /home/pgarrido/renesas/ra/e2studio_v2024-10_fsp_v5.6.0/toolchains/gcc_arm/arm-gnu-toolchain-13.2.Rel1-x86_64-arm-none-eabi/bin/../lib/gcc/arm-none-eabi/13.2.1/../../../../arm-none-eabi/lib/thumb/v8-m.main+fp/hard/libg_nano.a(libc_a-memset.o)
                0x000033c8                memset
 .text._realloc_r
                0x000033d8       0x5c /home/pgarrido/renesas/ra/e2studio_v2024-10_fsp_v5.6.0/toolchains/gcc_arm/arm-gnu-toolchain-13.2.Rel1-x86_64-arm-none-eabi/bin/../lib/gcc/arm-none-eabi/13.2.1/../../../../arm-none-eabi/lib/thumb/v8-m.main+fp/hard/libg_nano.a(libc_a-reallocr.o)
                0x000033d8                _realloc_r
 .text._free_r  0x00003434       0x94 /home/pgarrido/renesas/ra/e2studio_v2024-10_fsp_v5.6.0/toolchains/gcc_arm/arm-gnu-toolchain-13.2.Rel1-x86_64-arm-none-eabi/bin/../lib/gcc/arm-none-eabi/13.2.1/../../../../arm-none-eabi/lib/thumb/v8-m.main+fp/hard/libg_nano.a(libc_a-freer.o)
                0x00003434                _free_r
 .text.__retarget_lock_init_recursive
                0x000034c8        0x2 /home/pgarrido/renesas/ra/e2studio_v2024-10_fsp_v5.6.0/toolchains/gcc_arm/arm-gnu-toolchain-13.2.Rel1-x86_64-arm-none-eabi/bin/../lib/gcc/arm-none-eabi/13.2.1/../../../../arm-none-eabi/lib/thumb/v8-m.main+fp/hard/libg_nano.a(libc_a-lock.o)
                0x000034c8                __retarget_lock_init_recursive
 .text.__retarget_lock_acquire_recursive
                0x000034ca        0x2 /home/pgarrido/renesas/ra/e2studio_v2024-10_fsp_v5.6.0/toolchains/gcc_arm/arm-gnu-toolchain-13.2.Rel1-x86_64-arm-none-eabi/bin/../lib/gcc/arm-none-eabi/13.2.1/../../../../arm-none-eabi/lib/thumb/v8-m.main+fp/hard/libg_nano.a(libc_a-lock.o)
                0x000034ca                __retarget_lock_acquire_recursive
 .text.__retarget_lock_release_recursive
                0x000034cc        0x2 /home/pgarrido/renesas/ra/e2studio_v2024-10_fsp_v5.6.0/toolchains/gcc_arm/arm-gnu-toolchain-13.2.Rel1-x86_64-arm-none-eabi/bin/../lib/gcc/arm-none-eabi/13.2.1/../../../../arm-none-eabi/lib/thumb/v8-m.main+fp/hard/libg_nano.a(libc_a-lock.o)
                0x000034cc                __retarget_lock_release_recursive
 .text.__swhatbuf_r
                0x000034ce       0x4a /home/pgarrido/renesas/ra/e2studio_v2024-10_fsp_v5.6.0/toolchains/gcc_arm/arm-gnu-toolchain-13.2.Rel1-x86_64-arm-none-eabi/bin/../lib/gcc/arm-none-eabi/13.2.1/../../../../arm-none-eabi/lib/thumb/v8-m.main+fp/hard/libg_nano.a(libc_a-makebuf.o)
                0x000034ce                __swhatbuf_r
 .text.__smakebuf_r
                0x00003518       0x78 /home/pgarrido/renesas/ra/e2studio_v2024-10_fsp_v5.6.0/toolchains/gcc_arm/arm-gnu-toolchain-13.2.Rel1-x86_64-arm-none-eabi/bin/../lib/gcc/arm-none-eabi/13.2.1/../../../../arm-none-eabi/lib/thumb/v8-m.main+fp/hard/libg_nano.a(libc_a-makebuf.o)
                0x00003518                __smakebuf_r
 .text._close_r
                0x00003590       0x20 /home/pgarrido/renesas/ra/e2studio_v2024-10_fsp_v5.6.0/toolchains/gcc_arm/arm-gnu-toolchain-13.2.Rel1-x86_64-arm-none-eabi/bin/../lib/gcc/arm-none-eabi/13.2.1/../../../../arm-none-eabi/lib/thumb/v8-m.main+fp/hard/libg_nano.a(libc_a-closer.o)
                0x00003590                _close_r
 .text._fstat_r
                0x000035b0       0x24 /home/pgarrido/renesas/ra/e2studio_v2024-10_fsp_v5.6.0/toolchains/gcc_arm/arm-gnu-toolchain-13.2.Rel1-x86_64-arm-none-eabi/bin/../lib/gcc/arm-none-eabi/13.2.1/../../../../arm-none-eabi/lib/thumb/v8-m.main+fp/hard/libg_nano.a(libc_a-fstatr.o)
                0x000035b0                _fstat_r
 .text._isatty_r
                0x000035d4       0x20 /home/pgarrido/renesas/ra/e2studio_v2024-10_fsp_v5.6.0/toolchains/gcc_arm/arm-gnu-toolchain-13.2.Rel1-x86_64-arm-none-eabi/bin/../lib/gcc/arm-none-eabi/13.2.1/../../../../arm-none-eabi/lib/thumb/v8-m.main+fp/hard/libg_nano.a(libc_a-isattyr.o)
                0x000035d4                _isatty_r
 .text._lseek_r
                0x000035f4       0x24 /home/pgarrido/renesas/ra/e2studio_v2024-10_fsp_v5.6.0/toolchains/gcc_arm/arm-gnu-toolchain-13.2.Rel1-x86_64-arm-none-eabi/bin/../lib/gcc/arm-none-eabi/13.2.1/../../../../arm-none-eabi/lib/thumb/v8-m.main+fp/hard/libg_nano.a(libc_a-lseekr.o)
                0x000035f4                _lseek_r
 .text._malloc_usable_size_r
                0x00003618       0x10 /home/pgarrido/renesas/ra/e2studio_v2024-10_fsp_v5.6.0/toolchains/gcc_arm/arm-gnu-toolchain-13.2.Rel1-x86_64-arm-none-eabi/bin/../lib/gcc/arm-none-eabi/13.2.1/../../../../arm-none-eabi/lib/thumb/v8-m.main+fp/hard/libg_nano.a(libc_a-msizer.o)
                0x00003618                _malloc_usable_size_r
 .text.findslot
                0x00003628       0x34 /home/pgarrido/renesas/ra/e2studio_v2024-10_fsp_v5.6.0/toolchains/gcc_arm/arm-gnu-toolchain-13.2.Rel1-x86_64-arm-none-eabi/bin/../lib/gcc/arm-none-eabi/13.2.1/../../../../arm-none-eabi/lib/thumb/v8-m.main+fp/hard/librdimon_nano.a(arm_librdimon_a-syscalls.o)
 .text.error    0x0000365c       0x1c /home/pgarrido/renesas/ra/e2studio_v2024-10_fsp_v5.6.0/toolchains/gcc_arm/arm-gnu-toolchain-13.2.Rel1-x86_64-arm-none-eabi/bin/../lib/gcc/arm-none-eabi/13.2.1/../../../../arm-none-eabi/lib/thumb/v8-m.main+fp/hard/librdimon_nano.a(arm_librdimon_a-syscalls.o)
 .text.checkerror
                0x00003678        0xa /home/pgarrido/renesas/ra/e2studio_v2024-10_fsp_v5.6.0/toolchains/gcc_arm/arm-gnu-toolchain-13.2.Rel1-x86_64-arm-none-eabi/bin/../lib/gcc/arm-none-eabi/13.2.1/../../../../arm-none-eabi/lib/thumb/v8-m.main+fp/hard/librdimon_nano.a(arm_librdimon_a-syscalls.o)
 .text._swiread
                0x00003682       0x20 /home/pgarrido/renesas/ra/e2studio_v2024-10_fsp_v5.6.0/toolchains/gcc_arm/arm-gnu-toolchain-13.2.Rel1-x86_64-arm-none-eabi/bin/../lib/gcc/arm-none-eabi/13.2.1/../../../../arm-none-eabi/lib/thumb/v8-m.main+fp/hard/librdimon_nano.a(arm_librdimon_a-syscalls.o)
                0x00003682                _swiread
 .text._read    0x000036a2       0x34 /home/pgarrido/renesas/ra/e2studio_v2024-10_fsp_v5.6.0/toolchains/gcc_arm/arm-gnu-toolchain-13.2.Rel1-x86_64-arm-none-eabi/bin/../lib/gcc/arm-none-eabi/13.2.1/../../../../arm-none-eabi/lib/thumb/v8-m.main+fp/hard/librdimon_nano.a(arm_librdimon_a-syscalls.o)
                0x000036a2                _read
 .text._swilseek
                0x000036d6       0x78 /home/pgarrido/renesas/ra/e2studio_v2024-10_fsp_v5.6.0/toolchains/gcc_arm/arm-gnu-toolchain-13.2.Rel1-x86_64-arm-none-eabi/bin/../lib/gcc/arm-none-eabi/13.2.1/../../../../arm-none-eabi/lib/thumb/v8-m.main+fp/hard/librdimon_nano.a(arm_librdimon_a-syscalls.o)
                0x000036d6                _swilseek
 .text._lseek   0x0000374e        0x4 /home/pgarrido/renesas/ra/e2studio_v2024-10_fsp_v5.6.0/toolchains/gcc_arm/arm-gnu-toolchain-13.2.Rel1-x86_64-arm-none-eabi/bin/../lib/gcc/arm-none-eabi/13.2.1/../../../../arm-none-eabi/lib/thumb/v8-m.main+fp/hard/librdimon_nano.a(arm_librdimon_a-syscalls.o)
                0x0000374e                _lseek
 .text._swiwrite
                0x00003752       0x20 /home/pgarrido/renesas/ra/e2studio_v2024-10_fsp_v5.6.0/toolchains/gcc_arm/arm-gnu-toolchain-13.2.Rel1-x86_64-arm-none-eabi/bin/../lib/gcc/arm-none-eabi/13.2.1/../../../../arm-none-eabi/lib/thumb/v8-m.main+fp/hard/librdimon_nano.a(arm_librdimon_a-syscalls.o)
                0x00003752                _swiwrite
 .text._write   0x00003772       0x40 /home/pgarrido/renesas/ra/e2studio_v2024-10_fsp_v5.6.0/toolchains/gcc_arm/arm-gnu-toolchain-13.2.Rel1-x86_64-arm-none-eabi/bin/../lib/gcc/arm-none-eabi/13.2.1/../../../../arm-none-eabi/lib/thumb/v8-m.main+fp/hard/librdimon_nano.a(arm_librdimon_a-syscalls.o)
                0x00003772                _write
 .text._swiclose
                0x000037b2       0x1a /home/pgarrido/renesas/ra/e2studio_v2024-10_fsp_v5.6.0/toolchains/gcc_arm/arm-gnu-toolchain-13.2.Rel1-x86_64-arm-none-eabi/bin/../lib/gcc/arm-none-eabi/13.2.1/../../../../arm-none-eabi/lib/thumb/v8-m.main+fp/hard/librdimon_nano.a(arm_librdimon_a-syscalls.o)
                0x000037b2                _swiclose
 .text._close   0x000037cc       0x4c /home/pgarrido/renesas/ra/e2studio_v2024-10_fsp_v5.6.0/toolchains/gcc_arm/arm-gnu-toolchain-13.2.Rel1-x86_64-arm-none-eabi/bin/../lib/gcc/arm-none-eabi/13.2.1/../../../../arm-none-eabi/lib/thumb/v8-m.main+fp/hard/librdimon_nano.a(arm_librdimon_a-syscalls.o)
                0x000037cc                _close
 .text._swistat
                0x00003818       0x42 /home/pgarrido/renesas/ra/e2studio_v2024-10_fsp_v5.6.0/toolchains/gcc_arm/arm-gnu-toolchain-13.2.Rel1-x86_64-arm-none-eabi/bin/../lib/gcc/arm-none-eabi/13.2.1/../../../../arm-none-eabi/lib/thumb/v8-m.main+fp/hard/librdimon_nano.a(arm_librdimon_a-syscalls.o)
                0x00003818                _swistat
 .text._fstat   0x0000385a       0x1c /home/pgarrido/renesas/ra/e2studio_v2024-10_fsp_v5.6.0/toolchains/gcc_arm/arm-gnu-toolchain-13.2.Rel1-x86_64-arm-none-eabi/bin/../lib/gcc/arm-none-eabi/13.2.1/../../../../arm-none-eabi/lib/thumb/v8-m.main+fp/hard/librdimon_nano.a(arm_librdimon_a-syscalls.o)
                0x0000385a                _fstat
 .text._isatty  0x00003876       0x3a /home/pgarrido/renesas/ra/e2studio_v2024-10_fsp_v5.6.0/toolchains/gcc_arm/arm-gnu-toolchain-13.2.Rel1-x86_64-arm-none-eabi/bin/../lib/gcc/arm-none-eabi/13.2.1/../../../../arm-none-eabi/lib/thumb/v8-m.main+fp/hard/librdimon_nano.a(arm_librdimon_a-syscalls.o)
                0x00003876                _isatty
 *(.version)
 .version       0x000038b0       0x50 ./ra/fsp/src/bsp/mcu/all/bsp_common.o
 *(.init)
 .init          0x00003900        0x4 /home/pgarrido/renesas/ra/e2studio_v2024-10_fsp_v5.6.0/toolchains/gcc_arm/arm-gnu-toolchain-13.2.Rel1-x86_64-arm-none-eabi/bin/../lib/gcc/arm-none-eabi/13.2.1/thumb/v8-m.main+fp/hard/crti.o
                0x00003900                _init
 .init          0x00003904        0x8 /home/pgarrido/renesas/ra/e2studio_v2024-10_fsp_v5.6.0/toolchains/gcc_arm/arm-gnu-toolchain-13.2.Rel1-x86_64-arm-none-eabi/bin/../lib/gcc/arm-none-eabi/13.2.1/thumb/v8-m.main+fp/hard/crtn.o
 *(.fini)
 .fini          0x0000390c        0x4 /home/pgarrido/renesas/ra/e2studio_v2024-10_fsp_v5.6.0/toolchains/gcc_arm/arm-gnu-toolchain-13.2.Rel1-x86_64-arm-none-eabi/bin/../lib/gcc/arm-none-eabi/13.2.1/thumb/v8-m.main+fp/hard/crti.o
                0x0000390c                _fini
 .fini          0x00003910        0x8 /home/pgarrido/renesas/ra/e2studio_v2024-10_fsp_v5.6.0/toolchains/gcc_arm/arm-gnu-toolchain-13.2.Rel1-x86_64-arm-none-eabi/bin/../lib/gcc/arm-none-eabi/13.2.1/thumb/v8-m.main+fp/hard/crtn.o
 *crtbegin.o(.ctors)
 *crtbegin?.o(.ctors)
 *(EXCLUDE_FILE(*crtend.o *crtend?.o) .ctors)
 *(SORT_BY_NAME(.ctors.*))
 *(.ctors)
 *crtbegin.o(.dtors)
 *crtbegin?.o(.dtors)
 *(EXCLUDE_FILE(*crtend.o *crtend?.o) .dtors)
 *(SORT_BY_NAME(.dtors.*))
 *(.dtors)
 *(.rodata*)
 .rodata.hal_entry.str1.4
                0x00003918       0x27 ./src/hal_entry.o
 *fill*         0x0000393f        0x1 ff
 .rodata.p_canfd0_afl
                0x00003940      0x200 ./src/microros_transports.o
                0x00003940                p_canfd0_afl
 .rodata.g_ioport
                0x00003b40        0xc ./ra_gen/common_data.o
                0x00003b40                g_ioport
 .rodata.g_timer0_cfg
                0x00003b4c       0x20 ./ra_gen/hal_data.o
                0x00003b4c                g_timer0_cfg
 .rodata.g_timer0_extend
                0x00003b6c        0x8 ./ra_gen/hal_data.o
                0x00003b6c                g_timer0_extend
 .rodata.g_canfd0_cfg
                0x00003b74       0x18 ./ra_gen/hal_data.o
                0x00003b74                g_canfd0_cfg
 .rodata.g_bsp_pin_cfg
                0x00003b8c        0xc ./ra_gen/pin_data.o
                0x00003b8c                g_bsp_pin_cfg
 .rodata.g_bsp_pin_cfg_data
                0x00003b98      0x130 ./ra_gen/pin_data.o
                0x00003b98                g_bsp_pin_cfg_data
 .rodata.g_interrupt_event_link_select
                0x00003cc8       0xc0 ./ra_gen/vector_data.o
                0x00003cc8                g_interrupt_event_link_select
 .rodata.g_ioport_on_ioport
                0x00003d88       0x34 ./ra/fsp/src/r_ioport/r_ioport.o
                0x00003d88                g_ioport_on_ioport
 .rodata.dlc_to_bytes
                0x00003dbc       0x10 ./ra/fsp/src/r_canfd/r_canfd.o
 .rodata.g_prcr_masks
                0x00003dcc        0x8 ./ra/fsp/src/bsp/mcu/all/bsp_register_protection.o
 .rodata.g_bsp_leds
                0x00003dd4        0x8 ./ra/board/ra6t2_mck/board_leds.o
                0x00003dd4                g_bsp_leds
 .rodata.g_bsp_prv_leds
                0x00003ddc        0xc ./ra/board/ra6t2_mck/board_leds.o
 .rodata.zero_allocator.0
                0x00003de8       0x14 /home/pgarrido/dev/micro-ROS/micro_ros_renesas_testbench/boards/MCK_RA6T2/e2studio_project_CAN/micro_ros_renesas2estudio_component/libmicroros/libmicroros.a(librcutils-allocator.c.obj)
 .rodata._vfprintf_r.str1.1
                0x00003dfc       0x33 /home/pgarrido/renesas/ra/e2studio_v2024-10_fsp_v5.6.0/toolchains/gcc_arm/arm-gnu-toolchain-13.2.Rel1-x86_64-arm-none-eabi/bin/../lib/gcc/arm-none-eabi/13.2.1/../../../../arm-none-eabi/lib/thumb/v8-m.main+fp/hard/libg_nano.a(libc_a-nano-vfprintf.o)
                                 0x11 (size before relaxing)
 .rodata._printf_i.str1.1
                0x00003e2f       0x22 /home/pgarrido/renesas/ra/e2studio_v2024-10_fsp_v5.6.0/toolchains/gcc_arm/arm-gnu-toolchain-13.2.Rel1-x86_64-arm-none-eabi/bin/../lib/gcc/arm-none-eabi/13.2.1/../../../../arm-none-eabi/lib/thumb/v8-m.main+fp/hard/libg_nano.a(libc_a-nano-vfprintf_i.o)
                0x00003e2f                        __usb_dev_descriptor_start_fs = .
 *(.usb_device_desc_fs*)
                0x00003e2f                        __usb_cfg_descriptor_start_fs = .
 *(.usb_config_desc_fs*)
                0x00003e2f                        __usb_interface_descriptor_start_fs = .
 *(.usb_interface_desc_fs*)
                0x00003e2f                        __usb_descriptor_end_fs = .
                0x00003e2f                        __usb_dev_descriptor_start_hs = .
 *(.usb_device_desc_hs*)
                0x00003e2f                        __usb_cfg_descriptor_start_hs = .
 *(.usb_config_desc_hs*)
                0x00003e2f                        __usb_interface_descriptor_start_hs = .
 *(.usb_interface_desc_hs*)
                0x00003e2f                        __usb_descriptor_end_hs = .
 *(.eh_frame*)
 *fill*         0x00003e2f        0x1 ff
 .eh_frame      0x00003e30        0x0 /home/pgarrido/renesas/ra/e2studio_v2024-10_fsp_v5.6.0/toolchains/gcc_arm/arm-gnu-toolchain-13.2.Rel1-x86_64-arm-none-eabi/bin/../lib/gcc/arm-none-eabi/13.2.1/thumb/v8-m.main+fp/hard/crtbegin.o
 .eh_frame      0x00003e30       0x28 /home/pgarrido/renesas/ra/e2studio_v2024-10_fsp_v5.6.0/toolchains/gcc_arm/arm-gnu-toolchain-13.2.Rel1-x86_64-arm-none-eabi/bin/../lib/gcc/arm-none-eabi/13.2.1/../../../../arm-none-eabi/lib/thumb/v8-m.main+fp/hard/libc_nano.a(libc_a-strlen.o)
 .eh_frame      0x00003e58        0x4 /home/pgarrido/renesas/ra/e2studio_v2024-10_fsp_v5.6.0/toolchains/gcc_arm/arm-gnu-toolchain-13.2.Rel1-x86_64-arm-none-eabi/bin/../lib/gcc/arm-none-eabi/13.2.1/thumb/v8-m.main+fp/hard/crtend.o
                0x00003e5c                        __ROM_End = .
                0x000001c0                        __Vectors_Size = (__Vectors_End - __Vectors)

.glue_7         0x00003e5c        0x0
 .glue_7        0x00003e5c        0x0 linker stubs

.glue_7t        0x00003e5c        0x0
 .glue_7t       0x00003e5c        0x0 linker stubs

.vfp11_veneer   0x00003e5c        0x0
 .vfp11_veneer  0x00003e5c        0x0 linker stubs

.v4_bx          0x00003e5c        0x0
 .v4_bx         0x00003e5c        0x0 linker stubs

.iplt           0x00003e5c        0x0
 .iplt          0x00003e5c        0x0 /home/pgarrido/renesas/ra/e2studio_v2024-10_fsp_v5.6.0/toolchains/gcc_arm/arm-gnu-toolchain-13.2.Rel1-x86_64-arm-none-eabi/bin/../lib/gcc/arm-none-eabi/13.2.1/thumb/v8-m.main+fp/hard/crtbegin.o
                0x00003e5c                        . = .
                0x00003e5c                        __itcm_data_pre_location = .

.itcm_data      0x00000000        0x0 load address 0x00003e60
                0x00000000                        __tz_ITCM_S = ABSOLUTE (ITCM_START)
                0x00000000                        __itcm_data_start = .
 *(.itcm_data*)
                0x00000000                        . = ALIGN (0x8)
                0x00000000                        __itcm_data_end = .
                0x00000000                        __tz_ITCM_N = DEFINED (ITCM_NS_START)?ABSOLUTE (ITCM_NS_START):ALIGN (__itcm_data_end, 0x2000)
                0x00003e60                        __itcm_data_init_start = LOADADDR (.itcm_data)
                0x00003e60                        __itcm_data_init_end = (LOADADDR (.itcm_data) + SIZEOF (.itcm_data))
                0x00000001                        ASSERT (((ORIGIN (ITCM) % 0x8) == 0x0), ITCM memory region origin must be aligned to 8 bytes.)
                0x00000001                        ASSERT (((LENGTH (ITCM) % 0x8) == 0x0), ITCM memory region length must be a multiple of 8 bytes.)
                0x00000001                        ASSERT (((LOADADDR (.itcm_data) % 0x10) == 0x0), .itcm_data section must be aligned to 16 bytes.)
                0x00000001                        ASSERT (((SIZEOF (.itcm_data) % 0x8) == 0x0), .itcm_data section size must be a multiple of 8 bytes.)
                0x00003e5c                        . = (SIZEOF (.itcm_data) > 0x0)?__itcm_data_init_end:__itcm_data_pre_location
                0x00003e5c                        __exidx_start = .

/DISCARD/
 *(.ARM.extab* .gnu.linkonce.armextab.*)
 *(.ARM.exidx* .gnu.linkonce.armexidx.*)
                0x00003e5c                        __exidx_end = .
                0x00003e5c                        __etext = .
                0x20000000                        __tz_RAM_S = ORIGIN (RAM)

.fsp_dtc_vector_table
                0x20000000        0x0
                0x20000000                        . = ORIGIN (RAM)
 *(.fsp_dtc_vector_table)

.data           0x20000000       0xd4 load address 0x00003e5c
                0x20000000                        __data_start__ = .
                0x20000000                        . = ALIGN (0x4)
                0x20000000                        __Code_In_RAM_Start = .
 *(.code_in_ram*)
                0x20000000                        __Code_In_RAM_End = .
 *(vtable)
 *(.data.*)
 .data.g_canfd0_extended_cfg
                0x20000000       0x20 ./ra_gen/hal_data.o
                0x20000000                g_canfd0_extended_cfg
 .data.g_canfd_global_cfg
                0x20000020       0x1c ./ra_gen/hal_data.o
                0x20000020                g_canfd_global_cfg
 .data.g_canfd0_data_timing_cfg
                0x2000003c       0x10 ./ra_gen/hal_data.o
                0x2000003c                g_canfd0_data_timing_cfg
 .data.g_canfd0_bit_timing_cfg
                0x2000004c       0x10 ./ra_gen/hal_data.o
                0x2000004c                g_canfd0_bit_timing_cfg
 .data.default_allocator
                0x2000005c       0x14 /home/pgarrido/dev/micro-ROS/micro_ros_renesas_testbench/boards/MCK_RA6T2/e2studio_project_CAN/micro_ros_renesas2estudio_component/libmicroros/libmicroros.a(librcutils-allocator.c.obj)
 .data._impure_ptr
                0x20000070        0x4 /home/pgarrido/renesas/ra/e2studio_v2024-10_fsp_v5.6.0/toolchains/gcc_arm/arm-gnu-toolchain-13.2.Rel1-x86_64-arm-none-eabi/bin/../lib/gcc/arm-none-eabi/13.2.1/../../../../arm-none-eabi/lib/thumb/v8-m.main+fp/hard/libg_nano.a(libc_a-impure.o)
                0x20000070                _impure_ptr
 .data._impure_data
                0x20000074       0x4c /home/pgarrido/renesas/ra/e2studio_v2024-10_fsp_v5.6.0/toolchains/gcc_arm/arm-gnu-toolchain-13.2.Rel1-x86_64-arm-none-eabi/bin/../lib/gcc/arm-none-eabi/13.2.1/../../../../arm-none-eabi/lib/thumb/v8-m.main+fp/hard/libg_nano.a(libc_a-impure.o)
                0x20000074                _impure_data
 .data.__sglue  0x200000c0        0xc /home/pgarrido/renesas/ra/e2studio_v2024-10_fsp_v5.6.0/toolchains/gcc_arm/arm-gnu-toolchain-13.2.Rel1-x86_64-arm-none-eabi/bin/../lib/gcc/arm-none-eabi/13.2.1/../../../../arm-none-eabi/lib/thumb/v8-m.main+fp/hard/libg_nano.a(libc_a-findfp.o)
                0x200000c0                __sglue
 *(.data)
                0x200000cc                        . = ALIGN (0x4)
                0x200000cc                        PROVIDE (__preinit_array_start = .)
 *(.preinit_array)
                0x200000cc                        PROVIDE (__preinit_array_end = .)
                0x200000cc                        . = ALIGN (0x4)
                0x200000cc                        PROVIDE (__init_array_start = .)
 *(SORT_BY_NAME(.init_array.*))
 *(.init_array)
 .init_array    0x200000cc        0x4 /home/pgarrido/renesas/ra/e2studio_v2024-10_fsp_v5.6.0/toolchains/gcc_arm/arm-gnu-toolchain-13.2.Rel1-x86_64-arm-none-eabi/bin/../lib/gcc/arm-none-eabi/13.2.1/thumb/v8-m.main+fp/hard/crtbegin.o
                0x200000d0                        PROVIDE (__init_array_end = .)
                0x200000d0                        . = ALIGN (0x4)
                [!provide]                        PROVIDE (__fini_array_start = .)
 *(SORT_BY_NAME(.fini_array.*))
 *(.fini_array)
 .fini_array    0x200000d0        0x4 /home/pgarrido/renesas/ra/e2studio_v2024-10_fsp_v5.6.0/toolchains/gcc_arm/arm-gnu-toolchain-13.2.Rel1-x86_64-arm-none-eabi/bin/../lib/gcc/arm-none-eabi/13.2.1/thumb/v8-m.main+fp/hard/crtbegin.o
                [!provide]                        PROVIDE (__fini_array_end = .)
 *(.jcr*)
                0x200000d4                        . = ALIGN (0x4)
                0x200000d4                        __data_end__ = .

.tm_clone_table
                0x200000d4        0x0 load address 0x00003f30
 .tm_clone_table
                0x200000d4        0x0 /home/pgarrido/renesas/ra/e2studio_v2024-10_fsp_v5.6.0/toolchains/gcc_arm/arm-gnu-toolchain-13.2.Rel1-x86_64-arm-none-eabi/bin/../lib/gcc/arm-none-eabi/13.2.1/thumb/v8-m.main+fp/hard/crtbegin.o
 .tm_clone_table
                0x200000d4        0x0 /home/pgarrido/renesas/ra/e2studio_v2024-10_fsp_v5.6.0/toolchains/gcc_arm/arm-gnu-toolchain-13.2.Rel1-x86_64-arm-none-eabi/bin/../lib/gcc/arm-none-eabi/13.2.1/thumb/v8-m.main+fp/hard/crtend.o

.igot.plt       0x200000d4        0x0 load address 0x00003f30
 .igot.plt      0x200000d4        0x0 /home/pgarrido/renesas/ra/e2studio_v2024-10_fsp_v5.6.0/toolchains/gcc_arm/arm-gnu-toolchain-13.2.Rel1-x86_64-arm-none-eabi/bin/../lib/gcc/arm-none-eabi/13.2.1/thumb/v8-m.main+fp/hard/crtbegin.o
                0x200000d4                        . = .
                0x00003f30                        __dtcm_data_pre_location = (LOADADDR (.data) + SIZEOF (.data))

.dtcm_data      0x00000000        0x0 load address 0x00003f30
                0x00000000                        __tz_DTCM_S = ABSOLUTE (DTCM_START)
                0x00000000                        __dtcm_data_start = .
 *(.dtcm_data*)
                0x00000000                        . = ALIGN (0x8)
                0x00000000                        __dtcm_data_end = .
                0x00000000                        . = __dtcm_data_end

.dtcm_bss       0x00000000        0x0
                0x00000000                        __dtcm_bss_start = .
 *(.dtcm_bss*)
                0x00000000                        . = ALIGN (0x8)
                0x00000000                        __dtcm_bss_end = .
                0x00000000                        __tz_DTCM_N = DEFINED (DTCM_NS_START)?ABSOLUTE (DTCM_NS_START):ALIGN (__dtcm_bss_end, 0x2000)
                0x00003f30                        __dtcm_data_init_start = LOADADDR (.dtcm_data)
                0x00003f30                        __dtcm_data_init_end = (LOADADDR (.dtcm_data) + SIZEOF (.dtcm_data))
                0x00000001                        ASSERT (((ORIGIN (DTCM) % 0x8) == 0x0), DTCM memory region origin must be aligned to 8 bytes.)
                0x00000001                        ASSERT (((LENGTH (DTCM) % 0x8) == 0x0), DTCM memory region length must be a multiple of 8 bytes.)
                0x00000001                        ASSERT ((LOADADDR (.dtcm_bss) == ADDR (.dtcm_bss)), .dtcm_bss has (VMA != LMA) but should be NOLOAD (VMA == LMA).)
                0x00000001                        ASSERT (((LOADADDR (.dtcm_data) % 0x10) == 0x0), .dtcm_data section must be aligned to 16 bytes.)
                0x00000001                        ASSERT (((SIZEOF (.dtcm_data) % 0x8) == 0x0), .dtcm_data section size must be a multiple of 8 bytes.)
                0x00000001                        ASSERT (((LOADADDR (.dtcm_bss) % 0x8) == 0x0), .dtcm_bss section must be aligned to 8 bytes.)
                0x00000001                        ASSERT (((SIZEOF (.dtcm_bss) % 0x8) == 0x0), .dtcm_bss section size must be a multiple of 8 bytes.)
                0x00000001                        ASSERT ((__dtcm_bss_start == __dtcm_data_end), .dtcm_bss section is not adjacent to .dtcm_data section.)
                0x00003f30                        . = (SIZEOF (.dtcm_data) > 0x0)?__dtcm_data_init_end:__dtcm_data_pre_location
                0x00003f30                        sgstubs_pre_location = .
                0x00004000                        SGSTUBS_LOC = (DEFINED (PROJECT_SECURE) && DEFINED (FLASH_NSC_START))?ABSOLUTE (FLASH_NSC_START):ALIGN (0x400)

.gnu.sgstubs    0x00004000        0x0
                0x00004000                        __tz_FLASH_C = DEFINED (FLASH_NSC_START)?ABSOLUTE (FLASH_NSC_START):__RESERVE_NS_RAM?ABSOLUTE ((FLASH_START + FLASH_LENGTH)):ALIGN (0x400)
                0x00004000                        _start_sg = .
 *(.gnu.sgstubs*)
                0x00004000                        . = ALIGN (0x20)
                0x00004000                        _end_sg = .
                0x00008000                        __tz_FLASH_N = DEFINED (FLASH_NS_START)?ABSOLUTE (FLASH_NS_START):__RESERVE_NS_RAM?ABSOLUTE ((FLASH_START + FLASH_LENGTH)):(FLASH_LENGTH < 0x8000)?FLASH_LENGTH:ALIGN (0x8000)
                0x00008000                        FLASH_NS_IMAGE_START = DEFINED (FLASH_NS_IMAGE_START)?FLASH_NS_IMAGE_START:__tz_FLASH_N
                0x60000000                        __tz_QSPI_FLASH_S = ORIGIN (QSPI_FLASH)

.qspi_flash     0x60000000        0x0
                0x60000000                        __qspi_flash_start__ = .
 *(.qspi_flash*)
 *(.code_in_qspi*)
                0x60000000                        __qspi_flash_end__ = .
                0x00000000                        __qspi_flash_code_size__ = (__qspi_flash_end__ - __qspi_flash_start__)
                0x00003f30                        __qspi_flash_code_addr__ = sgstubs_pre_location

.qspi_non_retentive
                0x60000000        0x0 load address 0x00003f30
                0x60000000                        __qspi_non_retentive_start__ = .
 *(.qspi_non_retentive*)
                0x60000000                        __qspi_non_retentive_end__ = .
                0x00000000                        __qspi_non_retentive_size__ = (__qspi_non_retentive_end__ - __qspi_non_retentive_start__)
                0x04000000                        __qspi_region_max_size__ = 0x4000000
                0x60000000                        __qspi_region_start_address__ = __qspi_flash_start__
                0x64000000                        __qspi_region_end_address__ = (__qspi_flash_start__ + __qspi_region_max_size__)
                0x60000000                        __tz_QSPI_FLASH_N = __qspi_non_retentive_end__

.OSPI_DEVICE_0_NO_LOAD
                0x80020000        0x0
                0x80020000                        . = ALIGN (0x4)
                0x80020000                        __ospi_device_0_start__ = .
 *(.ospi_device_0_no_load*)
                0x80020000                        . = ALIGN (0x4)
                0x80020000                        __ospi_device_0_end__ = .

.OSPI_DEVICE_1_NO_LOAD
                0x80030000        0x0
                0x80030000                        . = ALIGN (0x4)
                0x80030000                        __ospi_device_1_start__ = .
 *(.ospi_device_1_no_load*)
                0x80030000                        . = ALIGN (0x4)
                0x80030000                        __ospi_device_1_end__ = .
                0x80020000                        __tz_OSPI_DEVICE_0_S = ORIGIN (OSPI_DEVICE_0)

.OSPI_DEVICE_0  0x80020000        0x0
                0x80020000                        __ospi_device_0_start__ = .
 *(.ospi_device_0*)
 *(.code_in_ospi_device_0*)
                0x80020000                        __ospi_device_0_end__ = .
                0x00000000                        __ospi_device_0_code_size__ = (__ospi_device_0_end__ - __ospi_device_0_start__)
                0x00003f30                        __ospi_device_0_code_addr__ = (sgstubs_pre_location + SIZEOF (.qspi_non_retentive))

.ospi_device_0_non_retentive
                0x80020000        0x0 load address 0x00003f30
                0x80020000                        __ospi_device_0_non_retentive_start__ = .
 *(.ospi_device_0_non_retentive*)
                0x80020000                        __ospi_device_0_non_retentive_end__ = .
                0x00000000                        __ospi_device_0_non_retentive_size__ = (__ospi_device_0_non_retentive_end__ - __ospi_device_0_non_retentive_start__)
                0x08000000                        __ospi_device_0_region_max_size__ = 0x8000000
                0x80020000                        __ospi_device_0_region_start_address__ = __ospi_device_0_start__
                0x88020000                        __ospi_device_0_region_end_address__ = (__ospi_device_0_start__ + __ospi_device_0_region_max_size__)
                0x80020000                        __tz_OSPI_DEVICE_0_N = __ospi_device_0_non_retentive_end__
                0x80030000                        __tz_OSPI_DEVICE_1_S = ORIGIN (OSPI_DEVICE_1)

.OSPI_DEVICE_1  0x80030000        0x0
                0x80030000                        __ospi_device_1_start__ = .
 *(.ospi_device_1*)
 *(.code_in_ospi_device_1*)
                0x80030000                        __ospi_device_1_end__ = .
                0x00000000                        __ospi_device_1_code_size__ = (__ospi_device_1_end__ - __ospi_device_1_start__)
                0x00003f30                        __ospi_device_1_code_addr__ = (sgstubs_pre_location + (SIZEOF (.qspi_non_retentive) + SIZEOF (.ospi_device_0_non_retentive)))

.ospi_device_1_non_retentive
                0x80030000        0x0 load address 0x00003f30
                0x80030000                        __ospi_device_1_non_retentive_start__ = .
 *(.ospi_device_1_non_retentive*)
                0x80030000                        __ospi_device_1_non_retentive_end__ = .
                0x00000000                        __ospi_device_1_non_retentive_size__ = (__ospi_device_1_non_retentive_end__ - __ospi_device_1_non_retentive_start__)
                0x10000000                        __ospi_device_1_region_max_size__ = 0x10000000
                0x80030000                        __ospi_device_1_region_start_address__ = __ospi_device_1_start__
                0x90030000                        __ospi_device_1_region_end_address__ = (__ospi_device_1_start__ + __ospi_device_1_region_max_size__)
                0x80030000                        __tz_OSPI_DEVICE_1_N = __ospi_device_1_non_retentive_end__

.noinit         0x200000d4       0x1c
                0x200000d4                        . = ALIGN (0x4)
                0x200000d4                        __noinit_start = .
 *(.noinit*)
 .noinit        0x200000d4       0x1c ./ra/fsp/src/bsp/mcu/all/bsp_clocks.o
                0x200000f0                        . = ALIGN (0x8)
 *(.heap.*)
                0x200000f0                        __noinit_end = .

.bss            0x200000f0      0x6d4
                0x200000f0                        . = ALIGN (0x4)
                0x200000f0                        __bss_start__ = .
 *(.bss*)
 .bss.completed.1
                0x200000f0        0x1 /home/pgarrido/renesas/ra/e2studio_v2024-10_fsp_v5.6.0/toolchains/gcc_arm/arm-gnu-toolchain-13.2.Rel1-x86_64-arm-none-eabi/bin/../lib/gcc/arm-none-eabi/13.2.1/thumb/v8-m.main+fp/hard/crtbegin.o
 *fill*         0x200000f1        0x3 
 .bss.object.0  0x200000f4       0x18 /home/pgarrido/renesas/ra/e2studio_v2024-10_fsp_v5.6.0/toolchains/gcc_arm/arm-gnu-toolchain-13.2.Rel1-x86_64-arm-none-eabi/bin/../lib/gcc/arm-none-eabi/13.2.1/thumb/v8-m.main+fp/hard/crtbegin.o
 *fill*         0x2000010c        0x4 
 .bss.ns_per_period.0
                0x20000110        0x8 ./src/microros_time.o
 .bss.ns_per_tick.1
                0x20000118        0x8 ./src/microros_time.o
 .bss.rollover_count
                0x20000120        0x8 ./src/microros_time.o
 .bss.timer_init
                0x20000128        0x1 ./src/microros_time.o
 .bss.g_error   0x20000129        0x1 ./src/microros_transports.o
                0x20000129                g_error
 .bss.g_write_complete
                0x2000012a        0x1 ./src/microros_transports.o
                0x2000012a                g_write_complete
 *fill*         0x2000012b        0x1 
 .bss.it_tail   0x2000012c        0x4 ./src/microros_transports.o
 .bss.it_head   0x20000130        0x4 ./src/microros_transports.o
 .bss.g_canfd_rx_frame
                0x20000134      0x260 ./src/microros_transports.o
                0x20000134                g_canfd_rx_frame
 .bss.enable_BRS
                0x20000394        0x1 ./src/microros_transports.o
                0x20000394                enable_BRS
 *fill*         0x20000395        0x3 
 .bss.g_ioport_ctrl
                0x20000398        0x8 ./ra_gen/common_data.o
                0x20000398                g_ioport_ctrl
 .bss.g_timer0_ctrl
                0x200003a0       0x20 ./ra_gen/hal_data.o
                0x200003a0                g_timer0_ctrl
 .bss.g_canfd0_ctrl
                0x200003c0       0x1c ./ra_gen/hal_data.o
                0x200003c0                g_canfd0_ctrl
 .bss.gp_ctrl   0x200003dc        0x4 ./ra/fsp/src/r_canfd/r_canfd.o
 .bss.gp_prv_agt_periods
                0x200003e0        0x8 ./ra/fsp/src/r_agt/r_agt.o
 .bss.g_bsp_group_irq_sources
                0x200003e8       0x40 ./ra/fsp/src/bsp/mcu/all/bsp_group_irq.o
                0x200003e8                g_bsp_group_irq_sources
 .bss.g_protect_pfswe_counter
                0x20000428        0x4 ./ra/fsp/src/bsp/mcu/all/bsp_io.o
                0x20000428                g_protect_pfswe_counter
 .bss.gp_renesas_isr_context
                0x2000042c      0x180 ./ra/fsp/src/bsp/mcu/all/bsp_irq.o
                0x2000042c                gp_renesas_isr_context
 .bss.g_protect_counters
                0x200005ac        0x8 ./ra/fsp/src/bsp/mcu/all/bsp_register_protection.o
                0x200005ac                g_protect_counters
 .bss.current_heap_end.0
                0x200005b4        0x4 ./ra/fsp/src/bsp/mcu/all/bsp_sbrk.o
 .bss.SystemCoreClock
                0x200005b8        0x4 ./ra/fsp/src/bsp/cmsis/Device/RENESAS/Source/system.o
                0x200005b8                SystemCoreClock
 .bss.rmw_uxrce_transport_default_params
                0x200005bc       0x1c /home/pgarrido/dev/micro-ROS/micro_ros_renesas_testbench/boards/MCK_RA6T2/e2studio_project_CAN/micro_ros_renesas2estudio_component/libmicroros/libmicroros.a(librmw_microxrcedds-custom_transport.c.obj)
                0x200005bc                rmw_uxrce_transport_default_params
 .bss.__malloc_sbrk_start
                0x200005d8        0x4 /home/pgarrido/renesas/ra/e2studio_v2024-10_fsp_v5.6.0/toolchains/gcc_arm/arm-gnu-toolchain-13.2.Rel1-x86_64-arm-none-eabi/bin/../lib/gcc/arm-none-eabi/13.2.1/../../../../arm-none-eabi/lib/thumb/v8-m.main+fp/hard/libg_nano.a(libc_a-mallocr.o)
                0x200005d8                __malloc_sbrk_start
 .bss.__malloc_free_list
                0x200005dc        0x4 /home/pgarrido/renesas/ra/e2studio_v2024-10_fsp_v5.6.0/toolchains/gcc_arm/arm-gnu-toolchain-13.2.Rel1-x86_64-arm-none-eabi/bin/../lib/gcc/arm-none-eabi/13.2.1/../../../../arm-none-eabi/lib/thumb/v8-m.main+fp/hard/libg_nano.a(libc_a-mallocr.o)
                0x200005dc                __malloc_free_list
 .bss.__sf      0x200005e0      0x138 /home/pgarrido/renesas/ra/e2studio_v2024-10_fsp_v5.6.0/toolchains/gcc_arm/arm-gnu-toolchain-13.2.Rel1-x86_64-arm-none-eabi/bin/../lib/gcc/arm-none-eabi/13.2.1/../../../../arm-none-eabi/lib/thumb/v8-m.main+fp/hard/libg_nano.a(libc_a-findfp.o)
                0x200005e0                __sf
 .bss.__stdio_exit_handler
                0x20000718        0x4 /home/pgarrido/renesas/ra/e2studio_v2024-10_fsp_v5.6.0/toolchains/gcc_arm/arm-gnu-toolchain-13.2.Rel1-x86_64-arm-none-eabi/bin/../lib/gcc/arm-none-eabi/13.2.1/../../../../arm-none-eabi/lib/thumb/v8-m.main+fp/hard/libg_nano.a(libc_a-findfp.o)
                0x20000718                __stdio_exit_handler
 .bss.__lock___malloc_recursive_mutex
                0x2000071c        0x1 /home/pgarrido/renesas/ra/e2studio_v2024-10_fsp_v5.6.0/toolchains/gcc_arm/arm-gnu-toolchain-13.2.Rel1-x86_64-arm-none-eabi/bin/../lib/gcc/arm-none-eabi/13.2.1/../../../../arm-none-eabi/lib/thumb/v8-m.main+fp/hard/libg_nano.a(libc_a-lock.o)
                0x2000071c                __lock___malloc_recursive_mutex
 .bss.__lock___sfp_recursive_mutex
                0x2000071d        0x1 /home/pgarrido/renesas/ra/e2studio_v2024-10_fsp_v5.6.0/toolchains/gcc_arm/arm-gnu-toolchain-13.2.Rel1-x86_64-arm-none-eabi/bin/../lib/gcc/arm-none-eabi/13.2.1/../../../../arm-none-eabi/lib/thumb/v8-m.main+fp/hard/libg_nano.a(libc_a-lock.o)
                0x2000071d                __lock___sfp_recursive_mutex
 *fill*         0x2000071e        0x2 
 .bss.errno     0x20000720        0x4 /home/pgarrido/renesas/ra/e2studio_v2024-10_fsp_v5.6.0/toolchains/gcc_arm/arm-gnu-toolchain-13.2.Rel1-x86_64-arm-none-eabi/bin/../lib/gcc/arm-none-eabi/13.2.1/../../../../arm-none-eabi/lib/thumb/v8-m.main+fp/hard/libg_nano.a(libc_a-reent.o)
                0x20000720                errno
 .bss.openfiles
                0x20000724       0xa0 /home/pgarrido/renesas/ra/e2studio_v2024-10_fsp_v5.6.0/toolchains/gcc_arm/arm-gnu-toolchain-13.2.Rel1-x86_64-arm-none-eabi/bin/../lib/gcc/arm-none-eabi/13.2.1/../../../../arm-none-eabi/lib/thumb/v8-m.main+fp/hard/librdimon_nano.a(arm_librdimon_a-syscalls.o)
 *(COMMON)
                0x200007c4                        . = ALIGN (0x4)
                0x200007c4                        __bss_end__ = .

.heap           0x200007c8     0x3a98
                0x200007c8                        . = ALIGN (0x8)
                0x200007c8                        __HeapBase = .
 *(.heap)
 .heap          0x200007c8     0x3a98 ./ra/fsp/src/bsp/cmsis/Device/RENESAS/Source/startup.o
                0x20004260                        __HeapLimit = .

.stack_dummy    0x20004260     0x3a98
                0x20004260                        . = ALIGN (0x8)
                0x20004260                        __StackLimit = .
 *(.stack)
 .stack         0x20004260     0x3a98 ./ra/fsp/src/bsp/cmsis/Device/RENESAS/Source/startup.o
                0x20007cf8                        __StackTop = .
 *(.stack*)
                0x20007cf8                        __StackTopAll = .
                0x20007cf8                        PROVIDE (__stack = __StackTopAll)
                0x20007cf8                        __RAM_segment_used_end__ = ALIGN (__StackTopAll, 0x4)
                0x20008000                        __tz_RAM_C = DEFINED (RAM_NSC_START)?ABSOLUTE ((RAM_NSC_START - RAM_NS_BUFFER_BLOCK_LENGTH)):__RESERVE_NS_RAM?ABSOLUTE (RAM_NS_BUFFER_BLOCK_START):ALIGN (__RAM_segment_used_end__, 0x400)
                0x20008000                        __tz_RAM_N = DEFINED (RAM_NS_START)?ABSOLUTE ((RAM_NS_START - RAM_NS_BUFFER_BLOCK_LENGTH)):__RESERVE_NS_RAM?ABSOLUTE (RAM_NS_BUFFER_BLOCK_START):ALIGN (__tz_RAM_C, 0x2000)

.ns_buffer      0x20007cf8        0x0
                0x20007cf8                        . = __RESERVE_NS_RAM?ABSOLUTE ((RAM_NS_BUFFER_START & 0xffffffe0)):.
 *(.ns_buffer*)

.data_flash     0x08000000        0x0
                0x08000000                        . = ORIGIN (DATA_FLASH)
                0x08000000                        __tz_DATA_FLASH_S = .
                0x08000000                        __Data_Flash_Start = .
 *(.data_flash*)
                0x08000000                        __Data_Flash_End = .
                0x08000000                        __tz_DATA_FLASH_N = DEFINED (DATA_FLASH_NS_START)?ABSOLUTE (DATA_FLASH_NS_START):__RESERVE_NS_RAM?ABSOLUTE ((DATA_FLASH_START + DATA_FLASH_LENGTH)):ALIGN (0x400)
                0x80010000                        __tz_SDRAM_S = ORIGIN (SDRAM)

.sdram          0x80010000        0x0
                0x80010000                        __SDRAM_Start = .
 *(.sdram*)
 *(.frame*)
                0x80010000                        __SDRAM_End = .
                0x80010000                        __tz_SDRAM_N = __SDRAM_End
                0x00000000                        __tz_ID_CODE_S = ORIGIN (ID_CODE)
                0x00000000                        __tz_ID_CODE_N = __tz_ID_CODE_S

.id_code        0x00000000        0x0
                0x00000000                        __ID_Code_Start = .
 *(.id_code*)
                0x00000000                        __ID_Code_End = .
                0x0100a100                        __tz_OPTION_SETTING_S = ORIGIN (OPTION_SETTING_OFS)

.option_setting_ofs
                0x0100a100       0x10
                0x0100a100                        __OPTION_SETTING_OFS_Start = .
 *(.option_setting_ofs0)
 .option_setting_ofs0
                0x0100a100        0x4 ./ra/fsp/src/bsp/mcu/all/bsp_rom_registers.o
                0x0100a104                        . = PROJECT_SECURE_OR_FLAT?(__OPTION_SETTING_OFS_Start + 0x4):__OPTION_SETTING_OFS_Start
 *(.option_setting_ofs2)
                0x0100a110                        . = PROJECT_SECURE_OR_FLAT?(__OPTION_SETTING_OFS_Start + 0x10):__OPTION_SETTING_OFS_Start
 *fill*         0x0100a104        0xc ff
 *(.option_setting_dualsel)
                0x0100a110                        __OPTION_SETTING_OFS_End = .

.option_setting_sas
                0x0100a134        0x4
                0x0100a134                        __OPTION_SETTING_SAS_Start = .
 *(.option_setting_sas)
 .option_setting_sas
                0x0100a134        0x4 ./ra/fsp/src/bsp/mcu/all/bsp_rom_registers.o
                0x0100a138                        __OPTION_SETTING_SAS_End = .
                0x0100a180                        __tz_OPTION_SETTING_N = ABSOLUTE (OPTION_SETTING_START_NS)

.option_setting_ns
                0x0100a100        0x0
                0x0100a100                        __OPTION_SETTING_NS_Start = .
 *(.option_setting_ofs1)
                0x0100a100                        . = USE_OPTION_SETTING_NS?(__OPTION_SETTING_NS_Start + 0x4):__OPTION_SETTING_NS_Start
 *(.option_setting_ofs3)
                0x0100a100                        . = USE_OPTION_SETTING_NS?(__OPTION_SETTING_NS_Start + 0x10):__OPTION_SETTING_NS_Start
 *(.option_setting_banksel)
                0x0100a100                        . = USE_OPTION_SETTING_NS?(__OPTION_SETTING_NS_Start + 0x40):__OPTION_SETTING_NS_Start
 *(.option_setting_bps0)
                0x0100a100                        . = USE_OPTION_SETTING_NS?(__OPTION_SETTING_NS_Start + 0x44):__OPTION_SETTING_NS_Start
 *(.option_setting_bps1)
                0x0100a100                        . = USE_OPTION_SETTING_NS?(__OPTION_SETTING_NS_Start + 0x48):__OPTION_SETTING_NS_Start
 *(.option_setting_bps2)
                0x0100a100                        . = USE_OPTION_SETTING_NS?(__OPTION_SETTING_NS_Start + 0x4c):__OPTION_SETTING_NS_Start
 *(.option_setting_bps3)
                0x0100a100                        . = USE_OPTION_SETTING_NS?(__OPTION_SETTING_NS_Start + 0x60):__OPTION_SETTING_NS_Start
 *(.option_setting_pbps0)
                0x0100a100                        . = USE_OPTION_SETTING_NS?(__OPTION_SETTING_NS_Start + 0x64):__OPTION_SETTING_NS_Start
 *(.option_setting_pbps1)
                0x0100a100                        . = USE_OPTION_SETTING_NS?(__OPTION_SETTING_NS_Start + 0x68):__OPTION_SETTING_NS_Start
 *(.option_setting_pbps2)
                0x0100a100                        . = USE_OPTION_SETTING_NS?(__OPTION_SETTING_NS_Start + 0x6c):__OPTION_SETTING_NS_Start
 *(.option_setting_pbps3)
                0x0100a100                        __OPTION_SETTING_NS_End = .
                0x0100a200                        __tz_OPTION_SETTING_S_S = ORIGIN (OPTION_SETTING_S)

.option_setting_s
                0x0100a200       0xd0
                0x0100a200                        __OPTION_SETTING_S_Start = .
 *(.option_setting_ofs1_sec)
 .option_setting_ofs1_sec
                0x0100a200        0x4 ./ra/fsp/src/bsp/mcu/all/bsp_rom_registers.o
                0x0100a204                        . = PROJECT_SECURE_OR_FLAT?(__OPTION_SETTING_S_Start + 0x4):__OPTION_SETTING_S_Start
 *(.option_setting_ofs3_sec)
                0x0100a210                        . = PROJECT_SECURE_OR_FLAT?(__OPTION_SETTING_S_Start + 0x10):__OPTION_SETTING_S_Start
 *fill*         0x0100a204        0xc ff
 *(.option_setting_banksel_sec)
 .option_setting_banksel_sec
                0x0100a210        0x4 ./ra/fsp/src/bsp/mcu/all/bsp_rom_registers.o
                0x0100a240                        . = PROJECT_SECURE_OR_FLAT?(__OPTION_SETTING_S_Start + 0x40):__OPTION_SETTING_S_Start
 *fill*         0x0100a214       0x2c ff
 *(.option_setting_bps_sec0)
 .option_setting_bps_sec0
                0x0100a240        0x4 ./ra/fsp/src/bsp/mcu/all/bsp_rom_registers.o
                0x0100a244                        . = PROJECT_SECURE_OR_FLAT?(__OPTION_SETTING_S_Start + 0x44):__OPTION_SETTING_S_Start
 *(.option_setting_bps_sec1)
 .option_setting_bps_sec1
                0x0100a244        0x4 ./ra/fsp/src/bsp/mcu/all/bsp_rom_registers.o
                0x0100a248                        . = PROJECT_SECURE_OR_FLAT?(__OPTION_SETTING_S_Start + 0x48):__OPTION_SETTING_S_Start
 *(.option_setting_bps_sec2)
 .option_setting_bps_sec2
                0x0100a248        0x4 ./ra/fsp/src/bsp/mcu/all/bsp_rom_registers.o
                0x0100a24c                        . = PROJECT_SECURE_OR_FLAT?(__OPTION_SETTING_S_Start + 0x4c):__OPTION_SETTING_S_Start
 *(.option_setting_bps_sec3)
 .option_setting_bps_sec3
                0x0100a24c        0x4 ./ra/fsp/src/bsp/mcu/all/bsp_rom_registers.o
                0x0100a260                        . = PROJECT_SECURE_OR_FLAT?(__OPTION_SETTING_S_Start + 0x60):__OPTION_SETTING_S_Start
 *fill*         0x0100a250       0x10 ff
 *(.option_setting_pbps_sec0)
 .option_setting_pbps_sec0
                0x0100a260        0x4 ./ra/fsp/src/bsp/mcu/all/bsp_rom_registers.o
                0x0100a264                        . = PROJECT_SECURE_OR_FLAT?(__OPTION_SETTING_S_Start + 0x64):__OPTION_SETTING_S_Start
 *(.option_setting_pbps_sec1)
 .option_setting_pbps_sec1
                0x0100a264        0x4 ./ra/fsp/src/bsp/mcu/all/bsp_rom_registers.o
                0x0100a268                        . = PROJECT_SECURE_OR_FLAT?(__OPTION_SETTING_S_Start + 0x68):__OPTION_SETTING_S_Start
 *(.option_setting_pbps_sec2)
 .option_setting_pbps_sec2
                0x0100a268        0x4 ./ra/fsp/src/bsp/mcu/all/bsp_rom_registers.o
                0x0100a26c                        . = PROJECT_SECURE_OR_FLAT?(__OPTION_SETTING_S_Start + 0x6c):__OPTION_SETTING_S_Start
 *(.option_setting_pbps_sec3)
 .option_setting_pbps_sec3
                0x0100a26c        0x4 ./ra/fsp/src/bsp/mcu/all/bsp_rom_registers.o
                0x0100a280                        . = PROJECT_SECURE_OR_FLAT?(__OPTION_SETTING_S_Start + 0x80):__OPTION_SETTING_S_Start
 *fill*         0x0100a270       0x10 ff
 *(.option_setting_ofs1_sel)
 .option_setting_ofs1_sel
                0x0100a280        0x4 ./ra/fsp/src/bsp/mcu/all/bsp_rom_registers.o
                0x0100a284                        . = PROJECT_SECURE_OR_FLAT?(__OPTION_SETTING_S_Start + 0x84):__OPTION_SETTING_S_Start
 *(.option_setting_ofs3_sel)
                0x0100a290                        . = PROJECT_SECURE_OR_FLAT?(__OPTION_SETTING_S_Start + 0x90):__OPTION_SETTING_S_Start
 *fill*         0x0100a284        0xc ff
 *(.option_setting_banksel_sel)
                0x0100a2c0                        . = PROJECT_SECURE_OR_FLAT?(__OPTION_SETTING_S_Start + 0xc0):__OPTION_SETTING_S_Start
 *fill*         0x0100a290       0x30 ff
 *(.option_setting_bps_sel0)
 .option_setting_bps_sel0
                0x0100a2c0        0x4 ./ra/fsp/src/bsp/mcu/all/bsp_rom_registers.o
                0x0100a2c4                        . = PROJECT_SECURE_OR_FLAT?(__OPTION_SETTING_S_Start + 0xc4):__OPTION_SETTING_S_Start
 *(.option_setting_bps_sel1)
 .option_setting_bps_sel1
                0x0100a2c4        0x4 ./ra/fsp/src/bsp/mcu/all/bsp_rom_registers.o
                0x0100a2c8                        . = PROJECT_SECURE_OR_FLAT?(__OPTION_SETTING_S_Start + 0xc8):__OPTION_SETTING_S_Start
 *(.option_setting_bps_sel2)
 .option_setting_bps_sel2
                0x0100a2c8        0x4 ./ra/fsp/src/bsp/mcu/all/bsp_rom_registers.o
                0x0100a2cc                        . = PROJECT_SECURE_OR_FLAT?(__OPTION_SETTING_S_Start + 0xcc):__OPTION_SETTING_S_Start
 *(.option_setting_bps_sel3)
 .option_setting_bps_sel3
                0x0100a2cc        0x4 ./ra/fsp/src/bsp/mcu/all/bsp_rom_registers.o
                0x0100a2d0                        __OPTION_SETTING_S_End = .
                0x0100a2d0                        __tz_OPTION_SETTING_S_N = __OPTION_SETTING_S_End
OUTPUT(microros_testbench.elf elf32-littlearm)
LOAD linker stubs

.rel.dyn        0x0100a2d0        0x0
 .rel.iplt      0x0100a2d0        0x0 /home/pgarrido/renesas/ra/e2studio_v2024-10_fsp_v5.6.0/toolchains/gcc_arm/arm-gnu-toolchain-13.2.Rel1-x86_64-arm-none-eabi/bin/../lib/gcc/arm-none-eabi/13.2.1/thumb/v8-m.main+fp/hard/crtbegin.o

.ARM.attributes
                0x00000000       0x36
 .ARM.attributes
                0x00000000       0x26 /home/pgarrido/renesas/ra/e2studio_v2024-10_fsp_v5.6.0/toolchains/gcc_arm/arm-gnu-toolchain-13.2.Rel1-x86_64-arm-none-eabi/bin/../lib/gcc/arm-none-eabi/13.2.1/thumb/v8-m.main+fp/hard/crti.o
 .ARM.attributes
                0x00000026       0x38 /home/pgarrido/renesas/ra/e2studio_v2024-10_fsp_v5.6.0/toolchains/gcc_arm/arm-gnu-toolchain-13.2.Rel1-x86_64-arm-none-eabi/bin/../lib/gcc/arm-none-eabi/13.2.1/thumb/v8-m.main+fp/hard/crtbegin.o
 .ARM.attributes
                0x0000005e       0x3a ./src/hal_entry.o
 .ARM.attributes
                0x00000098       0x3a ./src/microros_allocators.o
 .ARM.attributes
                0x000000d2       0x3a ./src/microros_app.o
 .ARM.attributes
                0x0000010c       0x3a ./src/microros_time.o
 .ARM.attributes
                0x00000146       0x3a ./src/microros_transports.o
 .ARM.attributes
                0x00000180       0x3a ./ra_gen/common_data.o
 .ARM.attributes
                0x000001ba       0x3a ./ra_gen/hal_data.o
 .ARM.attributes
                0x000001f4       0x3a ./ra_gen/main.o
 .ARM.attributes
                0x0000022e       0x3a ./ra_gen/pin_data.o
 .ARM.attributes
                0x00000268       0x3a ./ra_gen/vector_data.o
 .ARM.attributes
                0x000002a2       0x3a ./ra/fsp/src/r_ioport/r_ioport.o
 .ARM.attributes
                0x000002dc       0x3a ./ra/fsp/src/r_canfd/r_canfd.o
 .ARM.attributes
                0x00000316       0x3a ./ra/fsp/src/r_agt/r_agt.o
 .ARM.attributes
                0x00000350       0x3a ./ra/fsp/src/bsp/mcu/all/bsp_clocks.o
 .ARM.attributes