Archive member included to satisfy reference by file (symbol)

../micro_ros_renesas2estudio_component/libmicroros/libmicroros.a(libmicroxrcedds_client-time.c.obj)
                              ./src/microros_transports.o (uxr_millis)
../micro_ros_renesas2estudio_component/libmicroros/libmicroros.a(librcutils-allocator.c.obj)
                              ./src/micro_ros_thread_entry.o (rcutils_get_zero_initialized_allocator)
../micro_ros_renesas2estudio_component/libmicroros/libmicroros.a(librmw_microxrcedds-custom_transport.c.obj)
                              ./src/micro_ros_thread_entry.o (rmw_uros_set_custom_transport)
/home/pgarrido/renesas/ra/e2studio_v2024-10_fsp_v5.6.0/toolchains/gcc_arm/arm-gnu-toolchain-13.2.Rel1-x86_64-arm-none-eabi/bin/../lib/gcc/arm-none-eabi/13.2.1/thumb/v8-m.main+fp/hard/libgcc.a(_arm_muldf3.o)
                              ./src/microros_time.o (__aeabi_dmul)
/home/pgarrido/renesas/ra/e2studio_v2024-10_fsp_v5.6.0/toolchains/gcc_arm/arm-gnu-toolchain-13.2.Rel1-x86_64-arm-none-eabi/bin/../lib/gcc/arm-none-eabi/13.2.1/thumb/v8-m.main+fp/hard/libgcc.a(_arm_addsubdf3.o)
                              ./src/microros_time.o (__aeabi_i2d)
/home/pgarrido/renesas/ra/e2studio_v2024-10_fsp_v5.6.0/toolchains/gcc_arm/arm-gnu-toolchain-13.2.Rel1-x86_64-arm-none-eabi/bin/../lib/gcc/arm-none-eabi/13.2.1/thumb/v8-m.main+fp/hard/libgcc.a(_arm_muldivdf3.o)
                              ./src/microros_time.o (__aeabi_ddiv)
/home/pgarrido/renesas/ra/e2studio_v2024-10_fsp_v5.6.0/toolchains/gcc_arm/arm-gnu-toolchain-13.2.Rel1-x86_64-arm-none-eabi/bin/../lib/gcc/arm-none-eabi/13.2.1/thumb/v8-m.main+fp/hard/libgcc.a(_aeabi_ldivmod.o)
                              ./ra/fsp/src/r_sci_uart/r_sci_uart.o (__aeabi_ldivmod)
/home/pgarrido/renesas/ra/e2studio_v2024-10_fsp_v5.6.0/toolchains/gcc_arm/arm-gnu-toolchain-13.2.Rel1-x86_64-arm-none-eabi/bin/../lib/gcc/arm-none-eabi/13.2.1/thumb/v8-m.main+fp/hard/libgcc.a(_aeabi_uldivmod.o)
                              ./src/microros_time.o (__aeabi_uldivmod)
/home/pgarrido/renesas/ra/e2studio_v2024-10_fsp_v5.6.0/toolchains/gcc_arm/arm-gnu-toolchain-13.2.Rel1-x86_64-arm-none-eabi/bin/../lib/gcc/arm-none-eabi/13.2.1/thumb/v8-m.main+fp/hard/libgcc.a(_fixunsdfdi.o)
                              ./src/microros_time.o (__aeabi_d2ulz)
/home/pgarrido/renesas/ra/e2studio_v2024-10_fsp_v5.6.0/toolchains/gcc_arm/arm-gnu-toolchain-13.2.Rel1-x86_64-arm-none-eabi/bin/../lib/gcc/arm-none-eabi/13.2.1/thumb/v8-m.main+fp/hard/libgcc.a(_udivmoddi4.o)
                              /home/pgarrido/renesas/ra/e2studio_v2024-10_fsp_v5.6.0/toolchains/gcc_arm/arm-gnu-toolchain-13.2.Rel1-x86_64-arm-none-eabi/bin/../lib/gcc/arm-none-eabi/13.2.1/thumb/v8-m.main+fp/hard/libgcc.a(_aeabi_ldivmod.o) (__udivmoddi4)
/home/pgarrido/renesas/ra/e2studio_v2024-10_fsp_v5.6.0/toolchains/gcc_arm/arm-gnu-toolchain-13.2.Rel1-x86_64-arm-none-eabi/bin/../lib/gcc/arm-none-eabi/13.2.1/thumb/v8-m.main+fp/hard/libgcc.a(_dvmd_tls.o)
                              /home/pgarrido/renesas/ra/e2studio_v2024-10_fsp_v5.6.0/toolchains/gcc_arm/arm-gnu-toolchain-13.2.Rel1-x86_64-arm-none-eabi/bin/../lib/gcc/arm-none-eabi/13.2.1/thumb/v8-m.main+fp/hard/libgcc.a(_aeabi_ldivmod.o) (__aeabi_ldiv0)
/home/pgarrido/renesas/ra/e2studio_v2024-10_fsp_v5.6.0/toolchains/gcc_arm/arm-gnu-toolchain-13.2.Rel1-x86_64-arm-none-eabi/bin/../lib/gcc/arm-none-eabi/13.2.1/thumb/v8-m.main+fp/hard/libgcc.a(_arm_fixunsdfsi.o)
                              /home/pgarrido/renesas/ra/e2studio_v2024-10_fsp_v5.6.0/toolchains/gcc_arm/arm-gnu-toolchain-13.2.Rel1-x86_64-arm-none-eabi/bin/../lib/gcc/arm-none-eabi/13.2.1/thumb/v8-m.main+fp/hard/libgcc.a(_fixunsdfdi.o) (__aeabi_d2uiz)
/home/pgarrido/renesas/ra/e2studio_v2024-10_fsp_v5.6.0/toolchains/gcc_arm/arm-gnu-toolchain-13.2.Rel1-x86_64-arm-none-eabi/bin/../lib/gcc/arm-none-eabi/13.2.1/../../../../arm-none-eabi/lib/thumb/v8-m.main+fp/hard/libg_nano.a(libc_a-exit.o)
                              /home/pgarrido/renesas/ra/e2studio_v2024-10_fsp_v5.6.0/toolchains/gcc_arm/arm-gnu-toolchain-13.2.Rel1-x86_64-arm-none-eabi/bin/../lib/gcc/arm-none-eabi/13.2.1/../../../../arm-none-eabi/lib/thumb/v8-m.main+fp/hard/rdimon-crt0.o (exit)
/home/pgarrido/renesas/ra/e2studio_v2024-10_fsp_v5.6.0/toolchains/gcc_arm/arm-gnu-toolchain-13.2.Rel1-x86_64-arm-none-eabi/bin/../lib/gcc/arm-none-eabi/13.2.1/../../../../arm-none-eabi/lib/thumb/v8-m.main+fp/hard/libg_nano.a(libc_a-init.o)
                              /home/pgarrido/renesas/ra/e2studio_v2024-10_fsp_v5.6.0/toolchains/gcc_arm/arm-gnu-toolchain-13.2.Rel1-x86_64-arm-none-eabi/bin/../lib/gcc/arm-none-eabi/13.2.1/../../../../arm-none-eabi/lib/thumb/v8-m.main+fp/hard/rdimon-crt0.o (__libc_init_array)
/home/pgarrido/renesas/ra/e2studio_v2024-10_fsp_v5.6.0/toolchains/gcc_arm/arm-gnu-toolchain-13.2.Rel1-x86_64-arm-none-eabi/bin/../lib/gcc/arm-none-eabi/13.2.1/../../../../arm-none-eabi/lib/thumb/v8-m.main+fp/hard/libg_nano.a(libc_a-printf.o)
[...]
Memory Configuration

Name             Origin             Length             Attributes
ITCM             0x00000000         0x00000000         xr
DTCM             0x00000000         0x00000000         xrw
FLASH            0x00000000         0x00200000         xr
RAM              0x20000000         0x00080000         xrw
DATA_FLASH       0x08000000         0x00002000         xr
QSPI_FLASH       0x60000000         0x04000000         xr
OSPI_DEVICE_0    0x68000000         0x08000000         xr
OSPI_DEVICE_1    0x70000000         0x10000000         xr
OSPI_DEVICE_0_RAM 0x68000000         0x08000000         xrw
OSPI_DEVICE_1_RAM 0x70000000         0x10000000         xrw
SDRAM            0x80010000         0x00000000         xrw
OPTION_SETTING   0x0100a100         0x00000100         r
OPTION_SETTING_OFS 0x0100a100         0x00000018         r
OPTION_SETTING_SAS 0x0100a134         0x000000cc         r
OPTION_SETTING_S 0x0100a200         0x00000100         r
ID_CODE          0x00000000         0x00000000         xr
*default*        0x00000000         0xffffffff

Linker script and memory map

LOAD /home/pgarrido/renesas/ra/e2studio_v2024-10_fsp_v5.6.0/toolchains/gcc_arm/arm-gnu-toolchain-13.2.Rel1-x86_64-arm-none-eabi/bin/../lib/gcc/arm-none-eabi/13.2.1/thumb/v8-m.main+fp/hard/crti.o
LOAD /home/pgarrido/renesas/ra/e2studio_v2024-10_fsp_v5.6.0/toolchains/gcc_arm/arm-gnu-toolchain-13.2.Rel1-x86_64-arm-none-eabi/bin/../lib/gcc/arm-none-eabi/13.2.1/thumb/v8-m.main+fp/hard/crtbegin.o
LOAD /home/pgarrido/renesas/ra/e2studio_v2024-10_fsp_v5.6.0/toolchains/gcc_arm/arm-gnu-toolchain-13.2.Rel1-x86_64-arm-none-eabi/bin/../lib/gcc/arm-none-eabi/13.2.1/../../../../arm-none-eabi/lib/thumb/v8-m.main+fp/hard/rdimon-crt0.o
START GROUP
LOAD ./src/hal_entry.o
LOAD ./src/micro_ros_thread_entry.o
LOAD ./src/microros_allocators.o
LOAD ./src/microros_app.o
LOAD ./src/microros_time.o
LOAD ./src/microros_transports.o
LOAD ./ra_gen/common_data.o
LOAD ./ra_gen/hal_data.o
LOAD ./ra_gen/main.o
LOAD ./ra_gen/micro_ros_thread.o
LOAD ./ra_gen/pin_data.o
LOAD ./ra_gen/vector_data.o
LOAD ./ra/fsp/src/rm_wifi_onchip_silex/rm_wifi_api_silex.o
LOAD ./ra/fsp/src/rm_wifi_onchip_silex/rm_wifi_onchip_silex.o
LOAD ./ra/fsp/src/rm_freertos_port/port.o
LOAD ./ra/fsp/src/rm_aws_sockets_wrapper_wifi_silex/tcp_sockets_wrapper.o
LOAD ./ra/fsp/src/r_sci_uart/r_sci_uart.o
LOAD ./ra/fsp/src/r_ioport/r_ioport.o
LOAD ./ra/fsp/src/r_dtc/r_dtc.o
LOAD ./ra/fsp/src/r_agt/r_agt.o
LOAD ./ra/fsp/src/bsp/mcu/all/bsp_clocks.o
LOAD ./ra/fsp/src/bsp/mcu/all/bsp_common.o
LOAD ./ra/fsp/src/bsp/mcu/all/bsp_delay.o
LOAD ./ra/fsp/src/bsp/mcu/all/bsp_group_irq.o
LOAD ./ra/fsp/src/bsp/mcu/all/bsp_guard.o
LOAD ./ra/fsp/src/bsp/mcu/all/bsp_io.o
LOAD ./ra/fsp/src/bsp/mcu/all/bsp_irq.o
LOAD ./ra/fsp/src/bsp/mcu/all/bsp_macl.o
LOAD ./ra/fsp/src/bsp/mcu/all/bsp_register_protection.o
LOAD ./ra/fsp/src/bsp/mcu/all/bsp_rom_registers.o
LOAD ./ra/fsp/src/bsp/mcu/all/bsp_sbrk.o
LOAD ./ra/fsp/src/bsp/mcu/all/bsp_sdram.o
LOAD ./ra/fsp/src/bsp/mcu/all/bsp_security.o
LOAD ./ra/fsp/src/bsp/cmsis/Device/RENESAS/Source/startup.o
LOAD ./ra/fsp/src/bsp/cmsis/Device/RENESAS/Source/system.o
LOAD ./ra/board/ra6m5_ek/board_init.o
LOAD ./ra/board/ra6m5_ek/board_leds.o
LOAD ./ra/aws/FreeRTOS/FreeRTOS/Source/portable/MemMang/heap_4.o
LOAD ./ra/aws/FreeRTOS/FreeRTOS/Source/event_groups.o
LOAD ./ra/aws/FreeRTOS/FreeRTOS/Source/list.o
LOAD ./ra/aws/FreeRTOS/FreeRTOS/Source/queue.o
LOAD ./ra/aws/FreeRTOS/FreeRTOS/Source/stream_buffer.o
LOAD ./ra/aws/FreeRTOS/FreeRTOS/Source/tasks.o
LOAD ./ra/aws/FreeRTOS/FreeRTOS/Source/timers.o
LOAD ../micro_ros_renesas2estudio_component/libmicroros/libmicroros.a
END GROUP
START GROUP
LOAD /home/pgarrido/renesas/ra/e2studio_v2024-10_fsp_v5.6.0/toolchains/gcc_arm/arm-gnu-toolchain-13.2.Rel1-x86_64-arm-none-eabi/bin/../lib/gcc/arm-none-eabi/13.2.1/thumb/v8-m.main+fp/hard/libgcc.a
LOAD /home/pgarrido/renesas/ra/e2studio_v2024-10_fsp_v5.6.0/toolchains/gcc_arm/arm-gnu-toolchain-13.2.Rel1-x86_64-arm-none-eabi/bin/../lib/gcc/arm-none-eabi/13.2.1/../../../../arm-none-eabi/lib/thumb/v8-m.main+fp/hard/libg_nano.a
LOAD /home/pgarrido/renesas/ra/e2studio_v2024-10_fsp_v5.6.0/toolchains/gcc_arm/arm-gnu-toolchain-13.2.Rel1-x86_64-arm-none-eabi/bin/../lib/gcc/arm-none-eabi/13.2.1/../../../../arm-none-eabi/lib/thumb/v8-m.main+fp/hard/libc_nano.a
END GROUP
START GROUP
LOAD /home/pgarrido/renesas/ra/e2studio_v2024-10_fsp_v5.6.0/toolchains/gcc_arm/arm-gnu-toolchain-13.2.Rel1-x86_64-arm-none-eabi/bin/../lib/gcc/arm-none-eabi/13.2.1/thumb/v8-m.main+fp/hard/libgcc.a
LOAD /home/pgarrido/renesas/ra/e2studio_v2024-10_fsp_v5.6.0/toolchains/gcc_arm/arm-gnu-toolchain-13.2.Rel1-x86_64-arm-none-eabi/bin/../lib/gcc/arm-none-eabi/13.2.1/../../../../arm-none-eabi/lib/thumb/v8-m.main+fp/hard/libc_nano.a
LOAD /home/pgarrido/renesas/ra/e2studio_v2024-10_fsp_v5.6.0/toolchains/gcc_arm/arm-gnu-toolchain-13.2.Rel1-x86_64-arm-none-eabi/bin/../lib/gcc/arm-none-eabi/13.2.1/../../../../arm-none-eabi/lib/thumb/v8-m.main+fp/hard/librdimon_nano.a
END GROUP
START GROUP
LOAD /home/pgarrido/renesas/ra/e2studio_v2024-10_fsp_v5.6.0/toolchains/gcc_arm/arm-gnu-toolchain-13.2.Rel1-x86_64-arm-none-eabi/bin/../lib/gcc/arm-none-eabi/13.2.1/thumb/v8-m.main+fp/hard/libgcc.a
LOAD /home/pgarrido/renesas/ra/e2studio_v2024-10_fsp_v5.6.0/toolchains/gcc_arm/arm-gnu-toolchain-13.2.Rel1-x86_64-arm-none-eabi/bin/../lib/gcc/arm-none-eabi/13.2.1/../../../../arm-none-eabi/lib/thumb/v8-m.main+fp/hard/libc_nano.a
LOAD /home/pgarrido/renesas/ra/e2studio_v2024-10_fsp_v5.6.0/toolchains/gcc_arm/arm-gnu-toolchain-13.2.Rel1-x86_64-arm-none-eabi/bin/../lib/gcc/arm-none-eabi/13.2.1/../../../../arm-none-eabi/lib/thumb/v8-m.main+fp/hard/librdimon_nano.a
END GROUP
LOAD /home/pgarrido/renesas/ra/e2studio_v2024-10_fsp_v5.6.0/toolchains/gcc_arm/arm-gnu-toolchain-13.2.Rel1-x86_64-arm-none-eabi/bin/../lib/gcc/arm-none-eabi/13.2.1/thumb/v8-m.main+fp/hard/crtend.o
LOAD /home/pgarrido/renesas/ra/e2studio_v2024-10_fsp_v5.6.0/toolchains/gcc_arm/arm-gnu-toolchain-13.2.Rel1-x86_64-arm-none-eabi/bin/../lib/gcc/arm-none-eabi/13.2.1/thumb/v8-m.main+fp/hard/crtn.o
                0x20000000                        RAM_START = 0x20000000
                0x00080000                        RAM_LENGTH = 0x80000
                0x00000000                        FLASH_START = 0x0
                0x00200000                        FLASH_LENGTH = 0x200000
                0x08000000                        DATA_FLASH_START = 0x8000000
                0x00002000                        DATA_FLASH_LENGTH = 0x2000
                0x0100a100                        OPTION_SETTING_START = 0x100a100
                0x00000100                        OPTION_SETTING_LENGTH = 0x100
                0x0100a200                        OPTION_SETTING_S_START = 0x100a200
                0x00000100                        OPTION_SETTING_S_LENGTH = 0x100
                0x00000000                        ID_CODE_START = 0x0
                0x00000000                        ID_CODE_LENGTH = 0x0
                0x80010000                        SDRAM_START = 0x80010000
                0x00000000                        SDRAM_LENGTH = 0x0
                0x60000000                        QSPI_FLASH_START = 0x60000000
                0x04000000                        QSPI_FLASH_LENGTH = 0x4000000
                0x68000000                        OSPI_DEVICE_0_START = 0x68000000
                0x08000000                        OSPI_DEVICE_0_LENGTH = 0x8000000
                0x70000000                        OSPI_DEVICE_1_START = 0x70000000
                0x10000000                        OSPI_DEVICE_1_LENGTH = 0x10000000
                0x04000000                        QSPI_FLASH_PRV_LENGTH = DEFINED (QSPI_FLASH_SIZE)?ABSOLUTE (QSPI_FLASH_SIZE):ABSOLUTE (QSPI_FLASH_LENGTH)
                0x08000000                        OSPI_DEVICE_0_PRV_LENGTH = DEFINED (OSPI_DEVICE_0_SIZE)?ABSOLUTE (OSPI_DEVICE_0_SIZE):ABSOLUTE (OSPI_DEVICE_0_LENGTH)
                0x10000000                        OSPI_DEVICE_1_PRV_LENGTH = DEFINED (OSPI_DEVICE_1_SIZE)?ABSOLUTE (OSPI_DEVICE_1_SIZE):ABSOLUTE (OSPI_DEVICE_1_LENGTH)
                0x00000000                        __RESERVE_NS_RAM = ((! (DEFINED (PROJECT_NONSECURE)) && DEFINED (RAM_NS_BUFFER_LENGTH)) && (OPTION_SETTING_S_LENGTH != 0x0))
                0x00000000                        ITCM_START = DEFINED (ITCM_START)?ITCM_START:0x0
                0x00000000                        ITCM_LENGTH = DEFINED (ITCM_LENGTH)?ITCM_LENGTH:0x0
                0x00000000                        DTCM_START = DEFINED (DTCM_START)?DTCM_START:0x0
                0x00000000                        DTCM_LENGTH = DEFINED (DTCM_LENGTH)?DTCM_LENGTH:0x0
                0x00000000                        RAM_NS_BUFFER_BLOCK_LENGTH = DEFINED (RAM_NS_BUFFER_LENGTH)?ALIGN (RAM_NS_BUFFER_LENGTH, 0x2000):0x0
                0x00000000                        RAM_NS_BUFFER_LENGTH = DEFINED (RAM_NS_BUFFER_LENGTH)?RAM_NS_BUFFER_LENGTH:0x0
                0x20080000                        RAM_NS_BUFFER_START = ((RAM_START + RAM_LENGTH) - RAM_NS_BUFFER_LENGTH)
                0x20080000                        RAM_NS_BUFFER_BLOCK_START = ((RAM_START + RAM_LENGTH) - RAM_NS_BUFFER_BLOCK_LENGTH)
                0x0100a180                        OPTION_SETTING_START_NS = DEFINED (PROJECT_NONSECURE)?OPTION_SETTING_START:(OPTION_SETTING_START + 0x80)
                0x00000001                        __bl_FSP_BOOTABLE_IMAGE = 0x1
                0x00000001                        __bln_FSP_BOOTABLE_IMAGE = 0x1
                0x00000001                        PROJECT_SECURE_OR_FLAT = (((! (DEFINED (PROJECT_NONSECURE)) || DEFINED (PROJECT_SECURE)) && OPTION_SETTING_LENGTH) && ! (DEFINED (FSP_BOOTABLE_IMAGE)))
                0x00000000                        USE_OPTION_SETTING_NS = (DEFINED (PROJECT_NONSECURE) && ! (DEFINED (FSP_BOOTABLE_IMAGE)))
                0x00000000                        __bl_FLASH_IMAGE_START = ! (DEFINED (FLASH_BOOTLOADER_LENGTH))?0x0:(FLASH_APPLICATION_IMAGE_NUMBER == 0x1)?((FLASH_START + FLASH_BOOTLOADER_LENGTH) + FLASH_BOOTLOADER_HEADER_LENGTH):(DEFINED (BOOTLOADER_SECONDARY_USE_QSPI) || DEFINED (BOOTLOADER_SECONDARY_USE_OSPI_B))?(((FLASH_START + FLASH_BOOTLOADER_LENGTH) + FLASH_BOOTLOADER_SCRATCH_LENGTH) + FLASH_BOOTLOADER_HEADER_LENGTH):((((FLASH_START + FLASH_BOOTLOADER_LENGTH) + FLASH_BOOTLOADER_SCRATCH_LENGTH) + FLASH_APPLICATION_S_LENGTH) + FLASH_BOOTLOADER_HEADER_LENGTH)
                0x00000000                        __bl_FLASH_IMAGE_LENGTH = ! (DEFINED (FLASH_BOOTLOADER_LENGTH))?0x0:(FLASH_APPLICATION_S_LENGTH - FLASH_BOOTLOADER_HEADER_LENGTH)
                0x00000000                        __bl_FLASH_IMAGE_END = (__bl_FLASH_IMAGE_START + __bl_FLASH_IMAGE_LENGTH)
                0x00000000                        __bl_XIP_SECONDARY_FLASH_IMAGE_START = ! (DEFINED (FLASH_BOOTLOADER_LENGTH))?0x0:(((FLASH_START + FLASH_BOOTLOADER_LENGTH) + FLASH_APPLICATION_S_LENGTH) + FLASH_BOOTLOADER_HEADER_LENGTH)
                0x00000000                        __bl_XIP_SECONDARY_FLASH_IMAGE_END = (__bl_XIP_SECONDARY_FLASH_IMAGE_START + __bl_FLASH_IMAGE_LENGTH)
                0x00000000                        __bl_FLASH_NS_START = ! (DEFINED (FLASH_BOOTLOADER_LENGTH))?0x0:(FLASH_APPLICATION_NS_LENGTH == 0x0)?__bl_FLASH_IMAGE_END:((__bl_FLASH_IMAGE_START - FLASH_BOOTLOADER_HEADER_LENGTH) + FLASH_APPLICATION_S_LENGTH)
                0x00000000                        __bl_FLASH_NSC_START = ! (DEFINED (FLASH_BOOTLOADER_LENGTH))?0x0:(FLASH_APPLICATION_NS_LENGTH == 0x0)?__bl_FLASH_IMAGE_END:(__bl_FLASH_IMAGE_END - FLASH_APPLICATION_NSC_LENGTH)
                0x00000000                        __bl_RAM_NS_START = ! (DEFINED (FLASH_BOOTLOADER_LENGTH))?0x0:(FLASH_APPLICATION_NS_LENGTH == 0x0)?(RAM_START + RAM_LENGTH):((RAM_START + RAM_LENGTH) - RAM_APPLICATION_NS_LENGTH)
                0x00000000                        __bl_RAM_NSC_START = ! (DEFINED (FLASH_BOOTLOADER_LENGTH))?0x0:(FLASH_APPLICATION_NS_LENGTH == 0x0)?(RAM_START + RAM_LENGTH):(__bl_RAM_NS_START - RAM_APPLICATION_NSC_LENGTH)
                0x00000000                        __bl_FLASH_NS_IMAGE_START = ! (DEFINED (FLASH_BOOTLOADER_LENGTH))?0x0:(FLASH_APPLICATION_NS_LENGTH == 0x0)?__bl_FLASH_IMAGE_END:(__bl_FLASH_NS_START + FLASH_BOOTLOADER_HEADER_LENGTH_2)
                0x00000000                        __bln_FLASH_IMAGE_START = (__bl_FLASH_NS_IMAGE_START | ! (DEFINED (NS_OFFSET_START))?0x0:NS_OFFSET_START)
                0x00000000                        __bln_FLASH_IMAGE_LENGTH = ! (DEFINED (FLASH_BOOTLOADER_LENGTH))?0x0:(FLASH_APPLICATION_NS_LENGTH == 0x0)?__bl_FLASH_IMAGE_END:(FLASH_APPLICATION_NS_LENGTH - FLASH_BOOTLOADER_HEADER_LENGTH_2)
                0x00000000                        XIP_SECONDARY_SLOT_IMAGE = DEFINED (XIP_SECONDARY_SLOT_IMAGE)?XIP_SECONDARY_SLOT_IMAGE:0x0
                0x00000000                        FLASH_ORIGIN = ! (DEFINED (FLASH_IMAGE_START))?FLASH_START:(XIP_SECONDARY_SLOT_IMAGE == 0x1)?XIP_SECONDARY_FLASH_IMAGE_START:FLASH_IMAGE_START
                0x00200000                        LIMITED_FLASH_LENGTH = DEFINED (FLASH_IMAGE_LENGTH)?FLASH_IMAGE_LENGTH:DEFINED (FLASH_BOOTLOADER_LENGTH)?FLASH_BOOTLOADER_LENGTH:FLASH_LENGTH
                0x00000034                        OPTION_SETTING_SAS_SIZE = 0x34
                0x000000cc                        OPTION_SETTING_SAS_LENGTH = ! (DEFINED (OPTION_SETTING_LENGTH))?0x0:(OPTION_SETTING_LENGTH == 0x0)?0x0:(OPTION_SETTING_LENGTH - OPTION_SETTING_SAS_SIZE)
START GROUP
LOAD /home/pgarrido/renesas/ra/e2studio_v2024-10_fsp_v5.6.0/toolchains/gcc_arm/arm-gnu-toolchain-13.2.Rel1-x86_64-arm-none-eabi/bin/../lib/gcc/arm-none-eabi/13.2.1/thumb/v8-m.main+fp/hard/libgcc.a
LOAD /home/pgarrido/renesas/ra/e2studio_v2024-10_fsp_v5.6.0/toolchains/gcc_arm/arm-gnu-toolchain-13.2.Rel1-x86_64-arm-none-eabi/bin/../lib/gcc/arm-none-eabi/13.2.1/../../../../arm-none-eabi/lib/thumb/v8-m.main+fp/hard/libc.a
LOAD /home/pgarrido/renesas/ra/e2studio_v2024-10_fsp_v5.6.0/toolchains/gcc_arm/arm-gnu-toolchain-13.2.Rel1-x86_64-arm-none-eabi/bin/../lib/gcc/arm-none-eabi/13.2.1/../../../../arm-none-eabi/lib/thumb/v8-m.main+fp/hard/libm.a
END GROUP

.text           0x00000000     0xa928
                0x00000000                        __tz_FLASH_S = ABSOLUTE (FLASH_START)
                0x00000000                        __ROM_Start = .
 *(.fixed_vectors*)
 .fixed_vectors
                0x00000000       0x40 ./ra/fsp/src/bsp/cmsis/Device/RENESAS/Source/startup.o
                0x00000000                __Vectors
 *(.application_vectors*)
 .application_vectors
                0x00000040      0x180 ./ra_gen/vector_data.o
                0x00000040                g_vector_table
                0x000001c0                        __Vectors_End = .
 *(.flash_gap*)
                0x000001c0                        . = (OPTION_SETTING_LENGTH > 0x0)?.:(__ROM_Start + 0x400)
 *(.rom_registers*)
 *(.mcuboot_sce9_key*)
 *(.text*)
 .text.deregister_tm_clones
                0x000001c0       0x1c /home/pgarrido/renesas/ra/e2studio_v2024-10_fsp_v5.6.0/toolchains/gcc_arm/arm-gnu-toolchain-13.2.Rel1-x86_64-arm-none-eabi/bin/../lib/gcc/arm-none-eabi/13.2.1/thumb/v8-m.main+fp/hard/crtbegin.o
 .text.register_tm_clones
                0x000001dc       0x28 /home/pgarrido/renesas/ra/e2studio_v2024-10_fsp_v5.6.0/toolchains/gcc_arm/arm-gnu-toolchain-13.2.Rel1-x86_64-arm-none-eabi/bin/../lib/gcc/arm-none-eabi/13.2.1/thumb/v8-m.main+fp/hard/crtbegin.o
 .text.__do_global_dtors_aux
                0x00000204       0x28 /home/pgarrido/renesas/ra/e2studio_v2024-10_fsp_v5.6.0/toolchains/gcc_arm/arm-gnu-toolchain-13.2.Rel1-x86_64-arm-none-eabi/bin/../lib/gcc/arm-none-eabi/13.2.1/thumb/v8-m.main+fp/hard/crtbegin.o
 .text.frame_dummy
                0x0000022c       0x24 /home/pgarrido/renesas/ra/e2studio_v2024-10_fsp_v5.6.0/toolchains/gcc_arm/arm-gnu-toolchain-13.2.Rel1-x86_64-arm-none-eabi/bin/../lib/gcc/arm-none-eabi/13.2.1/thumb/v8-m.main+fp/hard/crtbegin.o
 .text.R_BSP_WarmStart
                0x00000250       0x18 ./src/hal_entry.o
                0x00000250                R_BSP_WarmStart
 .text.micro_ros_thread_entry
                0x00000268       0xf0 ./src/micro_ros_thread_entry.o
                0x00000268                micro_ros_thread_entry
 .text.pvPortRealloc
                0x00000358       0x50 ./src/microros_allocators.o
                0x00000358                pvPortRealloc
 .text.microros_allocate
                0x000003a8        0x4 ./src/microros_allocators.o
                0x000003a8                microros_allocate
 .text.microros_deallocate
                0x000003ac        0x8 ./src/microros_allocators.o
                0x000003ac                microros_deallocate
 .text.microros_reallocate
                0x000003b4        0xc ./src/microros_allocators.o
                0x000003b4                microros_reallocate
 .text.microros_zero_allocate
                0x000003c0        0x4 ./src/microros_allocators.o
                0x000003c0                microros_zero_allocate
 .text.microros_app
                0x000003c4        0x4 ./src/microros_app.o
                0x000003c4                microros_app
 .text.micro_ros_timer_cb
                0x000003c8       0x18 ./src/microros_time.o
                0x000003c8                micro_ros_timer_cb
 .text.clock_gettime
                0x000003e0       0xe8 ./src/microros_time.o
                0x000003e0                clock_gettime
 .text.renesas_e2_transport_open
                0x000004c8       0x60 ./src/microros_transports.o
                0x000004c8                renesas_e2_transport_open
 .text.renesas_e2_transport_close
                0x00000528       0x30 ./src/microros_transports.o
                0x00000528                renesas_e2_transport_close
 .text.renesas_e2_transport_write
                0x00000558       0x40 ./src/microros_transports.o
                0x00000558                renesas_e2_transport_write
 .text.read_tcp_data
                0x00000598       0x6c ./src/microros_transports.o
                0x00000598                read_tcp_data
 .text.renesas_e2_transport_read
                0x00000604       0x58 ./src/microros_transports.o
                0x00000604                renesas_e2_transport_read
 .text.g_common_init
                0x0000065c        0x4 ./ra_gen/common_data.o
                0x0000065c                g_common_init
 .text.g_hal_init
                0x00000660        0x4 ./ra_gen/hal_data.o
                0x00000660                g_hal_init
 .text.rtos_startup_err_callback_internal
                0x00000664        0x4 ./ra_gen/main.o
                0x00000664                rtos_startup_err_callback_internal
                0x00000664                rtos_startup_err_callback
 .text.rtos_startup_common_init
                0x00000668       0x68 ./ra_gen/main.o
                0x00000668                rtos_startup_common_init
 .text.startup.main
                0x000006d0       0x44 ./ra_gen/main.o
                0x000006d0                main
 .text.vApplicationGetIdleTaskMemory
                0x00000714       0x1c ./ra_gen/main.o
                0x00000714                vApplicationGetIdleTaskMemory
 .text.vApplicationGetTimerTaskMemory
                0x00000730       0x1c ./ra_gen/main.o
                0x00000730                vApplicationGetTimerTaskMemory
 .text.micro_ros_thread_func
                0x0000074c       0x14 ./ra_gen/micro_ros_thread.o
 .text.micro_ros_thread_create
                0x00000760       0x58 ./ra_gen/micro_ros_thread.o
                0x00000760                micro_ros_thread_create
 .text.WIFI_On  0x000007b8       0x14 ./ra/fsp/src/rm_wifi_onchip_silex/rm_wifi_api_silex.o
                0x000007b8                WIFI_On
 .text.WIFI_Off
                0x000007cc       0x10 ./ra/fsp/src/rm_wifi_onchip_silex/rm_wifi_api_silex.o
                0x000007cc                WIFI_Off
 .text.WIFI_ConnectAP
                0x000007dc       0x40 ./ra/fsp/src/rm_wifi_onchip_silex/rm_wifi_api_silex.o
                0x000007dc                WIFI_ConnectAP
 .text.prvReadBytesFromBuffer
                0x0000081c       0x84 ./ra/fsp/src/rm_wifi_onchip_silex/rm_wifi_onchip_silex.o
 .text.rm_wifi_onchip_silex_wifi_module_reset.constprop.0
                0x000008a0       0x38 ./ra/fsp/src/rm_wifi_onchip_silex/rm_wifi_onchip_silex.o
 .text.rm_wifi_onchip_silex_cleanup_open.constprop.0
                0x000008d8       0xa8 ./ra/fsp/src/rm_wifi_onchip_silex/rm_wifi_onchip_silex.o
 .text.rm_wifi_onchip_silex_avail_socket_get
                0x00000980       0x28 ./ra/fsp/src/rm_wifi_onchip_silex/rm_wifi_onchip_silex.o
                0x00000980                rm_wifi_onchip_silex_avail_socket_get
 .text.rm_wifi_onchip_silex_send_basic_take_mutex
                0x000009a8       0x58 ./ra/fsp/src/rm_wifi_onchip_silex/rm_wifi_onchip_silex.o
                0x000009a8                rm_wifi_onchip_silex_send_basic_take_mutex
 .text.rm_wifi_onchip_silex_send_basic_give_mutex
                0x00000a00       0x3c ./ra/fsp/src/rm_wifi_onchip_silex/rm_wifi_onchip_silex.o
                0x00000a00                rm_wifi_onchip_silex_send_basic_give_mutex
 .text.rm_wifi_onchip_silex_uart_callback
                0x00000a3c       0xfc ./ra/fsp/src/rm_wifi_onchip_silex/rm_wifi_onchip_silex.o
                0x00000a3c                rm_wifi_onchip_silex_uart_callback
 .text.xStreamBufferReceiveAlternate
                0x00000b38      0x158 ./ra/fsp/src/rm_wifi_onchip_silex/rm_wifi_onchip_silex.o
                0x00000b38                xStreamBufferReceiveAlternate
 .text.rm_wifi_onchip_silex_send_basic
                0x00000c90      0x1d8 ./ra/fsp/src/rm_wifi_onchip_silex/rm_wifi_onchip_silex.o
                0x00000c90                rm_wifi_onchip_silex_send_basic
 .text.rm_wifi_onchip_silex_open
                0x00000e68      0x4a4 ./ra/fsp/src/rm_wifi_onchip_silex/rm_wifi_onchip_silex.o
                0x00000e68                rm_wifi_onchip_silex_open
 .text.rm_wifi_onchip_silex_close
                0x0000130c       0xa0 ./ra/fsp/src/rm_wifi_onchip_silex/rm_wifi_onchip_silex.o
                0x0000130c                rm_wifi_onchip_silex_close
 .text.rm_wifi_onchip_silex_dns_query
                0x000013ac      0x124 ./ra/fsp/src/rm_wifi_onchip_silex/rm_wifi_onchip_silex.o
                0x000013ac                rm_wifi_onchip_silex_dns_query
 .text.rm_wifi_onchip_silex_change_socket_index.constprop.0
                0x000014d0       0x94 ./ra/fsp/src/rm_wifi_onchip_silex/rm_wifi_onchip_silex.o
 .text.rm_wifi_onchip_silex_socket_disconnect
                0x00001564      0x120 ./ra/fsp/src/rm_wifi_onchip_silex/rm_wifi_onchip_silex.o
                0x00001564                rm_wifi_onchip_silex_socket_disconnect
 .text.rm_wifi_onchip_silex_tcp_connect
                0x00001684      0x158 ./ra/fsp/src/rm_wifi_onchip_silex/rm_wifi_onchip_silex.o
                0x00001684                rm_wifi_onchip_silex_tcp_connect
 .text.rm_wifi_onchip_silex_socket_create
                0x000017dc      0x154 ./ra/fsp/src/rm_wifi_onchip_silex/rm_wifi_onchip_silex.o
                0x000017dc                rm_wifi_onchip_silex_socket_create
 .text.rm_wifi_onchip_silex_send
                0x00001930      0x134 ./ra/fsp/src/rm_wifi_onchip_silex/rm_wifi_onchip_silex.o
                0x00001930                rm_wifi_onchip_silex_send
 .text.rm_wifi_onchip_silex_connect
                0x00001a64      0x32c ./ra/fsp/src/rm_wifi_onchip_silex/rm_wifi_onchip_silex.o
                0x00001a64                rm_wifi_onchip_silex_connect
 .text.rm_wifi_onchip_silex_recv
                0x00001d90      0x1f8 ./ra/fsp/src/rm_wifi_onchip_silex/rm_wifi_onchip_silex.o
                0x00001d90                rm_wifi_onchip_silex_recv
 .text.prvTaskExitError
                0x00001f88        0x4 ./ra/fsp/src/rm_freertos_port/port.o
 .text.SVC_Handler
                0x00001f8c       0x18 ./ra/fsp/src/rm_freertos_port/port.o
                0x00001f8c                SVC_Handler
 .text.PendSV_Handler
                0x00001fa4       0x44 ./ra/fsp/src/rm_freertos_port/port.o
                0x00001fa4                PendSV_Handler
 .text.rm_freertos_port_restore_task_stackless
                0x00001fe8       0x24 ./ra/fsp/src/rm_freertos_port/port.o
                0x00001fe8                rm_freertos_port_restore_task_stackless
 .text.SysTick_Handler
                0x0000200c       0x24 ./ra/fsp/src/rm_freertos_port/port.o
                0x0000200c                SysTick_Handler
 .text.vPortSVCHandler_C
                0x00002030       0x34 ./ra/fsp/src/rm_freertos_port/port.o
                0x00002030                vPortSVCHandler_C
 .text.pxPortInitialiseStack
                0x00002064       0x34 ./ra/fsp/src/rm_freertos_port/port.o
                0x00002064                pxPortInitialiseStack
 .text.vPortEnterCritical
                0x00002098       0x50 ./ra/fsp/src/rm_freertos_port/port.o
                0x00002098                vPortEnterCritical
 .text.vPortExitCritical
                0x000020e8       0x3c ./ra/fsp/src/rm_freertos_port/port.o
                0x000020e8                vPortExitCritical
 .text.rm_freertos_port_sleep_preserving_lpm
                0x00002124       0x6c ./ra/fsp/src/rm_freertos_port/port.o
                0x00002124                rm_freertos_port_sleep_preserving_lpm
 .text.vApplicationIdleHook
                0x00002190       0x18 ./ra/fsp/src/rm_freertos_port/port.o
                0x00002190                vApplicationIdleHook
 .text.vPortSetupTimerInterrupt
                0x000021a8       0x44 ./ra/fsp/src/rm_freertos_port/port.o
                0x000021a8                vPortSetupTimerInterrupt
 .text.xPortStartScheduler
                0x000021ec       0x3c ./ra/fsp/src/rm_freertos_port/port.o
                0x000021ec                xPortStartScheduler
 .text.vPortValidateInterruptPriority
                0x00002228       0x5c ./ra/fsp/src/rm_freertos_port/port.o
                0x00002228                vPortValidateInterruptPriority
 .text.TCP_Sockets_Connect
                0x00002284       0xf0 ./ra/fsp/src/rm_aws_sockets_wrapper_wifi_silex/tcp_sockets_wrapper.o
                0x00002284                TCP_Sockets_Connect
 .text.TCP_Sockets_Disconnect
                0x00002374       0x48 ./ra/fsp/src/rm_aws_sockets_wrapper_wifi_silex/tcp_sockets_wrapper.o
                0x00002374                TCP_Sockets_Disconnect
 .text.TCP_Sockets_Recv
                0x000023bc       0x28 ./ra/fsp/src/rm_aws_sockets_wrapper_wifi_silex/tcp_sockets_wrapper.o
                0x000023bc                TCP_Sockets_Recv
 .text.TCP_Sockets_Send
                0x000023e4       0x28 ./ra/fsp/src/rm_aws_sockets_wrapper_wifi_silex/tcp_sockets_wrapper.o
                0x000023e4                TCP_Sockets_Send
 .text.R_SCI_UART_Read
                0x0000240c       0x34 ./ra/fsp/src/r_sci_uart/r_sci_uart.o
                0x0000240c                R_SCI_UART_Read
 .text.R_SCI_UART_Write
                0x00002440       0xac ./ra/fsp/src/r_sci_uart/r_sci_uart.o
                0x00002440                R_SCI_UART_Write
 .text.R_SCI_UART_CallbackSet
                0x000024ec       0x10 ./ra/fsp/src/r_sci_uart/r_sci_uart.o
                0x000024ec                R_SCI_UART_CallbackSet
 .text.R_SCI_UART_BaudSet
                0x000024fc       0x5c ./ra/fsp/src/r_sci_uart/r_sci_uart.o
                0x000024fc                R_SCI_UART_BaudSet
 .text.R_SCI_UART_InfoGet
                0x00002558       0x28 ./ra/fsp/src/r_sci_uart/r_sci_uart.o
                0x00002558                R_SCI_UART_InfoGet
 .text.R_SCI_UART_Abort
                0x00002580       0x84 ./ra/fsp/src/r_sci_uart/r_sci_uart.o
                0x00002580                R_SCI_UART_Abort
 .text.R_SCI_UART_ReadStop
                0x00002604       0x3c ./ra/fsp/src/r_sci_uart/r_sci_uart.o
                0x00002604                R_SCI_UART_ReadStop
 .text.R_SCI_UART_Close
                0x00002640       0xd4 ./ra/fsp/src/r_sci_uart/r_sci_uart.o
                0x00002640                R_SCI_UART_Close
 .text.r_sci_uart_call_callback
                0x00002714       0x44 ./ra/fsp/src/r_sci_uart/r_sci_uart.o
 .text.R_SCI_UART_Open
                0x00002758      0x4dc ./ra/fsp/src/r_sci_uart/r_sci_uart.o
                0x00002758                R_SCI_UART_Open
 .text.R_SCI_UART_BaudCalculate
                0x00002c34      0x1e8 ./ra/fsp/src/r_sci_uart/r_sci_uart.o
                0x00002c34                R_SCI_UART_BaudCalculate
 .text.sci_uart_txi_isr
                0x00002e1c      0x108 ./ra/fsp/src/r_sci_uart/r_sci_uart.o
                0x00002e1c                sci_uart_txi_isr
 .text.sci_uart_rxi_isr
                0x00002f24      0x190 ./ra/fsp/src/r_sci_uart/r_sci_uart.o
                0x00002f24                sci_uart_rxi_isr
 .text.sci_uart_tei_isr
                0x000030b4       0x48 ./ra/fsp/src/r_sci_uart/r_sci_uart.o
                0x000030b4                sci_uart_tei_isr
 .text.sci_uart_eri_isr
                0x000030fc       0x80 ./ra/fsp/src/r_sci_uart/r_sci_uart.o
                0x000030fc                sci_uart_eri_isr
 .text.R_IOPORT_Close
                0x0000317c        0xc ./ra/fsp/src/r_ioport/r_ioport.o
                0x0000317c                R_IOPORT_Close
 .text.R_IOPORT_PinRead
                0x00003188       0x24 ./ra/fsp/src/r_ioport/r_ioport.o
                0x00003188                R_IOPORT_PinRead
 .text.R_IOPORT_PortRead
                0x000031ac       0x14 ./ra/fsp/src/r_ioport/r_ioport.o
                0x000031ac                R_IOPORT_PortRead
 .text.R_IOPORT_PortWrite
                0x000031c0       0x1c ./ra/fsp/src/r_ioport/r_ioport.o
                0x000031c0                R_IOPORT_PortWrite
 .text.R_IOPORT_PinWrite
                0x000031dc       0x20 ./ra/fsp/src/r_ioport/r_ioport.o
                0x000031dc                R_IOPORT_PinWrite
 .text.R_IOPORT_PortDirectionSet
                0x000031fc       0x2c ./ra/fsp/src/r_ioport/r_ioport.o
                0x000031fc                R_IOPORT_PortDirectionSet
 .text.R_IOPORT_PortEventInputRead
                0x00003228       0x18 ./ra/fsp/src/r_ioport/r_ioport.o
                0x00003228                R_IOPORT_PortEventInputRead
 .text.R_IOPORT_PinEventInputRead
                0x00003240       0x34 ./ra/fsp/src/r_ioport/r_ioport.o
                0x00003240                R_IOPORT_PinEventInputRead
 .text.R_IOPORT_PortEventOutputWrite
                0x00003274       0x1c ./ra/fsp/src/r_ioport/r_ioport.o
                0x00003274                R_IOPORT_PortEventOutputWrite
 .text.R_IOPORT_PinEventOutputWrite
                0x00003290       0x34 ./ra/fsp/src/r_ioport/r_ioport.o
                0x00003290                R_IOPORT_PinEventOutputWrite
 .text.bsp_vbatt_init
                0x000032c4       0x9c ./ra/fsp/src/r_ioport/r_ioport.o
 .text.r_ioport_pins_config
                0x00003360       0xac ./ra/fsp/src/r_ioport/r_ioport.o
 .text.R_IOPORT_Open
                0x0000340c       0x14 ./ra/fsp/src/r_ioport/r_ioport.o
                0x0000340c                R_IOPORT_Open
 .text.R_IOPORT_PinsCfg
                0x00003420        0xc ./ra/fsp/src/r_ioport/r_ioport.o
                0x00003420                R_IOPORT_PinsCfg
 .text.R_IOPORT_PinCfg
                0x0000342c       0xa8 ./ra/fsp/src/r_ioport/r_ioport.o
                0x0000342c                R_IOPORT_PinCfg
 .text.R_DTC_Reset
                0x000034d4       0x84 ./ra/fsp/src/r_dtc/r_dtc.o
                0x000034d4                R_DTC_Reset
 .text.R_DTC_SoftwareStart
                0x00003558        0x4 ./ra/fsp/src/r_dtc/r_dtc.o
                0x00003558                R_DTC_SoftwareStart
 .text.R_DTC_SoftwareStop
                0x0000355c        0x4 ./ra/fsp/src/r_dtc/r_dtc.o
                0x0000355c                R_DTC_SoftwareStop
 .text.R_DTC_Enable
                0x00003560       0x20 ./ra/fsp/src/r_dtc/r_dtc.o
                0x00003560                R_DTC_Enable
 .text.R_DTC_Disable
                0x00003580       0x20 ./ra/fsp/src/r_dtc/r_dtc.o
                0x00003580                R_DTC_Disable
 .text.R_DTC_InfoGet
                0x000035a0       0x5c ./ra/fsp/src/r_dtc/r_dtc.o
                0x000035a0                R_DTC_InfoGet
 .text.R_DTC_Reload
                0x000035fc        0x4 ./ra/fsp/src/r_dtc/r_dtc.o
                0x000035fc                R_DTC_Reload
 .text.R_DTC_CallbackSet
                0x00003600        0x4 ./ra/fsp/src/r_dtc/r_dtc.o
                0x00003600                R_DTC_CallbackSet
 .text.R_DTC_Close
                0x00003604       0x30 ./ra/fsp/src/r_dtc/r_dtc.o
                0x00003604                R_DTC_Close
 .text.R_DTC_Reconfigure
                0x00003634       0x74 ./ra/fsp/src/r_dtc/r_dtc.o
                0x00003634                R_DTC_Reconfigure
 .text.R_DTC_Open
                0x000036a8       0xb0 ./ra/fsp/src/r_dtc/r_dtc.o
                0x000036a8                R_DTC_Open
 .text.R_AGT_StatusGet
                0x00003758       0x44 ./ra/fsp/src/r_agt/r_agt.o
                0x00003758                R_AGT_StatusGet
 .text.R_AGT_Start
                0x0000379c       0x60 ./ra/fsp/src/r_agt/r_agt.o
                0x0000379c                R_AGT_Start
 .text.R_AGT_Open
                0x000037fc      0x150 ./ra/fsp/src/r_agt/r_agt.o
                0x000037fc                R_AGT_Open
 .text.agt_int_isr
                0x0000394c       0x9c ./ra/fsp/src/r_agt/r_agt.o
                0x0000394c                agt_int_isr
 .text.SystemCoreClockUpdate
                0x000039e8       0x28 ./ra/fsp/src/bsp/mcu/all/bsp_clocks.o
                0x000039e8                SystemCoreClockUpdate
 .text.R_BSP_SubClockStabilizeWaitAfterReset
                0x00003a10        0x4 ./ra/fsp/src/bsp/mcu/all/bsp_clocks.o
                0x00003a10                R_BSP_SubClockStabilizeWaitAfterReset
 .text.bsp_clock_init
                0x00003a14      0x14c ./ra/fsp/src/bsp/mcu/all/bsp_clocks.o
                0x00003a14                bsp_clock_init
 .text.R_BSP_Init_RTC
                0x00003b60       0x68 ./ra/fsp/src/bsp/mcu/all/bsp_clocks.o
                0x00003b60                R_BSP_Init_RTC
 .text.__assert_func
                0x00003bc8        0x4 ./ra/fsp/src/bsp/mcu/all/bsp_common.o
                0x00003bc8                __assert_func
 .text.bsp_prv_software_delay_loop
                0x00003bcc        0xc ./ra/fsp/src/bsp/mcu/all/bsp_delay.o
                0x00003bcc                bsp_prv_software_delay_loop
 .text.R_BSP_SoftwareDelay
                0x00003bd8       0x58 ./ra/fsp/src/bsp/mcu/all/bsp_delay.o
                0x00003bd8                R_BSP_SoftwareDelay
 .text.NMI_Handler
                0x00003c30       0x3c ./ra/fsp/src/bsp/mcu/all/bsp_group_irq.o
                0x00003c30                NMI_Handler
 .text.bsp_irq_cfg
                0x00003c6c       0xa4 ./ra/fsp/src/bsp/mcu/all/bsp_irq.o
                0x00003c6c                bsp_irq_cfg
 .text.R_BSP_RegisterProtectEnable
                0x00003d10       0x60 ./ra/fsp/src/bsp/mcu/all/bsp_register_protection.o
                0x00003d10                R_BSP_RegisterProtectEnable
 .text.R_BSP_RegisterProtectDisable
                0x00003d70       0x54 ./ra/fsp/src/bsp/mcu/all/bsp_register_protection.o
                0x00003d70                R_BSP_RegisterProtectDisable
 .text._sbrk    0x00003dc4       0x40 ./ra/fsp/src/bsp/mcu/all/bsp_sbrk.o
                0x00003dc4                _sbrk
 .text.Default_Handler
                0x00003e04        0x4 ./ra/fsp/src/bsp/cmsis/Device/RENESAS/Source/startup.o
                0x00003e04                DebugMon_Handler
                0x00003e04                HardFault_Handler
                0x00003e04                UsageFault_Handler
                0x00003e04                SecureFault_Handler
                0x00003e04                Default_Handler
                0x00003e04                MemManage_Handler
                0x00003e04                BusFault_Handler
 .text.Reset_Handler
                0x00003e08        0xc ./ra/fsp/src/bsp/cmsis/Device/RENESAS/Source/startup.o
                0x00003e08                Reset_Handler
 .text.SystemInit
                0x00003e14       0xe0 ./ra/fsp/src/bsp/cmsis/Device/RENESAS/Source/system.o
                0x00003e14                SystemInit
 .text.bsp_init
                0x00003ef4        0x4 ./ra/board/ra6m5_ek/board_init.o
                0x00003ef4                bsp_init
 .text.prvInsertBlockIntoFreeList
                0x00003ef8       0x60 ./ra/aws/FreeRTOS/FreeRTOS/Source/portable/MemMang/heap_4.o
 .text.pvPortMalloc
                0x00003f58      0x134 ./ra/aws/FreeRTOS/FreeRTOS/Source/portable/MemMang/heap_4.o
                0x00003f58                pvPortMalloc
 .text.vPortFree
                0x0000408c       0x7c ./ra/aws/FreeRTOS/FreeRTOS/Source/portable/MemMang/heap_4.o
                0x0000408c                vPortFree
 .text.pvPortCalloc
                0x00004108       0x28 ./ra/aws/FreeRTOS/FreeRTOS/Source/portable/MemMang/heap_4.o
                0x00004108                pvPortCalloc
 .text.vListInitialise
                0x00004130       0x18 ./ra/aws/FreeRTOS/FreeRTOS/Source/list.o
                0x00004130                vListInitialise
 .text.vListInitialiseItem
                0x00004148        0x8 ./ra/aws/FreeRTOS/FreeRTOS/Source/list.o
                0x00004148                vListInitialiseItem
 .text.vListInsert
                0x00004150       0x30 ./ra/aws/FreeRTOS/FreeRTOS/Source/list.o
                0x00004150                vListInsert
 .text.uxListRemove
                0x00004180       0x28 ./ra/aws/FreeRTOS/FreeRTOS/Source/list.o
                0x00004180                uxListRemove
 .text.prvCopyDataToQueue
                0x000041a8       0x78 ./ra/aws/FreeRTOS/FreeRTOS/Source/queue.o
 .text.prvUnlockQueue
                0x00004220       0x8c ./ra/aws/FreeRTOS/FreeRTOS/Source/queue.o
 .text.xQueueGenericReset
                0x000042ac       0xbc ./ra/aws/FreeRTOS/FreeRTOS/Source/queue.o
                0x000042ac                xQueueGenericReset
 .text.xQueueGenericCreateStatic
                0x00004368       0x84 ./ra/aws/FreeRTOS/FreeRTOS/Source/queue.o
                0x00004368                xQueueGenericCreateStatic
 .text.xQueueCreateCountingSemaphoreStatic
                0x000043ec       0x7c ./ra/aws/FreeRTOS/FreeRTOS/Source/queue.o
                0x000043ec                xQueueCreateCountingSemaphoreStatic
 .text.xQueueGenericSend
                0x00004468      0x198 ./ra/aws/FreeRTOS/FreeRTOS/Source/queue.o
                0x00004468                xQueueGenericSend
 .text.xQueueCreateMutexStatic
                0x00004600       0xa4 ./ra/aws/FreeRTOS/FreeRTOS/Source/queue.o
                0x00004600                xQueueCreateMutexStatic
 .text.xQueueGiveFromISR
                0x000046a4       0xc4 ./ra/aws/FreeRTOS/FreeRTOS/Source/queue.o
                0x000046a4                xQueueGiveFromISR
 .text.xQueueReceive
                0x00004768      0x178 ./ra/aws/FreeRTOS/FreeRTOS/Source/queue.o
                0x00004768                xQueueReceive
 .text.xQueueSemaphoreTake
                0x000048e0      0x1a8 ./ra/aws/FreeRTOS/FreeRTOS/Source/queue.o
                0x000048e0                xQueueSemaphoreTake
 .text.uxQueueMessagesWaiting
                0x00004a88       0x30 ./ra/aws/FreeRTOS/FreeRTOS/Source/queue.o
                0x00004a88                uxQueueMessagesWaiting
 .text.uxQueueMessagesWaitingFromISR
                0x00004ab8       0x24 ./ra/aws/FreeRTOS/FreeRTOS/Source/queue.o
                0x00004ab8                uxQueueMessagesWaitingFromISR
 .text.vQueueDelete
                0x00004adc       0x60 ./ra/aws/FreeRTOS/FreeRTOS/Source/queue.o
                0x00004adc                vQueueDelete
 .text.vQueueAddToRegistry
                0x00004b3c       0x64 ./ra/aws/FreeRTOS/FreeRTOS/Source/queue.o
                0x00004b3c                vQueueAddToRegistry
 .text.vQueueWaitForMessageRestricted
                0x00004ba0       0x50 ./ra/aws/FreeRTOS/FreeRTOS/Source/queue.o
                0x00004ba0                vQueueWaitForMessageRestricted
 .text.prvWriteBytesToBuffer
                0x00004bf0       0x90 ./ra/aws/FreeRTOS/FreeRTOS/Source/stream_buffer.o
 .text.prvWriteMessageToBuffer
                0x00004c80       0x50 ./ra/aws/FreeRTOS/FreeRTOS/Source/stream_buffer.o
 .text.prvInitialiseNewStreamBuffer.part.0
                0x00004cd0       0x1c ./ra/aws/FreeRTOS/FreeRTOS/Source/stream_buffer.o
 .text.xStreamBufferGenericCreateStatic
                0x00004cec       0xcc ./ra/aws/FreeRTOS/FreeRTOS/Source/stream_buffer.o
                0x00004cec                xStreamBufferGenericCreateStatic
 .text.vStreamBufferDelete
                0x00004db8       0x38 ./ra/aws/FreeRTOS/FreeRTOS/Source/stream_buffer.o
                0x00004db8                vStreamBufferDelete
 .text.xStreamBufferReset
                0x00004df0       0x7c ./ra/aws/FreeRTOS/FreeRTOS/Source/stream_buffer.o
                0x00004df0                xStreamBufferReset
 .text.xStreamBufferSetTriggerLevel
                0x00004e6c       0x34 ./ra/aws/FreeRTOS/FreeRTOS/Source/stream_buffer.o
                0x00004e6c                xStreamBufferSetTriggerLevel
 .text.xStreamBufferSpacesAvailable
                0x00004ea0       0x3c ./ra/aws/FreeRTOS/FreeRTOS/Source/stream_buffer.o
                0x00004ea0                xStreamBufferSpacesAvailable
 .text.xStreamBufferSendFromISR
                0x00004edc       0xac ./ra/aws/FreeRTOS/FreeRTOS/Source/stream_buffer.o
                0x00004edc                xStreamBufferSendFromISR
 .text.prvAddNewTaskToReadyList
                0x00004f88      0x128 ./ra/aws/FreeRTOS/FreeRTOS/Source/tasks.o
 .text.prvAddCurrentTaskToDelayedList
                0x000050b0       0xa4 ./ra/aws/FreeRTOS/FreeRTOS/Source/tasks.o
 .text.prvInitialiseNewTask.constprop.0
                0x00005154       0xa0 ./ra/aws/FreeRTOS/FreeRTOS/Source/tasks.o
 .text.prvIdleTask
                0x000051f4       0xa8 ./ra/aws/FreeRTOS/FreeRTOS/Source/tasks.o
 .text.xTaskIncrementTick.part.0
                0x0000529c      0x174 ./ra/aws/FreeRTOS/FreeRTOS/Source/tasks.o
 .text.xTaskCreateStatic
                0x00005410       0x9c ./ra/aws/FreeRTOS/FreeRTOS/Source/tasks.o
                0x00005410                xTaskCreateStatic
 .text.vTaskStartScheduler
                0x000054ac       0x94 ./ra/aws/FreeRTOS/FreeRTOS/Source/tasks.o
                0x000054ac                vTaskStartScheduler
 .text.vTaskSuspendAll
                0x00005540       0x10 ./ra/aws/FreeRTOS/FreeRTOS/Source/tasks.o
                0x00005540                vTaskSuspendAll
 .text.xTaskResumeAll
                0x00005550      0x1a8 ./ra/aws/FreeRTOS/FreeRTOS/Source/tasks.o
                0x00005550                xTaskResumeAll
 .text.vTaskDelay
                0x000056f8       0x50 ./ra/aws/FreeRTOS/FreeRTOS/Source/tasks.o
                0x000056f8                vTaskDelay
 .text.xTaskGetTickCount
                0x00005748        0xc ./ra/aws/FreeRTOS/FreeRTOS/Source/tasks.o
                0x00005748                xTaskGetTickCount
 .text.uxTaskGetNumberOfTasks
                0x00005754        0xc ./ra/aws/FreeRTOS/FreeRTOS/Source/tasks.o
                0x00005754                uxTaskGetNumberOfTasks
 .text.xTaskIncrementTick
                0x00005760       0x20 ./ra/aws/FreeRTOS/FreeRTOS/Source/tasks.o
                0x00005760                xTaskIncrementTick
 .text.vTaskSwitchContext
                0x00005780       0x94 ./ra/aws/FreeRTOS/FreeRTOS/Source/tasks.o
                0x00005780                vTaskSwitchContext
 .text.vTaskPlaceOnEventList
                0x00005814       0x3c ./ra/aws/FreeRTOS/FreeRTOS/Source/tasks.o
                0x00005814                vTaskPlaceOnEventList
 .text.vTaskPlaceOnEventListRestricted
                0x00005850       0x6c ./ra/aws/FreeRTOS/FreeRTOS/Source/tasks.o
                0x00005850                vTaskPlaceOnEventListRestricted
 .text.xTaskRemoveFromEventList
                0x000058bc       0xe8 ./ra/aws/FreeRTOS/FreeRTOS/Source/tasks.o
                0x000058bc                xTaskRemoveFromEventList
 .text.vTaskInternalSetTimeOutState
                0x000059a4       0x18 ./ra/aws/FreeRTOS/FreeRTOS/Source/tasks.o
                0x000059a4                vTaskInternalSetTimeOutState
 .text.xTaskCheckForTimeOut
                0x000059bc       0x90 ./ra/aws/FreeRTOS/FreeRTOS/Source/tasks.o
                0x000059bc                xTaskCheckForTimeOut
 .text.vTaskMissedYield
                0x00005a4c        0xc ./ra/aws/FreeRTOS/FreeRTOS/Source/tasks.o
                0x00005a4c                vTaskMissedYield
 .text.xTaskGetCurrentTaskHandle
                0x00005a58        0xc ./ra/aws/FreeRTOS/FreeRTOS/Source/tasks.o
                0x00005a58                xTaskGetCurrentTaskHandle
 .text.xTaskGetSchedulerState
                0x00005a64       0x20 ./ra/aws/FreeRTOS/FreeRTOS/Source/tasks.o
                0x00005a64                xTaskGetSchedulerState
 .text.xTaskPriorityInherit
                0x00005a84       0x90 ./ra/aws/FreeRTOS/FreeRTOS/Source/tasks.o
                0x00005a84                xTaskPriorityInherit
 .text.xTaskPriorityDisinherit
                0x00005b14       0xa8 ./ra/aws/FreeRTOS/FreeRTOS/Source/tasks.o
                0x00005b14                xTaskPriorityDisinherit
 .text.vTaskPriorityDisinheritAfterTimeout
                0x00005bbc       0xb4 ./ra/aws/FreeRTOS/FreeRTOS/Source/tasks.o
                0x00005bbc                vTaskPriorityDisinheritAfterTimeout
 .text.pvTaskIncrementMutexHeldCount
                0x00005c70       0x18 ./ra/aws/FreeRTOS/FreeRTOS/Source/tasks.o
                0x00005c70                pvTaskIncrementMutexHeldCount
 .text.xTaskGenericNotifyWait
                0x00005c88       0xa8 ./ra/aws/FreeRTOS/FreeRTOS/Source/tasks.o
                0x00005c88                xTaskGenericNotifyWait
 .text.xTaskGenericNotify
                0x00005d30      0x138 ./ra/aws/FreeRTOS/FreeRTOS/Source/tasks.o
                0x00005d30                xTaskGenericNotify
 .text.xTaskGenericNotifyFromISR
                0x00005e68      0x174 ./ra/aws/FreeRTOS/FreeRTOS/Source/tasks.o
                0x00005e68                xTaskGenericNotifyFromISR
 .text.xTaskGenericNotifyStateClear
                0x00005fdc       0x4c ./ra/aws/FreeRTOS/FreeRTOS/Source/tasks.o
                0x00005fdc                xTaskGenericNotifyStateClear
 .text.prvCheckForValidListAndQueue
                0x00006028       0x6c ./ra/aws/FreeRTOS/FreeRTOS/Source/timers.o
 .text.prvProcessExpiredTimer
                0x00006094       0x90 ./ra/aws/FreeRTOS/FreeRTOS/Source/timers.o
 .text.prvTimerTask
                0x00006124      0x248 ./ra/aws/FreeRTOS/FreeRTOS/Source/timers.o
 .text.xTimerCreateTimerTask
                0x0000636c       0x6c ./ra/aws/FreeRTOS/FreeRTOS/Source/timers.o
                0x0000636c                xTimerCreateTimerTask
 .text.uxr_millis
                0x000063d8       0x38 ../micro_ros_renesas2estudio_component/libmicroros/libmicroros.a(libmicroxrcedds_client-time.c.obj)
                0x000063d8                uxr_millis
 .text.__default_zero_allocate
                0x00006410        0x4 ../micro_ros_renesas2estudio_component/libmicroros/libmicroros.a(librcutils-allocator.c.obj)
 .text.__default_reallocate
                0x00006414        0x4 ../micro_ros_renesas2estudio_component/libmicroros/libmicroros.a(librcutils-allocator.c.obj)
 .text.__default_deallocate
                0x00006418        0x4 ../micro_ros_renesas2estudio_component/libmicroros/libmicroros.a(librcutils-allocator.c.obj)
 .text.__default_allocate
                0x0000641c        0x4 ../micro_ros_renesas2estudio_component/libmicroros/libmicroros.a(librcutils-allocator.c.obj)
 .text.rcutils_get_zero_initialized_allocator
                0x00006420       0x20 ../micro_ros_renesas2estudio_component/libmicroros/libmicroros.a(librcutils-allocator.c.obj)
                0x00006420                rcutils_get_zero_initialized_allocator
 .text.rcutils_set_default_allocator
                0x00006440       0x3c ../micro_ros_renesas2estudio_component/libmicroros/libmicroros.a(librcutils-allocator.c.obj)
                0x00006440                rcutils_set_default_allocator
 .text.rmw_uros_set_custom_transport
                0x0000647c       0x2c ../micro_ros_renesas2estudio_component/libmicroros/libmicroros.a(librmw_microxrcedds-custom_transport.c.obj)
                0x0000647c                rmw_uros_set_custom_transport
 .text          0x000064a8      0x378 /home/pgarrido/renesas/ra/e2studio_v2024-10_fsp_v5.6.0/toolchains/gcc_arm/arm-gnu-toolchain-13.2.Rel1-x86_64-arm-none-eabi/bin/../lib/gcc/arm-none-eabi/13.2.1/thumb/v8-m.main+fp/hard/libgcc.a(_arm_addsubdf3.o)
                0x000064a8                __aeabi_drsub
                0x000064b0                __aeabi_dsub
                0x000064b0                __subdf3
                0x000064b4                __adddf3
                0x000064b4                __aeabi_dadd
                0x0000672c                __aeabi_ui2d
                0x0000672c                __floatunsidf
                0x0000674c                __floatsidf
                0x0000674c                __aeabi_i2d
                0x00006770                __extendsfdf2
                0x00006770                __aeabi_f2d
                0x000067b4                __aeabi_ul2d
                0x000067b4                __floatundidf
                0x000067c4                __floatdidf
                0x000067c4                __aeabi_l2d
 .text          0x00006820      0x424 /home/pgarrido/renesas/ra/e2studio_v2024-10_fsp_v5.6.0/toolchains/gcc_arm/arm-gnu-toolchain-13.2.Rel1-x86_64-arm-none-eabi/bin/../lib/gcc/arm-none-eabi/13.2.1/thumb/v8-m.main+fp/hard/libgcc.a(_arm_muldivdf3.o)
                0x00006820                __aeabi_dmul
                0x00006820                __muldf3
                0x00006a74                __aeabi_ddiv
                0x00006a74                __divdf3
 .text          0x00006c44       0xa0 /home/pgarrido/renesas/ra/e2studio_v2024-10_fsp_v5.6.0/toolchains/gcc_arm/arm-gnu-toolchain-13.2.Rel1-x86_64-arm-none-eabi/bin/../lib/gcc/arm-none-eabi/13.2.1/thumb/v8-m.main+fp/hard/libgcc.a(_aeabi_ldivmod.o)
                0x00006c44                __aeabi_ldivmod
 .text          0x00006ce4       0x30 /home/pgarrido/renesas/ra/e2studio_v2024-10_fsp_v5.6.0/toolchains/gcc_arm/arm-gnu-toolchain-13.2.Rel1-x86_64-arm-none-eabi/bin/../lib/gcc/arm-none-eabi/13.2.1/thumb/v8-m.main+fp/hard/libgcc.a(_aeabi_uldivmod.o)
                0x00006ce4                __aeabi_uldivmod
 .text.__fixunsdfdi
                0x00006d14       0x3c /home/pgarrido/renesas/ra/e2studio_v2024-10_fsp_v5.6.0/toolchains/gcc_arm/arm-gnu-toolchain-13.2.Rel1-x86_64-arm-none-eabi/bin/../lib/gcc/arm-none-eabi/13.2.1/thumb/v8-m.main+fp/hard/libgcc.a(_fixunsdfdi.o)
                0x00006d14                __aeabi_d2ulz
                0x00006d14                __fixunsdfdi
 .text.__udivmoddi4
                0x00006d50      0x300 /home/pgarrido/renesas/ra/e2studio_v2024-10_fsp_v5.6.0/toolchains/gcc_arm/arm-gnu-toolchain-13.2.Rel1-x86_64-arm-none-eabi/bin/../lib/gcc/arm-none-eabi/13.2.1/thumb/v8-m.main+fp/hard/libgcc.a(_udivmoddi4.o)
                0x00006d50                __udivmoddi4
 .text          0x00007050        0x4 /home/pgarrido/renesas/ra/e2studio_v2024-10_fsp_v5.6.0/toolchains/gcc_arm/arm-gnu-toolchain-13.2.Rel1-x86_64-arm-none-eabi/bin/../lib/gcc/arm-none-eabi/13.2.1/thumb/v8-m.main+fp/hard/libgcc.a(_dvmd_tls.o)
                0x00007050                __aeabi_ldiv0
                0x00007050                __aeabi_idiv0
 .text          0x00007054       0x40 /home/pgarrido/renesas/ra/e2studio_v2024-10_fsp_v5.6.0/toolchains/gcc_arm/arm-gnu-toolchain-13.2.Rel1-x86_64-arm-none-eabi/bin/../lib/gcc/arm-none-eabi/13.2.1/thumb/v8-m.main+fp/hard/libgcc.a(_arm_fixunsdfsi.o)
                0x00007054                __fixunsdfsi
                0x00007054                __aeabi_d2uiz
 .text.printf   0x00007094       0x24 /home/pgarrido/renesas/ra/e2studio_v2024-10_fsp_v5.6.0/toolchains/gcc_arm/arm-gnu-toolchain-13.2.Rel1-x86_64-arm-none-eabi/bin/../lib/gcc/arm-none-eabi/13.2.1/../../../../arm-none-eabi/lib/thumb/v8-m.main+fp/hard/libg_nano.a(libc_a-printf.o)
                0x00007094                printf
                0x00007094                iprintf
 .text.__sfputc_r
                0x000070b8       0x2e /home/pgarrido/renesas/ra/e2studio_v2024-10_fsp_v5.6.0/toolchains/gcc_arm/arm-gnu-toolchain-13.2.Rel1-x86_64-arm-none-eabi/bin/../lib/gcc/arm-none-eabi/13.2.1/../../../../arm-none-eabi/lib/thumb/v8-m.main+fp/hard/libg_nano.a(libc_a-nano-vfprintf.o)
 .text.__sfputs_r
                0x000070e6       0x24 /home/pgarrido/renesas/ra/e2studio_v2024-10_fsp_v5.6.0/toolchains/gcc_arm/arm-gnu-toolchain-13.2.Rel1-x86_64-arm-none-eabi/bin/../lib/gcc/arm-none-eabi/13.2.1/../../../../arm-none-eabi/lib/thumb/v8-m.main+fp/hard/libg_nano.a(libc_a-nano-vfprintf.o)
                0x000070e6                __sfputs_r
 *fill*         0x0000710a        0x2 ff
 .text._vfprintf_r
                0x0000710c      0x230 /home/pgarrido/renesas/ra/e2studio_v2024-10_fsp_v5.6.0/toolchains/gcc_arm/arm-gnu-toolchain-13.2.Rel1-x86_64-arm-none-eabi/bin/../lib/gcc/arm-none-eabi/13.2.1/../../../../arm-none-eabi/lib/thumb/v8-m.main+fp/hard/libg_nano.a(libc_a-nano-vfprintf.o)
                0x0000710c                _vfiprintf_r
                0x0000710c                _vfprintf_r
 .text.__swbuf_r
                0x0000733c       0x7c /home/pgarrido/renesas/ra/e2studio_v2024-10_fsp_v5.6.0/toolchains/gcc_arm/arm-gnu-toolchain-13.2.Rel1-x86_64-arm-none-eabi/bin/../lib/gcc/arm-none-eabi/13.2.1/../../../../arm-none-eabi/lib/thumb/v8-m.main+fp/hard/libg_nano.a(libc_a-wbuf.o)
                0x0000733c                __swbuf_r
 .text.__swsetup_r
                0x000073b8       0xac /home/pgarrido/renesas/ra/e2studio_v2024-10_fsp_v5.6.0/toolchains/gcc_arm/arm-gnu-toolchain-13.2.Rel1-x86_64-arm-none-eabi/bin/../lib/gcc/arm-none-eabi/13.2.1/../../../../arm-none-eabi/lib/thumb/v8-m.main+fp/hard/libg_nano.a(libc_a-wsetup.o)
                0x000073b8                __swsetup_r
 .text.strchr   0x00007464       0x1a /home/pgarrido/renesas/ra/e2studio_v2024-10_fsp_v5.6.0/toolchains/gcc_arm/arm-gnu-toolchain-13.2.Rel1-x86_64-arm-none-eabi/bin/../lib/gcc/arm-none-eabi/13.2.1/../../../../arm-none-eabi/lib/thumb/v8-m.main+fp/hard/libg_nano.a(libc_a-strchr.o)
                0x00007464                strchr
 .text._printf_common
                0x0000747e       0xe4 /home/pgarrido/renesas/ra/e2studio_v2024-10_fsp_v5.6.0/toolchains/gcc_arm/arm-gnu-toolchain-13.2.Rel1-x86_64-arm-none-eabi/bin/../lib/gcc/arm-none-eabi/13.2.1/../../../../arm-none-eabi/lib/thumb/v8-m.main+fp/hard/libg_nano.a(libc_a-nano-vfprintf_i.o)
                0x0000747e                _printf_common
 *fill*         0x00007562        0x2 ff
 .text._printf_i
                0x00007564      0x23c /home/pgarrido/renesas/ra/e2studio_v2024-10_fsp_v5.6.0/toolchains/gcc_arm/arm-gnu-toolchain-13.2.Rel1-x86_64-arm-none-eabi/bin/../lib/gcc/arm-none-eabi/13.2.1/../../../../arm-none-eabi/lib/thumb/v8-m.main+fp/hard/libg_nano.a(libc_a-nano-vfprintf_i.o)
                0x00007564                _printf_i
 .text.__sflush_r
                0x000077a0      0x108 /home/pgarrido/renesas/ra/e2studio_v2024-10_fsp_v5.6.0/toolchains/gcc_arm/arm-gnu-toolchain-13.2.Rel1-x86_64-arm-none-eabi/bin/../lib/gcc/arm-none-eabi/13.2.1/../../../../arm-none-eabi/lib/thumb/v8-m.main+fp/hard/libg_nano.a(libc_a-fflush.o)
                0x000077a0                __sflush_r
 .text._fflush_r
                0x000078a8       0x50 /home/pgarrido/renesas/ra/e2studio_v2024-10_fsp_v5.6.0/toolchains/gcc_arm/arm-gnu-toolchain-13.2.Rel1-x86_64-arm-none-eabi/bin/../lib/gcc/arm-none-eabi/13.2.1/../../../../arm-none-eabi/lib/thumb/v8-m.main+fp/hard/libg_nano.a(libc_a-fflush.o)
                0x000078a8                _fflush_r
 .text.memchr   0x000078f8       0x1c /home/pgarrido/renesas/ra/e2studio_v2024-10_fsp_v5.6.0/toolchains/gcc_arm/arm-gnu-toolchain-13.2.Rel1-x86_64-arm-none-eabi/bin/../lib/gcc/arm-none-eabi/13.2.1/../../../../arm-none-eabi/lib/thumb/v8-m.main+fp/hard/libg_nano.a(libc_a-memchr-stub.o)
                0x000078f8                memchr
 .text.memcpy   0x00007914       0x1a /home/pgarrido/renesas/ra/e2studio_v2024-10_fsp_v5.6.0/toolchains/gcc_arm/arm-gnu-toolchain-13.2.Rel1-x86_64-arm-none-eabi/bin/../lib/gcc/arm-none-eabi/13.2.1/../../../../arm-none-eabi/lib/thumb/v8-m.main+fp/hard/libg_nano.a(libc_a-memcpy-stub.o)
                0x00007914                memcpy
 *fill*         0x0000792e        0x2 ff
 .text.malloc   0x00007930       0x10 /home/pgarrido/renesas/ra/e2studio_v2024-10_fsp_v5.6.0/toolchains/gcc_arm/arm-gnu-toolchain-13.2.Rel1-x86_64-arm-none-eabi/bin/../lib/gcc/arm-none-eabi/13.2.1/../../../../arm-none-eabi/lib/thumb/v8-m.main+fp/hard/libg_nano.a(libc_a-malloc.o)
                0x00007930                malloc
 .text.free     0x00007940       0x10 /home/pgarrido/renesas/ra/e2studio_v2024-10_fsp_v5.6.0/toolchains/gcc_arm/arm-gnu-toolchain-13.2.Rel1-x86_64-arm-none-eabi/bin/../lib/gcc/arm-none-eabi/13.2.1/../../../../arm-none-eabi/lib/thumb/v8-m.main+fp/hard/libg_nano.a(libc_a-malloc.o)
                0x00007940                free
 .text.sbrk_aligned
                0x00007950       0x44 /home/pgarrido/renesas/ra/e2studio_v2024-10_fsp_v5.6.0/toolchains/gcc_arm/arm-gnu-toolchain-13.2.Rel1-x86_64-arm-none-eabi/bin/../lib/gcc/arm-none-eabi/13.2.1/../../../../arm-none-eabi/lib/thumb/v8-m.main+fp/hard/libg_nano.a(libc_a-mallocr.o)
 .text._malloc_r
                0x00007994      0x100 /home/pgarrido/renesas/ra/e2studio_v2024-10_fsp_v5.6.0/toolchains/gcc_arm/arm-gnu-toolchain-13.2.Rel1-x86_64-arm-none-eabi/bin/../lib/gcc/arm-none-eabi/13.2.1/../../../../arm-none-eabi/lib/thumb/v8-m.main+fp/hard/libg_nano.a(libc_a-mallocr.o)
                0x00007994                _malloc_r
 .text.strncat  0x00007a94       0x26 /home/pgarrido/renesas/ra/e2studio_v2024-10_fsp_v5.6.0/toolchains/gcc_arm/arm-gnu-toolchain-13.2.Rel1-x86_64-arm-none-eabi/bin/../lib/gcc/arm-none-eabi/13.2.1/../../../../arm-none-eabi/lib/thumb/v8-m.main+fp/hard/libg_nano.a(libc_a-strncat.o)
                0x00007a94                strncat
 .text.strncmp  0x00007aba       0x24 /home/pgarrido/renesas/ra/e2studio_v2024-10_fsp_v5.6.0/toolchains/gcc_arm/arm-gnu-toolchain-13.2.Rel1-x86_64-arm-none-eabi/bin/../lib/gcc/arm-none-eabi/13.2.1/../../../../arm-none-eabi/lib/thumb/v8-m.main+fp/hard/libg_nano.a(libc_a-strncmp.o)
                0x00007aba                strncmp
 *fill*         0x00007ade        0x2 ff
 .text.std      0x00007ae0       0x6c /home/pgarrido/renesas/ra/e2studio_v2024-10_fsp_v5.6.0/toolchains/gcc_arm/arm-gnu-toolchain-13.2.Rel1-x86_64-arm-none-eabi/bin/../lib/gcc/arm-none-eabi/13.2.1/../../../../arm-none-eabi/lib/thumb/v8-m.main+fp/hard/libg_nano.a(libc_a-findfp.o)
 .text.stdio_exit_handler
                0x00007b4c       0x18 /home/pgarrido/renesas/ra/e2studio_v2024-10_fsp_v5.6.0/toolchains/gcc_arm/arm-gnu-toolchain-13.2.Rel1-x86_64-arm-none-eabi/bin/../lib/gcc/arm-none-eabi/13.2.1/../../../../arm-none-eabi/lib/thumb/v8-m.main+fp/hard/libg_nano.a(libc_a-findfp.o)
 .text.cleanup_stdio
                0x00007b64       0x40 /home/pgarrido/renesas/ra/e2studio_v2024-10_fsp_v5.6.0/toolchains/gcc_arm/arm-gnu-toolchain-13.2.Rel1-x86_64-arm-none-eabi/bin/../lib/gcc/arm-none-eabi/13.2.1/../../../../arm-none-eabi/lib/thumb/v8-m.main+fp/hard/libg_nano.a(libc_a-findfp.o)
 .text.global_stdio_init.part.0
                0x00007ba4       0x3c /home/pgarrido/renesas/ra/e2studio_v2024-10_fsp_v5.6.0/toolchains/gcc_arm/arm-gnu-toolchain-13.2.Rel1-x86_64-arm-none-eabi/bin/../lib/gcc/arm-none-eabi/13.2.1/../../../../arm-none-eabi/lib/thumb/v8-m.main+fp/hard/libg_nano.a(libc_a-findfp.o)
 .text.__sfp_lock_acquire
                0x00007be0        0xc /home/pgarrido/renesas/ra/e2studio_v2024-10_fsp_v5.6.0/toolchains/gcc_arm/arm-gnu-toolchain-13.2.Rel1-x86_64-arm-none-eabi/bin/../lib/gcc/arm-none-eabi/13.2.1/../../../../arm-none-eabi/lib/thumb/v8-m.main+fp/hard/libg_nano.a(libc_a-findfp.o)
                0x00007be0                __sfp_lock_acquire
 .text.__sfp_lock_release
                0x00007bec        0xc /home/pgarrido/renesas/ra/e2studio_v2024-10_fsp_v5.6.0/toolchains/gcc_arm/arm-gnu-toolchain-13.2.Rel1-x86_64-arm-none-eabi/bin/../lib/gcc/arm-none-eabi/13.2.1/../../../../arm-none-eabi/lib/thumb/v8-m.main+fp/hard/libg_nano.a(libc_a-findfp.o)
                0x00007bec                __sfp_lock_release
 .text.__sinit  0x00007bf8       0x30 /home/pgarrido/renesas/ra/e2studio_v2024-10_fsp_v5.6.0/toolchains/gcc_arm/arm-gnu-toolchain-13.2.Rel1-x86_64-arm-none-eabi/bin/../lib/gcc/arm-none-eabi/13.2.1/../../../../arm-none-eabi/lib/thumb/v8-m.main+fp/hard/libg_nano.a(libc_a-findfp.o)
                0x00007bf8                __sinit
 .text          0x00007c28       0x10 /home/pgarrido/renesas/ra/e2studio_v2024-10_fsp_v5.6.0/toolchains/gcc_arm/arm-gnu-toolchain-13.2.Rel1-x86_64-arm-none-eabi/bin/../lib/gcc/arm-none-eabi/13.2.1/../../../../arm-none-eabi/lib/thumb/v8-m.main+fp/hard/libg_nano.a(libc_a-strlen.o)
                0x00007c28                strlen
 .text.sprintf  0x00007c38       0x40 /home/pgarrido/renesas/ra/e2studio_v2024-10_fsp_v5.6.0/toolchains/gcc_arm/arm-gnu-toolchain-13.2.Rel1-x86_64-arm-none-eabi/bin/../lib/gcc/arm-none-eabi/13.2.1/../../../../arm-none-eabi/lib/thumb/v8-m.main+fp/hard/libg_nano.a(libc_a-sprintf.o)
                0x00007c38                sprintf
                0x00007c38                siprintf
 .text.sscanf   0x00007c78       0x54 /home/pgarrido/renesas/ra/e2studio_v2024-10_fsp_v5.6.0/toolchains/gcc_arm/arm-gnu-toolchain-13.2.Rel1-x86_64-arm-none-eabi/bin/../lib/gcc/arm-none-eabi/13.2.1/../../../../arm-none-eabi/lib/thumb/v8-m.main+fp/hard/libg_nano.a(libc_a-sscanf.o)
                0x00007c78                sscanf
                0x00007c78                siscanf
 .text.__sread  0x00007ccc       0x22 /home/pgarrido/renesas/ra/e2studio_v2024-10_fsp_v5.6.0/toolchains/gcc_arm/arm-gnu-toolchain-13.2.Rel1-x86_64-arm-none-eabi/bin/../lib/gcc/arm-none-eabi/13.2.1/../../../../arm-none-eabi/lib/thumb/v8-m.main+fp/hard/libg_nano.a(libc_a-stdio.o)
                0x00007ccc                __sread
 .text.__seofread
                0x00007cee        0x4 /home/pgarrido/renesas/ra/e2studio_v2024-10_fsp_v5.6.0/toolchains/gcc_arm/arm-gnu-toolchain-13.2.Rel1-x86_64-arm-none-eabi/bin/../lib/gcc/arm-none-eabi/13.2.1/../../../../arm-none-eabi/lib/thumb/v8-m.main+fp/hard/libg_nano.a(libc_a-stdio.o)
                0x00007cee                __seofread
 .text.__swrite
                0x00007cf2       0x38 /home/pgarrido/renesas/ra/e2studio_v2024-10_fsp_v5.6.0/toolchains/gcc_arm/arm-gnu-toolchain-13.2.Rel1-x86_64-arm-none-eabi/bin/../lib/gcc/arm-none-eabi/13.2.1/../../../../arm-none-eabi/lib/thumb/v8-m.main+fp/hard/libg_nano.a(libc_a-stdio.o)
                0x00007cf2                __swrite
 .text.__sseek  0x00007d2a       0x24 /home/pgarrido/renesas/ra/e2studio_v2024-10_fsp_v5.6.0/toolchains/gcc_arm/arm-gnu-toolchain-13.2.Rel1-x86_64-arm-none-eabi/bin/../lib/gcc/arm-none-eabi/13.2.1/../../../../arm-none-eabi/lib/thumb/v8-m.main+fp/hard/libg_nano.a(libc_a-stdio.o)
                0x00007d2a                __sseek
 .text.__sclose
                0x00007d4e        0x8 /home/pgarrido/renesas/ra/e2studio_v2024-10_fsp_v5.6.0/toolchains/gcc_arm/arm-gnu-toolchain-13.2.Rel1-x86_64-arm-none-eabi/bin/../lib/gcc/arm-none-eabi/13.2.1/../../../../arm-none-eabi/lib/thumb/v8-m.main+fp/hard/libg_nano.a(libc_a-stdio.o)
                0x00007d4e                __sclose
 *fill*         0x00007d56        0x2 ff
 .text.__malloc_lock
                0x00007d58        0xc /home/pgarrido/renesas/ra/e2studio_v2024-10_fsp_v5.6.0/toolchains/gcc_arm/arm-gnu-toolchain-13.2.Rel1-x86_64-arm-none-eabi/bin/../lib/gcc/arm-none-eabi/13.2.1/../../../../arm-none-eabi/lib/thumb/v8-m.main+fp/hard/libg_nano.a(libc_a-mlock.o)
                0x00007d58                __malloc_lock
 .text.__malloc_unlock
                0x00007d64        0xc /home/pgarrido/renesas/ra/e2studio_v2024-10_fsp_v5.6.0/toolchains/gcc_arm/arm-gnu-toolchain-13.2.Rel1-x86_64-arm-none-eabi/bin/../lib/gcc/arm-none-eabi/13.2.1/../../../../arm-none-eabi/lib/thumb/v8-m.main+fp/hard/libg_nano.a(libc_a-mlock.o)
                0x00007d64                __malloc_unlock
 .text.calloc   0x00007d70       0x10 /home/pgarrido/renesas/ra/e2studio_v2024-10_fsp_v5.6.0/toolchains/gcc_arm/arm-gnu-toolchain-13.2.Rel1-x86_64-arm-none-eabi/bin/../lib/gcc/arm-none-eabi/13.2.1/../../../../arm-none-eabi/lib/thumb/v8-m.main+fp/hard/libg_nano.a(libc_a-calloc.o)
                0x00007d70                calloc
 .text._calloc_r
                0x00007d80       0x28 /home/pgarrido/renesas/ra/e2studio_v2024-10_fsp_v5.6.0/toolchains/gcc_arm/arm-gnu-toolchain-13.2.Rel1-x86_64-arm-none-eabi/bin/../lib/gcc/arm-none-eabi/13.2.1/../../../../arm-none-eabi/lib/thumb/v8-m.main+fp/hard/libg_nano.a(libc_a-callocr.o)
                0x00007d80                _calloc_r
 .text.realloc  0x00007da8       0x10 /home/pgarrido/renesas/ra/e2studio_v2024-10_fsp_v5.6.0/toolchains/gcc_arm/arm-gnu-toolchain-13.2.Rel1-x86_64-arm-none-eabi/bin/../lib/gcc/arm-none-eabi/13.2.1/../../../../arm-none-eabi/lib/thumb/v8-m.main+fp/hard/libg_nano.a(libc_a-realloc.o)
                0x00007da8                realloc
 .text._read_r  0x00007db8       0x24 /home/pgarrido/renesas/ra/e2studio_v2024-10_fsp_v5.6.0/toolchains/gcc_arm/arm-gnu-toolchain-13.2.Rel1-x86_64-arm-none-eabi/bin/../lib/gcc/arm-none-eabi/13.2.1/../../../../arm-none-eabi/lib/thumb/v8-m.main+fp/hard/libg_nano.a(libc_a-readr.o)
                0x00007db8                _read_r
 .text._sbrk_r  0x00007ddc       0x20 /home/pgarrido/renesas/ra/e2studio_v2024-10_fsp_v5.6.0/toolchains/gcc_arm/arm-gnu-toolchain-13.2.Rel1-x86_64-arm-none-eabi/bin/../lib/gcc/arm-none-eabi/13.2.1/../../../../arm-none-eabi/lib/thumb/v8-m.main+fp/hard/libg_nano.a(libc_a-sbrkr.o)
                0x00007ddc                _sbrk_r
 .text._write_r
                0x00007dfc       0x24 /home/pgarrido/renesas/ra/e2studio_v2024-10_fsp_v5.6.0/toolchains/gcc_arm/arm-gnu-toolchain-13.2.Rel1-x86_64-arm-none-eabi/bin/../lib/gcc/arm-none-eabi/13.2.1/../../../../arm-none-eabi/lib/thumb/v8-m.main+fp/hard/libg_nano.a(libc_a-writer.o)
                0x00007dfc                _write_r
 .text.__errno  0x00007e20        0xc /home/pgarrido/renesas/ra/e2studio_v2024-10_fsp_v5.6.0/toolchains/gcc_arm/arm-gnu-toolchain-13.2.Rel1-x86_64-arm-none-eabi/bin/../lib/gcc/arm-none-eabi/13.2.1/../../../../arm-none-eabi/lib/thumb/v8-m.main+fp/hard/libg_nano.a(libc_a-errno.o)
                0x00007e20                __errno
 .text._fwalk_sglue
                0x00007e2c       0x3c /home/pgarrido/renesas/ra/e2studio_v2024-10_fsp_v5.6.0/toolchains/gcc_arm/arm-gnu-toolchain-13.2.Rel1-x86_64-arm-none-eabi/bin/../lib/gcc/arm-none-eabi/13.2.1/../../../../arm-none-eabi/lib/thumb/v8-m.main+fp/hard/libg_nano.a(libc_a-fwalk.o)
                0x00007e2c                _fwalk_sglue
 .text.memmove  0x00007e68       0x34 /home/pgarrido/renesas/ra/e2studio_v2024-10_fsp_v5.6.0/toolchains/gcc_arm/arm-gnu-toolchain-13.2.Rel1-x86_64-arm-none-eabi/bin/../lib/gcc/arm-none-eabi/13.2.1/../../../../arm-none-eabi/lib/thumb/v8-m.main+fp/hard/libg_nano.a(libc_a-memmove.o)
                0x00007e68                memmove
 .text.memset   0x00007e9c       0x10 /home/pgarrido/renesas/ra/e2studio_v2024-10_fsp_v5.6.0/toolchains/gcc_arm/arm-gnu-toolchain-13.2.Rel1-x86_64-arm-none-eabi/bin/../lib/gcc/arm-none-eabi/13.2.1/../../../../arm-none-eabi/lib/thumb/v8-m.main+fp/hard/libg_nano.a(libc_a-memset.o)
                0x00007e9c                memset
 .text._realloc_r
                0x00007eac       0x5c /home/pgarrido/renesas/ra/e2studio_v2024-10_fsp_v5.6.0/toolchains/gcc_arm/arm-gnu-toolchain-13.2.Rel1-x86_64-arm-none-eabi/bin/../lib/gcc/arm-none-eabi/13.2.1/../../../../arm-none-eabi/lib/thumb/v8-m.main+fp/hard/libg_nano.a(libc_a-reallocr.o)
                0x00007eac                _realloc_r
 .text._free_r  0x00007f08       0x94 /home/pgarrido/renesas/ra/e2studio_v2024-10_fsp_v5.6.0/toolchains/gcc_arm/arm-gnu-toolchain-13.2.Rel1-x86_64-arm-none-eabi/bin/../lib/gcc/arm-none-eabi/13.2.1/../../../../arm-none-eabi/lib/thumb/v8-m.main+fp/hard/libg_nano.a(libc_a-freer.o)
                0x00007f08                _free_r
 .text.__retarget_lock_init_recursive
                0x00007f9c        0x2 /home/pgarrido/renesas/ra/e2studio_v2024-10_fsp_v5.6.0/toolchains/gcc_arm/arm-gnu-toolchain-13.2.Rel1-x86_64-arm-none-eabi/bin/../lib/gcc/arm-none-eabi/13.2.1/../../../../arm-none-eabi/lib/thumb/v8-m.main+fp/hard/libg_nano.a(libc_a-lock.o)
                0x00007f9c                __retarget_lock_init_recursive
 .text.__retarget_lock_acquire_recursive
                0x00007f9e        0x2 /home/pgarrido/renesas/ra/e2studio_v2024-10_fsp_v5.6.0/toolchains/gcc_arm/arm-gnu-toolchain-13.2.Rel1-x86_64-arm-none-eabi/bin/../lib/gcc/arm-none-eabi/13.2.1/../../../../arm-none-eabi/lib/thumb/v8-m.main+fp/hard/libg_nano.a(libc_a-lock.o)
                0x00007f9e                __retarget_lock_acquire_recursive
 .text.__retarget_lock_release_recursive
                0x00007fa0        0x2 /home/pgarrido/renesas/ra/e2studio_v2024-10_fsp_v5.6.0/toolchains/gcc_arm/arm-gnu-toolchain-13.2.Rel1-x86_64-arm-none-eabi/bin/../lib/gcc/arm-none-eabi/13.2.1/../../../../arm-none-eabi/lib/thumb/v8-m.main+fp/hard/libg_nano.a(libc_a-lock.o)
                0x00007fa0                __retarget_lock_release_recursive
 .text.__swhatbuf_r
                0x00007fa2       0x4a /home/pgarrido/renesas/ra/e2studio_v2024-10_fsp_v5.6.0/toolchains/gcc_arm/arm-gnu-toolchain-13.2.Rel1-x86_64-arm-none-eabi/bin/../lib/gcc/arm-none-eabi/13.2.1/../../../../arm-none-eabi/lib/thumb/v8-m.main+fp/hard/libg_nano.a(libc_a-makebuf.o)
                0x00007fa2                __swhatbuf_r
 .text.__smakebuf_r
                0x00007fec       0x78 /home/pgarrido/renesas/ra/e2studio_v2024-10_fsp_v5.6.0/toolchains/gcc_arm/arm-gnu-toolchain-13.2.Rel1-x86_64-arm-none-eabi/bin/../lib/gcc/arm-none-eabi/13.2.1/../../../../arm-none-eabi/lib/thumb/v8-m.main+fp/hard/libg_nano.a(libc_a-makebuf.o)
                0x00007fec                __smakebuf_r
 .text.__ssputs_r
                0x00008064       0xb6 /home/pgarrido/renesas/ra/e2studio_v2024-10_fsp_v5.6.0/toolchains/gcc_arm/arm-gnu-toolchain-13.2.Rel1-x86_64-arm-none-eabi/bin/../lib/gcc/arm-none-eabi/13.2.1/../../../../arm-none-eabi/lib/thumb/v8-m.main+fp/hard/libg_nano.a(libc_a-nano-svfprintf.o)
                0x00008064                __ssputs_r
 *fill*         0x0000811a        0x2 ff
 .text._svfprintf_r
                0x0000811c      0x1f8 /home/pgarrido/renesas/ra/e2studio_v2024-10_fsp_v5.6.0/toolchains/gcc_arm/arm-gnu-toolchain-13.2.Rel1-x86_64-arm-none-eabi/bin/../lib/gcc/arm-none-eabi/13.2.1/../../../../arm-none-eabi/lib/thumb/v8-m.main+fp/hard/libg_nano.a(libc_a-nano-svfprintf.o)
                0x0000811c                _svfprintf_r
                0x0000811c                _svfiprintf_r
 .text._sungetc_r
                0x00008314       0x7a /home/pgarrido/renesas/ra/e2studio_v2024-10_fsp_v5.6.0/toolchains/gcc_arm/arm-gnu-toolchain-13.2.Rel1-x86_64-arm-none-eabi/bin/../lib/gcc/arm-none-eabi/13.2.1/../../../../arm-none-eabi/lib/thumb/v8-m.main+fp/hard/libg_nano.a(libc_a-nano-svfscanf.o)
                0x00008314                _sungetc_r
 .text.__ssrefill_r
                0x0000838e       0x3a /home/pgarrido/renesas/ra/e2studio_v2024-10_fsp_v5.6.0/toolchains/gcc_arm/arm-gnu-toolchain-13.2.Rel1-x86_64-arm-none-eabi/bin/../lib/gcc/arm-none-eabi/13.2.1/../../../../arm-none-eabi/lib/thumb/v8-m.main+fp/hard/libg_nano.a(libc_a-nano-svfscanf.o)
                0x0000838e                __ssrefill_r
 .text.__ssvfscanf_r
                0x000083c8      0x2ec /home/pgarrido/renesas/ra/e2studio_v2024-10_fsp_v5.6.0/toolchains/gcc_arm/arm-gnu-toolchain-13.2.Rel1-x86_64-arm-none-eabi/bin/../lib/gcc/arm-none-eabi/13.2.1/../../../../arm-none-eabi/lib/thumb/v8-m.main+fp/hard/libg_nano.a(libc_a-nano-svfscanf.o)
                0x000083c8                __ssvfscanf_r
                0x000083c8                __ssvfiscanf_r
 .text._scanf_chars
                0x000086b4       0xb4 /home/pgarrido/renesas/ra/e2studio_v2024-10_fsp_v5.6.0/toolchains/gcc_arm/arm-gnu-toolchain-13.2.Rel1-x86_64-arm-none-eabi/bin/../lib/gcc/arm-none-eabi/13.2.1/../../../../arm-none-eabi/lib/thumb/v8-m.main+fp/hard/libg_nano.a(libc_a-nano-vfscanf_i.o)
                0x000086b4                _scanf_chars
 .text._scanf_i
                0x00008768      0x1e4 /home/pgarrido/renesas/ra/e2studio_v2024-10_fsp_v5.6.0/toolchains/gcc_arm/arm-gnu-toolchain-13.2.Rel1-x86_64-arm-none-eabi/bin/../lib/gcc/arm-none-eabi/13.2.1/../../../../arm-none-eabi/lib/thumb/v8-m.main+fp/hard/libg_nano.a(libc_a-nano-vfscanf_i.o)
                0x00008768                _scanf_i
 .text._close_r
                0x0000894c       0x20 /home/pgarrido/renesas/ra/e2studio_v2024-10_fsp_v5.6.0/toolchains/gcc_arm/arm-gnu-toolchain-13.2.Rel1-x86_64-arm-none-eabi/bin/../lib/gcc/arm-none-eabi/13.2.1/../../../../arm-none-eabi/lib/thumb/v8-m.main+fp/hard/libg_nano.a(libc_a-closer.o)
                0x0000894c                _close_r
 .text._fstat_r
                0x0000896c       0x24 /home/pgarrido/renesas/ra/e2studio_v2024-10_fsp_v5.6.0/toolchains/gcc_arm/arm-gnu-toolchain-13.2.Rel1-x86_64-arm-none-eabi/bin/../lib/gcc/arm-none-eabi/13.2.1/../../../../arm-none-eabi/lib/thumb/v8-m.main+fp/hard/libg_nano.a(libc_a-fstatr.o)
                0x0000896c                _fstat_r
 .text._isatty_r
                0x00008990       0x20 /home/pgarrido/renesas/ra/e2studio_v2024-10_fsp_v5.6.0/toolchains/gcc_arm/arm-gnu-toolchain-13.2.Rel1-x86_64-arm-none-eabi/bin/../lib/gcc/arm-none-eabi/13.2.1/../../../../arm-none-eabi/lib/thumb/v8-m.main+fp/hard/libg_nano.a(libc_a-isattyr.o)
                0x00008990                _isatty_r
 .text._lseek_r
                0x000089b0       0x24 /home/pgarrido/renesas/ra/e2studio_v2024-10_fsp_v5.6.0/toolchains/gcc_arm/arm-gnu-toolchain-13.2.Rel1-x86_64-arm-none-eabi/bin/../lib/gcc/arm-none-eabi/13.2.1/../../../../arm-none-eabi/lib/thumb/v8-m.main+fp/hard/libg_nano.a(libc_a-lseekr.o)
                0x000089b0                _lseek_r
 .text.__sccl   0x000089d4       0x72 /home/pgarrido/renesas/ra/e2studio_v2024-10_fsp_v5.6.0/toolchains/gcc_arm/arm-gnu-toolchain-13.2.Rel1-x86_64-arm-none-eabi/bin/../lib/gcc/arm-none-eabi/13.2.1/../../../../arm-none-eabi/lib/thumb/v8-m.main+fp/hard/libg_nano.a(libc_a-sccl.o)
                0x000089d4                __sccl
 .text._malloc_usable_size_r
                0x00008a46       0x10 /home/pgarrido/renesas/ra/e2studio_v2024-10_fsp_v5.6.0/toolchains/gcc_arm/arm-gnu-toolchain-13.2.Rel1-x86_64-arm-none-eabi/bin/../lib/gcc/arm-none-eabi/13.2.1/../../../../arm-none-eabi/lib/thumb/v8-m.main+fp/hard/libg_nano.a(libc_a-msizer.o)
                0x00008a46                _malloc_usable_size_r
 .text.__submore
                0x00008a56       0x6e /home/pgarrido/renesas/ra/e2studio_v2024-10_fsp_v5.6.0/toolchains/gcc_arm/arm-gnu-toolchain-13.2.Rel1-x86_64-arm-none-eabi/bin/../lib/gcc/arm-none-eabi/13.2.1/../../../../arm-none-eabi/lib/thumb/v8-m.main+fp/hard/libg_nano.a(libc_a-ungetc.o)
                0x00008a56                __submore
 .text._strtol_l.isra.0
                0x00008ac4       0xf4 /home/pgarrido/renesas/ra/e2studio_v2024-10_fsp_v5.6.0/toolchains/gcc_arm/arm-gnu-toolchain-13.2.Rel1-x86_64-arm-none-eabi/bin/../lib/gcc/arm-none-eabi/13.2.1/../../../../arm-none-eabi/lib/thumb/v8-m.main+fp/hard/libg_nano.a(libc_a-strtol.o)
 .text._strtol_r
                0x00008bb8        0x4 /home/pgarrido/renesas/ra/e2studio_v2024-10_fsp_v5.6.0/toolchains/gcc_arm/arm-gnu-toolchain-13.2.Rel1-x86_64-arm-none-eabi/bin/../lib/gcc/arm-none-eabi/13.2.1/../../../../arm-none-eabi/lib/thumb/v8-m.main+fp/hard/libg_nano.a(libc_a-strtol.o)
                0x00008bb8                _strtol_r
 .text._strtoul_l.isra.0
                0x00008bbc       0xdc /home/pgarrido/renesas/ra/e2studio_v2024-10_fsp_v5.6.0/toolchains/gcc_arm/arm-gnu-toolchain-13.2.Rel1-x86_64-arm-none-eabi/bin/../lib/gcc/arm-none-eabi/13.2.1/../../../../arm-none-eabi/lib/thumb/v8-m.main+fp/hard/libg_nano.a(libc_a-strtoul.o)
 .text._strtoul_r
                0x00008c98        0x4 /home/pgarrido/renesas/ra/e2studio_v2024-10_fsp_v5.6.0/toolchains/gcc_arm/arm-gnu-toolchain-13.2.Rel1-x86_64-arm-none-eabi/bin/../lib/gcc/arm-none-eabi/13.2.1/../../../../arm-none-eabi/lib/thumb/v8-m.main+fp/hard/libg_nano.a(libc_a-strtoul.o)
                0x00008c98                _strtoul_r
 .text.findslot
                0x00008c9c       0x34 /home/pgarrido/renesas/ra/e2studio_v2024-10_fsp_v5.6.0/toolchains/gcc_arm/arm-gnu-toolchain-13.2.Rel1-x86_64-arm-none-eabi/bin/../lib/gcc/arm-none-eabi/13.2.1/../../../../arm-none-eabi/lib/thumb/v8-m.main+fp/hard/librdimon_nano.a(arm_librdimon_a-syscalls.o)
 .text.error    0x00008cd0       0x1c /home/pgarrido/renesas/ra/e2studio_v2024-10_fsp_v5.6.0/toolchains/gcc_arm/arm-gnu-toolchain-13.2.Rel1-x86_64-arm-none-eabi/bin/../lib/gcc/arm-none-eabi/13.2.1/../../../../arm-none-eabi/lib/thumb/v8-m.main+fp/hard/librdimon_nano.a(arm_librdimon_a-syscalls.o)
 .text.checkerror
                0x00008cec        0xa /home/pgarrido/renesas/ra/e2studio_v2024-10_fsp_v5.6.0/toolchains/gcc_arm/arm-gnu-toolchain-13.2.Rel1-x86_64-arm-none-eabi/bin/../lib/gcc/arm-none-eabi/13.2.1/../../../../arm-none-eabi/lib/thumb/v8-m.main+fp/hard/librdimon_nano.a(arm_librdimon_a-syscalls.o)
 .text._swiread
                0x00008cf6       0x20 /home/pgarrido/renesas/ra/e2studio_v2024-10_fsp_v5.6.0/toolchains/gcc_arm/arm-gnu-toolchain-13.2.Rel1-x86_64-arm-none-eabi/bin/../lib/gcc/arm-none-eabi/13.2.1/../../../../arm-none-eabi/lib/thumb/v8-m.main+fp/hard/librdimon_nano.a(arm_librdimon_a-syscalls.o)
                0x00008cf6                _swiread
 .text._read    0x00008d16       0x34 /home/pgarrido/renesas/ra/e2studio_v2024-10_fsp_v5.6.0/toolchains/gcc_arm/arm-gnu-toolchain-13.2.Rel1-x86_64-arm-none-eabi/bin/../lib/gcc/arm-none-eabi/13.2.1/../../../../arm-none-eabi/lib/thumb/v8-m.main+fp/hard/librdimon_nano.a(arm_librdimon_a-syscalls.o)
                0x00008d16                _read
 .text._swilseek
                0x00008d4a       0x78 /home/pgarrido/renesas/ra/e2studio_v2024-10_fsp_v5.6.0/toolchains/gcc_arm/arm-gnu-toolchain-13.2.Rel1-x86_64-arm-none-eabi/bin/../lib/gcc/arm-none-eabi/13.2.1/../../../../arm-none-eabi/lib/thumb/v8-m.main+fp/hard/librdimon_nano.a(arm_librdimon_a-syscalls.o)
                0x00008d4a                _swilseek
 .text._lseek   0x00008dc2        0x4 /home/pgarrido/renesas/ra/e2studio_v2024-10_fsp_v5.6.0/toolchains/gcc_arm/arm-gnu-toolchain-13.2.Rel1-x86_64-arm-none-eabi/bin/../lib/gcc/arm-none-eabi/13.2.1/../../../../arm-none-eabi/lib/thumb/v8-m.main+fp/hard/librdimon_nano.a(arm_librdimon_a-syscalls.o)
                0x00008dc2                _lseek
 .text._swiwrite
                0x00008dc6       0x20 /home/pgarrido/renesas/ra/e2studio_v2024-10_fsp_v5.6.0/toolchains/gcc_arm/arm-gnu-toolchain-13.2.Rel1-x86_64-arm-none-eabi/bin/../lib/gcc/arm-none-eabi/13.2.1/../../../../arm-none-eabi/lib/thumb/v8-m.main+fp/hard/librdimon_nano.a(arm_librdimon_a-syscalls.o)
                0x00008dc6                _swiwrite
 .text._write   0x00008de6       0x40 /home/pgarrido/renesas/ra/e2studio_v2024-10_fsp_v5.6.0/toolchains/gcc_arm/arm-gnu-toolchain-13.2.Rel1-x86_64-arm-none-eabi/bin/../lib/gcc/arm-none-eabi/13.2.1/../../../../arm-none-eabi/lib/thumb/v8-m.main+fp/hard/librdimon_nano.a(arm_librdimon_a-syscalls.o)
                0x00008de6                _write
 .text._swiclose
                0x00008e26       0x1a /home/pgarrido/renesas/ra/e2studio_v2024-10_fsp_v5.6.0/toolchains/gcc_arm/arm-gnu-toolchain-13.2.Rel1-x86_64-arm-none-eabi/bin/../lib/gcc/arm-none-eabi/13.2.1/../../../../arm-none-eabi/lib/thumb/v8-m.main+fp/hard/librdimon_nano.a(arm_librdimon_a-syscalls.o)
                0x00008e26                _swiclose
 .text._close   0x00008e40       0x4c /home/pgarrido/renesas/ra/e2studio_v2024-10_fsp_v5.6.0/toolchains/gcc_arm/arm-gnu-toolchain-13.2.Rel1-x86_64-arm-none-eabi/bin/../lib/gcc/arm-none-eabi/13.2.1/../../../../arm-none-eabi/lib/thumb/v8-m.main+fp/hard/librdimon_nano.a(arm_librdimon_a-syscalls.o)
                0x00008e40                _close
 .text._swistat
                0x00008e8c       0x42 /home/pgarrido/renesas/ra/e2studio_v2024-10_fsp_v5.6.0/toolchains/gcc_arm/arm-gnu-toolchain-13.2.Rel1-x86_64-arm-none-eabi/bin/../lib/gcc/arm-none-eabi/13.2.1/../../../../arm-none-eabi/lib/thumb/v8-m.main+fp/hard/librdimon_nano.a(arm_librdimon_a-syscalls.o)
                0x00008e8c                _swistat
 .text._fstat   0x00008ece       0x1c /home/pgarrido/renesas/ra/e2studio_v2024-10_fsp_v5.6.0/toolchains/gcc_arm/arm-gnu-toolchain-13.2.Rel1-x86_64-arm-none-eabi/bin/../lib/gcc/arm-none-eabi/13.2.1/../../../../arm-none-eabi/lib/thumb/v8-m.main+fp/hard/librdimon_nano.a(arm_librdimon_a-syscalls.o)
                0x00008ece                _fstat
 .text._isatty  0x00008eea       0x3a /home/pgarrido/renesas/ra/e2studio_v2024-10_fsp_v5.6.0/toolchains/gcc_arm/arm-gnu-toolchain-13.2.Rel1-x86_64-arm-none-eabi/bin/../lib/gcc/arm-none-eabi/13.2.1/../../../../arm-none-eabi/lib/thumb/v8-m.main+fp/hard/librdimon_nano.a(arm_librdimon_a-syscalls.o)
                0x00008eea                _isatty
 *(.version)
 .version       0x00008f24       0x50 ./ra/fsp/src/bsp/mcu/all/bsp_common.o
 *(.init)
 .init          0x00008f74        0x4 /home/pgarrido/renesas/ra/e2studio_v2024-10_fsp_v5.6.0/toolchains/gcc_arm/arm-gnu-toolchain-13.2.Rel1-x86_64-arm-none-eabi/bin/../lib/gcc/arm-none-eabi/13.2.1/thumb/v8-m.main+fp/hard/crti.o
                0x00008f74                _init
 .init          0x00008f78        0x8 /home/pgarrido/renesas/ra/e2studio_v2024-10_fsp_v5.6.0/toolchains/gcc_arm/arm-gnu-toolchain-13.2.Rel1-x86_64-arm-none-eabi/bin/../lib/gcc/arm-none-eabi/13.2.1/thumb/v8-m.main+fp/hard/crtn.o
 *(.fini)
 .fini          0x00008f80        0x4 /home/pgarrido/renesas/ra/e2studio_v2024-10_fsp_v5.6.0/toolchains/gcc_arm/arm-gnu-toolchain-13.2.Rel1-x86_64-arm-none-eabi/bin/../lib/gcc/arm-none-eabi/13.2.1/thumb/v8-m.main+fp/hard/crti.o
                0x00008f80                _fini
 .fini          0x00008f84        0x8 /home/pgarrido/renesas/ra/e2studio_v2024-10_fsp_v5.6.0/toolchains/gcc_arm/arm-gnu-toolchain-13.2.Rel1-x86_64-arm-none-eabi/bin/../lib/gcc/arm-none-eabi/13.2.1/thumb/v8-m.main+fp/hard/crtn.o
 *crtbegin.o(.ctors)
 *crtbegin?.o(.ctors)
 *(EXCLUDE_FILE(*crtend.o *crtend?.o) .ctors)
 *(SORT_BY_NAME(.ctors.*))
 *(.ctors)
 *crtbegin.o(.dtors)
 *crtbegin?.o(.dtors)
 *(EXCLUDE_FILE(*crtend.o *crtend?.o) .dtors)
 *(SORT_BY_NAME(.dtors.*))
 *(.dtors)
 *(.rodata*)
 .rodata.micro_ros_thread_entry.str1.4
                0x00008f8c      0xd94 ./src/micro_ros_thread_entry.o
                                 0x27 (size before relaxing)
 .rodata        0x00009d20       0x50 ./src/micro_ros_thread_entry.o
 .rodata.g_ioport
                0x00009d70        0xc ./ra_gen/common_data.o
                0x00009d70                g_ioport
 .rodata.str1.4
                0x00009d7c        0xf ./ra_gen/common_data.o
 .rodata.g_wifi_onchip_silex_cfg
                0x00009d7c       0x30 ./ra_gen/common_data.o
                0x00009d7c                g_wifi_onchip_silex_cfg
 .rodata.g_uart0
                0x00009dac        0xc ./ra_gen/common_data.o
                0x00009dac                g_uart0
 .rodata.g_uart0_cfg
                0x00009db8       0x20 ./ra_gen/common_data.o
                0x00009db8                g_uart0_cfg
 .rodata.g_uart0_cfg_extend
                0x00009dd8       0x14 ./ra_gen/common_data.o
                0x00009dd8                g_uart0_cfg_extend
 .rodata.g_transfer0
                0x00009dec        0xc ./ra_gen/common_data.o
                0x00009dec                g_transfer0
 .rodata.g_transfer0_cfg
                0x00009df8        0x8 ./ra_gen/common_data.o
                0x00009df8                g_transfer0_cfg
 .rodata.g_transfer0_cfg_extend
                0x00009e00        0x1 ./ra_gen/common_data.o
                0x00009e00                g_transfer0_cfg_extend
 *fill*         0x00009e01        0x3 ff
 .rodata.g_transfer1
                0x00009e04        0xc ./ra_gen/common_data.o
                0x00009e04                g_transfer1
 .rodata.g_transfer1_cfg
                0x00009e10        0x8 ./ra_gen/common_data.o
                0x00009e10                g_transfer1_cfg
 .rodata.g_transfer1_cfg_extend
                0x00009e18        0x1 ./ra_gen/common_data.o
                0x00009e18                g_transfer1_cfg_extend
 *fill*         0x00009e19        0x3 ff
 .rodata.g_timer0_cfg
                0x00009e1c       0x20 ./ra_gen/hal_data.o
                0x00009e1c                g_timer0_cfg
 .rodata.g_timer0_extend
                0x00009e3c        0x8 ./ra_gen/hal_data.o
                0x00009e3c                g_timer0_extend
 .rodata.micro_ros_thread_create.str1.4
                0x00009e44       0x11 ./ra_gen/micro_ros_thread.o
 .rodata.micro_ros_thread_parameters
                0x00009e44        0x4 ./ra_gen/micro_ros_thread.o
                0x00009e44                micro_ros_thread_parameters
 .rodata.g_bsp_pin_cfg
                0x00009e48        0xc ./ra_gen/pin_data.o
                0x00009e48                g_bsp_pin_cfg
 .rodata.g_bsp_pin_cfg_data
                0x00009e54      0x288 ./ra_gen/pin_data.o
                0x00009e54                g_bsp_pin_cfg_data
 .rodata.g_interrupt_event_link_select
                0x0000a0dc       0xc0 ./ra_gen/vector_data.o
                0x0000a0dc                g_interrupt_event_link_select
 .rodata.prvReadBytesFromBuffer.str1.4
                0x0000a19c       0x8e ./ra/fsp/src/rm_wifi_onchip_silex/rm_wifi_onchip_silex.o
 .rodata.xStreamBufferReceiveAlternate.str1.4
                0x0000a19c       0x51 ./ra/fsp/src/rm_wifi_onchip_silex/rm_wifi_onchip_silex.o
 .rodata.rm_wifi_onchip_silex_open.str1.4
                0x0000a19c       0x94 ./ra/fsp/src/rm_wifi_onchip_silex/rm_wifi_onchip_silex.o
 .rodata.rm_wifi_onchip_silex_close.str1.4
                0x0000a19c        0x4 ./ra/fsp/src/rm_wifi_onchip_silex/rm_wifi_onchip_silex.o
 .rodata.rm_wifi_onchip_silex_dns_query.str1.4
                0x0000a19c       0x26 ./ra/fsp/src/rm_wifi_onchip_silex/rm_wifi_onchip_silex.o
 .rodata.rm_wifi_onchip_silex_change_socket_index.constprop.0.str1.4
                0x0000a19c       0x11 ./ra/fsp/src/rm_wifi_onchip_silex/rm_wifi_onchip_silex.o
 .rodata.rm_wifi_onchip_silex_socket_disconnect.str1.4
                0x0000a19c        0xa ./ra/fsp/src/rm_wifi_onchip_silex/rm_wifi_onchip_silex.o
 .rodata.rm_wifi_onchip_silex_udp_connect.str1.4
                0x0000a19c       0x2c ./ra/fsp/src/rm_wifi_onchip_silex/rm_wifi_onchip_silex.o
 .rodata.rm_wifi_onchip_silex_tcp_connect.str1.4
                0x0000a19c        0x9 ./ra/fsp/src/rm_wifi_onchip_silex/rm_wifi_onchip_silex.o
 .rodata.rm_wifi_onchip_silex_socket_create.str1.4
                0x0000a19c        0xf ./ra/fsp/src/rm_wifi_onchip_silex/rm_wifi_onchip_silex.o
 .rodata.rm_wifi_onchip_silex_connect.str1.4
                0x0000a19c       0x70 ./ra/fsp/src/rm_wifi_onchip_silex/rm_wifi_onchip_silex.o
 .rodata.__func__.0
                0x0000a19c       0x17 ./ra/fsp/src/rm_wifi_onchip_silex/rm_wifi_onchip_silex.o
 *fill*         0x0000a1b3        0x1 ff
 .rodata.__func__.1
                0x0000a1b4       0x1e ./ra/fsp/src/rm_wifi_onchip_silex/rm_wifi_onchip_silex.o
 *fill*         0x0000a1d2        0x2 ff
 .rodata.g_wifi_onchip_silex_result_code
                0x0000a1d4       0x48 ./ra/fsp/src/rm_wifi_onchip_silex/rm_wifi_onchip_silex.o
                0x0000a1d4                g_wifi_onchip_silex_result_code
 .rodata.g_wifi_onchip_silex_return_dummy
                0x0000a21c        0x1 ./ra/fsp/src/rm_wifi_onchip_silex/rm_wifi_onchip_silex.o
                0x0000a21c                g_wifi_onchip_silex_return_dummy
 *fill*         0x0000a21d        0x3 ff
 .rodata.g_wifi_onchip_silex_return_numeric_no_answer
                0x0000a220        0x3 ./ra/fsp/src/rm_wifi_onchip_silex/rm_wifi_onchip_silex.o
                0x0000a220                g_wifi_onchip_silex_return_numeric_no_answer
 *fill*         0x0000a223        0x1 ff
 .rodata.g_wifi_onchip_silex_return_numeric_busy
                0x0000a224        0x3 ./ra/fsp/src/rm_wifi_onchip_silex/rm_wifi_onchip_silex.o
                0x0000a224                g_wifi_onchip_silex_return_numeric_busy
 *fill*         0x0000a227        0x1 ff
 .rodata.g_wifi_onchip_silex_return_numeric_no_dialtone
                0x0000a228        0x3 ./ra/fsp/src/rm_wifi_onchip_silex/rm_wifi_onchip_silex.o
                0x0000a228                g_wifi_onchip_silex_return_numeric_no_dialtone
 *fill*         0x0000a22b        0x1 ff
 .rodata.g_wifi_onchip_silex_return_numeric_error
                0x0000a22c        0x3 ./ra/fsp/src/rm_wifi_onchip_silex/rm_wifi_onchip_silex.o
                0x0000a22c                g_wifi_onchip_silex_return_numeric_error
 *fill*         0x0000a22f        0x1 ff
 .rodata.g_wifi_onchip_silex_return_numeric_no_carrier
                0x0000a230        0x3 ./ra/fsp/src/rm_wifi_onchip_silex/rm_wifi_onchip_silex.o
                0x0000a230                g_wifi_onchip_silex_return_numeric_no_carrier
 *fill*         0x0000a233        0x1 ff
 .rodata.g_wifi_onchip_silex_return_numeric_ring
                0x0000a234        0x3 ./ra/fsp/src/rm_wifi_onchip_silex/rm_wifi_onchip_silex.o
                0x0000a234                g_wifi_onchip_silex_return_numeric_ring
 *fill*         0x0000a237        0x1 ff
 .rodata.g_wifi_onchip_silex_return_numeric_connect
                0x0000a238        0x3 ./ra/fsp/src/rm_wifi_onchip_silex/rm_wifi_onchip_silex.o
                0x0000a238                g_wifi_onchip_silex_return_numeric_connect
 *fill*         0x0000a23b        0x1 ff
 .rodata.g_wifi_onchip_silex_return_numeric_ok
                0x0000a23c        0x3 ./ra/fsp/src/rm_wifi_onchip_silex/rm_wifi_onchip_silex.o
                0x0000a23c                g_wifi_onchip_silex_return_numeric_ok
 *fill*         0x0000a23f        0x1 ff
 .rodata.g_wifi_onchip_silex_return_text_no_answer
                0x0000a240        0xc ./ra/fsp/src/rm_wifi_onchip_silex/rm_wifi_onchip_silex.o
                0x0000a240                g_wifi_onchip_silex_return_text_no_answer
 .rodata.g_wifi_onchip_silex_return_text_busy
                0x0000a24c        0x7 ./ra/fsp/src/rm_wifi_onchip_silex/rm_wifi_onchip_silex.o
                0x0000a24c                g_wifi_onchip_silex_return_text_busy
 *fill*         0x0000a253        0x1 ff
 .rodata.g_wifi_onchip_silex_return_text_no_dialtone
                0x0000a254        0xe ./ra/fsp/src/rm_wifi_onchip_silex/rm_wifi_onchip_silex.o
                0x0000a254                g_wifi_onchip_silex_return_text_no_dialtone
 *fill*         0x0000a262        0x2 ff
 .rodata.g_wifi_onchip_silex_return_text_error
                0x0000a264        0x8 ./ra/fsp/src/rm_wifi_onchip_silex/rm_wifi_onchip_silex.o
                0x0000a264                g_wifi_onchip_silex_return_text_error
 .rodata.g_wifi_onchip_silex_return_text_no_carrier
                0x0000a26c        0xd ./ra/fsp/src/rm_wifi_onchip_silex/rm_wifi_onchip_silex.o
                0x0000a26c                g_wifi_onchip_silex_return_text_no_carrier
 *fill*         0x0000a279        0x3 ff
 .rodata.g_wifi_onchip_silex_return_text_ring
                0x0000a27c        0x7 ./ra/fsp/src/rm_wifi_onchip_silex/rm_wifi_onchip_silex.o
                0x0000a27c                g_wifi_onchip_silex_return_text_ring
 *fill*         0x0000a283        0x1 ff
 .rodata.g_wifi_onchip_silex_return_text_connect
                0x0000a284        0xa ./ra/fsp/src/rm_wifi_onchip_silex/rm_wifi_onchip_silex.o
                0x0000a284                g_wifi_onchip_silex_return_text_connect
 *fill*         0x0000a28e        0x2 ff
 .rodata.g_wifi_onchip_silex_return_text_ok
                0x0000a290        0x5 ./ra/fsp/src/rm_wifi_onchip_silex/rm_wifi_onchip_silex.o
                0x0000a290                g_wifi_onchip_silex_return_text_ok
 .rodata.vPortSVCHandler_C.str1.4
                0x0000a295       0x3a ./ra/fsp/src/rm_freertos_port/port.o
 .rodata.vPortEnterCritical.str1.4
                0x0000a295       0x46 ./ra/fsp/src/rm_freertos_port/port.o
 .rodata.vPortExitCritical.str1.4
                0x0000a295       0x12 ./ra/fsp/src/rm_freertos_port/port.o
 .rodata.vPortValidateInterruptPriority.str1.4
                0x0000a295       0x64 ./ra/fsp/src/rm_freertos_port/port.o
 *fill*         0x0000a295        0x3 ff
 .rodata.__func__.0
                0x0000a298       0x1f ./ra/fsp/src/rm_freertos_port/port.o
 *fill*         0x0000a2b7        0x1 ff
 .rodata.__func__.1
                0x0000a2b8       0x12 ./ra/fsp/src/rm_freertos_port/port.o
 *fill*         0x0000a2ca        0x2 ff
 .rodata.__func__.2
                0x0000a2cc       0x13 ./ra/fsp/src/rm_freertos_port/port.o
 *fill*         0x0000a2df        0x1 ff
 .rodata.__func__.3
                0x0000a2e0       0x12 ./ra/fsp/src/rm_freertos_port/port.o
 *fill*         0x0000a2f2        0x2 ff
 .rodata.g_uart_on_sci
                0x0000a2f4       0x24 ./ra/fsp/src/r_sci_uart/r_sci_uart.o
                0x0000a2f4                g_uart_on_sci
 .rodata.g_div_coefficient
                0x0000a318       0x1a ./ra/fsp/src/r_sci_uart/r_sci_uart.o
 *fill*         0x0000a332        0x2 ff
 .rodata.g_async_baud
                0x0000a334        0xd ./ra/fsp/src/r_sci_uart/r_sci_uart.o
 *fill*         0x0000a341        0x3 ff
 .rodata.g_vbatt_pins_input
                0x0000a344        0x6 ./ra/fsp/src/r_ioport/r_ioport.o
 *fill*         0x0000a34a        0x2 ff
 .rodata.g_ioport_on_ioport
                0x0000a34c       0x34 ./ra/fsp/src/r_ioport/r_ioport.o
                0x0000a34c                g_ioport_on_ioport
 .rodata.g_transfer_on_dtc