Archive member included to satisfy reference by file (symbol)

../micro_ros_renesas2estudio_component/libmicroros/libmicroros.a(librcl-init_options.c.obj)
                              ./src/microros_app.o (rcl_get_zero_initialized_init_options)
../micro_ros_renesas2estudio_component/libmicroros/libmicroros.a(librcl-node_options.c.obj)
                              ./src/microros_app.o (rcl_node_get_default_options)
../micro_ros_renesas2estudio_component/libmicroros/libmicroros.a(librcl-publisher.c.obj)
                              ./src/microros_app.o (rcl_publish)
../micro_ros_renesas2estudio_component/libmicroros/libmicroros.a(librclc-executor.c.obj)
                              ./src/microros_app.o (rclc_executor_get_zero_initialized_executor)
../micro_ros_renesas2estudio_component/libmicroros/libmicroros.a(librclc-executor_handle.c.obj)
                              ../micro_ros_renesas2estudio_component/libmicroros/libmicroros.a(librclc-executor.c.obj) (rclc_executor_handle_counters_zero_init)
../micro_ros_renesas2estudio_component/libmicroros/libmicroros.a(librclc-init.c.obj)
                              ./src/microros_app.o (rclc_support_init_with_options)
../micro_ros_renesas2estudio_component/libmicroros/libmicroros.a(librclc-node.c.obj)
                              ./src/microros_app.o (rclc_node_init_with_options)
../micro_ros_renesas2estudio_component/libmicroros/libmicroros.a(librclc-publisher.c.obj)
                              ./src/microros_app.o (rclc_publisher_init_default)
../micro_ros_renesas2estudio_component/libmicroros/libmicroros.a(librclc-sleep.c.obj)
                              ../micro_ros_renesas2estudio_component/libmicroros/libmicroros.a(librclc-executor.c.obj) (rclc_sleep_ms)
../micro_ros_renesas2estudio_component/libmicroros/libmicroros.a(librclc-timer.c.obj)
                              ./src/microros_app.o (rclc_timer_init_default)
../micro_ros_renesas2estudio_component/libmicroros/libmicroros.a(librcutils-allocator.c.obj)
                              ./src/net_thread_entry.o (rcutils_get_zero_initialized_allocator)
../micro_ros_renesas2estudio_component/libmicroros/libmicroros.a(librcutils-error_handling.c.obj)
                              ../micro_ros_renesas2estudio_component/libmicroros/libmicroros.a(librcl-init_options.c.obj) (rcutils_get_error_string)
../micro_ros_renesas2estudio_component/libmicroros/libmicroros.a(librcutils-string_map.c.obj)
                              ../micro_ros_renesas2estudio_component/libmicroros/libmicroros.a(librcl-publisher.c.obj) (rcutils_get_zero_initialized_string_map)
../micro_ros_renesas2estudio_component/libmicroros/libmicroros.a(librcutils-time_unix.c.obj)
                              ../micro_ros_renesas2estudio_component/libmicroros/libmicroros.a(librclc-executor.c.obj) (rcutils_system_time_now)
../micro_ros_renesas2estudio_component/libmicroros/libmicroros.a(librmw-init_options.c.obj)
                              ../micro_ros_renesas2estudio_component/libmicroros/libmicroros.a(librcl-init_options.c.obj) (rmw_get_zero_initialized_init_options)
../micro_ros_renesas2estudio_component/libmicroros/libmicroros.a(librmw-publisher_options.c.obj)
                              ../micro_ros_renesas2estudio_component/libmicroros/libmicroros.a(librcl-publisher.c.obj) (rmw_get_default_publisher_options)
../micro_ros_renesas2estudio_component/libmicroros/libmicroros.a(librmw-security_options.c.obj)
                              ../micro_ros_renesas2estudio_component/libmicroros/libmicroros.a(librmw-init_options.c.obj) (rmw_get_default_security_options)
../micro_ros_renesas2estudio_component/libmicroros/libmicroros.a(librmw-validate_full_topic_name.c.obj)
                              ../micro_ros_renesas2estudio_component/libmicroros/libmicroros.a(librcl-publisher.c.obj) (rmw_validate_full_topic_name)
../micro_ros_renesas2estudio_component/libmicroros/libmicroros.a(librmw_microxrcedds-custom_transport.c.obj)
                              ./src/net_thread_entry.o (rmw_uros_set_custom_transport)
../micro_ros_renesas2estudio_component/libmicroros/libmicroros.a(librmw_microxrcedds-rmw_init.c.obj)
                              ../micro_ros_renesas2estudio_component/libmicroros/libmicroros.a(librcl-init_options.c.obj) (rmw_init_options_init)
../micro_ros_renesas2estudio_component/libmicroros/libmicroros.a(librmw_microxrcedds-rmw_node.c.obj)
                              ../micro_ros_renesas2estudio_component/libmicroros/libmicroros.a(librmw_microxrcedds-rmw_init.c.obj) (rmw_destroy_node)
../micro_ros_renesas2estudio_component/libmicroros/libmicroros.a(librmw_microxrcedds-rmw_publish.c.obj)
                              ../micro_ros_renesas2estudio_component/libmicroros/libmicroros.a(librcl-publisher.c.obj) (rmw_publish)
../micro_ros_renesas2estudio_component/libmicroros/libmicroros.a(librmw_microxrcedds-rmw_publisher.c.obj)
[...]
Memory Configuration

Name             Origin             Length             Attributes
FLASH            0x0000000000000000 0x0000000000200000 xr
RAM              0x0000000020000000 0x0000000000080000 xrw
DATA_FLASH       0x0000000008000000 0x0000000000002000 xr
QSPI_FLASH       0x0000000060000000 0x0000000004000000 xr
OSPI_DEVICE_0    0x0000000068000000 0x0000000008000000 xr
OSPI_DEVICE_1    0x0000000070000000 0x0000000010000000 xr
SDRAM            0x0000000090000000 0x0000000000000000 xrw
OPTION_SETTING   0x000000000100a100 0x0000000000000100 r
OPTION_SETTING_S 0x000000000100a200 0x0000000000000100 r
ID_CODE          0x0000000000000000 0x0000000000000000 xr
*default*        0x0000000000000000 0xffffffffffffffff

Linker script and memory map

LOAD /home/ubuntu/toolchain/gcc-arm-none-eabi-9-2020-q2-update/bin/../lib/gcc/arm-none-eabi/9.3.1/thumb/v8-m.main+fp/hard/crti.o
LOAD /home/ubuntu/toolchain/gcc-arm-none-eabi-9-2020-q2-update/bin/../lib/gcc/arm-none-eabi/9.3.1/thumb/v8-m.main+fp/hard/crtbegin.o
LOAD /home/ubuntu/toolchain/gcc-arm-none-eabi-9-2020-q2-update/bin/../lib/gcc/arm-none-eabi/9.3.1/../../../../arm-none-eabi/lib/thumb/v8-m.main+fp/hard/rdimon-crt0.o
START GROUP
LOAD ./src/hal_entry.o
LOAD ./src/microros_allocators.o
LOAD ./src/microros_app.o
LOAD ./src/microros_time.o
LOAD ./src/microros_transports.o
LOAD ./src/net_thread_entry.o
LOAD ./ra_gen/common_data.o
LOAD ./ra_gen/hal_data.o
LOAD ./ra_gen/main.o
LOAD ./ra_gen/net_thread.o
LOAD ./ra_gen/pin_data.o
LOAD ./ra_gen/vector_data.o
LOAD ./ra/fsp/src/rm_freertos_port/port.o
LOAD ./ra/fsp/src/rm_freertos_plus_tcp/NetworkInterface.o
LOAD ./ra/fsp/src/r_ioport/r_ioport.o
LOAD ./ra/fsp/src/r_ether_phy/targets/KSZ8091RNB/r_ether_phy_target_ksz8091rnb.o
LOAD ./ra/fsp/src/r_ether_phy/targets/KSZ8041/r_ether_phy_target_ksz8041.o
LOAD ./ra/fsp/src/r_ether_phy/targets/DP83620/r_ether_phy_target_dp83620.o
LOAD ./ra/fsp/src/r_ether_phy/r_ether_phy.o
LOAD ./ra/fsp/src/r_ether/r_ether.o
LOAD ./ra/fsp/src/r_agt/r_agt.o
LOAD ./ra/fsp/src/bsp/mcu/all/bsp_clocks.o
LOAD ./ra/fsp/src/bsp/mcu/all/bsp_common.o
LOAD ./ra/fsp/src/bsp/mcu/all/bsp_delay.o
LOAD ./ra/fsp/src/bsp/mcu/all/bsp_group_irq.o
LOAD ./ra/fsp/src/bsp/mcu/all/bsp_guard.o
LOAD ./ra/fsp/src/bsp/mcu/all/bsp_io.o
LOAD ./ra/fsp/src/bsp/mcu/all/bsp_irq.o
LOAD ./ra/fsp/src/bsp/mcu/all/bsp_register_protection.o
LOAD ./ra/fsp/src/bsp/mcu/all/bsp_rom_registers.o
LOAD ./ra/fsp/src/bsp/mcu/all/bsp_sbrk.o
LOAD ./ra/fsp/src/bsp/mcu/all/bsp_security.o
LOAD ./ra/fsp/src/bsp/cmsis/Device/RENESAS/Source/startup.o
LOAD ./ra/fsp/src/bsp/cmsis/Device/RENESAS/Source/system.o
LOAD ./ra/board/ra6m5_ek/board_init.o
LOAD ./ra/board/ra6m5_ek/board_leds.o
LOAD ./ra/aws/amazon-freertos/libraries/freertos_plus/standard/freertos_plus_tcp/portable/BufferManagement/BufferAllocation_2.o
LOAD ./ra/aws/amazon-freertos/libraries/freertos_plus/standard/freertos_plus_tcp/FreeRTOS_ARP.o
LOAD ./ra/aws/amazon-freertos/libraries/freertos_plus/standard/freertos_plus_tcp/FreeRTOS_DHCP.o
LOAD ./ra/aws/amazon-freertos/libraries/freertos_plus/standard/freertos_plus_tcp/FreeRTOS_DNS.o
LOAD ./ra/aws/amazon-freertos/libraries/freertos_plus/standard/freertos_plus_tcp/FreeRTOS_IP.o
LOAD ./ra/aws/amazon-freertos/libraries/freertos_plus/standard/freertos_plus_tcp/FreeRTOS_Sockets.o
LOAD ./ra/aws/amazon-freertos/libraries/freertos_plus/standard/freertos_plus_tcp/FreeRTOS_Stream_Buffer.o
LOAD ./ra/aws/amazon-freertos/libraries/freertos_plus/standard/freertos_plus_tcp/FreeRTOS_TCP_IP.o
LOAD ./ra/aws/amazon-freertos/libraries/freertos_plus/standard/freertos_plus_tcp/FreeRTOS_TCP_WIN.o
LOAD ./ra/aws/amazon-freertos/libraries/freertos_plus/standard/freertos_plus_tcp/FreeRTOS_UDP_IP.o
LOAD ./ra/aws/amazon-freertos/freertos_kernel/portable/MemMang/heap_4.o
LOAD ./ra/aws/amazon-freertos/freertos_kernel/event_groups.o
LOAD ./ra/aws/amazon-freertos/freertos_kernel/list.o
LOAD ./ra/aws/amazon-freertos/freertos_kernel/queue.o
LOAD ./ra/aws/amazon-freertos/freertos_kernel/stream_buffer.o
LOAD ./ra/aws/amazon-freertos/freertos_kernel/tasks.o
LOAD ./ra/aws/amazon-freertos/freertos_kernel/timers.o
LOAD ../micro_ros_renesas2estudio_component/libmicroros/libmicroros.a
END GROUP
START GROUP
LOAD /home/ubuntu/toolchain/gcc-arm-none-eabi-9-2020-q2-update/bin/../lib/gcc/arm-none-eabi/9.3.1/thumb/v8-m.main+fp/hard/libgcc.a
LOAD /home/ubuntu/toolchain/gcc-arm-none-eabi-9-2020-q2-update/bin/../lib/gcc/arm-none-eabi/9.3.1/../../../../arm-none-eabi/lib/thumb/v8-m.main+fp/hard/libg_nano.a
LOAD /home/ubuntu/toolchain/gcc-arm-none-eabi-9-2020-q2-update/bin/../lib/gcc/arm-none-eabi/9.3.1/../../../../arm-none-eabi/lib/thumb/v8-m.main+fp/hard/libc_nano.a
END GROUP
START GROUP
LOAD /home/ubuntu/toolchain/gcc-arm-none-eabi-9-2020-q2-update/bin/../lib/gcc/arm-none-eabi/9.3.1/thumb/v8-m.main+fp/hard/libgcc.a
LOAD /home/ubuntu/toolchain/gcc-arm-none-eabi-9-2020-q2-update/bin/../lib/gcc/arm-none-eabi/9.3.1/../../../../arm-none-eabi/lib/thumb/v8-m.main+fp/hard/libc_nano.a
LOAD /home/ubuntu/toolchain/gcc-arm-none-eabi-9-2020-q2-update/bin/../lib/gcc/arm-none-eabi/9.3.1/../../../../arm-none-eabi/lib/thumb/v8-m.main+fp/hard/librdimon_nano.a
END GROUP
START GROUP
LOAD /home/ubuntu/toolchain/gcc-arm-none-eabi-9-2020-q2-update/bin/../lib/gcc/arm-none-eabi/9.3.1/thumb/v8-m.main+fp/hard/libgcc.a
LOAD /home/ubuntu/toolchain/gcc-arm-none-eabi-9-2020-q2-update/bin/../lib/gcc/arm-none-eabi/9.3.1/../../../../arm-none-eabi/lib/thumb/v8-m.main+fp/hard/libc_nano.a
LOAD /home/ubuntu/toolchain/gcc-arm-none-eabi-9-2020-q2-update/bin/../lib/gcc/arm-none-eabi/9.3.1/../../../../arm-none-eabi/lib/thumb/v8-m.main+fp/hard/librdimon_nano.a
END GROUP
LOAD /home/ubuntu/toolchain/gcc-arm-none-eabi-9-2020-q2-update/bin/../lib/gcc/arm-none-eabi/9.3.1/thumb/v8-m.main+fp/hard/crtend.o
LOAD /home/ubuntu/toolchain/gcc-arm-none-eabi-9-2020-q2-update/bin/../lib/gcc/arm-none-eabi/9.3.1/thumb/v8-m.main+fp/hard/crtn.o
                0x0000000020000000                RAM_START = 0x20000000
                0x0000000000080000                RAM_LENGTH = 0x80000
                0x0000000000000000                FLASH_START = 0x0
                0x0000000000200000                FLASH_LENGTH = 0x200000
                0x0000000008000000                DATA_FLASH_START = 0x8000000
                0x0000000000002000                DATA_FLASH_LENGTH = 0x2000
                0x000000000100a100                OPTION_SETTING_START = 0x100a100
                0x0000000000000100                OPTION_SETTING_LENGTH = 0x100
                0x000000000100a200                OPTION_SETTING_S_START = 0x100a200
                0x0000000000000100                OPTION_SETTING_S_LENGTH = 0x100
                0x0000000000000000                ID_CODE_START = 0x0
                0x0000000000000000                ID_CODE_LENGTH = 0x0
                0x0000000090000000                SDRAM_START = 0x90000000
                0x0000000000000000                SDRAM_LENGTH = 0x0
                0x0000000060000000                QSPI_FLASH_START = 0x60000000
                0x0000000004000000                QSPI_FLASH_LENGTH = 0x4000000
                0x0000000068000000                OSPI_DEVICE_0_START = 0x68000000
                0x0000000008000000                OSPI_DEVICE_0_LENGTH = 0x8000000
                0x0000000070000000                OSPI_DEVICE_1_START = 0x70000000
                0x0000000010000000                OSPI_DEVICE_1_LENGTH = 0x10000000
                0x0000000000000c20                RAM_NS_BUFFER_LENGTH = 0xc20
                0x0000000004000000                QSPI_FLASH_PRV_LENGTH = DEFINED (QSPI_FLASH_SIZE)?ABSOLUTE (QSPI_FLASH_SIZE):ABSOLUTE (QSPI_FLASH_LENGTH)
                0x0000000008000000                OSPI_DEVICE_0_PRV_LENGTH = DEFINED (OSPI_DEVICE_0_SIZE)?ABSOLUTE (OSPI_DEVICE_0_SIZE):ABSOLUTE (OSPI_DEVICE_0_LENGTH)
                0x0000000010000000                OSPI_DEVICE_1_PRV_LENGTH = DEFINED (OSPI_DEVICE_1_SIZE)?ABSOLUTE (OSPI_DEVICE_1_SIZE):ABSOLUTE (OSPI_DEVICE_1_LENGTH)
                0x0000000000000001                __RESERVE_NS_RAM = ((! (DEFINED (PROJECT_NONSECURE)) && DEFINED (RAM_NS_BUFFER_LENGTH)) && (OPTION_SETTING_S_LENGTH != 0x0))
                0x0000000000002000                RAM_NS_BUFFER_BLOCK_LENGTH = DEFINED (RAM_NS_BUFFER_LENGTH)?ALIGN (RAM_NS_BUFFER_LENGTH, 0x2000):0x0
                0x0000000000000c20                RAM_NS_BUFFER_LENGTH = DEFINED (RAM_NS_BUFFER_LENGTH)?RAM_NS_BUFFER_LENGTH:0x0
                0x000000002007f3e0                RAM_NS_BUFFER_START = ((RAM_START + RAM_LENGTH) - RAM_NS_BUFFER_LENGTH)
                0x000000002007e000                RAM_NS_BUFFER_BLOCK_START = ((RAM_START + RAM_LENGTH) - RAM_NS_BUFFER_BLOCK_LENGTH)
                0x000000000100a180                OPTION_SETTING_START_NS = 0x100a180
                0x0000000000000001                __bl_FSP_BOOTABLE_IMAGE = 0x1
                0x0000000000000001                __bln_FSP_BOOTABLE_IMAGE = 0x1
                0x0000000000000001                PROJECT_SECURE_OR_FLAT = ((! (DEFINED (PROJECT_NONSECURE)) && OPTION_SETTING_LENGTH) && ! (DEFINED (FSP_BOOTABLE_IMAGE)))
                0x0000000000000000                USE_OPTION_SETTING_NS = (DEFINED (PROJECT_NONSECURE) && ! (DEFINED (FSP_BOOTABLE_IMAGE)))
                0x0000000000000000                __bl_FLASH_IMAGE_START = ! (DEFINED (FLASH_BOOTLOADER_LENGTH))?0x0:(FLASH_APPLICATION_IMAGE_NUMBER == 0x1)?(FLASH_BOOTLOADER_LENGTH + FLASH_BOOTLOADER_HEADER_LENGTH):(((FLASH_BOOTLOADER_LENGTH + FLASH_BOOTLOADER_SCRATCH_LENGTH) + FLASH_APPLICATION_S_LENGTH) + FLASH_BOOTLOADER_HEADER_LENGTH)
                0x0000000000000000                __bl_FLASH_IMAGE_LENGTH = ! (DEFINED (FLASH_BOOTLOADER_LENGTH))?0x0:(FLASH_APPLICATION_S_LENGTH - FLASH_BOOTLOADER_HEADER_LENGTH)
                0x0000000000000000                __bl_FLASH_IMAGE_END = (__bl_FLASH_IMAGE_START + __bl_FLASH_IMAGE_LENGTH)
                0x0000000000000000                __bl_FLASH_NS_START = ! (DEFINED (FLASH_BOOTLOADER_LENGTH))?0x0:(FLASH_APPLICATION_NS_LENGTH == 0x0)?__bl_FLASH_IMAGE_END:((__bl_FLASH_IMAGE_START - FLASH_BOOTLOADER_HEADER_LENGTH) + FLASH_APPLICATION_S_LENGTH)
                0x0000000000000000                __bl_FLASH_NSC_START = ! (DEFINED (FLASH_BOOTLOADER_LENGTH))?0x0:(FLASH_APPLICATION_NS_LENGTH == 0x0)?__bl_FLASH_IMAGE_END:(__bl_FLASH_NS_START - FLASH_APPLICATION_NSC_LENGTH)
                0x0000000000000000                __bl_RAM_NS_START = ! (DEFINED (FLASH_BOOTLOADER_LENGTH))?0x0:(FLASH_APPLICATION_NS_LENGTH == 0x0)?(RAM_START + RAM_LENGTH):((RAM_START + RAM_LENGTH) - RAM_APPLICATION_NS_LENGTH)
                0x0000000000000000                __bl_RAM_NSC_START = ! (DEFINED (FLASH_BOOTLOADER_LENGTH))?0x0:(FLASH_APPLICATION_NS_LENGTH == 0x0)?(RAM_START + RAM_LENGTH):(__bl_RAM_NS_START - RAM_APPLICATION_NSC_LENGTH)
                0x0000000000000000                __bl_FLASH_NS_IMAGE_START = ! (DEFINED (FLASH_BOOTLOADER_LENGTH))?0x0:(FLASH_APPLICATION_NS_LENGTH == 0x0)?__bl_FLASH_IMAGE_END:(__bl_FLASH_NS_START + FLASH_BOOTLOADER_HEADER_LENGTH_2)
                0x0000000000000000                __bln_FLASH_IMAGE_START = __bl_FLASH_NS_IMAGE_START
                0x0000000000000000                __bln_FLASH_IMAGE_LENGTH = ! (DEFINED (FLASH_BOOTLOADER_LENGTH))?0x0:(FLASH_APPLICATION_NS_LENGTH == 0x0)?__bl_FLASH_IMAGE_END:(FLASH_APPLICATION_NS_LENGTH - FLASH_BOOTLOADER_HEADER_LENGTH_2)
                0x0000000000000000                FLASH_ORIGIN = DEFINED (FLASH_IMAGE_START)?FLASH_IMAGE_START:FLASH_START
                0x0000000000200000                LIMITED_FLASH_LENGTH = DEFINED (FLASH_IMAGE_LENGTH)?FLASH_IMAGE_LENGTH:DEFINED (FLASH_BOOTLOADER_LENGTH)?FLASH_BOOTLOADER_LENGTH:FLASH_LENGTH
START GROUP
LOAD /home/ubuntu/toolchain/gcc-arm-none-eabi-9-2020-q2-update/bin/../lib/gcc/arm-none-eabi/9.3.1/thumb/v8-m.main+fp/hard/libgcc.a
LOAD /home/ubuntu/toolchain/gcc-arm-none-eabi-9-2020-q2-update/bin/../lib/gcc/arm-none-eabi/9.3.1/../../../../arm-none-eabi/lib/thumb/v8-m.main+fp/hard/libc.a
LOAD /home/ubuntu/toolchain/gcc-arm-none-eabi-9-2020-q2-update/bin/../lib/gcc/arm-none-eabi/9.3.1/../../../../arm-none-eabi/lib/thumb/v8-m.main+fp/hard/libm.a
LOAD /home/ubuntu/toolchain/gcc-arm-none-eabi-9-2020-q2-update/bin/../lib/gcc/arm-none-eabi/9.3.1/../../../../arm-none-eabi/lib/thumb/v8-m.main+fp/hard/libnosys.a
END GROUP

.text           0x0000000000000000    0x16c48
                0x0000000000000000                __tz_FLASH_S = ABSOLUTE (FLASH_START)
                0x0000000000000000                __ROM_Start = .
 *(.fixed_vectors*)
 .fixed_vectors
                0x0000000000000000       0x40 ./ra/fsp/src/bsp/cmsis/Device/RENESAS/Source/startup.o
                0x0000000000000000                __Vectors
 *(.application_vectors*)
 .application_vectors
                0x0000000000000040      0x180 ./ra_gen/vector_data.o
                0x0000000000000040                g_vector_table
                0x00000000000001c0                __Vectors_End = .
                0x00000000000001c0                . = (OPTION_SETTING_LENGTH > 0x0)?.:(__ROM_Start + 0x400)
 *(.rom_registers*)
                0x00000000000001c0                . = (OPTION_SETTING_LENGTH > 0x0)?.:(__ROM_Start + 0x500)
 *(.text*)
 .text          0x00000000000001c0       0x40 /home/ubuntu/toolchain/gcc-arm-none-eabi-9-2020-q2-update/bin/../lib/gcc/arm-none-eabi/9.3.1/thumb/v8-m.main+fp/hard/crtbegin.o
 .text.R_BSP_WarmStart
                0x0000000000000200       0x18 ./src/hal_entry.o
                0x0000000000000200                R_BSP_WarmStart
 .text.pvPortRealloc
                0x0000000000000218       0x44 ./src/microros_allocators.o
                0x0000000000000218                pvPortRealloc
 .text.pvPortCalloc
                0x000000000000025c       0x24 ./src/microros_allocators.o
                0x000000000000025c                pvPortCalloc
 .text.microros_allocate
                0x0000000000000280        0x4 ./src/microros_allocators.o
                0x0000000000000280                microros_allocate
 .text.microros_deallocate
                0x0000000000000284        0x8 ./src/microros_allocators.o
                0x0000000000000284                microros_deallocate
 .text.microros_reallocate
                0x000000000000028c        0xc ./src/microros_allocators.o
                0x000000000000028c                microros_reallocate
 .text.microros_zero_allocate
                0x0000000000000298        0x4 ./src/microros_allocators.o
                0x0000000000000298                microros_zero_allocate
 .text.timer_callback
                0x000000000000029c       0x24 ./src/microros_app.o
                0x000000000000029c                timer_callback
 .text.microros_app
                0x00000000000002c0       0xe0 ./src/microros_app.o
                0x00000000000002c0                microros_app
 .text.micro_ros_timer_cb
                0x00000000000003a0       0x18 ./src/microros_time.o
                0x00000000000003a0                micro_ros_timer_cb
 .text.clock_gettime
                0x00000000000003b8      0x130 ./src/microros_time.o
                0x00000000000003b8                clock_gettime
 .text.renesas_e2_transport_open
                0x00000000000004e8       0x48 ./src/microros_transports.o
                0x00000000000004e8                renesas_e2_transport_open
 .text.renesas_e2_transport_close
                0x0000000000000530       0x1c ./src/microros_transports.o
                0x0000000000000530                renesas_e2_transport_close
 .text.renesas_e2_transport_write
                0x000000000000054c       0x38 ./src/microros_transports.o
                0x000000000000054c                renesas_e2_transport_write
 .text.renesas_e2_transport_read
                0x0000000000000584       0x60 ./src/microros_transports.o
                0x0000000000000584                renesas_e2_transport_read
 .text.net_thread_entry
                0x00000000000005e4       0x90 ./src/net_thread_entry.o
                0x00000000000005e4                net_thread_entry
 .text.g_common_init
                0x0000000000000674        0x4 ./ra_gen/common_data.o
                0x0000000000000674                g_common_init
 .text.g_hal_init
                0x0000000000000678        0x4 ./ra_gen/hal_data.o
                0x0000000000000678                g_hal_init
 .text.rtos_startup_err_callback_internal
                0x000000000000067c        0x4 ./ra_gen/main.o
                0x000000000000067c                rtos_startup_err_callback_internal
                0x000000000000067c                rtos_startup_err_callback
 .text.rtos_startup_common_init
                0x0000000000000680       0x68 ./ra_gen/main.o
                0x0000000000000680                rtos_startup_common_init
 .text.startup.main
                0x00000000000006e8       0x44 ./ra_gen/main.o
                0x00000000000006e8                main
 .text.vApplicationGetIdleTaskMemory
                0x000000000000072c       0x1c ./ra_gen/main.o
                0x000000000000072c                vApplicationGetIdleTaskMemory
 .text.vApplicationGetTimerTaskMemory
                0x0000000000000748       0x1c ./ra_gen/main.o
                0x0000000000000748                vApplicationGetTimerTaskMemory
 .text.net_thread_func
                0x0000000000000764       0x18 ./ra_gen/net_thread.o
 .text.net_thread_create
                0x000000000000077c       0x58 ./ra_gen/net_thread.o
                0x000000000000077c                net_thread_create
 .text.prvTaskExitError
                0x00000000000007d4        0x4 ./ra/fsp/src/rm_freertos_port/port.o
 .text.SVC_Handler
                0x00000000000007d8       0x18 ./ra/fsp/src/rm_freertos_port/port.o
                0x00000000000007d8                SVC_Handler
 .text.PendSV_Handler
                0x00000000000007f0       0x44 ./ra/fsp/src/rm_freertos_port/port.o
                0x00000000000007f0                PendSV_Handler
 .text.rm_freertos_port_restore_task_stackless
                0x0000000000000834       0x24 ./ra/fsp/src/rm_freertos_port/port.o
                0x0000000000000834                rm_freertos_port_restore_task_stackless
 .text.SysTick_Handler
                0x0000000000000858       0x24 ./ra/fsp/src/rm_freertos_port/port.o
                0x0000000000000858                SysTick_Handler
 .text.vPortSVCHandler_C
                0x000000000000087c       0x34 ./ra/fsp/src/rm_freertos_port/port.o
                0x000000000000087c                vPortSVCHandler_C
 .text.pxPortInitialiseStack
                0x00000000000008b0       0x38 ./ra/fsp/src/rm_freertos_port/port.o
                0x00000000000008b0                pxPortInitialiseStack
 .text.vPortEnterCritical
                0x00000000000008e8       0x50 ./ra/fsp/src/rm_freertos_port/port.o
                0x00000000000008e8                vPortEnterCritical
 .text.vPortExitCritical
                0x0000000000000938       0x3c ./ra/fsp/src/rm_freertos_port/port.o
                0x0000000000000938                vPortExitCritical
 .text.rm_freertos_port_sleep_preserving_lpm
                0x0000000000000974       0x68 ./ra/fsp/src/rm_freertos_port/port.o
                0x0000000000000974                rm_freertos_port_sleep_preserving_lpm
 .text.vApplicationIdleHook
                0x00000000000009dc       0x18 ./ra/fsp/src/rm_freertos_port/port.o
                0x00000000000009dc                vApplicationIdleHook
 .text.vPortSetupTimerInterrupt
                0x00000000000009f4       0x40 ./ra/fsp/src/rm_freertos_port/port.o
                0x00000000000009f4                vPortSetupTimerInterrupt
 .text.xPortStartScheduler
                0x0000000000000a34       0x3c ./ra/fsp/src/rm_freertos_port/port.o
                0x0000000000000a34                xPortStartScheduler
 .text.vPortValidateInterruptPriority
                0x0000000000000a70       0x1c ./ra/fsp/src/rm_freertos_port/port.o
                0x0000000000000a70                vPortValidateInterruptPriority
 .text.prvCheckLinkStatusTask
                0x0000000000000a8c       0x1c ./ra/fsp/src/rm_freertos_plus_tcp/NetworkInterface.o
 .text.prvRXHandlerTask
                0x0000000000000aa8       0x70 ./ra/fsp/src/rm_freertos_plus_tcp/NetworkInterface.o
 .text.xNetworkInterfaceInitialise
                0x0000000000000b18       0x78 ./ra/fsp/src/rm_freertos_plus_tcp/NetworkInterface.o
                0x0000000000000b18                xNetworkInterfaceInitialise
 .text.xNetworkInterfaceOutput
                0x0000000000000b90       0x3c ./ra/fsp/src/rm_freertos_plus_tcp/NetworkInterface.o
                0x0000000000000b90                xNetworkInterfaceOutput
 .text.vEtherISRCallback
                0x0000000000000bcc       0x44 ./ra/fsp/src/rm_freertos_plus_tcp/NetworkInterface.o
                0x0000000000000bcc                vEtherISRCallback
 .text.xApplicationGetRandomNumber
                0x0000000000000c10       0x1c ./ra/fsp/src/rm_freertos_plus_tcp/NetworkInterface.o
                0x0000000000000c10                xApplicationGetRandomNumber
 .text.ulApplicationGetNextSequenceNumber
                0x0000000000000c2c       0x1c ./ra/fsp/src/rm_freertos_plus_tcp/NetworkInterface.o
                0x0000000000000c2c                ulApplicationGetNextSequenceNumber
 .text.bsp_vbatt_init.isra.0
                0x0000000000000c48       0xac ./ra/fsp/src/r_ioport/r_ioport.o
 .text.r_ioport_pins_config
                0x0000000000000cf4       0xd4 ./ra/fsp/src/r_ioport/r_ioport.o
 .text.R_IOPORT_Open
                0x0000000000000dc8       0x30 ./ra/fsp/src/r_ioport/r_ioport.o
                0x0000000000000dc8                R_IOPORT_Open
 .text.ether_phy_targets_initialize
                0x0000000000000df8       0x34 ./ra/fsp/src/r_ether_phy/targets/KSZ8091RNB/r_ether_phy_target_ksz8091rnb.o
                0x0000000000000df8                ether_phy_targets_initialize
 .text.ether_phy_preamble
                0x0000000000000e2c       0x48 ./ra/fsp/src/r_ether_phy/r_ether_phy.o
 .text.ether_phy_reg_set
                0x0000000000000e74       0xb8 ./ra/fsp/src/r_ether_phy/r_ether_phy.o
 .text.R_ETHER_PHY_Close
                0x0000000000000f2c       0x24 ./ra/fsp/src/r_ether_phy/r_ether_phy.o
                0x0000000000000f2c                R_ETHER_PHY_Close
 .text.ether_phy_read
                0x0000000000000f50       0xdc ./ra/fsp/src/r_ether_phy/r_ether_phy.o
                0x0000000000000f50                ether_phy_read
 .text.R_ETHER_PHY_LinkPartnerAbilityGet
                0x000000000000102c       0xb4 ./ra/fsp/src/r_ether_phy/r_ether_phy.o
                0x000000000000102c                R_ETHER_PHY_LinkPartnerAbilityGet
 .text.R_ETHER_PHY_LinkStatusGet
                0x00000000000010e0       0x38 ./ra/fsp/src/r_ether_phy/r_ether_phy.o
                0x00000000000010e0                R_ETHER_PHY_LinkStatusGet
 .text.ether_phy_write
                0x0000000000001118      0x140 ./ra/fsp/src/r_ether_phy/r_ether_phy.o
                0x0000000000001118                ether_phy_write
 .text.R_ETHER_PHY_StartAutoNegotiate
                0x0000000000001258       0x4c ./ra/fsp/src/r_ether_phy/r_ether_phy.o
                0x0000000000001258                R_ETHER_PHY_StartAutoNegotiate
 .text.R_ETHER_PHY_Open
                0x00000000000012a4       0x78 ./ra/fsp/src/r_ether_phy/r_ether_phy.o
                0x00000000000012a4                R_ETHER_PHY_Open
 .text.ether_do_link
                0x000000000000131c      0x190 ./ra/fsp/src/r_ether/r_ether.o
 .text.R_ETHER_Write
                0x00000000000014ac       0xa8 ./ra/fsp/src/r_ether/r_ether.o
                0x00000000000014ac                R_ETHER_Write
 .text.R_ETHER_RxBufferUpdate
                0x0000000000001554       0x74 ./ra/fsp/src/r_ether/r_ether.o
                0x0000000000001554                R_ETHER_RxBufferUpdate
 .text.R_ETHER_TxStatusGet
                0x00000000000015c8       0x50 ./ra/fsp/src/r_ether/r_ether.o
                0x00000000000015c8                R_ETHER_TxStatusGet
 .text.R_ETHER_BufferRelease
                0x0000000000001618       0x80 ./ra/fsp/src/r_ether/r_ether.o
                0x0000000000001618                R_ETHER_BufferRelease
 .text.R_ETHER_Close.part.0
                0x0000000000001698       0x90 ./ra/fsp/src/r_ether/r_ether.o
 .text.R_ETHER_Close
                0x0000000000001728       0x1c ./ra/fsp/src/r_ether/r_ether.o
                0x0000000000001728                R_ETHER_Close
 .text.ether_init_buffers.isra.0
                0x0000000000001744       0x38 ./ra/fsp/src/r_ether/r_ether.o
 .text.R_ETHER_Open
                0x000000000000177c      0x1d0 ./ra/fsp/src/r_ether/r_ether.o
                0x000000000000177c                R_ETHER_Open
 .text.ether_configure_mac.part.0
                0x000000000000194c      0x1b4 ./ra/fsp/src/r_ether/r_ether.o
 .text.R_ETHER_LinkProcess
                0x0000000000001b00      0x164 ./ra/fsp/src/r_ether/r_ether.o
                0x0000000000001b00                R_ETHER_LinkProcess
 .text.R_ETHER_WakeOnLANEnable
                0x0000000000001c64       0x5c ./ra/fsp/src/r_ether/r_ether.o
                0x0000000000001c64                R_ETHER_WakeOnLANEnable
 .text.R_ETHER_Read
                0x0000000000001cc0       0xb4 ./ra/fsp/src/r_ether/r_ether.o
                0x0000000000001cc0                R_ETHER_Read
 .text.ether_eint_isr
                0x0000000000001d74       0x74 ./ra/fsp/src/r_ether/r_ether.o
                0x0000000000001d74                ether_eint_isr
 .text.r_agt_common_preamble.part.0
                0x0000000000001de8       0x18 ./ra/fsp/src/r_agt/r_agt.o
 .text.R_AGT_Start
                0x0000000000001e00       0x28 ./ra/fsp/src/r_agt/r_agt.o
                0x0000000000001e00                R_AGT_Start
 .text.R_AGT_StatusGet
                0x0000000000001e28       0x3c ./ra/fsp/src/r_agt/r_agt.o
                0x0000000000001e28                R_AGT_StatusGet
 .text.R_AGT_Open
                0x0000000000001e64      0x1cc ./ra/fsp/src/r_agt/r_agt.o
                0x0000000000001e64                R_AGT_Open
 .text.agt_int_isr
                0x0000000000002030       0x9c ./ra/fsp/src/r_agt/r_agt.o
                0x0000000000002030                agt_int_isr
 .text.SystemCoreClockUpdate
                0x00000000000020cc       0x28 ./ra/fsp/src/bsp/mcu/all/bsp_clocks.o
                0x00000000000020cc                SystemCoreClockUpdate
 .text.bsp_clock_init
                0x00000000000020f4      0x100 ./ra/fsp/src/bsp/mcu/all/bsp_clocks.o
                0x00000000000020f4                bsp_clock_init
 .text.__assert_func
                0x00000000000021f4        0x4 ./ra/fsp/src/bsp/mcu/all/bsp_common.o
                0x00000000000021f4                __assert_func
 .text.bsp_prv_software_delay_loop
                0x00000000000021f8        0xc ./ra/fsp/src/bsp/mcu/all/bsp_delay.o
                0x00000000000021f8                bsp_prv_software_delay_loop
 .text.R_BSP_SoftwareDelay
                0x0000000000002204       0x5c ./ra/fsp/src/bsp/mcu/all/bsp_delay.o
                0x0000000000002204                R_BSP_SoftwareDelay
 .text.NMI_Handler
                0x0000000000002260       0x38 ./ra/fsp/src/bsp/mcu/all/bsp_group_irq.o
                0x0000000000002260                NMI_Handler
 .text.bsp_irq_cfg
                0x0000000000002298       0xa8 ./ra/fsp/src/bsp/mcu/all/bsp_irq.o
                0x0000000000002298                bsp_irq_cfg
 .text.R_BSP_RegisterProtectEnable
                0x0000000000002340       0x60 ./ra/fsp/src/bsp/mcu/all/bsp_register_protection.o
                0x0000000000002340                R_BSP_RegisterProtectEnable
 .text.R_BSP_RegisterProtectDisable
                0x00000000000023a0       0x50 ./ra/fsp/src/bsp/mcu/all/bsp_register_protection.o
                0x00000000000023a0                R_BSP_RegisterProtectDisable
 .text._sbrk    0x00000000000023f0       0x44 ./ra/fsp/src/bsp/mcu/all/bsp_sbrk.o
                0x00000000000023f0                _sbrk
 .text.Default_Handler
                0x0000000000002434        0x4 ./ra/fsp/src/bsp/cmsis/Device/RENESAS/Source/startup.o
                0x0000000000002434                DebugMon_Handler
                0x0000000000002434                HardFault_Handler
                0x0000000000002434                UsageFault_Handler
                0x0000000000002434                SecureFault_Handler
                0x0000000000002434                Default_Handler
                0x0000000000002434                MemManage_Handler
                0x0000000000002434                BusFault_Handler
 .text.Reset_Handler
                0x0000000000002438        0xc ./ra/fsp/src/bsp/cmsis/Device/RENESAS/Source/startup.o
                0x0000000000002438                Reset_Handler
 .text.SystemInit
                0x0000000000002444       0xc0 ./ra/fsp/src/bsp/cmsis/Device/RENESAS/Source/system.o
                0x0000000000002444                SystemInit
 .text.bsp_init
                0x0000000000002504        0x4 ./ra/board/ra6m5_ek/board_init.o
                0x0000000000002504                bsp_init
 .text.xNetworkBuffersInitialise
                0x0000000000002508       0x94 ./ra/aws/amazon-freertos/libraries/freertos_plus/standard/freertos_plus_tcp/portable/BufferManagement/BufferAllocation_2.o
                0x0000000000002508                xNetworkBuffersInitialise
 .text.vReleaseNetworkBufferAndDescriptor
                0x000000000000259c       0x4c ./ra/aws/amazon-freertos/libraries/freertos_plus/standard/freertos_plus_tcp/portable/BufferManagement/BufferAllocation_2.o
                0x000000000000259c                vReleaseNetworkBufferAndDescriptor
 .text.pxGetNetworkBufferWithDescriptor
                0x00000000000025e8       0x9c ./ra/aws/amazon-freertos/libraries/freertos_plus/standard/freertos_plus_tcp/portable/BufferManagement/BufferAllocation_2.o
                0x00000000000025e8                pxGetNetworkBufferWithDescriptor
 .text.vARPRefreshCacheEntry
                0x0000000000002684      0x154 ./ra/aws/amazon-freertos/libraries/freertos_plus/standard/freertos_plus_tcp/FreeRTOS_ARP.o
                0x0000000000002684                vARPRefreshCacheEntry
 .text.eARPProcessPacket
                0x00000000000027d8       0x9c ./ra/aws/amazon-freertos/libraries/freertos_plus/standard/freertos_plus_tcp/FreeRTOS_ARP.o
                0x00000000000027d8                eARPProcessPacket
 .text.eARPGetCacheEntry
                0x0000000000002874       0x9c ./ra/aws/amazon-freertos/libraries/freertos_plus/standard/freertos_plus_tcp/FreeRTOS_ARP.o
                0x0000000000002874                eARPGetCacheEntry
 .text.vARPSendGratuitous
                0x0000000000002910       0x10 ./ra/aws/amazon-freertos/libraries/freertos_plus/standard/freertos_plus_tcp/FreeRTOS_ARP.o
                0x0000000000002910                vARPSendGratuitous
 .text.vARPGenerateRequestPacket
                0x0000000000002920       0x94 ./ra/aws/amazon-freertos/libraries/freertos_plus/standard/freertos_plus_tcp/FreeRTOS_ARP.o
                0x0000000000002920                vARPGenerateRequestPacket
 .text.FreeRTOS_OutputARPRequest
                0x00000000000029b4       0x48 ./ra/aws/amazon-freertos/libraries/freertos_plus/standard/freertos_plus_tcp/FreeRTOS_ARP.o
                0x00000000000029b4                FreeRTOS_OutputARPRequest
 .text.vARPAgeCache
                0x00000000000029fc       0x5c ./ra/aws/amazon-freertos/libraries/freertos_plus/standard/freertos_plus_tcp/FreeRTOS_ARP.o
                0x00000000000029fc                vARPAgeCache
 .text.FreeRTOS_ClearARP
                0x0000000000002a58       0x10 ./ra/aws/amazon-freertos/libraries/freertos_plus/standard/freertos_plus_tcp/FreeRTOS_ARP.o
                0x0000000000002a58                FreeRTOS_ClearARP
 .text.prvProcessDHCPReplies
                0x0000000000002a68      0x15c ./ra/aws/amazon-freertos/libraries/freertos_plus/standard/freertos_plus_tcp/FreeRTOS_DHCP.o
 .text.prvCreateDHCPSocket
                0x0000000000002bc4       0x70 ./ra/aws/amazon-freertos/libraries/freertos_plus/standard/freertos_plus_tcp/FreeRTOS_DHCP.o
 .text.prvCreatePartDHCPMessage.isra.0.constprop.0
                0x0000000000002c34       0xbc ./ra/aws/amazon-freertos/libraries/freertos_plus/standard/freertos_plus_tcp/FreeRTOS_DHCP.o
 .text.prvSendDHCPRequest
                0x0000000000002cf0       0x6c ./ra/aws/amazon-freertos/libraries/freertos_plus/standard/freertos_plus_tcp/FreeRTOS_DHCP.o
 .text.prvSendDHCPDiscover
                0x0000000000002d5c       0x50 ./ra/aws/amazon-freertos/libraries/freertos_plus/standard/freertos_plus_tcp/FreeRTOS_DHCP.o
 .text.xIsDHCPSocket
                0x0000000000002dac       0x14 ./ra/aws/amazon-freertos/libraries/freertos_plus/standard/freertos_plus_tcp/FreeRTOS_DHCP.o
                0x0000000000002dac                xIsDHCPSocket
 .text.eGetDHCPState
                0x0000000000002dc0        0xc ./ra/aws/amazon-freertos/libraries/freertos_plus/standard/freertos_plus_tcp/FreeRTOS_DHCP.o
                0x0000000000002dc0                eGetDHCPState
 .text.vDHCPProcess
                0x0000000000002dcc      0x21c ./ra/aws/amazon-freertos/libraries/freertos_plus/standard/freertos_plus_tcp/FreeRTOS_DHCP.o
                0x0000000000002dcc                vDHCPProcess
 .text.prvIPTimerCheck
                0x0000000000002fe8       0x58 ./ra/aws/amazon-freertos/libraries/freertos_plus/standard/freertos_plus_tcp/FreeRTOS_IP.o
 .text.xIsCallingFromIPTask
                0x0000000000003040       0x18 ./ra/aws/amazon-freertos/libraries/freertos_plus/standard/freertos_plus_tcp/FreeRTOS_IP.o
                0x0000000000003040                xIsCallingFromIPTask
 .text.pxUDPPayloadBuffer_to_NetworkBuffer
                0x0000000000003058       0x10 ./ra/aws/amazon-freertos/libraries/freertos_plus/standard/freertos_plus_tcp/FreeRTOS_IP.o
                0x0000000000003058                pxUDPPayloadBuffer_to_NetworkBuffer
 .text.FreeRTOS_ReleaseUDPPayloadBuffer
                0x0000000000003068       0x10 ./ra/aws/amazon-freertos/libraries/freertos_plus/standard/freertos_plus_tcp/FreeRTOS_IP.o
                0x0000000000003068                FreeRTOS_ReleaseUDPPayloadBuffer
 .text.FreeRTOS_IPInit
                0x0000000000003078      0x130 ./ra/aws/amazon-freertos/libraries/freertos_plus/standard/freertos_plus_tcp/FreeRTOS_IP.o
                0x0000000000003078                FreeRTOS_IPInit
 .text.xSendEventStructToIPTask
                0x00000000000031a8       0x64 ./ra/aws/amazon-freertos/libraries/freertos_plus/standard/freertos_plus_tcp/FreeRTOS_IP.o
                0x00000000000031a8                xSendEventStructToIPTask
 .text.prvProcessNetworkDownEvent
                0x000000000000320c       0x4c ./ra/aws/amazon-freertos/libraries/freertos_plus/standard/freertos_plus_tcp/FreeRTOS_IP.o
 .text.xSendEventToIPTask
                0x0000000000003258       0x1c ./ra/aws/amazon-freertos/libraries/freertos_plus/standard/freertos_plus_tcp/FreeRTOS_IP.o
                0x0000000000003258                xSendEventToIPTask
 .text.xSendDHCPEvent
                0x0000000000003274       0x20 ./ra/aws/amazon-freertos/libraries/freertos_plus/standard/freertos_plus_tcp/FreeRTOS_IP.o
                0x0000000000003274                xSendDHCPEvent
 .text.eConsiderFrameForProcessing
                0x0000000000003294       0x40 ./ra/aws/amazon-freertos/libraries/freertos_plus/standard/freertos_plus_tcp/FreeRTOS_IP.o
                0x0000000000003294                eConsiderFrameForProcessing
 .text.vIPNetworkUpCalls
                0x00000000000032d4       0x30 ./ra/aws/amazon-freertos/libraries/freertos_plus/standard/freertos_plus_tcp/FreeRTOS_IP.o
                0x00000000000032d4                vIPNetworkUpCalls
 .text.xIsIPv4Multicast
                0x0000000000003304       0x14 ./ra/aws/amazon-freertos/libraries/freertos_plus/standard/freertos_plus_tcp/FreeRTOS_IP.o
                0x0000000000003304                xIsIPv4Multicast
 .text.vSetMultiCastIPv4MacAddress
                0x0000000000003318       0x20 ./ra/aws/amazon-freertos/libraries/freertos_plus/standard/freertos_plus_tcp/FreeRTOS_IP.o
                0x0000000000003318                vSetMultiCastIPv4MacAddress
 .text.usGenerateChecksum
                0x0000000000003338      0x140 ./ra/aws/amazon-freertos/libraries/freertos_plus/standard/freertos_plus_tcp/FreeRTOS_IP.o
                0x0000000000003338                usGenerateChecksum
 .text.usGenerateProtocolChecksum
                0x0000000000003478      0x100 ./ra/aws/amazon-freertos/libraries/freertos_plus/standard/freertos_plus_tcp/FreeRTOS_IP.o
                0x0000000000003478                usGenerateProtocolChecksum
 .text.vReturnEthernetFrame
                0x0000000000003578       0x2c ./ra/aws/amazon-freertos/libraries/freertos_plus/standard/freertos_plus_tcp/FreeRTOS_IP.o
                0x0000000000003578                vReturnEthernetFrame
 .text.prvIPTask
                0x00000000000035a4      0x4d0 ./ra/aws/amazon-freertos/libraries/freertos_plus/standard/freertos_plus_tcp/FreeRTOS_IP.o
 .text.vIPSetDHCPTimerEnableState
                0x0000000000003a74       0x18 ./ra/aws/amazon-freertos/libraries/freertos_plus/standard/freertos_plus_tcp/FreeRTOS_IP.o
                0x0000000000003a74                vIPSetDHCPTimerEnableState
 .text.vIPReloadDHCPTimer
                0x0000000000003a8c       0x28 ./ra/aws/amazon-freertos/libraries/freertos_plus/standard/freertos_plus_tcp/FreeRTOS_IP.o
                0x0000000000003a8c                vIPReloadDHCPTimer
 .text.xIPIsNetworkTaskReady
                0x0000000000003ab4        0xc ./ra/aws/amazon-freertos/libraries/freertos_plus/standard/freertos_plus_tcp/FreeRTOS_IP.o
                0x0000000000003ab4                xIPIsNetworkTaskReady
 .text.FreeRTOS_IsNetworkUp
                0x0000000000003ac0        0xc ./ra/aws/amazon-freertos/libraries/freertos_plus/standard/freertos_plus_tcp/FreeRTOS_IP.o
                0x0000000000003ac0                FreeRTOS_IsNetworkUp
 .text.vNetworkSocketsInit
                0x0000000000003acc       0x1c ./ra/aws/amazon-freertos/libraries/freertos_plus/standard/freertos_plus_tcp/FreeRTOS_Sockets.o
                0x0000000000003acc                vNetworkSocketsInit
 .text.FreeRTOS_socket
                0x0000000000003ae8      0x144 ./ra/aws/amazon-freertos/libraries/freertos_plus/standard/freertos_plus_tcp/FreeRTOS_Sockets.o
                0x0000000000003ae8                FreeRTOS_socket
 .text.FreeRTOS_recvfrom
                0x0000000000003c2c       0xd4 ./ra/aws/amazon-freertos/libraries/freertos_plus/standard/freertos_plus_tcp/FreeRTOS_Sockets.o
                0x0000000000003c2c                FreeRTOS_recvfrom
 .text.FreeRTOS_bind
                0x0000000000003d00       0x84 ./ra/aws/amazon-freertos/libraries/freertos_plus/standard/freertos_plus_tcp/FreeRTOS_Sockets.o
                0x0000000000003d00                FreeRTOS_bind
 .text.FreeRTOS_sendto
                0x0000000000003d84       0xf4 ./ra/aws/amazon-freertos/libraries/freertos_plus/standard/freertos_plus_tcp/FreeRTOS_Sockets.o
                0x0000000000003d84                FreeRTOS_sendto
 .text.vSocketBind
                0x0000000000003e78      0x11c ./ra/aws/amazon-freertos/libraries/freertos_plus/standard/freertos_plus_tcp/FreeRTOS_Sockets.o
                0x0000000000003e78                vSocketBind
 .text.FreeRTOS_closesocket
                0x0000000000003f94       0x34 ./ra/aws/amazon-freertos/libraries/freertos_plus/standard/freertos_plus_tcp/FreeRTOS_Sockets.o
                0x0000000000003f94                FreeRTOS_closesocket
 .text.vSocketClose
                0x0000000000003fc8       0x94 ./ra/aws/amazon-freertos/libraries/freertos_plus/standard/freertos_plus_tcp/FreeRTOS_Sockets.o
                0x0000000000003fc8                vSocketClose
 .text.FreeRTOS_setsockopt
                0x000000000000405c      0x1f4 ./ra/aws/amazon-freertos/libraries/freertos_plus/standard/freertos_plus_tcp/FreeRTOS_Sockets.o
                0x000000000000405c                FreeRTOS_setsockopt
 .text.pxUDPSocketLookup
                0x0000000000004250       0x4c ./ra/aws/amazon-freertos/libraries/freertos_plus/standard/freertos_plus_tcp/FreeRTOS_Sockets.o
                0x0000000000004250                pxUDPSocketLookup
 .text.FreeRTOS_inet_pton4
                0x000000000000429c       0x80 ./ra/aws/amazon-freertos/libraries/freertos_plus/standard/freertos_plus_tcp/FreeRTOS_Sockets.o
                0x000000000000429c                FreeRTOS_inet_pton4
 .text.FreeRTOS_inet_addr
                0x000000000000431c       0x18 ./ra/aws/amazon-freertos/libraries/freertos_plus/standard/freertos_plus_tcp/FreeRTOS_Sockets.o
                0x000000000000431c                FreeRTOS_inet_addr
 .text.vSocketWakeUpUser
                0x0000000000004334       0x24 ./ra/aws/amazon-freertos/libraries/freertos_plus/standard/freertos_plus_tcp/FreeRTOS_Sockets.o
                0x0000000000004334                vSocketWakeUpUser
 .text.FreeRTOS_shutdown
                0x0000000000004358       0x44 ./ra/aws/amazon-freertos/libraries/freertos_plus/standard/freertos_plus_tcp/FreeRTOS_Sockets.o
                0x0000000000004358                FreeRTOS_shutdown
 .text.xTCPTimerCheck
                0x000000000000439c       0x88 ./ra/aws/amazon-freertos/libraries/freertos_plus/standard/freertos_plus_tcp/FreeRTOS_Sockets.o
                0x000000000000439c                xTCPTimerCheck
 .text.pxTCPSocketLookup
                0x0000000000004424       0x44 ./ra/aws/amazon-freertos/libraries/freertos_plus/standard/freertos_plus_tcp/FreeRTOS_Sockets.o
                0x0000000000004424                pxTCPSocketLookup
 .text.lTCPAddRxdata
                0x0000000000004468       0xd0 ./ra/aws/amazon-freertos/libraries/freertos_plus/standard/freertos_plus_tcp/FreeRTOS_Sockets.o
                0x0000000000004468                lTCPAddRxdata
 .text.uxStreamBufferAdd
                0x0000000000004538       0xd0 ./ra/aws/amazon-freertos/libraries/freertos_plus/standard/freertos_plus_tcp/FreeRTOS_Stream_Buffer.o
                0x0000000000004538                uxStreamBufferAdd
 .text.uxStreamBufferGet
                0x0000000000004608       0x8c ./ra/aws/amazon-freertos/libraries/freertos_plus/standard/freertos_plus_tcp/FreeRTOS_Stream_Buffer.o
                0x0000000000004608                uxStreamBufferGet
 .text.prvSocketSetMSS
                0x0000000000004694       0x34 ./ra/aws/amazon-freertos/libraries/freertos_plus/standard/freertos_plus_tcp/FreeRTOS_TCP_IP.o
 .text.prvTCPAddTxData
                0x00000000000046c8       0x58 ./ra/aws/amazon-freertos/libraries/freertos_plus/standard/freertos_plus_tcp/FreeRTOS_TCP_IP.o
 .text.prvTCPCreateWindow
                0x0000000000004720       0x2c ./ra/aws/amazon-freertos/libraries/freertos_plus/standard/freertos_plus_tcp/FreeRTOS_TCP_IP.o
 .text.prvTCPNextTimeout
                0x000000000000474c       0xb4 ./ra/aws/amazon-freertos/libraries/freertos_plus/standard/freertos_plus_tcp/FreeRTOS_TCP_IP.o
 .text.prvTCPReturnPacket.constprop.0
                0x0000000000004800      0x1cc ./ra/aws/amazon-freertos/libraries/freertos_plus/standard/freertos_plus_tcp/FreeRTOS_TCP_IP.o
 .text.vTCPStateChange
                0x00000000000049cc      0x190 ./ra/aws/amazon-freertos/libraries/freertos_plus/standard/freertos_plus_tcp/FreeRTOS_TCP_IP.o
                0x00000000000049cc                vTCPStateChange
 .text.prvTCPHandleFin.isra.0
                0x0000000000004b5c       0xd0 ./ra/aws/amazon-freertos/libraries/freertos_plus/standard/freertos_plus_tcp/FreeRTOS_TCP_IP.o
 .text.prvTCPPrepareSend.constprop.0
                0x0000000000004c2c      0x2f8 ./ra/aws/amazon-freertos/libraries/freertos_plus/standard/freertos_plus_tcp/FreeRTOS_TCP_IP.o
 .text.xTCPSocketCheck
                0x0000000000004f24      0x1d0 ./ra/aws/amazon-freertos/libraries/freertos_plus/standard/freertos_plus_tcp/FreeRTOS_TCP_IP.o
                0x0000000000004f24                xTCPSocketCheck
 .text.xProcessReceivedTCPPacket
                0x00000000000050f4      0x72c ./ra/aws/amazon-freertos/libraries/freertos_plus/standard/freertos_plus_tcp/FreeRTOS_TCP_IP.o
                0x00000000000050f4                xProcessReceivedTCPPacket
 .text.xTCPCheckNewClient
                0x0000000000005820       0x48 ./ra/aws/amazon-freertos/libraries/freertos_plus/standard/freertos_plus_tcp/FreeRTOS_TCP_IP.o
                0x0000000000005820                xTCPCheckNewClient
 .text.vTCPWindowInit
                0x0000000000005868       0x54 ./ra/aws/amazon-freertos/libraries/freertos_plus/standard/freertos_plus_tcp/FreeRTOS_TCP_WIN.o
                0x0000000000005868                vTCPWindowInit
 .text.vTCPWindowCreate
                0x00000000000058bc       0x14 ./ra/aws/amazon-freertos/libraries/freertos_plus/standard/freertos_plus_tcp/FreeRTOS_TCP_WIN.o
                0x00000000000058bc                vTCPWindowCreate
 .text.lTCPWindowRxCheck
                0x00000000000058d0       0x20 ./ra/aws/amazon-freertos/libraries/freertos_plus/standard/freertos_plus_tcp/FreeRTOS_TCP_WIN.o
                0x00000000000058d0                lTCPWindowRxCheck
 .text.lTCPWindowTxAdd
                0x00000000000058f0       0x34 ./ra/aws/amazon-freertos/libraries/freertos_plus/standard/freertos_plus_tcp/FreeRTOS_TCP_WIN.o
                0x00000000000058f0                lTCPWindowTxAdd
 .text.ulTCPWindowTxGet
                0x0000000000005924       0x5c ./ra/aws/amazon-freertos/libraries/freertos_plus/standard/freertos_plus_tcp/FreeRTOS_TCP_WIN.o
                0x0000000000005924                ulTCPWindowTxGet
 .text.xTCPWindowTxDone
                0x0000000000005980        0xc ./ra/aws/amazon-freertos/libraries/freertos_plus/standard/freertos_plus_tcp/FreeRTOS_TCP_WIN.o
                0x0000000000005980                xTCPWindowTxDone
 .text.xTCPWindowTxHasData
                0x000000000000598c       0x50 ./ra/aws/amazon-freertos/libraries/freertos_plus/standard/freertos_plus_tcp/FreeRTOS_TCP_WIN.o
                0x000000000000598c                xTCPWindowTxHasData
 .text.ulTCPWindowTxAck
                0x00000000000059dc       0x18 ./ra/aws/amazon-freertos/libraries/freertos_plus/standard/freertos_plus_tcp/FreeRTOS_TCP_WIN.o
                0x00000000000059dc                ulTCPWindowTxAck
 .text.xTCPWindowRxEmpty
                0x00000000000059f4        0xc ./ra/aws/amazon-freertos/libraries/freertos_plus/standard/freertos_plus_tcp/FreeRTOS_TCP_WIN.o
                0x00000000000059f4                xTCPWindowRxEmpty
 .text.vProcessGeneratedUDPPacket
                0x0000000000005a00       0xe4 ./ra/aws/amazon-freertos/libraries/freertos_plus/standard/freertos_plus_tcp/FreeRTOS_UDP_IP.o
                0x0000000000005a00                vProcessGeneratedUDPPacket
 .text.xProcessReceivedUDPPacket
                0x0000000000005ae4       0x84 ./ra/aws/amazon-freertos/libraries/freertos_plus/standard/freertos_plus_tcp/FreeRTOS_UDP_IP.o
                0x0000000000005ae4                xProcessReceivedUDPPacket
 .text.prvInsertBlockIntoFreeList
                0x0000000000005b68       0x60 ./ra/aws/amazon-freertos/freertos_kernel/portable/MemMang/heap_4.o
 .text.pvPortMalloc
                0x0000000000005bc8      0x14c ./ra/aws/amazon-freertos/freertos_kernel/portable/MemMang/heap_4.o
                0x0000000000005bc8                pvPortMalloc
 .text.vPortFree
                0x0000000000005d14       0x84 ./ra/aws/amazon-freertos/freertos_kernel/portable/MemMang/heap_4.o
                0x0000000000005d14                vPortFree
 .text.xEventGroupCreate
                0x0000000000005d98       0x1c ./ra/aws/amazon-freertos/freertos_kernel/event_groups.o
                0x0000000000005d98                xEventGroupCreate
 .text.xEventGroupWaitBits
                0x0000000000005db4      0x124 ./ra/aws/amazon-freertos/freertos_kernel/event_groups.o
                0x0000000000005db4                xEventGroupWaitBits
 .text.xEventGroupSetBits
                0x0000000000005ed8       0x90 ./ra/aws/amazon-freertos/freertos_kernel/event_groups.o
                0x0000000000005ed8                xEventGroupSetBits
 .text.vEventGroupDelete
                0x0000000000005f68       0x58 ./ra/aws/amazon-freertos/freertos_kernel/event_groups.o
                0x0000000000005f68                vEventGroupDelete
 .text.vListInitialise
                0x0000000000005fc0       0x18 ./ra/aws/amazon-freertos/freertos_kernel/list.o
                0x0000000000005fc0                vListInitialise
 .text.vListInitialiseItem
                0x0000000000005fd8        0x8 ./ra/aws/amazon-freertos/freertos_kernel/list.o
                0x0000000000005fd8                vListInitialiseItem
 .text.vListInsertEnd
                0x0000000000005fe0       0x20 ./ra/aws/amazon-freertos/freertos_kernel/list.o
                0x0000000000005fe0                vListInsertEnd
 .text.vListInsert
                0x0000000000006000       0x30 ./ra/aws/amazon-freertos/freertos_kernel/list.o
                0x0000000000006000                vListInsert
 .text.uxListRemove
                0x0000000000006030       0x28 ./ra/aws/amazon-freertos/freertos_kernel/list.o
                0x0000000000006030                uxListRemove
 .text.prvCopyDataToQueue
                0x0000000000006058       0x64 ./ra/aws/amazon-freertos/freertos_kernel/queue.o
 .text.prvCopyDataFromQueue
                0x00000000000060bc       0x28 ./ra/aws/amazon-freertos/freertos_kernel/queue.o
 .text.prvUnlockQueue
                0x00000000000060e4       0x90 ./ra/aws/amazon-freertos/freertos_kernel/queue.o
 .text.xQueueGenericReset
                0x0000000000006174       0x9c ./ra/aws/amazon-freertos/freertos_kernel/queue.o
                0x0000000000006174                xQueueGenericReset
 .text.xQueueGenericCreateStatic
                0x0000000000006210       0xb0 ./ra/aws/amazon-freertos/freertos_kernel/queue.o
                0x0000000000006210                xQueueGenericCreateStatic
 .text.xQueueGenericCreate
                0x00000000000062c0       0x98 ./ra/aws/amazon-freertos/freertos_kernel/queue.o
                0x00000000000062c0                xQueueGenericCreate
 .text.xQueueCreateCountingSemaphoreStatic
                0x0000000000006358       0x50 ./ra/aws/amazon-freertos/freertos_kernel/queue.o
                0x0000000000006358                xQueueCreateCountingSemaphoreStatic
 .text.xQueueCreateCountingSemaphore
                0x00000000000063a8       0x44 ./ra/aws/amazon-freertos/freertos_kernel/queue.o
                0x00000000000063a8                xQueueCreateCountingSemaphore
 .text.xQueueGenericSend
                0x00000000000063ec      0x198 ./ra/aws/amazon-freertos/freertos_kernel/queue.o
                0x00000000000063ec                xQueueGenericSend
 .text.xQueueGenericSendFromISR
                0x0000000000006584       0xe0 ./ra/aws/amazon-freertos/freertos_kernel/queue.o
                0x0000000000006584                xQueueGenericSendFromISR
 .text.xQueueReceive
                0x0000000000006664      0x17c ./ra/aws/amazon-freertos/freertos_kernel/queue.o
                0x0000000000006664                xQueueReceive
 .text.xQueueSemaphoreTake
                0x00000000000067e0      0x164 ./ra/aws/amazon-freertos/freertos_kernel/queue.o
                0x00000000000067e0                xQueueSemaphoreTake
 .text.uxQueueMessagesWaiting
                0x0000000000006944       0x34 ./ra/aws/amazon-freertos/freertos_kernel/queue.o
                0x0000000000006944                uxQueueMessagesWaiting
 .text.vQueueDelete
                0x0000000000006978       0x60 ./ra/aws/amazon-freertos/freertos_kernel/queue.o
                0x0000000000006978                vQueueDelete
 .text.vQueueAddToRegistry
                0x00000000000069d8       0x28 ./ra/aws/amazon-freertos/freertos_kernel/queue.o
                0x00000000000069d8                vQueueAddToRegistry
 .text.vQueueWaitForMessageRestricted
                0x0000000000006a00       0x50 ./ra/aws/amazon-freertos/freertos_kernel/queue.o
                0x0000000000006a00                vQueueWaitForMessageRestricted
 .text.prvAddNewTaskToReadyList
                0x0000000000006a50      0x118 ./ra/aws/amazon-freertos/freertos_kernel/tasks.o
 .text.prvResetNextTaskUnblockTime.part.0
                0x0000000000006b68       0x18 ./ra/aws/amazon-freertos/freertos_kernel/tasks.o
 .text.prvInitialiseNewTask.isra.0
                0x0000000000006b80       0xa0 ./ra/aws/amazon-freertos/freertos_kernel/tasks.o
 .text.prvDeleteTCB
                0x0000000000006c20       0x48 ./ra/aws/amazon-freertos/freertos_kernel/tasks.o
 .text.prvIdleTask
                0x0000000000006c68       0x70 ./ra/aws/amazon-freertos/freertos_kernel/tasks.o
 .text.prvAddCurrentTaskToDelayedList
                0x0000000000006cd8       0x74 ./ra/aws/amazon-freertos/freertos_kernel/tasks.o
 .text.xTaskIncrementTick.part.0
                0x0000000000006d4c      0x12c ./ra/aws/amazon-freertos/freertos_kernel/tasks.o
 .text.xTaskCreateStatic
                0x0000000000006e78       0x78 ./ra/aws/amazon-freertos/freertos_kernel/tasks.o
                0x0000000000006e78                xTaskCreateStatic
 .text.xTaskCreate
                0x0000000000006ef0       0x68 ./ra/aws/amazon-freertos/freertos_kernel/tasks.o
                0x0000000000006ef0                xTaskCreate
 .text.vTaskStartScheduler
                0x0000000000006f58       0x8c ./ra/aws/amazon-freertos/freertos_kernel/tasks.o
                0x0000000000006f58                vTaskStartScheduler
 .text.vTaskSuspendAll
                0x0000000000006fe4       0x10 ./ra/aws/amazon-freertos/freertos_kernel/tasks.o
                0x0000000000006fe4                vTaskSuspendAll
 .text.xTaskResumeAll
                0x0000000000006ff4      0x13c ./ra/aws/amazon-freertos/freertos_kernel/tasks.o
                0x0000000000006ff4                xTaskResumeAll
 .text.vTaskDelay
                0x0000000000007130       0x50 ./ra/aws/amazon-freertos/freertos_kernel/tasks.o
                0x0000000000007130                vTaskDelay
 .text.xTaskGetTickCount
                0x0000000000007180        0xc ./ra/aws/amazon-freertos/freertos_kernel/tasks.o
                0x0000000000007180                xTaskGetTickCount
 .text.xTaskIncrementTick
                0x000000000000718c       0x20 ./ra/aws/amazon-freertos/freertos_kernel/tasks.o
                0x000000000000718c                xTaskIncrementTick
 .text.vTaskSwitchContext
                0x00000000000071ac       0x8c ./ra/aws/amazon-freertos/freertos_kernel/tasks.o
                0x00000000000071ac                vTaskSwitchContext
 .text.vTaskPlaceOnEventList
                0x0000000000007238       0x3c ./ra/aws/amazon-freertos/freertos_kernel/tasks.o
                0x0000000000007238                vTaskPlaceOnEventList
 .text.vTaskPlaceOnUnorderedEventList
                0x0000000000007274       0x60 ./ra/aws/amazon-freertos/freertos_kernel/tasks.o
                0x0000000000007274                vTaskPlaceOnUnorderedEventList
 .text.vTaskPlaceOnEventListRestricted
                0x00000000000072d4       0x48 ./ra/aws/amazon-freertos/freertos_kernel/tasks.o
                0x00000000000072d4                vTaskPlaceOnEventListRestricted
 .text.xTaskRemoveFromEventList
                0x000000000000731c       0x9c ./ra/aws/amazon-freertos/freertos_kernel/tasks.o
                0x000000000000731c                xTaskRemoveFromEventList
 .text.vTaskRemoveFromUnorderedEventList
                0x00000000000073b8       0x90 ./ra/aws/amazon-freertos/freertos_kernel/tasks.o
                0x00000000000073b8                vTaskRemoveFromUnorderedEventList
 .text.vTaskSetTimeOutState
                0x0000000000007448       0x40 ./ra/aws/amazon-freertos/freertos_kernel/tasks.o
                0x0000000000007448                vTaskSetTimeOutState
 .text.vTaskInternalSetTimeOutState
                0x0000000000007488       0x18 ./ra/aws/amazon-freertos/freertos_kernel/tasks.o
                0x0000000000007488                vTaskInternalSetTimeOutState
 .text.xTaskCheckForTimeOut
                0x00000000000074a0       0x94 ./ra/aws/amazon-freertos/freertos_kernel/tasks.o
                0x00000000000074a0                xTaskCheckForTimeOut
 .text.vTaskMissedYield
                0x0000000000007534        0xc ./ra/aws/amazon-freertos/freertos_kernel/tasks.o
                0x0000000000007534                vTaskMissedYield
 .text.xTaskGetCurrentTaskHandle
                0x0000000000007540        0xc ./ra/aws/amazon-freertos/freertos_kernel/tasks.o
                0x0000000000007540                xTaskGetCurrentTaskHandle
 .text.xTaskGetSchedulerState
                0x000000000000754c       0x20 ./ra/aws/amazon-freertos/freertos_kernel/tasks.o
                0x000000000000754c                xTaskGetSchedulerState
 .text.uxTaskResetEventItemValue
                0x000000000000756c       0x18 ./ra/aws/amazon-freertos/freertos_kernel/tasks.o
                0x000000000000756c                uxTaskResetEventItemValue
 .text.ulTaskGenericNotifyTake
                0x0000000000007584       0x88 ./ra/aws/amazon-freertos/freertos_kernel/tasks.o
                0x0000000000007584                ulTaskGenericNotifyTake
 .text.vTaskGenericNotifyGiveFromISR
                0x000000000000760c       0xf0 ./ra/aws/amazon-freertos/freertos_kernel/tasks.o
                0x000000000000760c                vTaskGenericNotifyGiveFromISR
 .text.prvCheckForValidListAndQueue
                0x00000000000076fc       0x6c ./ra/aws/amazon-freertos/freertos_kernel/timers.o
 .text.prvInsertTimerInActiveList
                0x0000000000007768       0x44 ./ra/aws/amazon-freertos/freertos_kernel/timers.o
 .text.xTimerCreateTimerTask
                0x00000000000077ac       0x6c ./ra/aws/amazon-freertos/freertos_kernel/timers.o
                0x00000000000077ac                xTimerCreateTimerTask
 .text.xTimerGenericCommand
                0x0000000000007818       0x74 ./ra/aws/amazon-freertos/freertos_kernel/timers.o
                0x0000000000007818                xTimerGenericCommand
 .text.prvSwitchTimerLists
                0x000000000000788c       0x8c ./ra/aws/amazon-freertos/freertos_kernel/timers.o
 .text.prvTimerTask
                0x0000000000007918      0x210 ./ra/aws/amazon-freertos/freertos_kernel/timers.o
 .text.rcl_get_zero_initialized_init_options
                0x0000000000007b28        0x4 ../micro_ros_renesas2estudio_component/libmicroros/libmicroros.a(librcl-init_options.c.obj)
                0x0000000000007b28                rcl_get_zero_initialized_init_options
 .text.rcl_init_options_init
                0x0000000000007b2c       0xa4 ../micro_ros_renesas2estudio_component/libmicroros/libmicroros.a(librcl-init_options.c.obj)
                0x0000000000007b2c                rcl_init_options_init
 .text.rcl_init_options_fini
                0x0000000000007bd0       0x48 ../micro_ros_renesas2estudio_component/libmicroros/libmicroros.a(librcl-init_options.c.obj)
                0x0000000000007bd0                rcl_init_options_fini
 .text.rcl_init_options_copy
                0x0000000000007c18      0x178 ../micro_ros_renesas2estudio_component/libmicroros/libmicroros.a(librcl-init_options.c.obj)
                0x0000000000007c18                rcl_init_options_copy
 .text.rcl_init_options_get_rmw_init_options
                0x0000000000007d90        0xc ../micro_ros_renesas2estudio_component/libmicroros/libmicroros.a(librcl-init_options.c.obj)
                0x0000000000007d90                rcl_init_options_get_rmw_init_options
 .text.rcl_node_get_default_options
                0x0000000000007d9c       0x38 ../micro_ros_renesas2estudio_component/libmicroros/libmicroros.a(librcl-node_options.c.obj)
                0x0000000000007d9c                rcl_node_get_default_options
 .text.rcl_node_options_copy
                0x0000000000007dd4       0x40 ../micro_ros_renesas2estudio_component/libmicroros/libmicroros.a(librcl-node_options.c.obj)
                0x0000000000007dd4                rcl_node_options_copy
 .text.rcl_get_zero_initialized_publisher
                0x0000000000007e14        0xc ../micro_ros_renesas2estudio_component/libmicroros/libmicroros.a(librcl-publisher.c.obj)
                0x0000000000007e14                rcl_get_zero_initialized_publisher
 .text.rcl_publisher_init
                0x0000000000007e20      0x1f0 ../micro_ros_renesas2estudio_component/libmicroros/libmicroros.a(librcl-publisher.c.obj)
                0x0000000000007e20                rcl_publisher_init
 .text.rcl_publisher_get_default_options
                0x0000000000008010       0x44 ../micro_ros_renesas2estudio_component/libmicroros/libmicroros.a(librcl-publisher.c.obj)
                0x0000000000008010                rcl_publisher_get_default_options
 .text.rcl_publish
                0x0000000000008054       0x48 ../micro_ros_renesas2estudio_component/libmicroros/libmicroros.a(librcl-publisher.c.obj)
                0x0000000000008054                rcl_publish
 .text._rclc_check_for_new_data
                0x000000000000809c       0xa0 ../micro_ros_renesas2estudio_component/libmicroros/libmicroros.a(librclc-executor.c.obj)
 .text._rclc_take_new_data
                0x000000000000813c       0xa0 ../micro_ros_renesas2estudio_component/libmicroros/libmicroros.a(librclc-executor.c.obj)
 .text._rclc_execute
                0x00000000000081dc       0xf8 ../micro_ros_renesas2estudio_component/libmicroros/libmicroros.a(librclc-executor.c.obj)
 .text.rclc_executor_trigger_any
                0x00000000000082d4       0x28 ../micro_ros_renesas2estudio_component/libmicroros/libmicroros.a(librclc-executor.c.obj)
                0x00000000000082d4                rclc_executor_trigger_any
 .text.rclc_executor_get_zero_initialized_executor
                0x00000000000082fc       0x14 ../micro_ros_renesas2estudio_component/libmicroros/libmicroros.a(librclc-executor.c.obj)
                0x00000000000082fc                rclc_executor_get_zero_initialized_executor
 .text.rclc_executor_init
                0x0000000000008310       0xe8 ../micro_ros_renesas2estudio_component/libmicroros/libmicroros.a(librclc-executor.c.obj)
                0x0000000000008310                rclc_executor_init
 .text.rclc_executor_add_timer
                0x00000000000083f8       0x50 ../micro_ros_renesas2estudio_component/libmicroros/libmicroros.a(librclc-executor.c.obj)
                0x00000000000083f8                rclc_executor_add_timer
 .text.rclc_executor_spin_some
                0x0000000000008448      0x2ac ../micro_ros_renesas2estudio_component/libmicroros/libmicroros.a(librclc-executor.c.obj)
                0x0000000000008448                rclc_executor_spin_some
 .text.rclc_executor_handle_counters_zero_init
                0x00000000000086f4       0x18 ../micro_ros_renesas2estudio_component/libmicroros/libmicroros.a(librclc-executor_handle.c.obj)
                0x00000000000086f4                rclc_executor_handle_counters_zero_init
 .text.rclc_executor_handle_init
                0x000000000000870c       0x2c ../micro_ros_renesas2estudio_component/libmicroros/libmicroros.a(librclc-executor_handle.c.obj)
                0x000000000000870c                rclc_executor_handle_init
 .text.rclc_support_init_with_options
                0x0000000000008738       0x74 ../micro_ros_renesas2estudio_component/libmicroros/libmicroros.a(librclc-init.c.obj)
                0x0000000000008738                rclc_support_init_with_options
 .text.rclc_node_init_with_options
                0x00000000000087ac       0x5c ../micro_ros_renesas2estudio_component/libmicroros/libmicroros.a(librclc-node.c.obj)
                0x00000000000087ac                rclc_node_init_with_options
 .text.rclc_publisher_init_default
                0x0000000000008808       0x58 ../micro_ros_renesas2estudio_component/libmicroros/libmicroros.a(librclc-publisher.c.obj)
                0x0000000000008808                rclc_publisher_init_default
 .text.rclc_timer_init_default
                0x0000000000008860       0x60 ../micro_ros_renesas2estudio_component/libmicroros/libmicroros.a(librclc-timer.c.obj)
                0x0000000000008860                rclc_timer_init_default
 .text.__default_zero_allocate
                0x00000000000088c0        0x4 ../micro_ros_renesas2estudio_component/libmicroros/libmicroros.a(librcutils-allocator.c.obj)
 .text.__default_reallocate
                0x00000000000088c4        0x4 ../micro_ros_renesas2estudio_component/libmicroros/libmicroros.a(librcutils-allocator.c.obj)
 .text.__default_deallocate
                0x00000000000088c8        0x4 ../micro_ros_renesas2estudio_component/libmicroros/libmicroros.a(librcutils-allocator.c.obj)
 .text.__default_allocate
                0x00000000000088cc        0x4 ../micro_ros_renesas2estudio_component/libmicroros/libmicroros.a(librcutils-allocator.c.obj)
 .text.rcutils_get_zero_initialized_allocator
                0x00000000000088d0       0x1c ../micro_ros_renesas2estudio_component/libmicroros/libmicroros.a(librcutils-allocator.c.obj)
                0x00000000000088d0                rcutils_get_zero_initialized_allocator
 .text.rcutils_set_default_allocator
                0x00000000000088ec       0x40 ../micro_ros_renesas2estudio_component/libmicroros/libmicroros.a(librcutils-allocator.c.obj)
                0x00000000000088ec                rcutils_set_default_allocator
 .text.rcutils_get_default_allocator
                0x000000000000892c       0x1c ../micro_ros_renesas2estudio_component/libmicroros/libmicroros.a(librcutils-allocator.c.obj)
                0x000000000000892c                rcutils_get_default_allocator
 .text.rcutils_allocator_is_valid
                0x0000000000008948       0x1c ../micro_ros_renesas2estudio_component/libmicroros/libmicroros.a(librcutils-allocator.c.obj)
                0x0000000000008948                rcutils_allocator_is_valid
 .text.__rcutils_format_error_string
                0x0000000000008964      0x178 ../micro_ros_renesas2estudio_component/libmicroros/libmicroros.a(librcutils-error_handling.c.obj)
 .text.rcutils_get_error_string
                0x0000000000008adc       0x50 ../micro_ros_renesas2estudio_component/libmicroros/libmicroros.a(librcutils-error_handling.c.obj)
                0x0000000000008adc                rcutils_get_error_string
 .text.rcutils_reset_error
                0x0000000000008b2c       0x3c ../micro_ros_renesas2estudio_component/libmicroros/libmicroros.a(librcutils-error_handling.c.obj)
                0x0000000000008b2c                rcutils_reset_error
 .text.rcutils_get_zero_initialized_string_map
                0x0000000000008b68        0xc ../micro_ros_renesas2estudio_component/libmicroros/libmicroros.a(librcutils-string_map.c.obj)
                0x0000000000008b68                rcutils_get_zero_initialized_string_map
 .text.rcutils_string_map_reserve
                0x0000000000008b74       0xe8 ../micro_ros_renesas2estudio_component/libmicroros/libmicroros.a(librcutils-string_map.c.obj)
                0x0000000000008b74                rcutils_string_map_reserve
 .text.rcutils_string_map_init
                0x0000000000008c5c       0x7c ../micro_ros_renesas2estudio_component/libmicroros/libmicroros.a(librcutils-string_map.c.obj)
                0x0000000000008c5c                rcutils_string_map_init
 .text.rcutils_string_map_fini
                0x0000000000008cd8       0x84 ../micro_ros_renesas2estudio_component/libmicroros/libmicroros.a(librcutils-string_map.c.obj)
                0x0000000000008cd8                rcutils_string_map_fini
 .text.rcutils_string_map_getn
                0x0000000000008d5c       0x64 ../micro_ros_renesas2estudio_component/libmicroros/libmicroros.a(librcutils-string_map.c.obj)
                0x0000000000008d5c                rcutils_string_map_getn
 .text.rcutils_system_time_now
                0x0000000000008dc0       0x50 ../micro_ros_renesas2estudio_component/libmicroros/libmicroros.a(librcutils-time_unix.c.obj)
                0x0000000000008dc0                rcutils_system_time_now
 .text.rcutils_steady_time_now
                0x0000000000008e10       0x50 ../micro_ros_renesas2estudio_component/libmicroros/libmicroros.a(librcutils-time_unix.c.obj)
                0x0000000000008e10                rcutils_steady_time_now
 .text.rmw_get_zero_initialized_init_options
                0x0000000000008e60       0x20 ../micro_ros_renesas2estudio_component/libmicroros/libmicroros.a(librmw-init_options.c.obj)
                0x0000000000008e60                rmw_get_zero_initialized_init_options
 .text.rmw_get_default_publisher_options
                0x0000000000008e80        0x4 ../micro_ros_renesas2estudio_component/libmicroros/libmicroros.a(librmw-publisher_options.c.obj)
                0x0000000000008e80                rmw_get_default_publisher_options
 .text.rmw_get_default_security_options
                0x0000000000008e84        0x8 ../micro_ros_renesas2estudio_component/libmicroros/libmicroros.a(librmw-security_options.c.obj)
                0x0000000000008e84                rmw_get_default_security_options
 .text.rmw_validate_full_topic_name
                0x0000000000008e8c      0x118 ../micro_ros_renesas2estudio_component/libmicroros/libmicroros.a(librmw-validate_full_topic_name.c.obj)
                0x0000000000008e8c                rmw_validate_full_topic_name
 .text.rmw_uros_set_custom_transport
                0x0000000000008fa4       0x30 ../micro_ros_renesas2estudio_component/libmicroros/libmicroros.a(librmw_microxrcedds-custom_transport.c.obj)
                0x0000000000008fa4                rmw_uros_set_custom_transport
 .text.rmw_init_options_init
                0x0000000000008fd4       0x9c ../micro_ros_renesas2estudio_component/libmicroros/libmicroros.a(librmw_microxrcedds-rmw_init.c.obj)
                0x0000000000008fd4                rmw_init_options_init
 .text.rmw_init_options_copy
                0x0000000000009070       0x84 ../micro_ros_renesas2estudio_component/libmicroros/libmicroros.a(librmw_microxrcedds-rmw_init.c.obj)
                0x0000000000009070                rmw_init_options_copy
 .text.rmw_init_options_fini
                0x00000000000090f4       0x5c ../micro_ros_renesas2estudio_component/libmicroros/libmicroros.a(librmw_microxrcedds-rmw_init.c.obj)
                0x00000000000090f4                rmw_init_options_fini
 .text.rmw_init
                0x0000000000009150      0x1fc ../micro_ros_renesas2estudio_component/libmicroros/libmicroros.a(librmw_microxrcedds-rmw_init.c.obj)
                0x0000000000009150                rmw_init
 .text.rmw_context_fini
                0x000000000000934c       0x54 ../micro_ros_renesas2estudio_component/libmicroros/libmicroros.a(librmw_microxrcedds-rmw_init.c.obj)
                0x000000000000934c                rmw_context_fini
 .text.create_node
                0x00000000000093a0       0xe4 ../micro_ros_renesas2estudio_component/libmicroros/libmicroros.a(librmw_microxrcedds-rmw_node.c.obj)
                0x00000000000093a0                create_node
 .text.rmw_create_node
                0x0000000000009484       0x30 ../micro_ros_renesas2estudio_component/libmicroros/libmicroros.a(librmw_microxrcedds-rmw_node.c.obj)
                0x0000000000009484                rmw_create_node
 .text.rmw_destroy_node
                0x00000000000094b4       0xe4 ../micro_ros_renesas2estudio_component/libmicroros/libmicroros.a(librmw_microxrcedds-rmw_node.c.obj)
                0x00000000000094b4                rmw_destroy_node
 .text.rmw_node_get_graph_guard_condition
                0x0000000000009598        0xc ../micro_ros_renesas2estudio_component/libmicroros/libmicroros.a(librmw_microxrcedds-rmw_node.c.obj)
                0x0000000000009598                rmw_node_get_graph_guard_condition
 .text.flush_session
                0x00000000000095a4        0x8 ../micro_ros_renesas2estudio_component/libmicroros/libmicroros.a(librmw_microxrcedds-rmw_publish.c.obj)
                0x00000000000095a4                flush_session
 .text.rmw_publish
                0x00000000000095ac       0xc4 ../micro_ros_renesas2estudio_component/libmicroros/libmicroros.a(librmw_microxrcedds-rmw_publish.c.obj)
                0x00000000000095ac                rmw_publish
 .text.rmw_create_publisher
                0x0000000000009670      0x1b8 ../micro_ros_renesas2estudio_component/libmicroros/libmicroros.a(librmw_microxrcedds-rmw_publisher.c.obj)
                0x0000000000009670                rmw_create_publisher
 .text.rmw_publisher_get_actual_qos
                0x0000000000009828        0x4 ../micro_ros_renesas2estudio_component/libmicroros/libmicroros.a(librmw_microxrcedds-rmw_publisher.c.obj)
                0x0000000000009828                rmw_publisher_get_actual_qos
 .text.rmw_destroy_publisher
                0x000000000000982c       0x8c ../micro_ros_renesas2estudio_component/libmicroros/libmicroros.a(librmw_microxrcedds-rmw_publisher.c.obj)
                0x000000000000982c                rmw_destroy_publisher
 .text.rmw_destroy_service
                0x00000000000098b8       0x5c ../micro_ros_renesas2estudio_component/libmicroros/libmicroros.a(librmw_microxrcedds-rmw_service.c.obj)
                0x00000000000098b8                rmw_destroy_service
 .text.rmw_destroy_subscription
                0x0000000000009914       0x88 ../micro_ros_renesas2estudio_component/libmicroros/libmicroros.a(librmw_microxrcedds-rmw_subscription.c.obj)
                0x0000000000009914                rmw_destroy_subscription
 .text.rmw_uxrce_transport_init
                0x000000000000999c       0x30 ../micro_ros_renesas2estudio_component/libmicroros/libmicroros.a(librmw_microxrcedds-rmw_uxrce_transports.c.obj)
                0x000000000000999c                rmw_uxrce_transport_init
 .text.rmw_uxrce_init_service_memory
                0x00000000000099cc       0x34 ../micro_ros_renesas2estudio_component/libmicroros/libmicroros.a(librmw_microxrcedds-types.c.obj)
                0x00000000000099cc                rmw_uxrce_init_service_memory
 .text.rmw_uxrce_init_client_memory
                0x0000000000009a00       0x38 ../micro_ros_renesas2estudio_component/libmicroros/libmicroros.a(librmw_microxrcedds-types.c.obj)
                0x0000000000009a00                rmw_uxrce_init_client_memory
 .text.rmw_uxrce_init_publisher_memory
                0x0000000000009a38       0x38 ../micro_ros_renesas2estudio_component/libmicroros/libmicroros.a(librmw_microxrcedds-types.c.obj)
                0x0000000000009a38                rmw_uxrce_init_publisher_memory
 .text.rmw_uxrce_init_subscription_memory
                0x0000000000009a70       0x34 ../micro_ros_renesas2estudio_component/libmicroros/libmicroros.a(librmw_microxrcedds-types.c.obj)
                0x0000000000009a70                rmw_uxrce_init_subscription_memory
 .text.rmw_uxrce_init_node_memory
                0x0000000000009aa4       0x38 ../micro_ros_renesas2estudio_component/libmicroros/libmicroros.a(librmw_microxrcedds-types.c.obj)
                0x0000000000009aa4                rmw_uxrce_init_node_memory
 .text.rmw_uxrce_init_session_memory
                0x0000000000009adc       0x40 ../micro_ros_renesas2estudio_component/libmicroros/libmicroros.a(librmw_microxrcedds-types.c.obj)
                0x0000000000009adc                rmw_uxrce_init_session_memory
 .text.rmw_uxrce_init_topic_memory
                0x0000000000009b1c       0x38 ../micro_ros_renesas2estudio_component/libmicroros/libmicroros.a(librmw_microxrcedds-types.c.obj)
                0x0000000000009b1c                rmw_uxrce_init_topic_memory
 .text.rmw_uxrce_init_static_input_buffer_memory
                0x0000000000009b54       0x38 ../micro_ros_renesas2estudio_component/libmicroros/libmicroros.a(librmw_microxrcedds-types.c.obj)
                0x0000000000009b54                rmw_uxrce_init_static_input_buffer_memory
 .text.rmw_uxrce_fini_session_memory
                0x0000000000009b8c        0xc ../micro_ros_renesas2estudio_component/libmicroros/libmicroros.a(librmw_microxrcedds-types.c.obj)
                0x0000000000009b8c                rmw_uxrce_fini_session_memory
 .text.rmw_uxrce_fini_node_memory
                0x0000000000009b98       0x48 ../micro_ros_renesas2estudio_component/libmicroros/libmicroros.a(librmw_microxrcedds-types.c.obj)
                0x0000000000009b98                rmw_uxrce_fini_node_memory
 .text.rmw_uxrce_fini_publisher_memory
                0x0000000000009be0       0x3c ../micro_ros_renesas2estudio_component/libmicroros/libmicroros.a(librmw_microxrcedds-types.c.obj)
                0x0000000000009be0                rmw_uxrce_fini_publisher_memory
 .text.rmw_uxrce_fini_subscription_memory
                0x0000000000009c1c       0x3c ../micro_ros_renesas2estudio_component/libmicroros/libmicroros.a(librmw_microxrcedds-types.c.obj)
                0x0000000000009c1c                rmw_uxrce_fini_subscription_memory
 .text.rmw_uxrce_fini_service_memory
                0x0000000000009c58       0x3c ../micro_ros_renesas2estudio_component/libmicroros/libmicroros.a(librmw_microxrcedds-types.c.obj)
                0x0000000000009c58                rmw_uxrce_fini_service_memory
 .text.rmw_uxrce_fini_client_memory
                0x0000000000009c94       0x3c ../micro_ros_renesas2estudio_component/libmicroros/libmicroros.a(librmw_microxrcedds-types.c.obj)
                0x0000000000009c94                rmw_uxrce_fini_client_memory
 .text.rmw_uxrce_fini_topic_memory
                0x0000000000009cd0        0xc ../micro_ros_renesas2estudio_component/libmicroros/libmicroros.a(librmw_microxrcedds-types.c.obj)
                0x0000000000009cd0                rmw_uxrce_fini_topic_memory
 .text.rmw_uxrce_find_static_input_buffer_by_owner
                0x0000000000009cdc       0x20 ../micro_ros_renesas2estudio_component/libmicroros/libmicroros.a(librmw_microxrcedds-types.c.obj)
                0x0000000000009cdc                rmw_uxrce_find_static_input_buffer_by_owner
 .text.run_xrce_session
                0x0000000000009cfc       0x3c ../micro_ros_renesas2estudio_component/libmicroros/libmicroros.a(librmw_microxrcedds-utils.c.obj)
                0x0000000000009cfc                run_xrce_session
 .text.generate_type_name
                0x0000000000009d38       0x70 ../micro_ros_renesas2estudio_component/libmicroros/libmicroros.a(librmw_microxrcedds-utils.c.obj)
                0x0000000000009d38                generate_type_name
 .text.generate_topic_name
                0x0000000000009da8       0x2c ../micro_ros_renesas2estudio_component/libmicroros/libmicroros.a(librmw_microxrcedds-utils.c.obj)
                0x0000000000009da8                generate_topic_name
 .text.is_uxrce_rmw_identifier_valid
                0x0000000000009dd4       0x1c ../micro_ros_renesas2estudio_component/libmicroros/libmicroros.a(librmw_microxrcedds-utils.c.obj)
                0x0000000000009dd4                is_uxrce_rmw_identifier_valid
 .text.get_message_typesupport_handle
                0x0000000000009df0        0x4 ../micro_ros_renesas2estudio_component/libmicroros/libmicroros.a(librosidl_runtime_c-message_type_support.c.obj)
                0x0000000000009df0                get_message_typesupport_handle
 .text.get_message_typesupport_handle_function
                0x0000000000009df4       0x14 ../micro_ros_renesas2estudio_component/libmicroros/libmicroros.a(librosidl_runtime_c-message_type_support.c.obj)
                0x0000000000009df4                get_message_typesupport_handle_function
 .text.rosidl_typesupport_c__get_message_type_support_handle__std_msgs__msg__Int32
                0x0000000000009e08        0x4 ../micro_ros_renesas2estudio_component/libmicroros/libmicroros.a(libstd_msgs__rosidl_typesupport_c-int32__type_support.cpp.obj)
                0x0000000000009e08                rosidl_typesupport_c__get_message_type_support_handle__std_msgs__msg__Int32
 .text._Int32__max_serialized_size
                0x0000000000009e0c       0x10 ../micro_ros_renesas2estudio_component/libmicroros/libmicroros.a(libstd_msgs__rosidl_typesupport_microxrcedds_c-int32__type_support_c.c.obj)
 .text.get_serialized_size_std_msgs__msg__Int32
                0x0000000000009e1c       0x30 ../micro_ros_renesas2estudio_component/libmicroros/libmicroros.a(libstd_msgs__rosidl_typesupport_microxrcedds_c-int32__type_support_c.c.obj)
                0x0000000000009e1c                get_serialized_size_std_msgs__msg__Int32
 .text._Int32__cdr_serialize
                0x0000000000009e4c       0x30 ../micro_ros_renesas2estudio_component/libmicroros/libmicroros.a(libstd_msgs__rosidl_typesupport_microxrcedds_c-int32__type_support_c.c.obj)
 .text._Int32__cdr_deserialize
                0x0000000000009e7c       0x28 ../micro_ros_renesas2estudio_component/libmicroros/libmicroros.a(libstd_msgs__rosidl_typesupport_microxrcedds_c-int32__type_support_c.c.obj)
 .text._Int32__get_serialized_size
                0x0000000000009ea4       0x30 ../micro_ros_renesas2estudio_component/libmicroros/libmicroros.a(libstd_msgs__rosidl_typesupport_microxrcedds_c-int32__type_support_c.c.obj)
 .text.rosidl_typesupport_microxrcedds_c__get_message_type_support_handle__std_msgs__msg__Int32
                0x0000000000009ed4        0x8 ../micro_ros_renesas2estudio_component/libmicroros/libmicroros.a(libstd_msgs__rosidl_typesupport_microxrcedds_c-int32__type_support_c.c.obj)
                0x0000000000009ed4                rosidl_typesupport_microxrcedds_c__get_message_type_support_handle__std_msgs__msg__Int32
 .text.ucdr_serialize_bool
                0x0000000000009edc       0x2c ../micro_ros_renesas2estudio_component/libmicroros/libmicroros.a(libmicrocdr-basic.c.obj)
                0x0000000000009edc                ucdr_serialize_bool
 .text.ucdr_deserialize_bool
                0x0000000000009f08       0x30 ../micro_ros_renesas2estudio_component/libmicroros/libmicroros.a(libmicrocdr-basic.c.obj)
                0x0000000000009f08                ucdr_deserialize_bool
 .text.ucdr_serialize_uint8_t
                0x0000000000009f38       0x2c ../micro_ros_renesas2estudio_component/libmicroros/libmicroros.a(libmicrocdr-basic.c.obj)
                0x0000000000009f38                ucdr_serialize_uint8_t
 .text.ucdr_deserialize_uint8_t
                0x0000000000009f64       0x2c ../micro_ros_renesas2estudio_component/libmicroros/libmicroros.a(libmicrocdr-basic.c.obj)
                0x0000000000009f64                ucdr_deserialize_uint8_t
 .text.ucdr_serialize_uint16_t
                0x0000000000009f90       0x50 ../micro_ros_renesas2estudio_component/libmicroros/libmicroros.a(libmicrocdr-basic.c.obj)
                0x0000000000009f90                ucdr_serialize_uint16_t
 .text.ucdr_serialize_endian_uint16_t
                0x0000000000009fe0       0x50 ../micro_ros_renesas2estudio_component/libmicroros/libmicroros.a(libmicrocdr-basic.c.obj)
                0x0000000000009fe0                ucdr_serialize_endian_uint16_t
 .text.ucdr_deserialize_uint16_t
                0x000000000000a030       0x54 ../micro_ros_renesas2estudio_component/libmicroros/libmicroros.a(libmicrocdr-basic.c.obj)
                0x000000000000a030                ucdr_deserialize_uint16_t
 .text.ucdr_deserialize_endian_uint16_t
                0x000000000000a084       0x54 ../micro_ros_renesas2estudio_component/libmicroros/libmicroros.a(libmicrocdr-basic.c.obj)
                0x000000000000a084                ucdr_deserialize_endian_uint16_t
 .text.ucdr_serialize_uint32_t
                0x000000000000a0d8       0x60 ../micro_ros_renesas2estudio_component/libmicroros/libmicroros.a(libmicrocdr-basic.c.obj)
                0x000000000000a0d8                ucdr_serialize_uint32_t
 .text.ucdr_serialize_endian_uint32_t
                0x000000000000a138       0x60 ../micro_ros_renesas2estudio_component/libmicroros/libmicroros.a(libmicrocdr-basic.c.obj)
                0x000000000000a138                ucdr_serialize_endian_uint32_t
 .text.ucdr_deserialize_uint32_t
                0x000000000000a198       0x60 ../micro_ros_renesas2estudio_component/libmicroros/libmicroros.a(libmicrocdr-basic.c.obj)
                0x000000000000a198                ucdr_deserialize_uint32_t
 .text.ucdr_serialize_uint64_t
                0x000000000000a1f8       0x94 ../micro_ros_renesas2estudio_component/libmicroros/libmicroros.a(libmicrocdr-basic.c.obj)
                0x000000000000a1f8                ucdr_serialize_uint64_t
 .text.ucdr_serialize_int16_t
                0x000000000000a28c       0x50 ../micro_ros_renesas2estudio_component/libmicroros/libmicroros.a(libmicrocdr-basic.c.obj)
                0x000000000000a28c                ucdr_serialize_int16_t
 .text.ucdr_serialize_int32_t
                0x000000000000a2dc       0x60 ../micro_ros_renesas2estudio_component/libmicroros/libmicroros.a(libmicrocdr-basic.c.obj)
                0x000000000000a2dc                ucdr_serialize_int32_t
 .text.ucdr_deserialize_int32_t
                0x000000000000a33c       0x60 ../micro_ros_renesas2estudio_component/libmicroros/libmicroros.a(libmicrocdr-basic.c.obj)
                0x000000000000a33c                ucdr_deserialize_int32_t
 .text.ucdr_check_buffer_available_for
                0x000000000000a39c       0x18 ../micro_ros_renesas2estudio_component/libmicroros/libmicroros.a(libmicrocdr-common.c.obj)
                0x000000000000a39c                ucdr_check_buffer_available_for
 .text.ucdr_check_final_buffer_behavior
                0x000000000000a3b4       0x38 ../micro_ros_renesas2estudio_component/libmicroros/libmicroros.a(libmicrocdr-common.c.obj)
                0x000000000000a3b4                ucdr_check_final_buffer_behavior
 .text.ucdr_set_on_full_buffer_callback
                0x000000000000a3ec        0x8 ../micro_ros_renesas2estudio_component/libmicroros/libmicroros.a(libmicrocdr-common.c.obj)
                0x000000000000a3ec                ucdr_set_on_full_buffer_callback
 .text.ucdr_init_buffer_origin_offset_endian
                0x000000000000a3f4       0x28 ../micro_ros_renesas2estudio_component/libmicroros/libmicroros.a(libmicrocdr-common.c.obj)
                0x000000000000a3f4                ucdr_init_buffer_origin_offset_endian
 .text.ucdr_init_buffer_origin_offset
                0x000000000000a41c       0x14 ../micro_ros_renesas2estudio_component/libmicroros/libmicroros.a(libmicrocdr-common.c.obj)
                0x000000000000a41c                ucdr_init_buffer_origin_offset
 .text.ucdr_init_buffer_origin
                0x000000000000a430       0x10 ../micro_ros_renesas2estudio_component/libmicroros/libmicroros.a(libmicrocdr-common.c.obj)
                0x000000000000a430                ucdr_init_buffer_origin
 .text.ucdr_init_buffer
                0x000000000000a440        0x8 ../micro_ros_renesas2estudio_component/libmicroros/libmicroros.a(libmicrocdr-common.c.obj)
                0x000000000000a440                ucdr_init_buffer
 .text.ucdr_alignment
                0x000000000000a448       0x10 ../micro_ros_renesas2estudio_component/libmicroros/libmicroros.a(libmicrocdr-common.c.obj)
                0x000000000000a448                ucdr_alignment
 .text.ucdr_buffer_alignment
                0x000000000000a458       0x24 ../micro_ros_renesas2estudio_component/libmicroros/libmicroros.a(libmicrocdr-common.c.obj)
                0x000000000000a458                ucdr_buffer_alignment
 .text.ucdr_align_to
                0x000000000000a47c       0x24 ../micro_ros_renesas2estudio_component/libmicroros/libmicroros.a(libmicrocdr-common.c.obj)
                0x000000000000a47c                ucdr_align_to
 .text.ucdr_buffer_length
                0x000000000000a4a0        0x8 ../micro_ros_renesas2estudio_component/libmicroros/libmicroros.a(libmicrocdr-common.c.obj)
                0x000000000000a4a0                ucdr_buffer_length
 .text.ucdr_buffer_remaining
                0x000000000000a4a8        0x8 ../micro_ros_renesas2estudio_component/libmicroros/libmicroros.a(libmicrocdr-common.c.obj)
                0x000000000000a4a8                ucdr_buffer_remaining
 .text.ucdr_check_final_buffer_behavior_array
                0x000000000000a4b0       0x3c ../micro_ros_renesas2estudio_component/libmicroros/libmicroros.a(libmicrocdr-common.c.obj)
                0x000000000000a4b0                ucdr_check_final_buffer_behavior_array
 .text.ucdr_advance_buffer
                0x000000000000a4ec       0x40 ../micro_ros_renesas2estudio_component/libmicroros/libmicroros.a(libmicrocdr-common.c.obj)
                0x000000000000a4ec                ucdr_advance_buffer
 .text.uxr_buffer_delete_entity
                0x000000000000a52c       0x40 ../micro_ros_renesas2estudio_component/libmicroros/libmicroros.a(libmicroxrcedds_client-common_create_entities.c.obj)
                0x000000000000a52c                uxr_buffer_delete_entity
 .text.uxr_common_create_entity
                0x000000000000a56c       0x5c ../micro_ros_renesas2estudio_component/libmicroros/libmicroros.a(libmicroxrcedds_client-common_create_entities.c.obj)
                0x000000000000a56c                uxr_common_create_entity
 .text.uxr_buffer_create_participant_bin
                0x000000000000a5c8       0x70 ../micro_ros_renesas2estudio_component/libmicroros/libmicroros.a(libmicroxrcedds_client-create_entities_bin.c.obj)
                0x000000000000a5c8                uxr_buffer_create_participant_bin
 .text.uxr_buffer_create_topic_bin
                0x000000000000a638       0x6c ../micro_ros_renesas2estudio_component/libmicroros/libmicroros.a(libmicroxrcedds_client-create_entities_bin.c.obj)
                0x000000000000a638                uxr_buffer_create_topic_bin
 .text.uxr_buffer_create_publisher_bin
                0x000000000000a6a4       0x60 ../micro_ros_renesas2estudio_component/libmicroros/libmicroros.a(libmicroxrcedds_client-create_entities_bin.c.obj)
                0x000000000000a6a4                uxr_buffer_create_publisher_bin
 .text.uxr_buffer_create_datawriter_bin
                0x000000000000a704       0xf0 ../micro_ros_renesas2estudio_component/libmicroros/libmicroros.a(libmicroxrcedds_client-create_entities_bin.c.obj)
                0x000000000000a704                uxr_buffer_create_datawriter_bin
 .text.get_custom_error
                0x000000000000a7f4        0xc ../micro_ros_renesas2estudio_component/libmicroros/libmicroros.a(libmicroxrcedds_client-custom_transport.c.obj)
 .text.recv_custom_msg
                0x000000000000a800       0xc0 ../micro_ros_renesas2estudio_component/libmicroros/libmicroros.a(libmicroxrcedds_client-custom_transport.c.obj)
 .text.send_custom_msg
                0x000000000000a8c0       0x54 ../micro_ros_renesas2estudio_component/libmicroros/libmicroros.a(libmicroxrcedds_client-custom_transport.c.obj)
 .text.uxr_set_custom_transport_callbacks
                0x000000000000a914       0x18 ../micro_ros_renesas2estudio_component/libmicroros/libmicroros.a(libmicroxrcedds_client-custom_transport.c.obj)
                0x000000000000a914                uxr_set_custom_transport_callbacks
 .text.uxr_init_custom_transport
                0x000000000000a92c       0x68 ../micro_ros_renesas2estudio_component/libmicroros/libmicroros.a(libmicroxrcedds_client-custom_transport.c.obj)
                0x000000000000a92c                uxr_init_custom_transport
 .text.uxr_close_custom_transport
                0x000000000000a994        0x8 ../micro_ros_renesas2estudio_component/libmicroros/libmicroros.a(libmicroxrcedds_client-custom_transport.c.obj)
                0x000000000000a994                uxr_close_custom_transport
 .text.uxr_object_id
                0x000000000000a99c       0x1c ../micro_ros_renesas2estudio_component/libmicroros/libmicroros.a(libmicroxrcedds_client-object_id.c.obj)
                0x000000000000a99c                uxr_object_id
 .text.uxr_object_id_from_raw
                0x000000000000a9b8       0x28 ../micro_ros_renesas2estudio_component/libmicroros/libmicroros.a(libmicroxrcedds_client-object_id.c.obj)
                0x000000000000a9b8                uxr_object_id_from_raw
 .text.uxr_object_id_to_raw
                0x000000000000a9e0       0x18 ../micro_ros_renesas2estudio_component/libmicroros/libmicroros.a(libmicroxrcedds_client-object_id.c.obj)
                0x000000000000a9e0                uxr_object_id_to_raw
 .text.read_submessage_format
                0x000000000000a9f8      0x174 ../micro_ros_renesas2estudio_component/libmicroros/libmicroros.a(libmicroxrcedds_client-read_access.c.obj)
                0x000000000000a9f8                read_submessage_format
 .text.on_get_fragmentation_info
                0x000000000000ab6c       0x44 ../micro_ros_renesas2estudio_component/libmicroros/libmicroros.a(libmicroxrcedds_client-session.c.obj)
 .text.write_submessage_acknack.isra.0
                0x000000000000abb0       0x6c ../micro_ros_renesas2estudio_component/libmicroros/libmicroros.a(libmicroxrcedds_client-session.c.obj)
 .text.read_submessage_list
                0x000000000000ac1c      0x304 ../micro_ros_renesas2estudio_component/libmicroros/libmicroros.a(libmicroxrcedds_client-session.c.obj)
 .text.read_message
                0x000000000000af20      0x108 ../micro_ros_renesas2estudio_component/libmicroros/libmicroros.a(libmicroxrcedds_client-session.c.obj)
 .text.listen_message_reliably
                0x000000000000b028      0x168 ../micro_ros_renesas2estudio_component/libmicroros/libmicroros.a(libmicroxrcedds_client-session.c.obj)
 .text.uxr_init_session
                0x000000000000b190       0x3c ../micro_ros_renesas2estudio_component/libmicroros/libmicroros.a(libmicroxrcedds_client-session.c.obj)
                0x000000000000b190                uxr_init_session
 .text.uxr_set_status_callback
                0x000000000000b1cc        0x8 ../micro_ros_renesas2estudio_component/libmicroros/libmicroros.a(libmicroxrcedds_client-session.c.obj)
                0x000000000000b1cc                uxr_set_status_callback
 .text.uxr_set_topic_callback